
> campus-connect@1.0.0 build
> next build

▲ Next.js 16.2.1 (Turbopack)
- Experiments (use with caution):
  · optimizePackageImports

node.exe : ⚠ The "middleware" file convention is deprecated. Please use "proxy" instead. Learn more: 
https://nextjs.org/docs/messages/middleware-to-proxy
At line:1 char:1
+ & "C:\Program Files\nodejs/node.exe" "C:\Program Files\nodejs/node_mo ...
+ ~~~~~~~~~~~~~~~~~~~~~~~~~~~~~~~~~~~~~~~~~~~~~~~~~~~~~~~~~~~~~~~~~~~~~
    + CategoryInfo          : NotSpecified: (⚠ The "middlewa...leware-to-proxy:String) [], RemoteException
    + FullyQualifiedErrorId : NativeCommandError
 
  Creating an optimized production build ...

> Build error occurred
Error: Turbopack build failed with 447 errors:
./frontend/src/components/course-details/course-detail-page/course-tab-panel-content.tsx:7:1
Module not found: Can't resolve './dynamic-tab-imports'
  [90m 5 |[0m [36mimport[0m [36mtype[0m { [33mCourseTabId[0m } [36mfrom[0m 
[32m'@/lib/course-details/queries/types'[0m;
  [90m 6 |[0m [36mimport[0m [36mtype[0m { [33mOverviewData[0m } [36mfrom[0m 
[32m'@/components/teacher-courses/course-overview/types'[0m;
[31m[1m>[0m [90m 7 |[0m [36mimport[0m {
  [90m   |[0m [31m[1m^^^^^^^[0m
[31m[1m>[0m [90m 8 |[0m   [33mCourseAssignments[0m,
  [90m   |[0m [31m[1m^^^^^^^^^^^^^^^^^^^^[0m
[31m[1m>[0m [90m 9 |[0m   [33mCourseFeed[0m,
  [90m   |[0m [31m[1m^^^^^^^^^^^^^[0m
[31m[1m>[0m [90m10 |[0m   [33mCourseGradebook[0m,
  [90m   |[0m [31m[1m^^^^^^^^^^^^^^^^^^[0m
[31m[1m>[0m [90m11 |[0m   [33mCourseGroups[0m,
  [90m   |[0m [31m[1m^^^^^^^^^^^^^^^[0m
[31m[1m>[0m [90m12 |[0m   [33mCourseQuizzes[0m,
  [90m   |[0m [31m[1m^^^^^^^^^^^^^^^^[0m
[31m[1m>[0m [90m13 |[0m   [33mCourseResources[0m,
  [90m   |[0m [31m[1m^^^^^^^^^^^^^^^^^^[0m
[31m[1m>[0m [90m14 |[0m   [33mCourseReviews[0m,
  [90m   |[0m [31m[1m^^^^^^^^^^^^^^^^[0m
[31m[1m>[0m [90m15 |[0m   [33mCourseRoster[0m
  [90m   |[0m [31m[1m^^^^^^^^^^^^^^[0m
[31m[1m>[0m [90m16 |[0m } [36mfrom[0m [32m'./dynamic-tab-imports'[0m;
  [90m   |[0m [31m[1m^^^^^^^^^^^^^^^^^^^^^^^^^^^^^^^[0m
  [90m17 |[0m
  [90m18 |[0m [36minterface[0m [33mCourseTabPanelContentProps[0m {
  [90m19 |[0m   activeTab: [33mCourseTabId[0m;



Import traces:
  Client Component Browser:
    ./frontend/src/components/course-details/course-detail-page/course-tab-panel-content.tsx [Client Component Browser]
    ./frontend/src/app/dashboard/courses/[id]/page.tsx [Client Component Browser]
    ./frontend/src/app/dashboard/courses/[id]/page.tsx [Server Component]

  Client Component SSR:
    ./frontend/src/components/course-details/course-detail-page/course-tab-panel-content.tsx [Client Component SSR]
    ./frontend/src/app/dashboard/courses/[id]/page.tsx [Client Component SSR]
    ./frontend/src/app/dashboard/courses/[id]/page.tsx [Server Component]

https://nextjs.org/docs/messages/module-not-found


./frontend/src/lib/users/services/use-user-form-reference-data.ts:1:1
Module not found: Can't resolve '@/components/batches-admin/api/queries'
[31m[1m>[0m [90m1 |[0m ﻿[36mimport[0m { useAdminBatches } [36mfrom[0m 
[32m'@/components/batches-admin/api/queries'[0m;
  [90m  |[0m [31m[1m^^^^^^^^^^^^^^^^^^^^^^^^^^^^^^^^^^^^^^^^^^^^^^^^^^^^^^^^^^^^^^^^^^^^^^[0m
  [90m2 |[0m [36mimport[0m { useDepartments } [36mfrom[0m [32m'@/lib/departments/queries'[0m;
  [90m3 |[0m [36mimport[0m { normalizeFacultiesList } [36mfrom[0m [32m'@/lib/faculties/faculty-list'[0m;
  [90m4 |[0m [36mimport[0m { usePrograms } [36mfrom[0m [32m'@/lib/programs/queries'[0m;

Import map: aliased to relative './src/components/batches-admin/api/queries' inside of [project]/frontend


Import traces:
  Client Component Browser:
    ./frontend/src/lib/users/services/use-user-form-reference-data.ts [Client Component Browser]
    ./frontend/src/lib/users/services/index.ts [Client Component Browser]
    ./frontend/src/lib/users/queries/index.ts [Client Component Browser]
    ./frontend/src/components/offices/admin/office-staff-add.tsx [Client Component Browser]
    ./frontend/src/components/offices/admin/office-staff-sheet.tsx [Client Component Browser]
    ./frontend/src/components/offices/admin/offices-admin-page.tsx [Client Component Browser]
    ./frontend/src/components/offices/admin/offices-admin-page.tsx [Server Component]
    ./frontend/src/app/dashboard/admin/offices/page.tsx [Server Component]

  Client Component SSR:
    ./frontend/src/lib/users/services/use-user-form-reference-data.ts [Client Component SSR]
    ./frontend/src/lib/users/services/index.ts [Client Component SSR]
    ./frontend/src/lib/users/queries/index.ts [Client Component SSR]
    ./frontend/src/components/offices/admin/office-staff-add.tsx [Client Component SSR]
    ./frontend/src/components/offices/admin/office-staff-sheet.tsx [Client Component SSR]
    ./frontend/src/components/offices/admin/offices-admin-page.tsx [Client Component SSR]
    ./frontend/src/components/offices/admin/offices-admin-page.tsx [Server Component]
    ./frontend/src/app/dashboard/admin/offices/page.tsx [Server Component]

https://nextjs.org/docs/messages/module-not-found


./frontend/src/app/dashboard/calendar/page.tsx:5:1
Module not found: Can't resolve '@/components/calendar/calendar-page'
  [90m3 |[0m [36mimport[0m [33mPageContainer[0m [36mfrom[0m 
[32m'@/features/layout/components/page-container'[0m;
  [90m4 |[0m [36mimport[0m { [33mPosPageHeader[0m } [36mfrom[0m 
[32m'@/features/pos/components/pos-page-header'[0m;
[31m[1m>[0m [90m5 |[0m [36mimport[0m { [33mCalendarPage[0m } [36mfrom[0m 
[32m'@/components/calendar/calendar-page'[0m;
  [90m  |[0m [31m[1m^^^^^^^^^^^^^^^^^^^^^^^^^^^^^^^^^^^^^^^^^^^^^^^^^^^^^^^^^^^^^^^^^^^[0m
  [90m6 |[0m [36mimport[0m { useQueryClient } [36mfrom[0m [32m'@/lib/async-query'[0m;
  [90m7 |[0m
  [90m8 |[0m [36mexport[0m [36mdefault[0m [36mfunction[0m [33mPage[0m() {

Import map: aliased to relative './src/components/calendar/calendar-page' inside of [project]/frontend


Import traces:
  Client Component Browser:
    ./frontend/src/app/dashboard/calendar/page.tsx [Client Component Browser]
    ./frontend/src/app/dashboard/calendar/page.tsx [Server Component]

  Client Component SSR:
    ./frontend/src/app/dashboard/calendar/page.tsx [Client Component SSR]
    ./frontend/src/app/dashboard/calendar/page.tsx [Server Component]

https://nextjs.org/docs/messages/module-not-found


./frontend/src/components/inbox/messages-discover-pane.tsx:16:112
Module not found: Can't resolve '@/components/clubs/club-create-dialog'
  [90m14 |[0m ...[32m/clubs/clubs-discovery/discovery-club-card'[0m
  [90m15 |[0m ...[32mnents/clubs/clubs-discovery/discover-my-applications'[0m
[31m[1m>[0m [90m16 |[0m ...[32m/components/clubs/clubs-discovery/discover-pending-approvals-link'[0m
  [90m   |[0m                                                                    [31m[1m^[0m
[31m[1m>[0m [90m17 |[0m ...[32mclubs/club-create-dialog'[0m
  [90m   |[0m    [31m[1m^^^^^^^^^^^^^^^^^^^^^^^^^^^^^^^^^^^^^^^^^^^^^^^^^^^^^^^^^^^^^^^^^^^^^[0m
  [90m18 |[0m ...[32mshared/roles'[0m
  [90m19 |[0m ...
  [90m20 |[0m ...

Import map: aliased to relative './src/components/clubs/club-create-dialog' inside of [project]/frontend


Import traces:
  Client Component Browser:
    ./frontend/src/components/inbox/messages-discover-pane.tsx [Client Component Browser]
    ./frontend/src/app/dashboard/messages/page.tsx [Client Component Browser]
    ./frontend/src/app/dashboard/messages/page.tsx [Server Component]

  Client Component SSR:
    ./frontend/src/components/inbox/messages-discover-pane.tsx [Client Component SSR]
    ./frontend/src/app/dashboard/messages/page.tsx [Client Component SSR]
    ./frontend/src/app/dashboard/messages/page.tsx [Server Component]

https://nextjs.org/docs/messages/module-not-found


./frontend/src/app/dashboard/messages/page.tsx:13:62
Module not found: Can't resolve '@/components/clubs/club-detail/club-detail-pane'
  [90m11 |[0m [36mimport[0m { useInbox } [36mfrom[0m [32m'@/lib/inbox/queries'[0m;
  [90m12 |[0m [36mimport[0m { [33mDmPane[0m } [36mfrom[0m [32m'@/components/discussions/dms'[0m;
[31m[1m>[0m [90m13 |[0m [36mimport[0m { [33mChannelPane[0m } [36mfrom[0m 
[32m'@/components/discussions/channel'[0m;
  [90m   |[0m                                                              [31m[1m^[0m
[31m[1m>[0m [90m14 |[0m [36mimport[0m { [33mClubDetailPane[0m } [36mfrom[0m 
[32m'@/components/clubs/club-detail/club-detail-pane'[0m;
  [90m   |[0m [31m[1m^^^^^^^^^^^^^^^^^^^^^^^^^^^^^^^^^^^^^^^^^^^^^^^^^^^^^^^^^^^^^^^^^^^^^^^^^^^^^^[0m
  [90m15 |[0m [36mimport[0m { [33mClubManagePane[0m } [36mfrom[0m 
[32m'@/components/clubs/manage/club-manage-pane'[0m;
  [90m16 |[0m [36mimport[0m { [33mMessagesOfficePane[0m } [36mfrom[0m 
[32m'@/components/inbox/messages-office-pane'[0m;
  [90m17 |[0m [36mimport[0m { [33mMessagesOfficeDeskPane[0m } [36mfrom[0m 
[32m'@/components/inbox/messages-office-desk-pane'[0m;

Import map: aliased to relative './src/components/clubs/club-detail/club-detail-pane' inside of [project]/frontend


Import traces:
  Client Component Browser:
    ./frontend/src/app/dashboard/messages/page.tsx [Client Component Browser]
    ./frontend/src/app/dashboard/messages/page.tsx [Server Component]

  Client Component SSR:
    ./frontend/src/app/dashboard/messages/page.tsx [Client Component SSR]
    ./frontend/src/app/dashboard/messages/page.tsx [Server Component]

https://nextjs.org/docs/messages/module-not-found


./frontend/src/lib/inbox/services/use-messages-active-chat.ts:22:53
Module not found: Can't resolve '@/components/clubs/club-detail/use-joined-clubs-list'
  [90m20 |[0m ...tiveFromUrl } [36mfrom[0m [32m'@/lib/inbox/services/use-sync-messages-active-from-url'[0m
  [90m21 |[0m ... [36mfrom[0m [32m'@/lib/inbox/services/messages-active-chat-types'[0m
[31m[1m>[0m [90m22 |[0m ... [32m'@/lib/discussions/queries'[0m
  [90m   |[0m                              [31m[1m^[0m
[31m[1m>[0m [90m23 |[0m ...t } [36mfrom[0m [32m'@/components/clubs/club-detail/use-joined-clubs-list'[0m
  [90m   |[0m    [31m[1m^^^^^^^^^^^^^^^^^^^^^^^^^^^^^^^^^^^^^^^^^^^^^^^^^^^^^^^^^^^^^^^^^^^^^^^^^^^^^^^^^^^^^^[0m
  [90m24 |[0m ...[36mrom[0m [32m'../types'[0m
  [90m25 |[0m ...
  [90m26 |[0m ...

Import map: aliased to relative './src/components/clubs/club-detail/use-joined-clubs-list' inside of [project]/frontend


Import traces:
  Client Component Browser:
    ./frontend/src/lib/inbox/services/use-messages-active-chat.ts [Client Component Browser]
    ./frontend/src/app/dashboard/messages/page.tsx [Client Component Browser]
    ./frontend/src/app/dashboard/messages/page.tsx [Server Component]

  Client Component SSR:
    ./frontend/src/lib/inbox/services/use-messages-active-chat.ts [Client Component SSR]
    ./frontend/src/app/dashboard/messages/page.tsx [Client Component SSR]
    ./frontend/src/app/dashboard/messages/page.tsx [Server Component]

https://nextjs.org/docs/messages/module-not-found


./frontend/src/lib/discussions/services/discussion-message-markdown.tsx:6:47
Module not found: Can't resolve '@/components/clubs/club-link-card'
  [90m 4 |[0m [36mimport[0m remarkGfm [36mfrom[0m [32m'remark-gfm'[0m;
  [90m 5 |[0m [36mimport[0m [36mtype[0m { [33mComponents[0m } [36mfrom[0m [32m'react-markdown'[0m;
[31m[1m>[0m [90m 6 |[0m [36mimport[0m { useMemo, [36mtype[0m [33mReactNode[0m } [36mfrom[0m 
[32m'react'[0m;
  [90m   |[0m                                               [31m[1m^[0m
[31m[1m>[0m [90m 7 |[0m [36mimport[0m { [33mClubLinkCard[0m, extractClubInviteToken } [36mfrom[0m 
[32m'@/components/clubs/club-link-card'[0m;
  [90m   |[0m [31m[1m^^^^^^^^^^^^^^^^^^^^^^^^^^^^^^^^^^^^^^^^^^^^^^^^^^^^^^^^^^^^^^^^^^^^^^^^^^^^^^^^^^^^^^[0m
  [90m 8 |[0m
  [90m 9 |[0m [90m/** @user / @role tokens and #group-style channel tags */[0m
  [90m10 |[0m [36mconst[0m [33mMENTION_SPLIT[0m = [35m/(@\w+|#\w+)/g[0m;

Import map: aliased to relative './src/components/clubs/club-link-card' inside of [project]/frontend


Import traces:
  Client Component Browser:
    ./frontend/src/lib/discussions/services/discussion-message-markdown.tsx [Client Component Browser]
    ./frontend/src/components/discussions/dms/dm-message-bubble.tsx [Client Component Browser]
    ./frontend/src/components/discussions/dms/dm-message-row.tsx [Client Component Browser]
    ./frontend/src/components/discussions/dms/index.ts [Client Component Browser]
    ./frontend/src/app/dashboard/messages/page.tsx [Client Component Browser]
    ./frontend/src/app/dashboard/messages/page.tsx [Server Component]

  Client Component SSR:
    ./frontend/src/lib/discussions/services/discussion-message-markdown.tsx [Client Component SSR]
    ./frontend/src/components/discussions/dms/dm-message-bubble.tsx [Client Component SSR]
    ./frontend/src/components/discussions/dms/dm-message-row.tsx [Client Component SSR]
    ./frontend/src/components/discussions/dms/index.ts [Client Component SSR]
    ./frontend/src/app/dashboard/messages/page.tsx [Client Component SSR]
    ./frontend/src/app/dashboard/messages/page.tsx [Server Component]

https://nextjs.org/docs/messages/module-not-found


./frontend/src/components/inbox/messages-discover-pane.tsx:14:89
Module not found: Can't resolve '@/components/clubs/clubs-discovery/discover-my-applications'
  [90m12 |[0m ...
  [90m13 |[0m ...
[31m[1m>[0m [90m14 |[0m ...[32mlubs/clubs-discovery/discovery-club-card'[0m
  [90m   |[0m                                           [31m[1m^[0m
[31m[1m>[0m [90m15 |[0m ...[32mnts/clubs/clubs-discovery/discover-my-applications'[0m
  [90m   |[0m    
[31m[1m^^^^^^^^^^^^^^^^^^^^^^^^^^^^^^^^^^^^^^^^^^^^^^^^^^^^^^^^^^^^^^^^^^^^^^^^^^^^^^^^^^^^^^^^^^[0m
  [90m16 |[0m ...[32momponents/clubs/clubs-discovery/discover-pending-approvals-link'[0m
  [90m17 |[0m ...[32mubs/club-create-dialog'[0m
  [90m18 |[0m ...[32mared/roles'[0m

Import map: aliased to relative './src/components/clubs/clubs-discovery/discover-my-applications' inside of 
[project]/frontend


Import traces:
  Client Component Browser:
    ./frontend/src/components/inbox/messages-discover-pane.tsx [Client Component Browser]
    ./frontend/src/app/dashboard/messages/page.tsx [Client Component Browser]
    ./frontend/src/app/dashboard/messages/page.tsx [Server Component]

  Client Component SSR:
    ./frontend/src/components/inbox/messages-discover-pane.tsx [Client Component SSR]
    ./frontend/src/app/dashboard/messages/page.tsx [Client Component SSR]
    ./frontend/src/app/dashboard/messages/page.tsx [Server Component]

https://nextjs.org/docs/messages/module-not-found


./frontend/src/components/inbox/messages-discover-pane.tsx:15:99
Module not found: Can't resolve '@/components/clubs/clubs-discovery/discover-pending-approvals-link'
  [90m13 |[0m ...
  [90m14 |[0m ...[32miscovery/discovery-club-card'[0m
[31m[1m>[0m [90m15 |[0m ...[32mubs-discovery/discover-my-applications'[0m
  [90m   |[0m                                         [31m[1m^[0m
[31m[1m>[0m [90m16 |[0m ...[32mubs/clubs-discovery/discover-pending-approvals-link'[0m
  [90m   |[0m    
[31m[1m^^^^^^^^^^^^^^^^^^^^^^^^^^^^^^^^^^^^^^^^^^^^^^^^^^^^^^^^^^^^^^^^^^^^^^^^^^^^^^^^^^^^^^^^^^[0m
  [90m17 |[0m ...[32mate-dialog'[0m
  [90m18 |[0m ...
  [90m19 |[0m ...

Import map: aliased to relative './src/components/clubs/clubs-discovery/discover-pending-approvals-link' inside of 
[project]/frontend


Import traces:
  Client Component Browser:
    ./frontend/src/components/inbox/messages-discover-pane.tsx [Client Component Browser]
    ./frontend/src/app/dashboard/messages/page.tsx [Client Component Browser]
    ./frontend/src/app/dashboard/messages/page.tsx [Server Component]

  Client Component SSR:
    ./frontend/src/components/inbox/messages-discover-pane.tsx [Client Component SSR]
    ./frontend/src/app/dashboard/messages/page.tsx [Client Component SSR]
    ./frontend/src/app/dashboard/messages/page.tsx [Server Component]

https://nextjs.org/docs/messages/module-not-found


./frontend/src/components/inbox/messages-discover-pane.tsx:13:44
Module not found: Can't resolve '@/components/clubs/clubs-discovery/discovery-club-card'
  [90m11 |[0m ...
  [90m12 |[0m ...[32meries'[0m
[31m[1m>[0m [90m13 |[0m ...[36mrom[0m [32m'@/lib/clubs/types'[0m
  [90m   |[0m                         [31m[1m^[0m
[31m[1m>[0m [90m14 |[0m ...[33mCard[0m } [36mfrom[0m 
[32m'@/components/clubs/clubs-discovery/discovery-club-card'[0m
  [90m   |[0m    [31m[1m^^^^^^^^^^^^^^^^^^^^^^^^^^^^^^^^^^^^^^^^^^^^^^^^^^^^^^^^^^^^^^^^^^^^^^^^^^^^^^^^^^^^^^^[0m
  [90m15 |[0m ...[33mlications[0m } [36mfrom[0m 
[32m'@/components/clubs/clubs-discovery/discover-my-applications'[0m
  [90m16 |[0m ...[33mngApprovalsLink[0m } [36mfrom[0m 
[32m'@/components/clubs/clubs-discovery/discover-pending-approvals-l...[0m
  [90m17 |[0m ...[33mlog[0m } [36mfrom[0m [32m'@/components/clubs/club-create-dialog'[0m

Import map: aliased to relative './src/components/clubs/clubs-discovery/discovery-club-card' inside of 
[project]/frontend


Import traces:
  Client Component Browser:
    ./frontend/src/components/inbox/messages-discover-pane.tsx [Client Component Browser]
    ./frontend/src/app/dashboard/messages/page.tsx [Client Component Browser]
    ./frontend/src/app/dashboard/messages/page.tsx [Server Component]

  Client Component SSR:
    ./frontend/src/components/inbox/messages-discover-pane.tsx [Client Component SSR]
    ./frontend/src/app/dashboard/messages/page.tsx [Client Component SSR]
    ./frontend/src/app/dashboard/messages/page.tsx [Server Component]

https://nextjs.org/docs/messages/module-not-found


./frontend/src/app/dashboard/dean/clubs/page.tsx:3:1
Module not found: Can't resolve '@/components/clubs/dean-clubs/dean-clubs-page'
  [90m1 |[0m [32m'use client'[0m
  [90m2 |[0m
[31m[1m>[0m [90m3 |[0m [36mexport[0m { [33mDeanClubsPage[0m [36mas[0m [36mdefault[0m } [36mfrom[0m 
[32m'@/components/clubs/dean-clubs/dean-clubs-page'[0m
  [90m  |[0m [31m[1m^^^^^^^^^^^^^^^^^^^^^^^^^^^^^^^^^^^^^^^^^^^^^^^^^^^^^^^^^^^^^^^^^^^^^^^^^^^^^^^^^^^^^^^^[0m
  [90m4 |[0m
  [90m5 |[0m

Import map: aliased to relative './src/components/clubs/dean-clubs/dean-clubs-page' inside of [project]/frontend


Import traces:
  Client Component Browser:
    ./frontend/src/app/dashboard/dean/clubs/page.tsx [Client Component Browser]
    ./frontend/src/app/dashboard/dean/clubs/page.tsx [Server Component]

  Client Component SSR:
    ./frontend/src/app/dashboard/dean/clubs/page.tsx [Client Component SSR]
    ./frontend/src/app/dashboard/dean/clubs/page.tsx [Server Component]

https://nextjs.org/docs/messages/module-not-found


./frontend/src/app/dashboard/clubs/invite/[token]/page.tsx:8:1
Module not found: Can't resolve '@/components/clubs/invite-accept/invite-accept-card'
  [90m 6 |[0m [36mimport[0m { [33mInviteAcceptLoading[0m, [33mInviteAcceptError[0m } [36mfrom[0m 
[32m'@/components/clubs/invite-accept/i...[0m
  [90m 7 |[0m [36mimport[0m { [33mInviteAcceptSuccess[0m } [36mfrom[0m 
[32m'@/components/clubs/invite-accept/invite-accept-success'[0m;
[31m[1m>[0m [90m 8 |[0m [36mimport[0m { [33mInviteAcceptCard[0m } [36mfrom[0m 
[32m'@/components/clubs/invite-accept/invite-accept-card'[0m;
  [90m   |[0m [31m[1m^^^^^^^^^^^^^^^^^^^^^^^^^^^^^^^^^^^^^^^^^^^^^^^^^^^^^^^^^^^^^^^^^^^^^^^^^^^^^^^^^^^^^^^[0m
  [90m 9 |[0m
  [90m10 |[0m [36mexport[0m [36mdefault[0m [36mfunction[0m [33mInviteAcceptPage[0m({
  [90m11 |[0m   params,

Import map: aliased to relative './src/components/clubs/invite-accept/invite-accept-card' inside of [project]/frontend


Import traces:
  Client Component Browser:
    ./frontend/src/app/dashboard/clubs/invite/[token]/page.tsx [Client Component Browser]
    ./frontend/src/app/dashboard/clubs/invite/[token]/page.tsx [Server Component]

  Client Component SSR:
    ./frontend/src/app/dashboard/clubs/invite/[token]/page.tsx [Client Component SSR]
    ./frontend/src/app/dashboard/clubs/invite/[token]/page.tsx [Server Component]

https://nextjs.org/docs/messages/module-not-found


./frontend/src/app/dashboard/clubs/invite/[token]/page.tsx:6:1
Module not found: Can't resolve '@/components/clubs/invite-accept/invite-accept-states'
  [90m4 |[0m ...eInvitePreview, useAcceptInvite } [36mfrom[0m [32m'@/lib/clubs/queries'[0m;
  [90m5 |[0m ... { [33mAcceptInviteResponse[0m } [36mfrom[0m [32m'@/lib/clubs/types'[0m;
[31m[1m>[0m [90m6 |[0m ...[33mviteAcceptLoading[0m, [33mInviteAcceptError[0m } [36mfrom[0m 
[32m'@/components/clubs/invite-accept/invite-acc...[0m
  [90m  |[0m    
[31m[1m^^^^^^^^^^^^^^^^^^^^^^^^^^^^^^^^^^^^^^^^^^^^^^^^^^^^^^^^^^^^^^^^^^^^^^^^^^^^^^^^^^^^^^^^^^^[0m
  [90m7 |[0m ...[33mviteAcceptSuccess[0m } [36mfrom[0m 
[32m'@/components/clubs/invite-accept/invite-accept-success'[0m;
  [90m8 |[0m ...[33mviteAcceptCard[0m } [36mfrom[0m 
[32m'@/components/clubs/invite-accept/invite-accept-card'[0m;
  [90m9 |[0m ...

Import map: aliased to relative './src/components/clubs/invite-accept/invite-accept-states' inside of 
[project]/frontend


Import traces:
  Client Component Browser:
    ./frontend/src/app/dashboard/clubs/invite/[token]/page.tsx [Client Component Browser]
    ./frontend/src/app/dashboard/clubs/invite/[token]/page.tsx [Server Component]

  Client Component SSR:
    ./frontend/src/app/dashboard/clubs/invite/[token]/page.tsx [Client Component SSR]
    ./frontend/src/app/dashboard/clubs/invite/[token]/page.tsx [Server Component]

https://nextjs.org/docs/messages/module-not-found


./frontend/src/app/dashboard/clubs/invite/[token]/page.tsx:7:1
Module not found: Can't resolve '@/components/clubs/invite-accept/invite-accept-success'
  [90m 5 |[0m ...[36mort[0m [36mtype[0m { [33mAcceptInviteResponse[0m } [36mfrom[0m 
[32m'@/lib/clubs/types'[0m;
  [90m 6 |[0m ...[36mort[0m { [33mInviteAcceptLoading[0m, [33mInviteAcceptError[0m } [36mfrom[0m 
[32m'@/components/clubs/invite-accept/i...[0m
[31m[1m>[0m [90m 7 |[0m ...[36mort[0m { [33mInviteAcceptSuccess[0m } [36mfrom[0m 
[32m'@/components/clubs/invite-accept/invite-accept-success'[0m;
  [90m   |[0m    
[31m[1m^^^^^^^^^^^^^^^^^^^^^^^^^^^^^^^^^^^^^^^^^^^^^^^^^^^^^^^^^^^^^^^^^^^^^^^^^^^^^^^^^^^^^^^^^^[0m
  [90m 8 |[0m ...[36mort[0m { [33mInviteAcceptCard[0m } [36mfrom[0m 
[32m'@/components/clubs/invite-accept/invite-accept-card'[0m;
  [90m 9 |[0m ...
  [90m10 |[0m ...[36mort[0m [36mdefault[0m [36mfunction[0m [33mInviteAcceptPage[0m({

Import map: aliased to relative './src/components/clubs/invite-accept/invite-accept-success' inside of 
[project]/frontend


Import traces:
  Client Component Browser:
    ./frontend/src/app/dashboard/clubs/invite/[token]/page.tsx [Client Component Browser]
    ./frontend/src/app/dashboard/clubs/invite/[token]/page.tsx [Server Component]

  Client Component SSR:
    ./frontend/src/app/dashboard/clubs/invite/[token]/page.tsx [Client Component SSR]
    ./frontend/src/app/dashboard/clubs/invite/[token]/page.tsx [Server Component]

https://nextjs.org/docs/messages/module-not-found


./frontend/src/app/dashboard/clubs/[slug]/manage/page.tsx:3:1
Module not found: Can't resolve '@/components/clubs/manage/club-manage-page'
  [90m1 |[0m [32m'use client'[0m
  [90m2 |[0m
[31m[1m>[0m [90m3 |[0m [36mexport[0m { [33mClubManagePage[0m [36mas[0m [36mdefault[0m } [36mfrom[0m 
[32m'@/components/clubs/manage/club-manage-page'[0m
  [90m  |[0m [31m[1m^^^^^^^^^^^^^^^^^^^^^^^^^^^^^^^^^^^^^^^^^^^^^^^^^^^^^^^^^^^^^^^^^^^^^^^^^^^^^^^^^^^^^^[0m
  [90m4 |[0m

Import map: aliased to relative './src/components/clubs/manage/club-manage-page' inside of [project]/frontend


Import traces:
  Client Component Browser:
    ./frontend/src/app/dashboard/clubs/[slug]/manage/page.tsx [Client Component Browser]
    ./frontend/src/app/dashboard/clubs/[slug]/manage/page.tsx [Server Component]

  Client Component SSR:
    ./frontend/src/app/dashboard/clubs/[slug]/manage/page.tsx [Client Component SSR]
    ./frontend/src/app/dashboard/clubs/[slug]/manage/page.tsx [Server Component]

https://nextjs.org/docs/messages/module-not-found


./frontend/src/app/dashboard/messages/page.tsx:14:80
Module not found: Can't resolve '@/components/clubs/manage/club-manage-pane'
  [90m12 |[0m [36mimport[0m { [33mDmPane[0m } [36mfrom[0m [32m'@/components/discussions/dms'[0m;
  [90m13 |[0m [36mimport[0m { [33mChannelPane[0m } [36mfrom[0m [32m'@/components/discussions/channel'[0m;
[31m[1m>[0m [90m14 |[0m [36mimport[0m { [33mClubDetailPane[0m } [36mfrom[0m 
[32m'@/components/clubs/club-detail/club-detail-pane'[0m;
  [90m   |[0m                                                                                [31m[1m^[0m
[31m[1m>[0m [90m15 |[0m [36mimport[0m { [33mClubManagePane[0m } [36mfrom[0m 
[32m'@/components/clubs/manage/club-manage-pane'[0m;
  [90m   |[0m [31m[1m^^^^^^^^^^^^^^^^^^^^^^^^^^^^^^^^^^^^^^^^^^^^^^^^^^^^^^^^^^^^^^^^^^^^^^^^^[0m
  [90m16 |[0m [36mimport[0m { [33mMessagesOfficePane[0m } [36mfrom[0m 
[32m'@/components/inbox/messages-office-pane'[0m;
  [90m17 |[0m [36mimport[0m { [33mMessagesOfficeDeskPane[0m } [36mfrom[0m 
[32m'@/components/inbox/messages-office-desk-pane'[0m;
  [90m18 |[0m [36mimport[0m { messagesClubHref } [36mfrom[0m [32m'@/lib/inbox/services/messages-href'[0m;

Import map: aliased to relative './src/components/clubs/manage/club-manage-pane' inside of [project]/frontend


Import traces:
  Client Component Browser:
    ./frontend/src/app/dashboard/messages/page.tsx [Client Component Browser]
    ./frontend/src/app/dashboard/messages/page.tsx [Server Component]

  Client Component SSR:
    ./frontend/src/app/dashboard/messages/page.tsx [Client Component SSR]
    ./frontend/src/app/dashboard/messages/page.tsx [Server Component]

https://nextjs.org/docs/messages/module-not-found


./frontend/src/components/teacher-courses/course-detail-header.tsx:13:1
Module not found: Can't resolve '@/components/course-details/_shared/course-tab-nav'
  [90m11 |[0m } [36mfrom[0m [32m'@/features/ui/components/sheet'[0m;
  [90m12 |[0m [36mimport[0m { [33mCourseCoverDialog[0m } [36mfrom[0m [32m'./course-cover-dialog'[0m;
[31m[1m>[0m [90m13 |[0m [36mimport[0m { [33mCourseTabNav[0m } [36mfrom[0m 
[32m'@/components/course-details/_shared/course-tab-nav'[0m;
  [90m   |[0m [31m[1m^^^^^^^^^^^^^^^^^^^^^^^^^^^^^^^^^^^^^^^^^^^^^^^^^^^^^^^^^^^^^^^^^^^^^^^^^^^^^^^^^^[0m
  [90m14 |[0m [36mimport[0m { [33mCourseChat[0m } [36mfrom[0m 
[32m'@/components/course-details/course-chat'[0m;
  [90m15 |[0m [36mimport[0m [36mtype[0m { [33mCourseTabDef[0m, [33mCourseTabId[0m } [36mfrom[0m 
[32m'@/lib/course-details/config/course-tabs'[0m;
  [90m16 |[0m [36mimport[0m { [33mCourseHeaderBanner[0m } [36mfrom[0m 
[32m'./course-detail-header/course-header-banner'[0m;

Import map: aliased to relative './src/components/course-details/_shared/course-tab-nav' inside of [project]/frontend


Import traces:
  Client Component Browser:
    ./frontend/src/components/teacher-courses/course-detail-header.tsx [Client Component Browser]
    ./frontend/src/app/dashboard/courses/[id]/page.tsx [Client Component Browser]
    ./frontend/src/app/dashboard/courses/[id]/page.tsx [Server Component]

  Client Component SSR:
    ./frontend/src/components/teacher-courses/course-detail-header.tsx [Client Component SSR]
    ./frontend/src/app/dashboard/courses/[id]/page.tsx [Client Component SSR]
    ./frontend/src/app/dashboard/courses/[id]/page.tsx [Server Component]

https://nextjs.org/docs/messages/module-not-found


./frontend/src/components/teacher-courses/course-detail-header.tsx:14:1
Module not found: Can't resolve '@/components/course-details/course-chat'
  [90m12 |[0m [36mimport[0m { [33mCourseCoverDialog[0m } [36mfrom[0m [32m'./course-cover-dialog'[0m;
  [90m13 |[0m [36mimport[0m { [33mCourseTabNav[0m } [36mfrom[0m 
[32m'@/components/course-details/_shared/course-tab-nav'[0m;
[31m[1m>[0m [90m14 |[0m [36mimport[0m { [33mCourseChat[0m } [36mfrom[0m 
[32m'@/components/course-details/course-chat'[0m;
  [90m   |[0m [31m[1m^^^^^^^^^^^^^^^^^^^^^^^^^^^^^^^^^^^^^^^^^^^^^^^^^^^^^^^^^^^^^^^^^^^^^[0m
  [90m15 |[0m [36mimport[0m [36mtype[0m { [33mCourseTabDef[0m, [33mCourseTabId[0m } [36mfrom[0m 
[32m'@/lib/course-details/config/course-tabs'[0m;
  [90m16 |[0m [36mimport[0m { [33mCourseHeaderBanner[0m } [36mfrom[0m 
[32m'./course-detail-header/course-header-banner'[0m;
  [90m17 |[0m [36mimport[0m { [33mCourseHeaderCompact[0m } [36mfrom[0m 
[32m'./course-detail-header/course-header-compact'[0m;

Import map: aliased to relative './src/components/course-details/course-chat' inside of [project]/frontend


Import traces:
  Client Component Browser:
    ./frontend/src/components/teacher-courses/course-detail-header.tsx [Client Component Browser]
    ./frontend/src/app/dashboard/courses/[id]/page.tsx [Client Component Browser]
    ./frontend/src/app/dashboard/courses/[id]/page.tsx [Server Component]

  Client Component SSR:
    ./frontend/src/components/teacher-courses/course-detail-header.tsx [Client Component SSR]
    ./frontend/src/app/dashboard/courses/[id]/page.tsx [Client Component SSR]
    ./frontend/src/app/dashboard/courses/[id]/page.tsx [Server Component]

https://nextjs.org/docs/messages/module-not-found


./frontend/src/components/teacher-courses/course-overview.tsx:4:1
Module not found: Can't resolve '@/components/course-details/student-grades-card'
  [90m2 |[0m
  [90m3 |[0m [36mimport[0m { useMemo } [36mfrom[0m [32m'react'[0m;
[31m[1m>[0m [90m4 |[0m [36mimport[0m { [33mStudentGradesCard[0m } [36mfrom[0m 
[32m'@/components/course-details/student-grades-card'[0m;
  [90m  |[0m [31m[1m^^^^^^^^^^^^^^^^^^^^^^^^^^^^^^^^^^^^^^^^^^^^^^^^^^^^^^^^^^^^^^^^^^^^^^^^^^^^^^^^^^^^[0m
  [90m5 |[0m [36mimport[0m { [33mOverviewActivity[0m } [36mfrom[0m 
[32m'./course-overview/overview-activity'[0m;
  [90m6 |[0m [36mimport[0m { [33mOverviewKpis[0m } [36mfrom[0m [32m'./course-overview/overview-kpis'[0m;
  [90m7 |[0m [36mimport[0m { [33mOverviewSummary[0m } [36mfrom[0m 
[32m'./course-overview/overview-summary'[0m;

Import map: aliased to relative './src/components/course-details/student-grades-card' inside of [project]/frontend


Import traces:
  Client Component Browser:
    ./frontend/src/components/teacher-courses/course-overview.tsx [Client Component Browser]
    ./frontend/src/components/course-details/course-detail-page/course-tab-panel-content.tsx [Client Component Browser]
    ./frontend/src/app/dashboard/courses/[id]/page.tsx [Client Component Browser]
    ./frontend/src/app/dashboard/courses/[id]/page.tsx [Server Component]

  Client Component SSR:
    ./frontend/src/components/teacher-courses/course-overview.tsx [Client Component SSR]
    ./frontend/src/components/course-details/course-detail-page/course-tab-panel-content.tsx [Client Component SSR]
    ./frontend/src/app/dashboard/courses/[id]/page.tsx [Client Component SSR]
    ./frontend/src/app/dashboard/courses/[id]/page.tsx [Server Component]

https://nextjs.org/docs/messages/module-not-found


./frontend/src/app/dashboard/courses/page.tsx:12:100
Module not found: Can't resolve '@/components/courses-admin/components/admin-courses-page'
  [90m10 |[0m ...[32mudent-courses/components/course-list'[0m
  [90m11 |[0m ...[32ment-courses/components/graduated-banner'[0m
[31m[1m>[0m [90m12 |[0m ...[32m/student-courses/components/semester-history-panel'[0m
  [90m   |[0m                                                     [31m[1m^[0m
[31m[1m>[0m [90m13 |[0m ...[32mrses-admin/components/admin-courses-page'[0m
  [90m   |[0m    
[31m[1m^^^^^^^^^^^^^^^^^^^^^^^^^^^^^^^^^^^^^^^^^^^^^^^^^^^^^^^^^^^^^^^^^^^^^^^^^^^^^^^^^^^^^^^^[0m
  [90m14 |[0m ...
  [90m15 |[0m ...
  [90m16 |[0m ...

Import map: aliased to relative './src/components/courses-admin/components/admin-courses-page' inside of 
[project]/frontend


Import traces:
  Client Component Browser:
    ./frontend/src/app/dashboard/courses/page.tsx [Client Component Browser]
    ./frontend/src/app/dashboard/courses/page.tsx [Server Component]

  Client Component SSR:
    ./frontend/src/app/dashboard/courses/page.tsx [Client Component SSR]
    ./frontend/src/app/dashboard/courses/page.tsx [Server Component]

https://nextjs.org/docs/messages/module-not-found


./frontend/src/app/dashboard/dean/batches/page.tsx:6:1
Module not found: Can't resolve '@/components/dean/dean-batches-table'
  [90m4 |[0m [36mimport[0m { [33mPosPageHeader[0m } [36mfrom[0m 
[32m'@/features/pos/components/pos-page-header'[0m;
  [90m5 |[0m [36mimport[0m { useQueryClient } [36mfrom[0m [32m'@/lib/async-query'[0m;
[31m[1m>[0m [90m6 |[0m [36mimport[0m { [33mDeanBatchesTable[0m } [36mfrom[0m 
[32m'@/components/dean/dean-batches-table'[0m;
  [90m  |[0m [31m[1m^^^^^^^^^^^^^^^^^^^^^^^^^^^^^^^^^^^^^^^^^^^^^^^^^^^^^^^^^^^^^^^^^^^^^^^^[0m
  [90m7 |[0m
  [90m8 |[0m [36mexport[0m [36mdefault[0m [36mfunction[0m [33mDeanBatchesPage[0m() {
  [90m9 |[0m   [36mconst[0m queryClient = useQueryClient();

Import map: aliased to relative './src/components/dean/dean-batches-table' inside of [project]/frontend


Import traces:
  Client Component Browser:
    ./frontend/src/app/dashboard/dean/batches/page.tsx [Client Component Browser]
    ./frontend/src/app/dashboard/dean/batches/page.tsx [Server Component]

  Client Component SSR:
    ./frontend/src/app/dashboard/dean/batches/page.tsx [Client Component SSR]
    ./frontend/src/app/dashboard/dean/batches/page.tsx [Server Component]

https://nextjs.org/docs/messages/module-not-found


./frontend/src/app/dashboard/dean/courses/page.tsx:4:1
Module not found: Can't resolve '@/components/dean/dean-courses-page'
  [90m2 |[0m
  [90m3 |[0m [36mimport[0m { [33mSuspense[0m } [36mfrom[0m [32m'react'[0m
[31m[1m>[0m [90m4 |[0m [36mimport[0m { [33mDeanCoursesPage[0m } [36mfrom[0m 
[32m'@/components/dean/dean-courses-page'[0m
  [90m  |[0m [31m[1m^^^^^^^^^^^^^^^^^^^^^^^^^^^^^^^^^^^^^^^^^^^^^^^^^^^^^^^^^^^^^^^^^^^^^[0m
  [90m5 |[0m
  [90m6 |[0m [36mexport[0m [36mdefault[0m [36mfunction[0m [33mPage[0m() {
  [90m7 |[0m   [36mreturn[0m (

Import map: aliased to relative './src/components/dean/dean-courses-page' inside of [project]/frontend


Import traces:
  Client Component Browser:
    ./frontend/src/app/dashboard/dean/courses/page.tsx [Client Component Browser]
    ./frontend/src/app/dashboard/dean/courses/page.tsx [Server Component]

  Client Component SSR:
    ./frontend/src/app/dashboard/dean/courses/page.tsx [Client Component SSR]
    ./frontend/src/app/dashboard/dean/courses/page.tsx [Server Component]

https://nextjs.org/docs/messages/module-not-found


./frontend/src/app/dashboard/dean/users/page.tsx:6:1
Module not found: Can't resolve '@/components/dean/dean-users-table'
  [90m4 |[0m [36mimport[0m { [33mPosPageHeader[0m } [36mfrom[0m 
[32m'@/features/pos/components/pos-page-header'[0m;
  [90m5 |[0m [36mimport[0m { useQueryClient } [36mfrom[0m [32m'@/lib/async-query'[0m;
[31m[1m>[0m [90m6 |[0m [36mimport[0m { [33mDeanUsersTable[0m } [36mfrom[0m 
[32m'@/components/dean/dean-users-table'[0m;
  [90m  |[0m [31m[1m^^^^^^^^^^^^^^^^^^^^^^^^^^^^^^^^^^^^^^^^^^^^^^^^^^^^^^^^^^^^^^^^^^^^[0m
  [90m7 |[0m
  [90m8 |[0m [36mexport[0m [36mdefault[0m [36mfunction[0m [33mDeanUsersPage[0m() {
  [90m9 |[0m   [36mconst[0m queryClient = useQueryClient();

Import map: aliased to relative './src/components/dean/dean-users-table' inside of [project]/frontend


Import traces:
  Client Component Browser:
    ./frontend/src/app/dashboard/dean/users/page.tsx [Client Component Browser]
    ./frontend/src/app/dashboard/dean/users/page.tsx [Server Component]

  Client Component SSR:
    ./frontend/src/app/dashboard/dean/users/page.tsx [Client Component SSR]
    ./frontend/src/app/dashboard/dean/users/page.tsx [Server Component]

https://nextjs.org/docs/messages/module-not-found


./frontend/src/app/dashboard/faculty-dean/reports/page.tsx:5:73
Module not found: Can't resolve '@/components/dean/faculty-reports/faculty-dean-reports-dashboard'
  [90m3 |[0m ...
  [90m4 |[0m ...[32momponents/page-container'[0m;
[31m[1m>[0m [90m5 |[0m ...[32mcomponents/pos-page-header'[0m;
  [90m  |[0m                              [31m[1m^[0m
[31m[1m>[0m [90m6 |[0m ...[32m/components/dean/faculty-reports/faculty-dean-reports-dashboard'[0m;
  [90m  |[0m    
[31m[1m^^^^^^^^^^^^^^^^^^^^^^^^^^^^^^^^^^^^^^^^^^^^^^^^^^^^^^^^^^^^^^^^^^^^^^^^^^^^^^^^^^^^^^^^^^^[0m
  [90m7 |[0m ...
  [90m8 |[0m ...
  [90m9 |[0m ...

Import map: aliased to relative './src/components/dean/faculty-reports/faculty-dean-reports-dashboard' inside of 
[project]/frontend


Import traces:
  Client Component Browser:
    ./frontend/src/app/dashboard/faculty-dean/reports/page.tsx [Client Component Browser]
    ./frontend/src/app/dashboard/faculty-dean/reports/page.tsx [Server Component]

  Client Component SSR:
    ./frontend/src/app/dashboard/faculty-dean/reports/page.tsx [Client Component SSR]
    ./frontend/src/app/dashboard/faculty-dean/reports/page.tsx [Server Component]

https://nextjs.org/docs/messages/module-not-found


./frontend/src/app/dashboard/faculty-dean/reports/page.tsx:6:110
Module not found: Can't resolve '@/components/dean/faculty-reports/faculty-reports-filters'
  [90m 4 |[0m ...[32mt/components/page-container'[0m;
  [90m 5 |[0m ...[32mos/components/pos-page-header'[0m;
[31m[1m>[0m [90m 6 |[0m ... [32m'@/components/dean/faculty-reports/faculty-dean-reports-dashboard'[0m;
  [90m   |[0m                                                                      [31m[1m^[0m
[31m[1m>[0m [90m 7 |[0m ...
  [90m   |[0m    [31m[1m^^^^^^^^[0m
[31m[1m>[0m [90m 8 |[0m ...
  [90m   |[0m    [31m[1m^^^^^^^^^^^^^^^^^^^^^^^^^^^^^^[0m
[31m[1m>[0m [90m 9 |[0m ...
  [90m   |[0m    [31m[1m^^^^^^^^^^^^^^^^^^^^^^^^^^^^^^^^[0m
[31m[1m>[0m [90m10 |[0m ...[32maculty-reports-filters'[0m;
  [90m   |[0m    [31m[1m^^^^^^^^^^^^^^^^^^^^^^^^^^^^^^^^^^^^^^^^^^^^^^^^^^^^^^^^^^^^^^^^[0m
  [90m11 |[0m ...[32mqueries'[0m;
  [90m12 |[0m ...
  [90m13 |[0m ...[33mage[0m() {

Import map: aliased to relative './src/components/dean/faculty-reports/faculty-reports-filters' inside of 
[project]/frontend


Import traces:
  Client Component Browser:
    ./frontend/src/app/dashboard/faculty-dean/reports/page.tsx [Client Component Browser]
    ./frontend/src/app/dashboard/faculty-dean/reports/page.tsx [Server Component]

  Client Component SSR:
    ./frontend/src/app/dashboard/faculty-dean/reports/page.tsx [Client Component SSR]
    ./frontend/src/app/dashboard/faculty-dean/reports/page.tsx [Server Component]

https://nextjs.org/docs/messages/module-not-found


./frontend/src/app/dashboard/page.tsx:4:1
Module not found: Can't resolve '@/components/overview/components/admin-dashboard'
  [90m2 |[0m
  [90m3 |[0m [36mimport[0m { useAuthStore } [36mfrom[0m [32m'@/lib/auth-store'[0m;
[31m[1m>[0m [90m4 |[0m [36mimport[0m { [33mAdminDashboard[0m } [36mfrom[0m 
[32m'@/components/overview/components/admin-dashboard'[0m;
  [90m  |[0m [31m[1m^^^^^^^^^^^^^^^^^^^^^^^^^^^^^^^^^^^^^^^^^^^^^^^^^^^^^^^^^^^^^^^^^^^^^^^^^^^^^^^^^^[0m
  [90m5 |[0m [36mimport[0m { [33mSuperAdminDashboard[0m } [36mfrom[0m 
[32m'@/components/overview/components/super-admin-dashboard'[0m;
  [90m6 |[0m [36mimport[0m { [33mTeacherDashboard[0m } [36mfrom[0m 
[32m'@/components/overview/components/teacher-dashboard'[0m;
  [90m7 |[0m [36mimport[0m { [33mStudentDashboard[0m } [36mfrom[0m 
[32m'@/components/overview/components/student-dashboard'[0m;

Import map: aliased to relative './src/components/overview/components/admin-dashboard' inside of [project]/frontend


Import traces:
  Client Component Browser:
    ./frontend/src/app/dashboard/page.tsx [Client Component Browser]
    ./frontend/src/app/dashboard/page.tsx [Server Component]

  Client Component SSR:
    ./frontend/src/app/dashboard/page.tsx [Client Component SSR]
    ./frontend/src/app/dashboard/page.tsx [Server Component]

https://nextjs.org/docs/messages/module-not-found


./frontend/src/app/dashboard/page.tsx:7:1
Module not found: Can't resolve '@/components/overview/components/student-dashboard'
  [90m 5 |[0m [36mimport[0m { [33mSuperAdminDashboard[0m } [36mfrom[0m 
[32m'@/components/overview/components/super-admin-dashboard'[0m;
  [90m 6 |[0m [36mimport[0m { [33mTeacherDashboard[0m } [36mfrom[0m 
[32m'@/components/overview/components/teacher-dashboard'[0m;
[31m[1m>[0m [90m 7 |[0m [36mimport[0m { [33mStudentDashboard[0m } [36mfrom[0m 
[32m'@/components/overview/components/student-dashboard'[0m;
  [90m   |[0m [31m[1m^^^^^^^^^^^^^^^^^^^^^^^^^^^^^^^^^^^^^^^^^^^^^^^^^^^^^^^^^^^^^^^^^^^^^^^^^^^^^^^^^^^^^^[0m
  [90m 8 |[0m
  [90m 9 |[0m [36mexport[0m [36mdefault[0m [36mfunction[0m [33mDashboardPage[0m() {
  [90m10 |[0m   [36mconst[0m user = useAuthStore((state) => state.user);

Import map: aliased to relative './src/components/overview/components/student-dashboard' inside of [project]/frontend


Import traces:
  Client Component Browser:
    ./frontend/src/app/dashboard/page.tsx [Client Component Browser]
    ./frontend/src/app/dashboard/page.tsx [Server Component]

  Client Component SSR:
    ./frontend/src/app/dashboard/page.tsx [Client Component SSR]
    ./frontend/src/app/dashboard/page.tsx [Server Component]

https://nextjs.org/docs/messages/module-not-found


./frontend/src/app/dashboard/page.tsx:5:1
Module not found: Can't resolve '@/components/overview/components/super-admin-dashboard'
  [90m3 |[0m [36mimport[0m { useAuthStore } [36mfrom[0m [32m'@/lib/auth-store'[0m;
  [90m4 |[0m [36mimport[0m { [33mAdminDashboard[0m } [36mfrom[0m 
[32m'@/components/overview/components/admin-dashboard'[0m;
[31m[1m>[0m [90m5 |[0m [36mimport[0m { [33mSuperAdminDashboard[0m } [36mfrom[0m 
[32m'@/components/overview/components/super-admin-dashboard'[0m;
  [90m  |[0m 
[31m[1m^^^^^^^^^^^^^^^^^^^^^^^^^^^^^^^^^^^^^^^^^^^^^^^^^^^^^^^^^^^^^^^^^^^^^^^^^^^^^^^^^^^^^^^^^^^^^[0m
  [90m6 |[0m [36mimport[0m { [33mTeacherDashboard[0m } [36mfrom[0m 
[32m'@/components/overview/components/teacher-dashboard'[0m;
  [90m7 |[0m [36mimport[0m { [33mStudentDashboard[0m } [36mfrom[0m 
[32m'@/components/overview/components/student-dashboard'[0m;
  [90m8 |[0m

Import map: aliased to relative './src/components/overview/components/super-admin-dashboard' inside of 
[project]/frontend


Import traces:
  Client Component Browser:
    ./frontend/src/app/dashboard/page.tsx [Client Component Browser]
    ./frontend/src/app/dashboard/page.tsx [Server Component]

  Client Component SSR:
    ./frontend/src/app/dashboard/page.tsx [Client Component SSR]
    ./frontend/src/app/dashboard/page.tsx [Server Component]

https://nextjs.org/docs/messages/module-not-found


./frontend/src/app/dashboard/page.tsx:6:1
Module not found: Can't resolve '@/components/overview/components/teacher-dashboard'
  [90m4 |[0m [36mimport[0m { [33mAdminDashboard[0m } [36mfrom[0m 
[32m'@/components/overview/components/admin-dashboard'[0m;
  [90m5 |[0m [36mimport[0m { [33mSuperAdminDashboard[0m } [36mfrom[0m 
[32m'@/components/overview/components/super-admin-dashboard'[0m;
[31m[1m>[0m [90m6 |[0m [36mimport[0m { [33mTeacherDashboard[0m } [36mfrom[0m 
[32m'@/components/overview/components/teacher-dashboard'[0m;
  [90m  |[0m [31m[1m^^^^^^^^^^^^^^^^^^^^^^^^^^^^^^^^^^^^^^^^^^^^^^^^^^^^^^^^^^^^^^^^^^^^^^^^^^^^^^^^^^^^^^[0m
  [90m7 |[0m [36mimport[0m { [33mStudentDashboard[0m } [36mfrom[0m 
[32m'@/components/overview/components/student-dashboard'[0m;
  [90m8 |[0m
  [90m9 |[0m [36mexport[0m [36mdefault[0m [36mfunction[0m [33mDashboardPage[0m() {

Import map: aliased to relative './src/components/overview/components/teacher-dashboard' inside of [project]/frontend


Import traces:
  Client Component Browser:
    ./frontend/src/app/dashboard/page.tsx [Client Component Browser]
    ./frontend/src/app/dashboard/page.tsx [Server Component]

  Client Component SSR:
    ./frontend/src/app/dashboard/page.tsx [Client Component SSR]
    ./frontend/src/app/dashboard/page.tsx [Server Component]

https://nextjs.org/docs/messages/module-not-found


./frontend/src/app/dashboard/courses/page.tsx:9:68
Module not found: Can't resolve '@/components/student-courses/components/course-list'
  [90m 7 |[0m ...[36mm[0m [32m'@/lib/teacher-courses/queries'[0m
  [90m 8 |[0m ...[36mm[0m [32m'@/lib/student-courses/queries'[0m
[31m[1m>[0m [90m 9 |[0m ...[32mmponents/teacher-courses/course-list'[0m
  [90m   |[0m                                       [31m[1m^[0m
[31m[1m>[0m [90m10 |[0m ...[36mm[0m [32m'@/components/student-courses/components/course-list'[0m
  [90m   |[0m    [31m[1m^^^^^^^^^^^^^^^^^^^^^^^^^^^^^^^^^^^^^^^^^^^^^^^^^^^^^^^^^^^^^^^^^^^^^^^^^^^^^^^^^^^^[0m
  [90m11 |[0m ...[32m'@/components/student-courses/components/graduated-banner'[0m
  [90m12 |[0m ...[36mfrom[0m [32m'@/components/student-courses/components/semester-history-panel'[0m
  [90m13 |[0m ... [32m'@/components/courses-admin/components/admin-courses-page'[0m

Import map: aliased to relative './src/components/student-courses/components/course-list' inside of [project]/frontend


Import traces:
  Client Component Browser:
    ./frontend/src/app/dashboard/courses/page.tsx [Client Component Browser]
    ./frontend/src/app/dashboard/courses/page.tsx [Server Component]

  Client Component SSR:
    ./frontend/src/app/dashboard/courses/page.tsx [Client Component SSR]
    ./frontend/src/app/dashboard/courses/page.tsx [Server Component]

https://nextjs.org/docs/messages/module-not-found


./frontend/src/app/dashboard/courses/page.tsx:10:86
Module not found: Can't resolve '@/components/student-courses/components/graduated-banner'
  [90m 8 |[0m ...[32mudent-courses/queries'[0m
  [90m 9 |[0m ...[32macher-courses/course-list'[0m
[31m[1m>[0m [90m10 |[0m ...[32ments/student-courses/components/course-list'[0m
  [90m   |[0m                                              [31m[1m^[0m
[31m[1m>[0m [90m11 |[0m ...[32mts/student-courses/components/graduated-banner'[0m
  [90m   |[0m    [31m[1m^^^^^^^^^^^^^^^^^^^^^^^^^^^^^^^^^^^^^^^^^^^^^^^^^^^^^^^^^^^^^^^^^^^^^^^^^^^^^^^^^^^^^^^[0m
  [90m12 |[0m ...[32mponents/student-courses/components/semester-history-panel'[0m
  [90m13 |[0m ...[32mnts/courses-admin/components/admin-courses-page'[0m
  [90m14 |[0m ...

Import map: aliased to relative './src/components/student-courses/components/graduated-banner' inside of 
[project]/frontend


Import traces:
  Client Component Browser:
    ./frontend/src/app/dashboard/courses/page.tsx [Client Component Browser]
    ./frontend/src/app/dashboard/courses/page.tsx [Server Component]

  Client Component SSR:
    ./frontend/src/app/dashboard/courses/page.tsx [Client Component SSR]
    ./frontend/src/app/dashboard/courses/page.tsx [Server Component]

https://nextjs.org/docs/messages/module-not-found


./frontend/src/app/dashboard/courses/page.tsx:11:89
Module not found: Can't resolve '@/components/student-courses/components/semester-history-panel'
  [90m 9 |[0m ...[32mourses/course-list'[0m
  [90m10 |[0m ...[32mudent-courses/components/course-list'[0m
[31m[1m>[0m [90m11 |[0m ...[32ment-courses/components/graduated-banner'[0m
  [90m   |[0m                                          [31m[1m^[0m
[31m[1m>[0m [90m12 |[0m ...[32m/student-courses/components/semester-history-panel'[0m
  [90m   |[0m    
[31m[1m^^^^^^^^^^^^^^^^^^^^^^^^^^^^^^^^^^^^^^^^^^^^^^^^^^^^^^^^^^^^^^^^^^^^^^^^^^^^^^^^^^^^^^^^^^[0m
  [90m13 |[0m ...[32mrses-admin/components/admin-courses-page'[0m
  [90m14 |[0m ...
  [90m15 |[0m ...

Import map: aliased to relative './src/components/student-courses/components/semester-history-panel' inside of 
[project]/frontend


Import traces:
  Client Component Browser:
    ./frontend/src/app/dashboard/courses/page.tsx [Client Component Browser]
    ./frontend/src/app/dashboard/courses/page.tsx [Server Component]

  Client Component SSR:
    ./frontend/src/app/dashboard/courses/page.tsx [Client Component SSR]
    ./frontend/src/app/dashboard/courses/page.tsx [Server Component]

https://nextjs.org/docs/messages/module-not-found


./frontend/src/components/batches-admin/section-add-students-modal.tsx:16:1
Module not found: Can't resolve '@/components/users/api/service'
  [90m14 |[0m [36mimport[0m { useMutation, useQuery, useQueryClient } [36mfrom[0m [32m'@/lib/async-query'[0m;
  [90m15 |[0m [36mimport[0m { handleApiError, showToast } [36mfrom[0m [32m'@/lib/notifications'[0m;
[31m[1m>[0m [90m16 |[0m [36mimport[0m { fetchUsers } [36mfrom[0m [32m'@/components/users/api/service'[0m;
  [90m   |[0m [31m[1m^^^^^^^^^^^^^^^^^^^^^^^^^^^^^^^^^^^^^^^^^^^^^^^^^^^^^^^^^^^^[0m
  [90m17 |[0m [36mimport[0m {
  [90m18 |[0m   addSectionStudents,
  [90m19 |[0m   fetchSectionStudents,

Import map: aliased to relative './src/components/users/api/service' inside of [project]/frontend


Import traces:
  Client Component Browser:
    ./frontend/src/components/batches-admin/section-add-students-modal.tsx [Client Component Browser]
    ./frontend/src/components/batches-admin/section-row-actions.tsx [Client Component Browser]
    ./frontend/src/components/batches-admin/sections-admin-table.tsx [Client Component Browser]
    ./frontend/src/components/batches-admin/batches-sections-tabs.tsx [Client Component Browser]
    ./frontend/src/components/batches-admin/admin-batches-page.tsx [Client Component Browser]
    ./frontend/src/app/dashboard/batches/page.tsx [Client Component Browser]
    ./frontend/src/app/dashboard/batches/page.tsx [Server Component]

  Client Component SSR:
    ./frontend/src/components/batches-admin/section-add-students-modal.tsx [Client Component SSR]
    ./frontend/src/components/batches-admin/section-row-actions.tsx [Client Component SSR]
    ./frontend/src/components/batches-admin/sections-admin-table.tsx [Client Component SSR]
    ./frontend/src/components/batches-admin/batches-sections-tabs.tsx [Client Component SSR]
    ./frontend/src/components/batches-admin/admin-batches-page.tsx [Client Component SSR]
    ./frontend/src/app/dashboard/batches/page.tsx [Client Component SSR]
    ./frontend/src/app/dashboard/batches/page.tsx [Server Component]

https://nextjs.org/docs/messages/module-not-found


./frontend/src/app/dashboard/users/page.tsx:1:1
Module not found: Can't resolve '@/components/users/components/admin-users-page'
[31m[1m>[0m [90m1 |[0m [36mimport[0m [33mAdminUsersPage[0m [36mfrom[0m 
[32m'@/components/users/components/admin-users-page'[0m;
  [90m  |[0m [31m[1m^^^^^^^^^^^^^^^^^^^^^^^^^^^^^^^^^^^^^^^^^^^^^^^^^^^^^^^^^^^^^^^^^^^^^^^^^^^^[0m
  [90m2 |[0m
  [90m3 |[0m [36mexport[0m [36mdefault[0m [36mfunction[0m [33mPage[0m() {
  [90m4 |[0m   [36mreturn[0m <[33mAdminUsersPage[0m />;

Import map: aliased to relative './src/components/users/components/admin-users-page' inside of [project]/frontend


https://nextjs.org/docs/messages/module-not-found


./frontend/src/app/dashboard/admin/report/page.tsx:4:1
Module not found: Can't resolve '@/features/layout/components/page-container'
  [90m2 |[0m
  [90m3 |[0m [36mimport[0m { useState } [36mfrom[0m [32m'react'[0m;
[31m[1m>[0m [90m4 |[0m [36mimport[0m [33mPageContainer[0m [36mfrom[0m 
[32m'@/features/layout/components/page-container'[0m;
  [90m  |[0m [31m[1m^^^^^^^^^^^^^^^^^^^^^^^^^^^^^^^^^^^^^^^^^^^^^^^^^^^^^^^^^^^^^^^^^^^^^^^^[0m
  [90m5 |[0m [36mimport[0m { [33mPosPageHeader[0m } [36mfrom[0m 
[32m'@/features/pos/components/pos-page-header'[0m;
  [90m6 |[0m [36mimport[0m { useAdminAnalytics, useAdminFaculties } [36mfrom[0m [32m'@/lib/admin/queries'[0m;
  [90m7 |[0m [36mimport[0m [36mtype[0m { [33mAdminReportFilterState[0m } [36mfrom[0m 
[32m'@/components/admin/admin-report-filters'[0m;

Import map: aliased to relative './src/features/layout/components/page-container' inside of [project]/frontend


Import traces:
  Client Component Browser:
    ./frontend/src/app/dashboard/admin/report/page.tsx [Client Component Browser]
    ./frontend/src/app/dashboard/admin/report/page.tsx [Server Component]

  Client Component SSR:
    ./frontend/src/app/dashboard/admin/report/page.tsx [Client Component SSR]
    ./frontend/src/app/dashboard/admin/report/page.tsx [Server Component]

https://nextjs.org/docs/messages/module-not-found


./frontend/src/app/dashboard/calendar/page.tsx:3:1
Module not found: Can't resolve '@/features/layout/components/page-container'
  [90m1 |[0m [32m'use client'[0m;
  [90m2 |[0m
[31m[1m>[0m [90m3 |[0m [36mimport[0m [33mPageContainer[0m [36mfrom[0m 
[32m'@/features/layout/components/page-container'[0m;
  [90m  |[0m [31m[1m^^^^^^^^^^^^^^^^^^^^^^^^^^^^^^^^^^^^^^^^^^^^^^^^^^^^^^^^^^^^^^^^^^^^^^^^[0m
  [90m4 |[0m [36mimport[0m { [33mPosPageHeader[0m } [36mfrom[0m 
[32m'@/features/pos/components/pos-page-header'[0m;
  [90m5 |[0m [36mimport[0m { [33mCalendarPage[0m } [36mfrom[0m [32m'@/components/calendar/calendar-page'[0m;
  [90m6 |[0m [36mimport[0m { useQueryClient } [36mfrom[0m [32m'@/lib/async-query'[0m;

Import map: aliased to relative './src/features/layout/components/page-container' inside of [project]/frontend


Import traces:
  Client Component Browser:
    ./frontend/src/app/dashboard/calendar/page.tsx [Client Component Browser]
    ./frontend/src/app/dashboard/calendar/page.tsx [Server Component]

  Client Component SSR:
    ./frontend/src/app/dashboard/calendar/page.tsx [Client Component SSR]
    ./frontend/src/app/dashboard/calendar/page.tsx [Server Component]

https://nextjs.org/docs/messages/module-not-found


./frontend/src/app/dashboard/courses/page.tsx:3:27
Module not found: Can't resolve '@/features/layout/components/page-container'
  [90m1 |[0m ﻿[32m'use client'[0m
  [90m2 |[0m
[31m[1m>[0m [90m3 |[0m [36mimport[0m [33mLink[0m [36mfrom[0m [32m'next/link'[0m
  [90m  |[0m                           [31m[1m^[0m
[31m[1m>[0m [90m4 |[0m [36mimport[0m [33mPageContainer[0m [36mfrom[0m 
[32m'@/features/layout/components/page-container'[0m
  [90m  |[0m [31m[1m^^^^^^^^^^^^^^^^^^^^^^^^^^^^^^^^^^^^^^^^^^^^^^^^^^^^^^^^^^^^^^^^^^^^[0m
  [90m5 |[0m [36mimport[0m { [33mPosPageHeader[0m } [36mfrom[0m 
[32m'@/features/pos/components/pos-page-header'[0m
  [90m6 |[0m [36mimport[0m { useAuthStore } [36mfrom[0m [32m'@/lib/auth-store'[0m
  [90m7 |[0m [36mimport[0m { useTeacherCourses } [36mfrom[0m [32m'@/lib/teacher-courses/queries'[0m

Import map: aliased to relative './src/features/layout/components/page-container' inside of [project]/frontend


Import traces:
  Client Component Browser:
    ./frontend/src/app/dashboard/courses/page.tsx [Client Component Browser]
    ./frontend/src/app/dashboard/courses/page.tsx [Server Component]

  Client Component SSR:
    ./frontend/src/app/dashboard/courses/page.tsx [Client Component SSR]
    ./frontend/src/app/dashboard/courses/page.tsx [Server Component]

https://nextjs.org/docs/messages/module-not-found


./frontend/src/app/dashboard/dean/batches/page.tsx:3:1
Module not found: Can't resolve '@/features/layout/components/page-container'
  [90m1 |[0m [32m'use client'[0m;
  [90m2 |[0m
[31m[1m>[0m [90m3 |[0m [36mimport[0m [33mPageContainer[0m [36mfrom[0m 
[32m'@/features/layout/components/page-container'[0m;
  [90m  |[0m [31m[1m^^^^^^^^^^^^^^^^^^^^^^^^^^^^^^^^^^^^^^^^^^^^^^^^^^^^^^^^^^^^^^^^^^^^^^^^[0m
  [90m4 |[0m [36mimport[0m { [33mPosPageHeader[0m } [36mfrom[0m 
[32m'@/features/pos/components/pos-page-header'[0m;
  [90m5 |[0m [36mimport[0m { useQueryClient } [36mfrom[0m [32m'@/lib/async-query'[0m;
  [90m6 |[0m [36mimport[0m { [33mDeanBatchesTable[0m } [36mfrom[0m 
[32m'@/components/dean/dean-batches-table'[0m;

Import map: aliased to relative './src/features/layout/components/page-container' inside of [project]/frontend


Import traces:
  Client Component Browser:
    ./frontend/src/app/dashboard/dean/batches/page.tsx [Client Component Browser]
    ./frontend/src/app/dashboard/dean/batches/page.tsx [Server Component]

  Client Component SSR:
    ./frontend/src/app/dashboard/dean/batches/page.tsx [Client Component SSR]
    ./frontend/src/app/dashboard/dean/batches/page.tsx [Server Component]

https://nextjs.org/docs/messages/module-not-found


./frontend/src/app/dashboard/dean/users/page.tsx:3:1
Module not found: Can't resolve '@/features/layout/components/page-container'
  [90m1 |[0m [32m'use client'[0m;
  [90m2 |[0m
[31m[1m>[0m [90m3 |[0m [36mimport[0m [33mPageContainer[0m [36mfrom[0m 
[32m'@/features/layout/components/page-container'[0m;
  [90m  |[0m [31m[1m^^^^^^^^^^^^^^^^^^^^^^^^^^^^^^^^^^^^^^^^^^^^^^^^^^^^^^^^^^^^^^^^^^^^^^^^[0m
  [90m4 |[0m [36mimport[0m { [33mPosPageHeader[0m } [36mfrom[0m 
[32m'@/features/pos/components/pos-page-header'[0m;
  [90m5 |[0m [36mimport[0m { useQueryClient } [36mfrom[0m [32m'@/lib/async-query'[0m;
  [90m6 |[0m [36mimport[0m { [33mDeanUsersTable[0m } [36mfrom[0m [32m'@/components/dean/dean-users-table'[0m;

Import map: aliased to relative './src/features/layout/components/page-container' inside of [project]/frontend


Import traces:
  Client Component Browser:
    ./frontend/src/app/dashboard/dean/users/page.tsx [Client Component Browser]
    ./frontend/src/app/dashboard/dean/users/page.tsx [Server Component]

  Client Component SSR:
    ./frontend/src/app/dashboard/dean/users/page.tsx [Client Component SSR]
    ./frontend/src/app/dashboard/dean/users/page.tsx [Server Component]

https://nextjs.org/docs/messages/module-not-found


./frontend/src/app/dashboard/faculty-dean/reports/page.tsx:3:41
Module not found: Can't resolve '@/features/layout/components/page-container'
  [90m1 |[0m ...[32mient'[0m;
  [90m2 |[0m ...
[31m[1m>[0m [90m3 |[0m ...seMemo, useState } [36mfrom[0m [32m'react'[0m;
  [90m  |[0m                                  [31m[1m^[0m
[31m[1m>[0m [90m4 |[0m ...[33meContainer[0m [36mfrom[0m 
[32m'@/features/layout/components/page-container'[0m;
  [90m  |[0m    [31m[1m^^^^^^^^^^^^^^^^^^^^^^^^^^^^^^^^^^^^^^^^^^^^^^^^^^^^^^^^^^^^^^^^^^^^^[0m
  [90m5 |[0m ...[33mosPageHeader[0m } [36mfrom[0m [32m'@/features/pos/components/pos-page-header'[0m;
  [90m6 |[0m ...[33macultyDeanReportsDashboard[0m } [36mfrom[0m 
[32m'@/components/dean/faculty-reports/faculty-dean-report...[0m
  [90m7 |[0m ...

Import map: aliased to relative './src/features/layout/components/page-container' inside of [project]/frontend


Import traces:
  Client Component Browser:
    ./frontend/src/app/dashboard/faculty-dean/reports/page.tsx [Client Component Browser]
    ./frontend/src/app/dashboard/faculty-dean/reports/page.tsx [Server Component]

  Client Component SSR:
    ./frontend/src/app/dashboard/faculty-dean/reports/page.tsx [Client Component SSR]
    ./frontend/src/app/dashboard/faculty-dean/reports/page.tsx [Server Component]

https://nextjs.org/docs/messages/module-not-found


./frontend/src/app/dashboard/offices/page.tsx:6:1
Module not found: Can't resolve '@/features/layout/components/page-container'
  [90m4 |[0m [36mimport[0m { useRouter } [36mfrom[0m [32m'next/navigation'[0m;
  [90m5 |[0m [36mimport[0m { parseAsInteger, parseAsString, useQueryState } [36mfrom[0m [32m'nuqs'[0m;
[31m[1m>[0m [90m6 |[0m [36mimport[0m [33mPageContainer[0m [36mfrom[0m 
[32m'@/features/layout/components/page-container'[0m;
  [90m  |[0m [31m[1m^^^^^^^^^^^^^^^^^^^^^^^^^^^^^^^^^^^^^^^^^^^^^^^^^^^^^^^^^^^^^^^^^^^^^^^^[0m
  [90m7 |[0m [36mimport[0m { [33mOfficeDirectory[0m } [36mfrom[0m 
[32m'@/components/offices/office-directory'[0m;
  [90m8 |[0m [36mimport[0m { [33mOfficeInbox[0m } [36mfrom[0m [32m'@/components/offices/office-inbox'[0m;
  [90m9 |[0m [36mimport[0m { useOfficeMessageSocket } [36mfrom[0m [32m'@/lib/offices/queries'[0m;

Import map: aliased to relative './src/features/layout/components/page-container' inside of [project]/frontend


Import traces:
  Client Component Browser:
    ./frontend/src/app/dashboard/offices/page.tsx [Client Component Browser]
    ./frontend/src/app/dashboard/offices/page.tsx [Server Component]

  Client Component SSR:
    ./frontend/src/app/dashboard/offices/page.tsx [Client Component SSR]
    ./frontend/src/app/dashboard/offices/page.tsx [Server Component]

https://nextjs.org/docs/messages/module-not-found


./frontend/src/components/academic-years-admin/admin-academic-years-page.tsx:4:1
Module not found: Can't resolve '@/features/layout/components/page-container'
  [90m2 |[0m
  [90m3 |[0m [36mimport[0m { useState } [36mfrom[0m [32m'react'[0m;
[31m[1m>[0m [90m4 |[0m [36mimport[0m [33mPageContainer[0m [36mfrom[0m 
[32m'@/features/layout/components/page-container'[0m;
  [90m  |[0m [31m[1m^^^^^^^^^^^^^^^^^^^^^^^^^^^^^^^^^^^^^^^^^^^^^^^^^^^^^^^^^^^^^^^^^^^^^^^^[0m
  [90m5 |[0m [36mimport[0m { [33mPosPageHeader[0m } [36mfrom[0m 
[32m'@/features/pos/components/pos-page-header'[0m;
  [90m6 |[0m [36mimport[0m { [33mTabs[0m, [33mTabsContent[0m, [33mTabsList[0m, [33mTabsTrigger[0m } 
[36mfrom[0m [32m'@/features/ui/components/tabs'[0m;
  [90m7 |[0m [36mimport[0m { useQueryClient } [36mfrom[0m [32m'@/lib/async-query'[0m;

Import map: aliased to relative './src/features/layout/components/page-container' inside of [project]/frontend


Import traces:
  Client Component Browser:
    ./frontend/src/components/academic-years-admin/admin-academic-years-page.tsx [Client Component Browser]
    ./frontend/src/app/dashboard/academic-years/page.tsx [Client Component Browser]
    ./frontend/src/app/dashboard/academic-years/page.tsx [Server Component]

  Client Component SSR:
    ./frontend/src/components/academic-years-admin/admin-academic-years-page.tsx [Client Component SSR]
    ./frontend/src/app/dashboard/academic-years/page.tsx [Client Component SSR]
    ./frontend/src/app/dashboard/academic-years/page.tsx [Server Component]

https://nextjs.org/docs/messages/module-not-found


./frontend/src/components/batches-admin/admin-batches-page.tsx:3:1
Module not found: Can't resolve '@/features/layout/components/page-container'
  [90m1 |[0m [32m'use client'[0m;
  [90m2 |[0m
[31m[1m>[0m [90m3 |[0m [36mimport[0m [33mPageContainer[0m [36mfrom[0m 
[32m'@/features/layout/components/page-container'[0m;
  [90m  |[0m [31m[1m^^^^^^^^^^^^^^^^^^^^^^^^^^^^^^^^^^^^^^^^^^^^^^^^^^^^^^^^^^^^^^^^^^^^^^^^[0m
  [90m4 |[0m [36mimport[0m { [33mBatchesSectionsTabs[0m } [36mfrom[0m [32m'./batches-sections-tabs'[0m;
  [90m5 |[0m
  [90m6 |[0m [36mexport[0m [36mfunction[0m [33mAdminBatchesPage[0m() {

Import map: aliased to relative './src/features/layout/components/page-container' inside of [project]/frontend


Import traces:
  Client Component Browser:
    ./frontend/src/components/batches-admin/admin-batches-page.tsx [Client Component Browser]
    ./frontend/src/app/dashboard/batches/page.tsx [Client Component Browser]
    ./frontend/src/app/dashboard/batches/page.tsx [Server Component]

  Client Component SSR:
    ./frontend/src/components/batches-admin/admin-batches-page.tsx [Client Component SSR]
    ./frontend/src/app/dashboard/batches/page.tsx [Client Component SSR]
    ./frontend/src/app/dashboard/batches/page.tsx [Server Component]

https://nextjs.org/docs/messages/module-not-found


./frontend/src/components/departments/department-listing.tsx:4:1
Module not found: Can't resolve '@/features/layout/components/page-container'
  [90m2 |[0m
  [90m3 |[0m [36mimport[0m { useState } [36mfrom[0m [32m'react'[0m;
[31m[1m>[0m [90m4 |[0m [36mimport[0m [33mPageContainer[0m [36mfrom[0m 
[32m'@/features/layout/components/page-container'[0m;
  [90m  |[0m [31m[1m^^^^^^^^^^^^^^^^^^^^^^^^^^^^^^^^^^^^^^^^^^^^^^^^^^^^^^^^^^^^^^^^^^^^^^^^[0m
  [90m5 |[0m [36mimport[0m { [33mPosPageHeader[0m } [36mfrom[0m 
[32m'@/features/pos/components/pos-page-header'[0m;
  [90m6 |[0m [36mimport[0m { useQueryClient } [36mfrom[0m [32m'@/lib/async-query'[0m;
  [90m7 |[0m [36mimport[0m { useAuthStore } [36mfrom[0m [32m'@/lib/auth-store'[0m;

Import map: aliased to relative './src/features/layout/components/page-container' inside of [project]/frontend


Import trace:
  Server Component:
    ./frontend/src/components/departments/department-listing.tsx
    ./frontend/src/app/dashboard/departments/page.tsx

https://nextjs.org/docs/messages/module-not-found


./frontend/src/components/faculties/faculty-listing.tsx:4:1
Module not found: Can't resolve '@/features/layout/components/page-container'
  [90m2 |[0m
  [90m3 |[0m [36mimport[0m { useState } [36mfrom[0m [32m'react'[0m;
[31m[1m>[0m [90m4 |[0m [36mimport[0m [33mPageContainer[0m [36mfrom[0m 
[32m'@/features/layout/components/page-container'[0m;
  [90m  |[0m [31m[1m^^^^^^^^^^^^^^^^^^^^^^^^^^^^^^^^^^^^^^^^^^^^^^^^^^^^^^^^^^^^^^^^^^^^^^^^[0m
  [90m5 |[0m [36mimport[0m { [33mPosPageHeader[0m } [36mfrom[0m 
[32m'@/features/pos/components/pos-page-header'[0m;
  [90m6 |[0m [36mimport[0m { useQueryClient } [36mfrom[0m [32m'@/lib/async-query'[0m;
  [90m7 |[0m [36mimport[0m { useAuthStore } [36mfrom[0m [32m'@/lib/auth-store'[0m;

Import map: aliased to relative './src/features/layout/components/page-container' inside of [project]/frontend


Import trace:
  Server Component:
    ./frontend/src/components/faculties/faculty-listing.tsx
    ./frontend/src/app/dashboard/faculties/page.tsx

https://nextjs.org/docs/messages/module-not-found


./frontend/src/components/notifications/notifications-page.tsx:6:1
Module not found: Can't resolve '@/features/layout/components/page-container'
  [90m4 |[0m [36mimport[0m { [33mCheck[0m, [33mInbox[0m, [33mSearch[0m } [36mfrom[0m 
[32m'lucide-react'[0m;
  [90m5 |[0m [36mimport[0m { [33mIcons[0m } [36mfrom[0m [32m'@/components/icons'[0m;
[31m[1m>[0m [90m6 |[0m [36mimport[0m [33mPageContainer[0m [36mfrom[0m 
[32m'@/features/layout/components/page-container'[0m;
  [90m  |[0m [31m[1m^^^^^^^^^^^^^^^^^^^^^^^^^^^^^^^^^^^^^^^^^^^^^^^^^^^^^^^^^^^^^^^^^^^^^^^^[0m
  [90m7 |[0m [36mimport[0m { [33mButton[0m } [36mfrom[0m [32m'@/features/ui/components/button'[0m;
  [90m8 |[0m [36mimport[0m { [33mInput[0m } [36mfrom[0m [32m'@/features/ui/components/input'[0m;
  [90m9 |[0m [36mimport[0m { [33mSkeleton[0m } [36mfrom[0m [32m'@/features/ui/components/skeleton'[0m;

Import map: aliased to relative './src/features/layout/components/page-container' inside of [project]/frontend


Import trace:
  Server Component:
    ./frontend/src/components/notifications/notifications-page.tsx
    ./frontend/src/app/dashboard/notifications/page.tsx

https://nextjs.org/docs/messages/module-not-found


./frontend/src/components/offices/admin/offices-admin-page.tsx:5:1
Module not found: Can't resolve '@/features/layout/components/page-container'
  [90m3 |[0m [36mimport[0m { useState } [36mfrom[0m [32m'react'[0m;
  [90m4 |[0m [36mimport[0m { [33mIcons[0m } [36mfrom[0m [32m'@/components/icons'[0m;
[31m[1m>[0m [90m5 |[0m [36mimport[0m [33mPageContainer[0m [36mfrom[0m 
[32m'@/features/layout/components/page-container'[0m;
  [90m  |[0m [31m[1m^^^^^^^^^^^^^^^^^^^^^^^^^^^^^^^^^^^^^^^^^^^^^^^^^^^^^^^^^^^^^^^^^^^^^^^^[0m
  [90m6 |[0m [36mimport[0m { [33mPosPageHeader[0m } [36mfrom[0m 
[32m'@/features/pos/components/pos-page-header'[0m;
  [90m7 |[0m [36mimport[0m { [33mAlert[0m, [33mAlertDescription[0m } [36mfrom[0m 
[32m'@/features/ui/components/alert'[0m;
  [90m8 |[0m [36mimport[0m { [33mButton[0m } [36mfrom[0m [32m'@/features/ui/components/button'[0m;

Import map: aliased to relative './src/features/layout/components/page-container' inside of [project]/frontend


Import trace:
  Server Component:
    ./frontend/src/components/offices/admin/offices-admin-page.tsx
    ./frontend/src/app/dashboard/admin/offices/page.tsx

https://nextjs.org/docs/messages/module-not-found


./frontend/src/components/profile/profile-view-page.tsx:3:1
Module not found: Can't resolve '@/features/layout/components/page-container'
  [90m1 |[0m [32m'use client'[0m;
  [90m2 |[0m
[31m[1m>[0m [90m3 |[0m [36mimport[0m [33mPageContainer[0m [36mfrom[0m 
[32m'@/features/layout/components/page-container'[0m;
  [90m  |[0m [31m[1m^^^^^^^^^^^^^^^^^^^^^^^^^^^^^^^^^^^^^^^^^^^^^^^^^^^^^^^^^^^^^^^^^^^^^^^^[0m
  [90m4 |[0m [36mimport[0m { [33mPosPageHeader[0m } [36mfrom[0m 
[32m'@/features/pos/components/pos-page-header'[0m;
  [90m5 |[0m [36mimport[0m { useAuthStore } [36mfrom[0m [32m'@/lib/auth-store'[0m;
  [90m6 |[0m [36mimport[0m { useProfileMe } [36mfrom[0m [32m'@/lib/profile/services'[0m;

Import map: aliased to relative './src/features/layout/components/page-container' inside of [project]/frontend


Import trace:
  Server Component:
    ./frontend/src/components/profile/profile-view-page.tsx
    ./frontend/src/app/dashboard/profile/[[...profile]]/page.tsx

https://nextjs.org/docs/messages/module-not-found


./frontend/src/components/programs/programs-listing.tsx:4:1
Module not found: Can't resolve '@/features/layout/components/page-container'
  [90m2 |[0m
  [90m3 |[0m [36mimport[0m { useState } [36mfrom[0m [32m'react'[0m;
[31m[1m>[0m [90m4 |[0m [36mimport[0m [33mPageContainer[0m [36mfrom[0m 
[32m'@/features/layout/components/page-container'[0m;
  [90m  |[0m [31m[1m^^^^^^^^^^^^^^^^^^^^^^^^^^^^^^^^^^^^^^^^^^^^^^^^^^^^^^^^^^^^^^^^^^^^^^^^[0m
  [90m5 |[0m [36mimport[0m { [33mPosPageHeader[0m } [36mfrom[0m 
[32m'@/features/pos/components/pos-page-header'[0m;
  [90m6 |[0m [36mimport[0m { useQueryClient } [36mfrom[0m [32m'@/lib/async-query'[0m;
  [90m7 |[0m [36mimport[0m { useAuthStore } [36mfrom[0m [32m'@/lib/auth-store'[0m;

Import map: aliased to relative './src/features/layout/components/page-container' inside of [project]/frontend


Import trace:
  Server Component:
    ./frontend/src/components/programs/programs-listing.tsx
    ./frontend/src/app/dashboard/programs/page.tsx

https://nextjs.org/docs/messages/module-not-found


./frontend/src/components/roles/roles-admin-page.tsx:5:1
Module not found: Can't resolve '@/features/layout/components/page-container'
  [90m3 |[0m [36mimport[0m { useState } [36mfrom[0m [32m'react'[0m;
  [90m4 |[0m [36mimport[0m { [33mIcons[0m } [36mfrom[0m [32m'@/components/icons'[0m;
[31m[1m>[0m [90m5 |[0m [36mimport[0m [33mPageContainer[0m [36mfrom[0m 
[32m'@/features/layout/components/page-container'[0m;
  [90m  |[0m [31m[1m^^^^^^^^^^^^^^^^^^^^^^^^^^^^^^^^^^^^^^^^^^^^^^^^^^^^^^^^^^^^^^^^^^^^^^^^[0m
  [90m6 |[0m [36mimport[0m { [33mPosPageHeader[0m } [36mfrom[0m 
[32m'@/features/pos/components/pos-page-header'[0m;
  [90m7 |[0m [36mimport[0m { [33mAlert[0m, [33mAlertDescription[0m } [36mfrom[0m 
[32m'@/features/ui/components/alert'[0m;
  [90m8 |[0m [36mimport[0m { useQueryClient } [36mfrom[0m [32m'@/lib/async-query'[0m;

Import map: aliased to relative './src/features/layout/components/page-container' inside of [project]/frontend


Import trace:
  Server Component:
    ./frontend/src/components/roles/roles-admin-page.tsx
    ./frontend/src/app/dashboard/admin/roles/page.tsx

https://nextjs.org/docs/messages/module-not-found


./frontend/src/app/dashboard/layout.tsx:3:36
Module not found: Can't resolve '@/features/layout/components/pharmacy/pharmacy-shell'
  [90m1 |[0m ﻿[32m'use client'[0m;
  [90m2 |[0m
[31m[1m>[0m [90m3 |[0m [36mimport[0m [33mKBar[0m [36mfrom[0m [32m'@/components/kbar'[0m;
  [90m  |[0m                                    [31m[1m^[0m
[31m[1m>[0m [90m4 |[0m [36mimport[0m { [33mPharmacyShell[0m } [36mfrom[0m 
[32m'@/features/layout/components/pharmacy/pharmacy-shell'[0m;
  [90m  |[0m [31m[1m^^^^^^^^^^^^^^^^^^^^^^^^^^^^^^^^^^^^^^^^^^^^^^^^^^^^^^^^^^^^^^^^^^^^^^^^^^^^^^^^^^[0m
  [90m5 |[0m [36mimport[0m { [33mRoleGuard[0m } [36mfrom[0m [32m'@/components/auth/role-guard'[0m;
  [90m6 |[0m [36mimport[0m { usePathname } [36mfrom[0m [32m'next/navigation'[0m;
  [90m7 |[0m [36mimport[0m { useAnnouncementSocket } [36mfrom[0m 
[32m'@/lib/announcements/queries/use-announcement-socket'[0m;

Import map: aliased to relative './src/features/layout/components/pharmacy/pharmacy-shell' inside of [project]/frontend


Import traces:
  Client Component Browser:
    ./frontend/src/app/dashboard/layout.tsx [Client Component Browser]
    ./frontend/src/app/dashboard/layout.tsx [Server Component]

  Client Component SSR:
    ./frontend/src/app/dashboard/layout.tsx [Client Component SSR]
    ./frontend/src/app/dashboard/layout.tsx [Server Component]

https://nextjs.org/docs/messages/module-not-found


./frontend/src/app/layout.tsx:1:1
Module not found: Can't resolve '@/features/layout/components/providers'
[31m[1m>[0m [90m1 |[0m [36mimport[0m [33mProviders[0m [36mfrom[0m 
[32m'@/features/layout/components/providers'[0m;
  [90m  |[0m [31m[1m^^^^^^^^^^^^^^^^^^^^^^^^^^^^^^^^^^^^^^^^^^^^^^^^^^^^^^^^^^^^^^^[0m
  [90m2 |[0m [36mimport[0m { [33mToaster[0m } [36mfrom[0m [32m'@/features/ui/components/sonner'[0m;
  [90m3 |[0m [36mimport[0m { fontVariables } [36mfrom[0m [32m'@/features/themes/components/font.config'[0m;
  [90m4 |[0m [36mimport[0m { [33mDEFAULT_THEME[0m, [33mTHEMES[0m } [36mfrom[0m 
[32m'@/features/themes/components/theme.config'[0m;

Import map: aliased to relative './src/features/layout/components/providers' inside of [project]/frontend


https://nextjs.org/docs/messages/module-not-found


./frontend/src/components/academic-years-admin/academic-year-row-actions.tsx:5:1
Module not found: Can't resolve '@/features/modal/components/alert-modal'
  [90m3 |[0m [36mimport[0m { useState } [36mfrom[0m [32m'react'[0m;
  [90m4 |[0m [36mimport[0m { [33mIcons[0m } [36mfrom[0m [32m'@/components/icons'[0m;
[31m[1m>[0m [90m5 |[0m [36mimport[0m { [33mAlertModal[0m } [36mfrom[0m 
[32m'@/features/modal/components/alert-modal'[0m;
  [90m  |[0m [31m[1m^^^^^^^^^^^^^^^^^^^^^^^^^^^^^^^^^^^^^^^^^^^^^^^^^^^^^^^^^^^^^^^^^^^^^[0m
  [90m6 |[0m [36mimport[0m { [33mButton[0m } [36mfrom[0m [32m'@/features/ui/components/button'[0m;
  [90m7 |[0m [36mimport[0m {
  [90m8 |[0m   [33mDropdownMenu[0m,

Import map: aliased to relative './src/features/modal/components/alert-modal' inside of [project]/frontend


Import traces:
  Client Component Browser:
    ./frontend/src/components/academic-years-admin/academic-year-row-actions.tsx [Client Component Browser]
    ./frontend/src/components/academic-years-admin/academic-year-table-row.tsx [Client Component Browser]
    ./frontend/src/components/academic-years-admin/academic-years-table.tsx [Client Component Browser]
    ./frontend/src/components/academic-years-admin/admin-academic-years-page.tsx [Client Component Browser]
    ./frontend/src/app/dashboard/academic-years/page.tsx [Client Component Browser]
    ./frontend/src/app/dashboard/academic-years/page.tsx [Server Component]

  Client Component SSR:
    ./frontend/src/components/academic-years-admin/academic-year-row-actions.tsx [Client Component SSR]
    ./frontend/src/components/academic-years-admin/academic-year-table-row.tsx [Client Component SSR]
    ./frontend/src/components/academic-years-admin/academic-years-table.tsx [Client Component SSR]
    ./frontend/src/components/academic-years-admin/admin-academic-years-page.tsx [Client Component SSR]
    ./frontend/src/app/dashboard/academic-years/page.tsx [Client Component SSR]
    ./frontend/src/app/dashboard/academic-years/page.tsx [Server Component]

https://nextjs.org/docs/messages/module-not-found


./frontend/src/components/academic-years-admin/academic-year-semesters-dialog.tsx:11:1
Module not found: Can't resolve '@/features/modal/components/alert-modal'
  [90m 9 |[0m   [33mDialogTitle[0m
  [90m10 |[0m } [36mfrom[0m [32m'@/features/ui/components/dialog'[0m;
[31m[1m>[0m [90m11 |[0m [36mimport[0m { [33mAlertModal[0m } [36mfrom[0m 
[32m'@/features/modal/components/alert-modal'[0m;
  [90m   |[0m [31m[1m^^^^^^^^^^^^^^^^^^^^^^^^^^^^^^^^^^^^^^^^^^^^^^^^^^^^^^^^^^^^^^^^^^^^^[0m
  [90m12 |[0m [36mimport[0m { useMutation, useQueryClient } [36mfrom[0m [32m'@/lib/async-query'[0m;
  [90m13 |[0m [36mimport[0m { handleApiError, showToast } [36mfrom[0m [32m'@/lib/notifications'[0m;
  [90m14 |[0m [36mimport[0m { [33mPlus[0m } [36mfrom[0m [32m'lucide-react'[0m;

Import map: aliased to relative './src/features/modal/components/alert-modal' inside of [project]/frontend


Import traces:
  Client Component Browser:
    ./frontend/src/components/academic-years-admin/academic-year-semesters-dialog.tsx [Client Component Browser]
    ./frontend/src/components/academic-years-admin/academic-year-row-actions.tsx [Client Component Browser]
    ./frontend/src/components/academic-years-admin/academic-year-table-row.tsx [Client Component Browser]
    ./frontend/src/components/academic-years-admin/academic-years-table.tsx [Client Component Browser]
    ./frontend/src/components/academic-years-admin/admin-academic-years-page.tsx [Client Component Browser]
    ./frontend/src/app/dashboard/academic-years/page.tsx [Client Component Browser]
    ./frontend/src/app/dashboard/academic-years/page.tsx [Server Component]

  Client Component SSR:
    ./frontend/src/components/academic-years-admin/academic-year-semesters-dialog.tsx [Client Component SSR]
    ./frontend/src/components/academic-years-admin/academic-year-row-actions.tsx [Client Component SSR]
    ./frontend/src/components/academic-years-admin/academic-year-table-row.tsx [Client Component SSR]
    ./frontend/src/components/academic-years-admin/academic-years-table.tsx [Client Component SSR]
    ./frontend/src/components/academic-years-admin/admin-academic-years-page.tsx [Client Component SSR]
    ./frontend/src/app/dashboard/academic-years/page.tsx [Client Component SSR]
    ./frontend/src/app/dashboard/academic-years/page.tsx [Server Component]

https://nextjs.org/docs/messages/module-not-found


./frontend/src/components/academic-years-admin/academic-year-tools-menu.tsx:5:1
Module not found: Can't resolve '@/features/modal/components/alert-modal'
  [90m3 |[0m [36mimport[0m { useState } [36mfrom[0m [32m'react'[0m;
  [90m4 |[0m [36mimport[0m { [33mArrowUpCircle[0m, [33mCalendarRange[0m, [33mRotateCcw[0m, [33mWrench[0m } 
[36mfrom[0m [32m'lucide-react'[0m;
[31m[1m>[0m [90m5 |[0m [36mimport[0m { [33mAlertModal[0m } [36mfrom[0m 
[32m'@/features/modal/components/alert-modal'[0m;
  [90m  |[0m [31m[1m^^^^^^^^^^^^^^^^^^^^^^^^^^^^^^^^^^^^^^^^^^^^^^^^^^^^^^^^^^^^^^^^^^^^^[0m
  [90m6 |[0m [36mimport[0m { [33mButton[0m } [36mfrom[0m [32m'@/features/ui/components/button'[0m;
  [90m7 |[0m [36mimport[0m {
  [90m8 |[0m   [33mDropdownMenu[0m,

Import map: aliased to relative './src/features/modal/components/alert-modal' inside of [project]/frontend


Import traces:
  Client Component Browser:
    ./frontend/src/components/academic-years-admin/academic-year-tools-menu.tsx [Client Component Browser]
    ./frontend/src/components/academic-years-admin/admin-academic-years-page.tsx [Client Component Browser]
    ./frontend/src/app/dashboard/academic-years/page.tsx [Client Component Browser]
    ./frontend/src/app/dashboard/academic-years/page.tsx [Server Component]

  Client Component SSR:
    ./frontend/src/components/academic-years-admin/academic-year-tools-menu.tsx [Client Component SSR]
    ./frontend/src/components/academic-years-admin/admin-academic-years-page.tsx [Client Component SSR]
    ./frontend/src/app/dashboard/academic-years/page.tsx [Client Component SSR]
    ./frontend/src/app/dashboard/academic-years/page.tsx [Server Component]

https://nextjs.org/docs/messages/module-not-found


./frontend/src/components/batches-admin/batch-row-actions.tsx:5:1
Module not found: Can't resolve '@/features/modal/components/alert-modal'
  [90m3 |[0m [36mimport[0m { useState } [36mfrom[0m [32m'react'[0m;
  [90m4 |[0m [36mimport[0m { [33mIcons[0m } [36mfrom[0m [32m'@/components/icons'[0m;
[31m[1m>[0m [90m5 |[0m [36mimport[0m { [33mAlertModal[0m } [36mfrom[0m 
[32m'@/features/modal/components/alert-modal'[0m;
  [90m  |[0m [31m[1m^^^^^^^^^^^^^^^^^^^^^^^^^^^^^^^^^^^^^^^^^^^^^^^^^^^^^^^^^^^^^^^^^^^^^[0m
  [90m6 |[0m [36mimport[0m { [33mButton[0m } [36mfrom[0m [32m'@/features/ui/components/button'[0m;
  [90m7 |[0m [36mimport[0m {
  [90m8 |[0m   [33mDropdownMenu[0m,

Import map: aliased to relative './src/features/modal/components/alert-modal' inside of [project]/frontend


Import traces:
  Client Component Browser:
    ./frontend/src/components/batches-admin/batch-row-actions.tsx [Client Component Browser]
    ./frontend/src/components/batches-admin/batch-table-row.tsx [Client Component Browser]
    ./frontend/src/components/batches-admin/batches-admin-table.tsx [Client Component Browser]
    ./frontend/src/components/batches-admin/batches-sections-tabs.tsx [Client Component Browser]
    ./frontend/src/components/batches-admin/admin-batches-page.tsx [Client Component Browser]
    ./frontend/src/app/dashboard/batches/page.tsx [Client Component Browser]
    ./frontend/src/app/dashboard/batches/page.tsx [Server Component]

  Client Component SSR:
    ./frontend/src/components/batches-admin/batch-row-actions.tsx [Client Component SSR]
    ./frontend/src/components/batches-admin/batch-table-row.tsx [Client Component SSR]
    ./frontend/src/components/batches-admin/batches-admin-table.tsx [Client Component SSR]
    ./frontend/src/components/batches-admin/batches-sections-tabs.tsx [Client Component SSR]
    ./frontend/src/components/batches-admin/admin-batches-page.tsx [Client Component SSR]
    ./frontend/src/app/dashboard/batches/page.tsx [Client Component SSR]
    ./frontend/src/app/dashboard/batches/page.tsx [Server Component]

https://nextjs.org/docs/messages/module-not-found


./frontend/src/components/batches-admin/batch-sections-dialog.tsx:5:1
Module not found: Can't resolve '@/features/modal/components/alert-modal'
  [90m3 |[0m [36mimport[0m { useState } [36mfrom[0m [32m'react'[0m;
  [90m4 |[0m [36mimport[0m { [33mLayers[0m } [36mfrom[0m [32m'lucide-react'[0m;
[31m[1m>[0m [90m5 |[0m [36mimport[0m { [33mAlertModal[0m } [36mfrom[0m 
[32m'@/features/modal/components/alert-modal'[0m;
  [90m  |[0m [31m[1m^^^^^^^^^^^^^^^^^^^^^^^^^^^^^^^^^^^^^^^^^^^^^^^^^^^^^^^^^^^^^^^^^^^^^[0m
  [90m6 |[0m [36mimport[0m { [33mButton[0m } [36mfrom[0m [32m'@/features/ui/components/button'[0m;
  [90m7 |[0m [36mimport[0m {
  [90m8 |[0m   [33mDialog[0m,

Import map: aliased to relative './src/features/modal/components/alert-modal' inside of [project]/frontend


Import traces:
  Client Component Browser:
    ./frontend/src/components/batches-admin/batch-sections-dialog.tsx [Client Component Browser]
    ./frontend/src/components/batches-admin/batch-row-actions.tsx [Client Component Browser]
    ./frontend/src/components/batches-admin/batch-table-row.tsx [Client Component Browser]
    ./frontend/src/components/batches-admin/batches-admin-table.tsx [Client Component Browser]
    ./frontend/src/components/batches-admin/batches-sections-tabs.tsx [Client Component Browser]
    ./frontend/src/components/batches-admin/admin-batches-page.tsx [Client Component Browser]
    ./frontend/src/app/dashboard/batches/page.tsx [Client Component Browser]
    ./frontend/src/app/dashboard/batches/page.tsx [Server Component]

  Client Component SSR:
    ./frontend/src/components/batches-admin/batch-sections-dialog.tsx [Client Component SSR]
    ./frontend/src/components/batches-admin/batch-row-actions.tsx [Client Component SSR]
    ./frontend/src/components/batches-admin/batch-table-row.tsx [Client Component SSR]
    ./frontend/src/components/batches-admin/batches-admin-table.tsx [Client Component SSR]
    ./frontend/src/components/batches-admin/batches-sections-tabs.tsx [Client Component SSR]
    ./frontend/src/components/batches-admin/admin-batches-page.tsx [Client Component SSR]
    ./frontend/src/app/dashboard/batches/page.tsx [Client Component SSR]
    ./frontend/src/app/dashboard/batches/page.tsx [Server Component]

https://nextjs.org/docs/messages/module-not-found


./frontend/src/components/batches-admin/section-row-actions.tsx:5:1
Module not found: Can't resolve '@/features/modal/components/alert-modal'
  [90m3 |[0m [36mimport[0m { useState } [36mfrom[0m [32m'react'[0m;
  [90m4 |[0m [36mimport[0m { [33mIcons[0m } [36mfrom[0m [32m'@/components/icons'[0m;
[31m[1m>[0m [90m5 |[0m [36mimport[0m { [33mAlertModal[0m } [36mfrom[0m 
[32m'@/features/modal/components/alert-modal'[0m;
  [90m  |[0m [31m[1m^^^^^^^^^^^^^^^^^^^^^^^^^^^^^^^^^^^^^^^^^^^^^^^^^^^^^^^^^^^^^^^^^^^^^[0m
  [90m6 |[0m [36mimport[0m { [33mButton[0m } [36mfrom[0m [32m'@/features/ui/components/button'[0m;
  [90m7 |[0m [36mimport[0m {
  [90m8 |[0m   [33mDropdownMenu[0m,

Import map: aliased to relative './src/features/modal/components/alert-modal' inside of [project]/frontend


Import traces:
  Client Component Browser:
    ./frontend/src/components/batches-admin/section-row-actions.tsx [Client Component Browser]
    ./frontend/src/components/batches-admin/sections-admin-table.tsx [Client Component Browser]
    ./frontend/src/components/batches-admin/batches-sections-tabs.tsx [Client Component Browser]
    ./frontend/src/components/batches-admin/admin-batches-page.tsx [Client Component Browser]
    ./frontend/src/app/dashboard/batches/page.tsx [Client Component Browser]
    ./frontend/src/app/dashboard/batches/page.tsx [Server Component]

  Client Component SSR:
    ./frontend/src/components/batches-admin/section-row-actions.tsx [Client Component SSR]
    ./frontend/src/components/batches-admin/sections-admin-table.tsx [Client Component SSR]
    ./frontend/src/components/batches-admin/batches-sections-tabs.tsx [Client Component SSR]
    ./frontend/src/components/batches-admin/admin-batches-page.tsx [Client Component SSR]
    ./frontend/src/app/dashboard/batches/page.tsx [Client Component SSR]
    ./frontend/src/app/dashboard/batches/page.tsx [Server Component]

https://nextjs.org/docs/messages/module-not-found


./frontend/src/components/departments/department-row-actions.tsx:5:1
Module not found: Can't resolve '@/features/modal/components/alert-modal'
  [90m3 |[0m [36mimport[0m { useState } [36mfrom[0m [32m'react'[0m;
  [90m4 |[0m [36mimport[0m { [33mIcons[0m } [36mfrom[0m [32m'@/components/icons'[0m;
[31m[1m>[0m [90m5 |[0m [36mimport[0m { [33mAlertModal[0m } [36mfrom[0m 
[32m'@/features/modal/components/alert-modal'[0m;
  [90m  |[0m [31m[1m^^^^^^^^^^^^^^^^^^^^^^^^^^^^^^^^^^^^^^^^^^^^^^^^^^^^^^^^^^^^^^^^^^^^^[0m
  [90m6 |[0m [36mimport[0m { [33mButton[0m } [36mfrom[0m [32m'@/features/ui/components/button'[0m;
  [90m7 |[0m [36mimport[0m {
  [90m8 |[0m   [33mDropdownMenu[0m,

Import map: aliased to relative './src/features/modal/components/alert-modal' inside of [project]/frontend


Import traces:
  Client Component Browser:
    ./frontend/src/components/departments/department-row-actions.tsx [Client Component Browser]
    ./frontend/src/components/departments/department-table-row.tsx [Client Component Browser]
    ./frontend/src/components/departments/department-table.tsx [Client Component Browser]
    ./frontend/src/components/departments/department-listing.tsx [Client Component Browser]
    ./frontend/src/components/departments/department-listing.tsx [Server Component]
    ./frontend/src/app/dashboard/departments/page.tsx [Server Component]

  Client Component SSR:
    ./frontend/src/components/departments/department-row-actions.tsx [Client Component SSR]
    ./frontend/src/components/departments/department-table-row.tsx [Client Component SSR]
    ./frontend/src/components/departments/department-table.tsx [Client Component SSR]
    ./frontend/src/components/departments/department-listing.tsx [Client Component SSR]
    ./frontend/src/components/departments/department-listing.tsx [Server Component]
    ./frontend/src/app/dashboard/departments/page.tsx [Server Component]

https://nextjs.org/docs/messages/module-not-found


./frontend/src/components/faculties/faculty-row-actions.tsx:5:1
Module not found: Can't resolve '@/features/modal/components/alert-modal'
  [90m3 |[0m [36mimport[0m { useState } [36mfrom[0m [32m'react'[0m;
  [90m4 |[0m [36mimport[0m { [33mIcons[0m } [36mfrom[0m [32m'@/components/icons'[0m;
[31m[1m>[0m [90m5 |[0m [36mimport[0m { [33mAlertModal[0m } [36mfrom[0m 
[32m'@/features/modal/components/alert-modal'[0m;
  [90m  |[0m [31m[1m^^^^^^^^^^^^^^^^^^^^^^^^^^^^^^^^^^^^^^^^^^^^^^^^^^^^^^^^^^^^^^^^^^^^^[0m
  [90m6 |[0m [36mimport[0m { [33mButton[0m } [36mfrom[0m [32m'@/features/ui/components/button'[0m;
  [90m7 |[0m [36mimport[0m {
  [90m8 |[0m   [33mDropdownMenu[0m,

Import map: aliased to relative './src/features/modal/components/alert-modal' inside of [project]/frontend


Import traces:
  Client Component Browser:
    ./frontend/src/components/faculties/faculty-row-actions.tsx [Client Component Browser]
    ./frontend/src/components/faculties/faculty-table-row.tsx [Client Component Browser]
    ./frontend/src/components/faculties/faculty-table.tsx [Client Component Browser]
    ./frontend/src/components/faculties/faculty-listing.tsx [Client Component Browser]
    ./frontend/src/components/faculties/faculty-listing.tsx [Server Component]
    ./frontend/src/app/dashboard/faculties/page.tsx [Server Component]

  Client Component SSR:
    ./frontend/src/components/faculties/faculty-row-actions.tsx [Client Component SSR]
    ./frontend/src/components/faculties/faculty-table-row.tsx [Client Component SSR]
    ./frontend/src/components/faculties/faculty-table.tsx [Client Component SSR]
    ./frontend/src/components/faculties/faculty-listing.tsx [Client Component SSR]
    ./frontend/src/components/faculties/faculty-listing.tsx [Server Component]
    ./frontend/src/app/dashboard/faculties/page.tsx [Server Component]

https://nextjs.org/docs/messages/module-not-found


./frontend/src/components/programs/program-row-actions.tsx:5:1
Module not found: Can't resolve '@/features/modal/components/alert-modal'
  [90m3 |[0m [36mimport[0m { useState } [36mfrom[0m [32m'react'[0m;
  [90m4 |[0m [36mimport[0m { [33mIcons[0m } [36mfrom[0m [32m'@/components/icons'[0m;
[31m[1m>[0m [90m5 |[0m [36mimport[0m { [33mAlertModal[0m } [36mfrom[0m 
[32m'@/features/modal/components/alert-modal'[0m;
  [90m  |[0m [31m[1m^^^^^^^^^^^^^^^^^^^^^^^^^^^^^^^^^^^^^^^^^^^^^^^^^^^^^^^^^^^^^^^^^^^^^[0m
  [90m6 |[0m [36mimport[0m { [33mButton[0m } [36mfrom[0m [32m'@/features/ui/components/button'[0m;
  [90m7 |[0m [36mimport[0m {
  [90m8 |[0m   [33mDropdownMenu[0m,

Import map: aliased to relative './src/features/modal/components/alert-modal' inside of [project]/frontend


Import traces:
  Client Component Browser:
    ./frontend/src/components/programs/program-row-actions.tsx [Client Component Browser]
    ./frontend/src/components/programs/program-table-row.tsx [Client Component Browser]
    ./frontend/src/components/programs/programs-table.tsx [Client Component Browser]
    ./frontend/src/components/programs/programs-listing.tsx [Client Component Browser]
    ./frontend/src/components/programs/programs-listing.tsx [Server Component]
    ./frontend/src/app/dashboard/programs/page.tsx [Server Component]

  Client Component SSR:
    ./frontend/src/components/programs/program-row-actions.tsx [Client Component SSR]
    ./frontend/src/components/programs/program-table-row.tsx [Client Component SSR]
    ./frontend/src/components/programs/programs-table.tsx [Client Component SSR]
    ./frontend/src/components/programs/programs-listing.tsx [Client Component SSR]
    ./frontend/src/components/programs/programs-listing.tsx [Server Component]
    ./frontend/src/app/dashboard/programs/page.tsx [Server Component]

https://nextjs.org/docs/messages/module-not-found


./frontend/src/lib/academic-years-admin/services/years-table-utils.ts:1:1
Module not found: Can't resolve '@/features/pos/components/download-csv'
[31m[1m>[0m [90m1 |[0m [36mimport[0m { downloadCsv } [36mfrom[0m 
[32m'@/features/pos/components/download-csv'[0m;
  [90m  |[0m [31m[1m^^^^^^^^^^^^^^^^^^^^^^^^^^^^^^^^^^^^^^^^^^^^^^^^^^^^^^^^^^^^^^^^^^^^^[0m
  [90m2 |[0m [36mimport[0m { exportTablePdf } [36mfrom[0m [32m'@/features/pos/components/export-pdf'[0m;
  [90m3 |[0m [36mimport[0m [36mtype[0m { [33mAdminAcademicYear[0m, [33mAdminSemesterRow[0m } [36mfrom[0m 
[32m'./index'[0m;
  [90m4 |[0m [36mimport[0m { formatDisplayDate } [36mfrom[0m [32m'./format-dates'[0m;

Import map: aliased to relative './src/features/pos/components/download-csv' inside of [project]/frontend


Import traces:
  Client Component Browser:
    ./frontend/src/lib/academic-years-admin/services/years-table-utils.ts [Client Component Browser]
    ./frontend/src/components/academic-years-admin/semesters-master-table.tsx [Client Component Browser]
    ./frontend/src/components/academic-years-admin/admin-academic-years-page.tsx [Client Component Browser]
    ./frontend/src/app/dashboard/academic-years/page.tsx [Client Component Browser]
    ./frontend/src/app/dashboard/academic-years/page.tsx [Server Component]

  Client Component SSR:
    ./frontend/src/lib/academic-years-admin/services/years-table-utils.ts [Client Component SSR]
    ./frontend/src/components/academic-years-admin/semesters-master-table.tsx [Client Component SSR]
    ./frontend/src/components/academic-years-admin/admin-academic-years-page.tsx [Client Component SSR]
    ./frontend/src/app/dashboard/academic-years/page.tsx [Client Component SSR]
    ./frontend/src/app/dashboard/academic-years/page.tsx [Server Component]

https://nextjs.org/docs/messages/module-not-found


./frontend/src/lib/departments/services/departments-table-utils.ts:1:1
Module not found: Can't resolve '@/features/pos/components/download-csv'
[31m[1m>[0m [90m1 |[0m [36mimport[0m { downloadCsv } [36mfrom[0m 
[32m'@/features/pos/components/download-csv'[0m;
  [90m  |[0m [31m[1m^^^^^^^^^^^^^^^^^^^^^^^^^^^^^^^^^^^^^^^^^^^^^^^^^^^^^^^^^^^^^^^^^^^^^[0m
  [90m2 |[0m [36mimport[0m { exportTablePdf } [36mfrom[0m [32m'@/features/pos/components/export-pdf'[0m;
  [90m3 |[0m [36mimport[0m [36mtype[0m { [33mDepartment[0m } [36mfrom[0m [32m'../types'[0m;
  [90m4 |[0m

Import map: aliased to relative './src/features/pos/components/download-csv' inside of [project]/frontend


Import traces:
  Client Component Browser:
    ./frontend/src/lib/departments/services/departments-table-utils.ts [Client Component Browser]
    ./frontend/src/components/departments/department-table.tsx [Client Component Browser]
    ./frontend/src/components/departments/department-listing.tsx [Client Component Browser]
    ./frontend/src/components/departments/department-listing.tsx [Server Component]
    ./frontend/src/app/dashboard/departments/page.tsx [Server Component]

  Client Component SSR:
    ./frontend/src/lib/departments/services/departments-table-utils.ts [Client Component SSR]
    ./frontend/src/components/departments/department-table.tsx [Client Component SSR]
    ./frontend/src/components/departments/department-listing.tsx [Client Component SSR]
    ./frontend/src/components/departments/department-listing.tsx [Server Component]
    ./frontend/src/app/dashboard/departments/page.tsx [Server Component]

https://nextjs.org/docs/messages/module-not-found


./frontend/src/lib/faculties/services/faculties-table-utils.ts:1:1
Module not found: Can't resolve '@/features/pos/components/download-csv'
[31m[1m>[0m [90m1 |[0m [36mimport[0m { downloadCsv } [36mfrom[0m 
[32m'@/features/pos/components/download-csv'[0m;
  [90m  |[0m [31m[1m^^^^^^^^^^^^^^^^^^^^^^^^^^^^^^^^^^^^^^^^^^^^^^^^^^^^^^^^^^^^^^^^^^^^^[0m
  [90m2 |[0m [36mimport[0m { exportTablePdf } [36mfrom[0m [32m'@/features/pos/components/export-pdf'[0m;
  [90m3 |[0m
  [90m4 |[0m [36mexport[0m [36mtype[0m [33mFacultyRow[0m = {

Import map: aliased to relative './src/features/pos/components/download-csv' inside of [project]/frontend


Import traces:
  Client Component Browser:
    ./frontend/src/lib/faculties/services/faculties-table-utils.ts [Client Component Browser]
    ./frontend/src/components/faculties/faculty-table.tsx [Client Component Browser]
    ./frontend/src/components/faculties/faculty-listing.tsx [Client Component Browser]
    ./frontend/src/components/faculties/faculty-listing.tsx [Server Component]
    ./frontend/src/app/dashboard/faculties/page.tsx [Server Component]

  Client Component SSR:
    ./frontend/src/lib/faculties/services/faculties-table-utils.ts [Client Component SSR]
    ./frontend/src/components/faculties/faculty-table.tsx [Client Component SSR]
    ./frontend/src/components/faculties/faculty-listing.tsx [Client Component SSR]
    ./frontend/src/components/faculties/faculty-listing.tsx [Server Component]
    ./frontend/src/app/dashboard/faculties/page.tsx [Server Component]

https://nextjs.org/docs/messages/module-not-found


./frontend/src/lib/offices/services/offices-table-utils.ts:1:1
Module not found: Can't resolve '@/features/pos/components/download-csv'
[31m[1m>[0m [90m1 |[0m [36mimport[0m { downloadCsv } [36mfrom[0m 
[32m'@/features/pos/components/download-csv'[0m;
  [90m  |[0m [31m[1m^^^^^^^^^^^^^^^^^^^^^^^^^^^^^^^^^^^^^^^^^^^^^^^^^^^^^^^^^^^^^^^^^^^^^[0m
  [90m2 |[0m [36mimport[0m { exportTablePdf } [36mfrom[0m [32m'@/features/pos/components/export-pdf'[0m;
  [90m3 |[0m [36mimport[0m [36mtype[0m { [33mSupportOffice[0m } [36mfrom[0m [32m'../types'[0m;
  [90m4 |[0m

Import map: aliased to relative './src/features/pos/components/download-csv' inside of [project]/frontend


Import traces:
  Client Component Browser:
    ./frontend/src/lib/offices/services/offices-table-utils.ts [Client Component Browser]
    ./frontend/src/lib/offices/services/index.ts [Client Component Browser]
    ./frontend/src/components/offices/office-thread-view.tsx [Client Component Browser]
    ./frontend/src/components/inbox/messages-office-pane.tsx [Client Component Browser]
    ./frontend/src/app/dashboard/messages/page.tsx [Client Component Browser]
    ./frontend/src/app/dashboard/messages/page.tsx [Server Component]

  Client Component SSR:
    ./frontend/src/lib/offices/services/offices-table-utils.ts [Client Component SSR]
    ./frontend/src/lib/offices/services/index.ts [Client Component SSR]
    ./frontend/src/components/offices/office-thread-view.tsx [Client Component SSR]
    ./frontend/src/components/inbox/messages-office-pane.tsx [Client Component SSR]
    ./frontend/src/app/dashboard/messages/page.tsx [Client Component SSR]
    ./frontend/src/app/dashboard/messages/page.tsx [Server Component]

https://nextjs.org/docs/messages/module-not-found


./frontend/src/lib/programs/services/programs-table-utils.ts:1:1
Module not found: Can't resolve '@/features/pos/components/download-csv'
[31m[1m>[0m [90m1 |[0m [36mimport[0m { downloadCsv } [36mfrom[0m 
[32m'@/features/pos/components/download-csv'[0m;
  [90m  |[0m [31m[1m^^^^^^^^^^^^^^^^^^^^^^^^^^^^^^^^^^^^^^^^^^^^^^^^^^^^^^^^^^^^^^^^^^^^^[0m
  [90m2 |[0m [36mimport[0m { exportTablePdf } [36mfrom[0m [32m'@/features/pos/components/export-pdf'[0m;
  [90m3 |[0m [36mimport[0m [36mtype[0m { [33mProgram[0m } [36mfrom[0m [32m'./index'[0m;
  [90m4 |[0m

Import map: aliased to relative './src/features/pos/components/download-csv' inside of [project]/frontend


Import traces:
  Client Component Browser:
    ./frontend/src/lib/programs/services/programs-table-utils.ts [Client Component Browser]
    ./frontend/src/components/programs/programs-table.tsx [Client Component Browser]
    ./frontend/src/components/programs/programs-listing.tsx [Client Component Browser]
    ./frontend/src/components/programs/programs-listing.tsx [Server Component]
    ./frontend/src/app/dashboard/programs/page.tsx [Server Component]

  Client Component SSR:
    ./frontend/src/lib/programs/services/programs-table-utils.ts [Client Component SSR]
    ./frontend/src/components/programs/programs-table.tsx [Client Component SSR]
    ./frontend/src/components/programs/programs-listing.tsx [Client Component SSR]
    ./frontend/src/components/programs/programs-listing.tsx [Server Component]
    ./frontend/src/app/dashboard/programs/page.tsx [Server Component]

https://nextjs.org/docs/messages/module-not-found


./frontend/src/lib/roles/services/roles-table-utils.ts:1:1
Module not found: Can't resolve '@/features/pos/components/download-csv'
[31m[1m>[0m [90m1 |[0m [36mimport[0m { downloadCsv } [36mfrom[0m 
[32m'@/features/pos/components/download-csv'[0m;
  [90m  |[0m [31m[1m^^^^^^^^^^^^^^^^^^^^^^^^^^^^^^^^^^^^^^^^^^^^^^^^^^^^^^^^^^^^^^^^^^^^^[0m
  [90m2 |[0m [36mimport[0m { exportTablePdf } [36mfrom[0m [32m'@/features/pos/components/export-pdf'[0m;
  [90m3 |[0m [36mimport[0m [36mtype[0m { [33mPlatformRole[0m } [36mfrom[0m [32m'../types'[0m;
  [90m4 |[0m

Import map: aliased to relative './src/features/pos/components/download-csv' inside of [project]/frontend


Import traces:
  Client Component Browser:
    ./frontend/src/lib/roles/services/roles-table-utils.ts [Client Component Browser]
    ./frontend/src/components/roles/roles-admin-table.tsx [Client Component Browser]
    ./frontend/src/components/roles/roles-admin-page.tsx [Client Component Browser]
    ./frontend/src/components/roles/roles-admin-page.tsx [Server Component]
    ./frontend/src/app/dashboard/admin/roles/page.tsx [Server Component]

  Client Component SSR:
    ./frontend/src/lib/roles/services/roles-table-utils.ts [Client Component SSR]
    ./frontend/src/components/roles/roles-admin-table.tsx [Client Component SSR]
    ./frontend/src/components/roles/roles-admin-page.tsx [Client Component SSR]
    ./frontend/src/components/roles/roles-admin-page.tsx [Server Component]
    ./frontend/src/app/dashboard/admin/roles/page.tsx [Server Component]

https://nextjs.org/docs/messages/module-not-found


./frontend/src/lib/users/services/users-table-utils.ts:2:1
Module not found: Can't resolve '@/features/pos/components/download-csv'
  [90m1 |[0m [36mimport[0m [36mtype[0m { [33mUser[0m } [36mfrom[0m [32m'../types'[0m;
[31m[1m>[0m [90m2 |[0m [36mimport[0m { downloadCsv } [36mfrom[0m 
[32m'@/features/pos/components/download-csv'[0m;
  [90m  |[0m [31m[1m^^^^^^^^^^^^^^^^^^^^^^^^^^^^^^^^^^^^^^^^^^^^^^^^^^^^^^^^^^^^^^^^^^^^^[0m
  [90m3 |[0m [36mimport[0m { exportTablePdf } [36mfrom[0m [32m'@/features/pos/components/export-pdf'[0m;
  [90m4 |[0m
  [90m5 |[0m [36mexport[0m [36mconst[0m [33mUSER_ALL_COLS[0m = [[32m'id'[0m, [32m'name'[0m, 
[32m'number'[0m, [32m'role'[0m, [32m'status'[0m] [36mas[0m [36mconst[0m;

Import map: aliased to relative './src/features/pos/components/download-csv' inside of [project]/frontend


Import traces:
  Client Component Browser:
    ./frontend/src/lib/users/services/users-table-utils.ts [Client Component Browser]
    ./frontend/src/lib/users/services/index.ts [Client Component Browser]
    ./frontend/src/lib/users/queries/index.ts [Client Component Browser]
    ./frontend/src/components/offices/admin/office-staff-add.tsx [Client Component Browser]
    ./frontend/src/components/offices/admin/office-staff-sheet.tsx [Client Component Browser]
    ./frontend/src/components/offices/admin/offices-admin-page.tsx [Client Component Browser]
    ./frontend/src/components/offices/admin/offices-admin-page.tsx [Server Component]
    ./frontend/src/app/dashboard/admin/offices/page.tsx [Server Component]

  Client Component SSR:
    ./frontend/src/lib/users/services/users-table-utils.ts [Client Component SSR]
    ./frontend/src/lib/users/services/index.ts [Client Component SSR]
    ./frontend/src/lib/users/queries/index.ts [Client Component SSR]
    ./frontend/src/components/offices/admin/office-staff-add.tsx [Client Component SSR]
    ./frontend/src/components/offices/admin/office-staff-sheet.tsx [Client Component SSR]
    ./frontend/src/components/offices/admin/offices-admin-page.tsx [Client Component SSR]
    ./frontend/src/components/offices/admin/offices-admin-page.tsx [Server Component]
    ./frontend/src/app/dashboard/admin/offices/page.tsx [Server Component]

https://nextjs.org/docs/messages/module-not-found


./frontend/src/lib/academic-years-admin/services/years-table-utils.ts:2:1
Module not found: Can't resolve '@/features/pos/components/export-pdf'
  [90m1 |[0m [36mimport[0m { downloadCsv } [36mfrom[0m [32m'@/features/pos/components/download-csv'[0m;
[31m[1m>[0m [90m2 |[0m [36mimport[0m { exportTablePdf } [36mfrom[0m 
[32m'@/features/pos/components/export-pdf'[0m;
  [90m  |[0m [31m[1m^^^^^^^^^^^^^^^^^^^^^^^^^^^^^^^^^^^^^^^^^^^^^^^^^^^^^^^^^^^^^^^^^^^^^^[0m
  [90m3 |[0m [36mimport[0m [36mtype[0m { [33mAdminAcademicYear[0m, [33mAdminSemesterRow[0m } [36mfrom[0m 
[32m'./index'[0m;
  [90m4 |[0m [36mimport[0m { formatDisplayDate } [36mfrom[0m [32m'./format-dates'[0m;
  [90m5 |[0m

Import map: aliased to relative './src/features/pos/components/export-pdf' inside of [project]/frontend


Import traces:
  Client Component Browser:
    ./frontend/src/lib/academic-years-admin/services/years-table-utils.ts [Client Component Browser]
    ./frontend/src/components/academic-years-admin/semesters-master-table.tsx [Client Component Browser]
    ./frontend/src/components/academic-years-admin/admin-academic-years-page.tsx [Client Component Browser]
    ./frontend/src/app/dashboard/academic-years/page.tsx [Client Component Browser]
    ./frontend/src/app/dashboard/academic-years/page.tsx [Server Component]

  Client Component SSR:
    ./frontend/src/lib/academic-years-admin/services/years-table-utils.ts [Client Component SSR]
    ./frontend/src/components/academic-years-admin/semesters-master-table.tsx [Client Component SSR]
    ./frontend/src/components/academic-years-admin/admin-academic-years-page.tsx [Client Component SSR]
    ./frontend/src/app/dashboard/academic-years/page.tsx [Client Component SSR]
    ./frontend/src/app/dashboard/academic-years/page.tsx [Server Component]

https://nextjs.org/docs/messages/module-not-found


./frontend/src/lib/batches-admin/services/batches-table-utils.ts:1:1
Module not found: Can't resolve '@/features/pos/components/export-pdf'
[31m[1m>[0m [90m1 |[0m [36mimport[0m { exportTablePdf } [36mfrom[0m 
[32m'@/features/pos/components/export-pdf'[0m;
  [90m  |[0m [31m[1m^^^^^^^^^^^^^^^^^^^^^^^^^^^^^^^^^^^^^^^^^^^^^^^^^^^^^^^^^^^^^^^^^^^^^^[0m
  [90m2 |[0m [36mimport[0m [36mtype[0m { [33mAdminBatch[0m } [36mfrom[0m [32m'./index'[0m;
  [90m3 |[0m
  [90m4 |[0m [36mexport[0m [36mconst[0m [33mBATCH_COLUMN_OPTS[0m = [

Import map: aliased to relative './src/features/pos/components/export-pdf' inside of [project]/frontend


Import traces:
  Client Component Browser:
    ./frontend/src/lib/batches-admin/services/batches-table-utils.ts [Client Component Browser]
    ./frontend/src/components/batches-admin/batches-admin-table.tsx [Client Component Browser]
    ./frontend/src/components/batches-admin/batches-sections-tabs.tsx [Client Component Browser]
    ./frontend/src/components/batches-admin/admin-batches-page.tsx [Client Component Browser]
    ./frontend/src/app/dashboard/batches/page.tsx [Client Component Browser]
    ./frontend/src/app/dashboard/batches/page.tsx [Server Component]

  Client Component SSR:
    ./frontend/src/lib/batches-admin/services/batches-table-utils.ts [Client Component SSR]
    ./frontend/src/components/batches-admin/batches-admin-table.tsx [Client Component SSR]
    ./frontend/src/components/batches-admin/batches-sections-tabs.tsx [Client Component SSR]
    ./frontend/src/components/batches-admin/admin-batches-page.tsx [Client Component SSR]
    ./frontend/src/app/dashboard/batches/page.tsx [Client Component SSR]
    ./frontend/src/app/dashboard/batches/page.tsx [Server Component]

https://nextjs.org/docs/messages/module-not-found


./frontend/src/lib/batches-admin/services/sections-table-utils.ts:1:1
Module not found: Can't resolve '@/features/pos/components/export-pdf'
[31m[1m>[0m [90m1 |[0m [36mimport[0m { exportTablePdf } [36mfrom[0m 
[32m'@/features/pos/components/export-pdf'[0m;
  [90m  |[0m [31m[1m^^^^^^^^^^^^^^^^^^^^^^^^^^^^^^^^^^^^^^^^^^^^^^^^^^^^^^^^^^^^^^^^^^^^^^[0m
  [90m2 |[0m [36mimport[0m [36mtype[0m { [33mBatchSection[0m } [36mfrom[0m [32m'./index'[0m;
  [90m3 |[0m
  [90m4 |[0m [36mexport[0m [36mconst[0m [33mSECTION_COLUMN_OPTS[0m = [

Import map: aliased to relative './src/features/pos/components/export-pdf' inside of [project]/frontend


Import traces:
  Client Component Browser:
    ./frontend/src/lib/batches-admin/services/sections-table-utils.ts [Client Component Browser]
    ./frontend/src/components/batches-admin/sections-admin-table.tsx [Client Component Browser]
    ./frontend/src/components/batches-admin/batches-sections-tabs.tsx [Client Component Browser]
    ./frontend/src/components/batches-admin/admin-batches-page.tsx [Client Component Browser]
    ./frontend/src/app/dashboard/batches/page.tsx [Client Component Browser]
    ./frontend/src/app/dashboard/batches/page.tsx [Server Component]

  Client Component SSR:
    ./frontend/src/lib/batches-admin/services/sections-table-utils.ts [Client Component SSR]
    ./frontend/src/components/batches-admin/sections-admin-table.tsx [Client Component SSR]
    ./frontend/src/components/batches-admin/batches-sections-tabs.tsx [Client Component SSR]
    ./frontend/src/components/batches-admin/admin-batches-page.tsx [Client Component SSR]
    ./frontend/src/app/dashboard/batches/page.tsx [Client Component SSR]
    ./frontend/src/app/dashboard/batches/page.tsx [Server Component]

https://nextjs.org/docs/messages/module-not-found


./frontend/src/lib/departments/services/departments-table-utils.ts:2:1
Module not found: Can't resolve '@/features/pos/components/export-pdf'
  [90m1 |[0m [36mimport[0m { downloadCsv } [36mfrom[0m [32m'@/features/pos/components/download-csv'[0m;
[31m[1m>[0m [90m2 |[0m [36mimport[0m { exportTablePdf } [36mfrom[0m 
[32m'@/features/pos/components/export-pdf'[0m;
  [90m  |[0m [31m[1m^^^^^^^^^^^^^^^^^^^^^^^^^^^^^^^^^^^^^^^^^^^^^^^^^^^^^^^^^^^^^^^^^^^^^^[0m
  [90m3 |[0m [36mimport[0m [36mtype[0m { [33mDepartment[0m } [36mfrom[0m [32m'../types'[0m;
  [90m4 |[0m
  [90m5 |[0m [36mexport[0m [36mconst[0m [33mDEPT_COLUMN_OPTS[0m = [

Import map: aliased to relative './src/features/pos/components/export-pdf' inside of [project]/frontend


Import traces:
  Client Component Browser:
    ./frontend/src/lib/departments/services/departments-table-utils.ts [Client Component Browser]
    ./frontend/src/components/departments/department-table.tsx [Client Component Browser]
    ./frontend/src/components/departments/department-listing.tsx [Client Component Browser]
    ./frontend/src/components/departments/department-listing.tsx [Server Component]
    ./frontend/src/app/dashboard/departments/page.tsx [Server Component]

  Client Component SSR:
    ./frontend/src/lib/departments/services/departments-table-utils.ts [Client Component SSR]
    ./frontend/src/components/departments/department-table.tsx [Client Component SSR]
    ./frontend/src/components/departments/department-listing.tsx [Client Component SSR]
    ./frontend/src/components/departments/department-listing.tsx [Server Component]
    ./frontend/src/app/dashboard/departments/page.tsx [Server Component]

https://nextjs.org/docs/messages/module-not-found


./frontend/src/lib/faculties/services/faculties-table-utils.ts:2:1
Module not found: Can't resolve '@/features/pos/components/export-pdf'
  [90m1 |[0m [36mimport[0m { downloadCsv } [36mfrom[0m [32m'@/features/pos/components/download-csv'[0m;
[31m[1m>[0m [90m2 |[0m [36mimport[0m { exportTablePdf } [36mfrom[0m 
[32m'@/features/pos/components/export-pdf'[0m;
  [90m  |[0m [31m[1m^^^^^^^^^^^^^^^^^^^^^^^^^^^^^^^^^^^^^^^^^^^^^^^^^^^^^^^^^^^^^^^^^^^^^^[0m
  [90m3 |[0m
  [90m4 |[0m [36mexport[0m [36mtype[0m [33mFacultyRow[0m = {
  [90m5 |[0m   id: number;

Import map: aliased to relative './src/features/pos/components/export-pdf' inside of [project]/frontend


Import traces:
  Client Component Browser:
    ./frontend/src/lib/faculties/services/faculties-table-utils.ts [Client Component Browser]
    ./frontend/src/components/faculties/faculty-table.tsx [Client Component Browser]
    ./frontend/src/components/faculties/faculty-listing.tsx [Client Component Browser]
    ./frontend/src/components/faculties/faculty-listing.tsx [Server Component]
    ./frontend/src/app/dashboard/faculties/page.tsx [Server Component]

  Client Component SSR:
    ./frontend/src/lib/faculties/services/faculties-table-utils.ts [Client Component SSR]
    ./frontend/src/components/faculties/faculty-table.tsx [Client Component SSR]
    ./frontend/src/components/faculties/faculty-listing.tsx [Client Component SSR]
    ./frontend/src/components/faculties/faculty-listing.tsx [Server Component]
    ./frontend/src/app/dashboard/faculties/page.tsx [Server Component]

https://nextjs.org/docs/messages/module-not-found


./frontend/src/lib/offices/services/offices-table-utils.ts:2:1
Module not found: Can't resolve '@/features/pos/components/export-pdf'
  [90m1 |[0m [36mimport[0m { downloadCsv } [36mfrom[0m [32m'@/features/pos/components/download-csv'[0m;
[31m[1m>[0m [90m2 |[0m [36mimport[0m { exportTablePdf } [36mfrom[0m 
[32m'@/features/pos/components/export-pdf'[0m;
  [90m  |[0m [31m[1m^^^^^^^^^^^^^^^^^^^^^^^^^^^^^^^^^^^^^^^^^^^^^^^^^^^^^^^^^^^^^^^^^^^^^^[0m
  [90m3 |[0m [36mimport[0m [36mtype[0m { [33mSupportOffice[0m } [36mfrom[0m [32m'../types'[0m;
  [90m4 |[0m
  [90m5 |[0m [36mexport[0m [36mconst[0m [33mOFFICE_COLUMN_OPTS[0m = [

Import map: aliased to relative './src/features/pos/components/export-pdf' inside of [project]/frontend


Import traces:
  Client Component Browser:
    ./frontend/src/lib/offices/services/offices-table-utils.ts [Client Component Browser]
    ./frontend/src/lib/offices/services/index.ts [Client Component Browser]
    ./frontend/src/components/offices/office-thread-view.tsx [Client Component Browser]
    ./frontend/src/components/inbox/messages-office-pane.tsx [Client Component Browser]
    ./frontend/src/app/dashboard/messages/page.tsx [Client Component Browser]
    ./frontend/src/app/dashboard/messages/page.tsx [Server Component]

  Client Component SSR:
    ./frontend/src/lib/offices/services/offices-table-utils.ts [Client Component SSR]
    ./frontend/src/lib/offices/services/index.ts [Client Component SSR]
    ./frontend/src/components/offices/office-thread-view.tsx [Client Component SSR]
    ./frontend/src/components/inbox/messages-office-pane.tsx [Client Component SSR]
    ./frontend/src/app/dashboard/messages/page.tsx [Client Component SSR]
    ./frontend/src/app/dashboard/messages/page.tsx [Server Component]

https://nextjs.org/docs/messages/module-not-found


./frontend/src/lib/programs/services/programs-table-utils.ts:2:1
Module not found: Can't resolve '@/features/pos/components/export-pdf'
  [90m1 |[0m [36mimport[0m { downloadCsv } [36mfrom[0m [32m'@/features/pos/components/download-csv'[0m;
[31m[1m>[0m [90m2 |[0m [36mimport[0m { exportTablePdf } [36mfrom[0m 
[32m'@/features/pos/components/export-pdf'[0m;
  [90m  |[0m [31m[1m^^^^^^^^^^^^^^^^^^^^^^^^^^^^^^^^^^^^^^^^^^^^^^^^^^^^^^^^^^^^^^^^^^^^^^[0m
  [90m3 |[0m [36mimport[0m [36mtype[0m { [33mProgram[0m } [36mfrom[0m [32m'./index'[0m;
  [90m4 |[0m
  [90m5 |[0m [36mexport[0m [36mconst[0m [33mPROGRAM_COLUMN_OPTS[0m = [

Import map: aliased to relative './src/features/pos/components/export-pdf' inside of [project]/frontend


Import traces:
  Client Component Browser:
    ./frontend/src/lib/programs/services/programs-table-utils.ts [Client Component Browser]
    ./frontend/src/components/programs/programs-table.tsx [Client Component Browser]
    ./frontend/src/components/programs/programs-listing.tsx [Client Component Browser]
    ./frontend/src/components/programs/programs-listing.tsx [Server Component]
    ./frontend/src/app/dashboard/programs/page.tsx [Server Component]

  Client Component SSR:
    ./frontend/src/lib/programs/services/programs-table-utils.ts [Client Component SSR]
    ./frontend/src/components/programs/programs-table.tsx [Client Component SSR]
    ./frontend/src/components/programs/programs-listing.tsx [Client Component SSR]
    ./frontend/src/components/programs/programs-listing.tsx [Server Component]
    ./frontend/src/app/dashboard/programs/page.tsx [Server Component]

https://nextjs.org/docs/messages/module-not-found


./frontend/src/lib/roles/services/roles-table-utils.ts:2:1
Module not found: Can't resolve '@/features/pos/components/export-pdf'
  [90m1 |[0m [36mimport[0m { downloadCsv } [36mfrom[0m [32m'@/features/pos/components/download-csv'[0m;
[31m[1m>[0m [90m2 |[0m [36mimport[0m { exportTablePdf } [36mfrom[0m 
[32m'@/features/pos/components/export-pdf'[0m;
  [90m  |[0m [31m[1m^^^^^^^^^^^^^^^^^^^^^^^^^^^^^^^^^^^^^^^^^^^^^^^^^^^^^^^^^^^^^^^^^^^^^^[0m
  [90m3 |[0m [36mimport[0m [36mtype[0m { [33mPlatformRole[0m } [36mfrom[0m [32m'../types'[0m;
  [90m4 |[0m
  [90m5 |[0m [36mexport[0m [36mconst[0m [33mROLE_COLUMN_OPTS[0m = [

Import map: aliased to relative './src/features/pos/components/export-pdf' inside of [project]/frontend


Import traces:
  Client Component Browser:
    ./frontend/src/lib/roles/services/roles-table-utils.ts [Client Component Browser]
    ./frontend/src/components/roles/roles-admin-table.tsx [Client Component Browser]
    ./frontend/src/components/roles/roles-admin-page.tsx [Client Component Browser]
    ./frontend/src/components/roles/roles-admin-page.tsx [Server Component]
    ./frontend/src/app/dashboard/admin/roles/page.tsx [Server Component]

  Client Component SSR:
    ./frontend/src/lib/roles/services/roles-table-utils.ts [Client Component SSR]
    ./frontend/src/components/roles/roles-admin-table.tsx [Client Component SSR]
    ./frontend/src/components/roles/roles-admin-page.tsx [Client Component SSR]
    ./frontend/src/components/roles/roles-admin-page.tsx [Server Component]
    ./frontend/src/app/dashboard/admin/roles/page.tsx [Server Component]

https://nextjs.org/docs/messages/module-not-found


./frontend/src/lib/users/services/users-table-utils.ts:3:1
Module not found: Can't resolve '@/features/pos/components/export-pdf'
  [90m1 |[0m [36mimport[0m [36mtype[0m { [33mUser[0m } [36mfrom[0m [32m'../types'[0m;
  [90m2 |[0m [36mimport[0m { downloadCsv } [36mfrom[0m [32m'@/features/pos/components/download-csv'[0m;
[31m[1m>[0m [90m3 |[0m [36mimport[0m { exportTablePdf } [36mfrom[0m 
[32m'@/features/pos/components/export-pdf'[0m;
  [90m  |[0m [31m[1m^^^^^^^^^^^^^^^^^^^^^^^^^^^^^^^^^^^^^^^^^^^^^^^^^^^^^^^^^^^^^^^^^^^^^^[0m
  [90m4 |[0m
  [90m5 |[0m [36mexport[0m [36mconst[0m [33mUSER_ALL_COLS[0m = [[32m'id'[0m, [32m'name'[0m, 
[32m'number'[0m, [32m'role'[0m, [32m'status'[0m] [36mas[0m [36mconst[0m;
  [90m6 |[0m

Import map: aliased to relative './src/features/pos/components/export-pdf' inside of [project]/frontend


Import traces:
  Client Component Browser:
    ./frontend/src/lib/users/services/users-table-utils.ts [Client Component Browser]
    ./frontend/src/lib/users/services/index.ts [Client Component Browser]
    ./frontend/src/lib/users/queries/index.ts [Client Component Browser]
    ./frontend/src/components/offices/admin/office-staff-add.tsx [Client Component Browser]
    ./frontend/src/components/offices/admin/office-staff-sheet.tsx [Client Component Browser]
    ./frontend/src/components/offices/admin/offices-admin-page.tsx [Client Component Browser]
    ./frontend/src/components/offices/admin/offices-admin-page.tsx [Server Component]
    ./frontend/src/app/dashboard/admin/offices/page.tsx [Server Component]

  Client Component SSR:
    ./frontend/src/lib/users/services/users-table-utils.ts [Client Component SSR]
    ./frontend/src/lib/users/services/index.ts [Client Component SSR]
    ./frontend/src/lib/users/queries/index.ts [Client Component SSR]
    ./frontend/src/components/offices/admin/office-staff-add.tsx [Client Component SSR]
    ./frontend/src/components/offices/admin/office-staff-sheet.tsx [Client Component SSR]
    ./frontend/src/components/offices/admin/offices-admin-page.tsx [Client Component SSR]
    ./frontend/src/components/offices/admin/offices-admin-page.tsx [Server Component]
    ./frontend/src/app/dashboard/admin/offices/page.tsx [Server Component]

https://nextjs.org/docs/messages/module-not-found


./frontend/src/components/academic-years-admin/academic-year-form-sheet.tsx:4:1
Module not found: Can't resolve '@/features/pos/components/pos-form-modal'
  [90m2 |[0m
  [90m3 |[0m [36mimport[0m { useEffect, useState, [36mtype[0m [33mFormEvent[0m } [36mfrom[0m 
[32m'react'[0m;
[31m[1m>[0m [90m4 |[0m [36mimport[0m { [33mPosFormModal[0m } [36mfrom[0m 
[32m'@/features/pos/components/pos-form-modal'[0m;
  [90m  |[0m [31m[1m^^^^^^^^^^^^^^^^^^^^^^^^^^^^^^^^^^^^^^^^^^^^^^^^^^^^^^^^^^^^^^^^^^^^^^^^[0m
  [90m5 |[0m [36mimport[0m { [33mInput[0m } [36mfrom[0m [32m'@/features/ui/components/input'[0m;
  [90m6 |[0m [36mimport[0m { [33mLabel[0m } [36mfrom[0m [32m'@/features/ui/components/label'[0m;
  [90m7 |[0m [36mimport[0m { useMutation, useQuery, useQueryClient } [36mfrom[0m [32m'@/lib/async-query'[0m;

Import map: aliased to relative './src/features/pos/components/pos-form-modal' inside of [project]/frontend


Import traces:
  Client Component Browser:
    ./frontend/src/components/academic-years-admin/academic-year-form-sheet.tsx [Client Component Browser]
    ./frontend/src/components/academic-years-admin/admin-academic-years-page.tsx [Client Component Browser]
    ./frontend/src/app/dashboard/academic-years/page.tsx [Client Component Browser]
    ./frontend/src/app/dashboard/academic-years/page.tsx [Server Component]

  Client Component SSR:
    ./frontend/src/components/academic-years-admin/academic-year-form-sheet.tsx [Client Component SSR]
    ./frontend/src/components/academic-years-admin/admin-academic-years-page.tsx [Client Component SSR]
    ./frontend/src/app/dashboard/academic-years/page.tsx [Client Component SSR]
    ./frontend/src/app/dashboard/academic-years/page.tsx [Server Component]

https://nextjs.org/docs/messages/module-not-found


./frontend/src/components/academic-years-admin/semester-form-sheet.tsx:4:1
Module not found: Can't resolve '@/features/pos/components/pos-form-modal'
  [90m2 |[0m
  [90m3 |[0m [36mimport[0m { useEffect, useState, [36mtype[0m [33mFormEvent[0m } [36mfrom[0m 
[32m'react'[0m;
[31m[1m>[0m [90m4 |[0m [36mimport[0m { [33mPosFormModal[0m } [36mfrom[0m 
[32m'@/features/pos/components/pos-form-modal'[0m;
  [90m  |[0m [31m[1m^^^^^^^^^^^^^^^^^^^^^^^^^^^^^^^^^^^^^^^^^^^^^^^^^^^^^^^^^^^^^^^^^^^^^^^^[0m
  [90m5 |[0m [36mimport[0m { [33mInput[0m } [36mfrom[0m [32m'@/features/ui/components/input'[0m;
  [90m6 |[0m [36mimport[0m { [33mLabel[0m } [36mfrom[0m [32m'@/features/ui/components/label'[0m;
  [90m7 |[0m [36mimport[0m { useMutation, useQueryClient } [36mfrom[0m [32m'@/lib/async-query'[0m;

Import map: aliased to relative './src/features/pos/components/pos-form-modal' inside of [project]/frontend


Import traces:
  Client Component Browser:
    ./frontend/src/components/academic-years-admin/semester-form-sheet.tsx [Client Component Browser]
    ./frontend/src/components/academic-years-admin/academic-year-row-actions.tsx [Client Component Browser]
    ./frontend/src/components/academic-years-admin/academic-year-table-row.tsx [Client Component Browser]
    ./frontend/src/components/academic-years-admin/academic-years-table.tsx [Client Component Browser]
    ./frontend/src/components/academic-years-admin/admin-academic-years-page.tsx [Client Component Browser]
    ./frontend/src/app/dashboard/academic-years/page.tsx [Client Component Browser]
    ./frontend/src/app/dashboard/academic-years/page.tsx [Server Component]

  Client Component SSR:
    ./frontend/src/components/academic-years-admin/semester-form-sheet.tsx [Client Component SSR]
    ./frontend/src/components/academic-years-admin/academic-year-row-actions.tsx [Client Component SSR]
    ./frontend/src/components/academic-years-admin/academic-year-table-row.tsx [Client Component SSR]
    ./frontend/src/components/academic-years-admin/academic-years-table.tsx [Client Component SSR]
    ./frontend/src/components/academic-years-admin/admin-academic-years-page.tsx [Client Component SSR]
    ./frontend/src/app/dashboard/academic-years/page.tsx [Client Component SSR]
    ./frontend/src/app/dashboard/academic-years/page.tsx [Server Component]

https://nextjs.org/docs/messages/module-not-found


./frontend/src/components/batches-admin/batch-form-sheet.tsx:4:1
Module not found: Can't resolve '@/features/pos/components/pos-form-modal'
  [90m2 |[0m
  [90m3 |[0m [36mimport[0m { useEffect, useMemo, useState, [36mtype[0m [33mFormEvent[0m } [36mfrom[0m 
[32m'react'[0m;
[31m[1m>[0m [90m4 |[0m [36mimport[0m { [33mPosFormModal[0m } [36mfrom[0m 
[32m'@/features/pos/components/pos-form-modal'[0m;
  [90m  |[0m [31m[1m^^^^^^^^^^^^^^^^^^^^^^^^^^^^^^^^^^^^^^^^^^^^^^^^^^^^^^^^^^^^^^^^^^^^^^^^[0m
  [90m5 |[0m [36mimport[0m { useMutation, useQueryClient } [36mfrom[0m [32m'@/lib/async-query'[0m;
  [90m6 |[0m [36mimport[0m { handleApiError, showToast } [36mfrom[0m [32m'@/lib/notifications'[0m;
  [90m7 |[0m [36mimport[0m {

Import map: aliased to relative './src/features/pos/components/pos-form-modal' inside of [project]/frontend


Import traces:
  Client Component Browser:
    ./frontend/src/components/batches-admin/batch-form-sheet.tsx [Client Component Browser]
    ./frontend/src/components/batches-admin/batches-sections-tabs.tsx [Client Component Browser]
    ./frontend/src/components/batches-admin/admin-batches-page.tsx [Client Component Browser]
    ./frontend/src/app/dashboard/batches/page.tsx [Client Component Browser]
    ./frontend/src/app/dashboard/batches/page.tsx [Server Component]

  Client Component SSR:
    ./frontend/src/components/batches-admin/batch-form-sheet.tsx [Client Component SSR]
    ./frontend/src/components/batches-admin/batches-sections-tabs.tsx [Client Component SSR]
    ./frontend/src/components/batches-admin/admin-batches-page.tsx [Client Component SSR]
    ./frontend/src/app/dashboard/batches/page.tsx [Client Component SSR]
    ./frontend/src/app/dashboard/batches/page.tsx [Server Component]

https://nextjs.org/docs/messages/module-not-found


./frontend/src/components/batches-admin/section-form-sheet.tsx:4:1
Module not found: Can't resolve '@/features/pos/components/pos-form-modal'
  [90m2 |[0m
  [90m3 |[0m [36mimport[0m { useEffect, useMemo, useState, [36mtype[0m [33mFormEvent[0m } [36mfrom[0m 
[32m'react'[0m;
[31m[1m>[0m [90m4 |[0m [36mimport[0m { [33mPosFormModal[0m } [36mfrom[0m 
[32m'@/features/pos/components/pos-form-modal'[0m;
  [90m  |[0m [31m[1m^^^^^^^^^^^^^^^^^^^^^^^^^^^^^^^^^^^^^^^^^^^^^^^^^^^^^^^^^^^^^^^^^^^^^^^^[0m
  [90m5 |[0m [36mimport[0m { [33mInput[0m } [36mfrom[0m [32m'@/features/ui/components/input'[0m;
  [90m6 |[0m [36mimport[0m { [33mLabel[0m } [36mfrom[0m [32m'@/features/ui/components/label'[0m;
  [90m7 |[0m [36mimport[0m { useMutation, useQueryClient } [36mfrom[0m [32m'@/lib/async-query'[0m;

Import map: aliased to relative './src/features/pos/components/pos-form-modal' inside of [project]/frontend


Import traces:
  Client Component Browser:
    ./frontend/src/components/batches-admin/section-form-sheet.tsx [Client Component Browser]
    ./frontend/src/components/batches-admin/batches-sections-tabs.tsx [Client Component Browser]
    ./frontend/src/components/batches-admin/admin-batches-page.tsx [Client Component Browser]
    ./frontend/src/app/dashboard/batches/page.tsx [Client Component Browser]
    ./frontend/src/app/dashboard/batches/page.tsx [Server Component]

  Client Component SSR:
    ./frontend/src/components/batches-admin/section-form-sheet.tsx [Client Component SSR]
    ./frontend/src/components/batches-admin/batches-sections-tabs.tsx [Client Component SSR]
    ./frontend/src/components/batches-admin/admin-batches-page.tsx [Client Component SSR]
    ./frontend/src/app/dashboard/batches/page.tsx [Client Component SSR]
    ./frontend/src/app/dashboard/batches/page.tsx [Server Component]

https://nextjs.org/docs/messages/module-not-found


./frontend/src/components/departments/DepartmentFormSheet.tsx:4:1
Module not found: Can't resolve '@/features/pos/components/pos-form-modal'
  [90m2 |[0m
  [90m3 |[0m [36mimport[0m { useAppForm, useFormFields } [36mfrom[0m 
[32m'@/features/ui/components/tanstack-form'[0m;
[31m[1m>[0m [90m4 |[0m [36mimport[0m { [33mPosFormModal[0m } [36mfrom[0m 
[32m'@/features/pos/components/pos-form-modal'[0m;
  [90m  |[0m [31m[1m^^^^^^^^^^^^^^^^^^^^^^^^^^^^^^^^^^^^^^^^^^^^^^^^^^^^^^^^^^^^^^^^^^^^^^^^[0m
  [90m5 |[0m [36mimport[0m { departmentSchema, [36mtype[0m [33mDepartmentFormValues[0m } [36mfrom[0m 
[32m'@/lib/departments/types'[0m;
  [90m6 |[0m [36mimport[0m { handleApiError, showToast } [36mfrom[0m [32m'@/lib/notifications'[0m;
  [90m7 |[0m [36mimport[0m { useMutation, useQuery, useQueryClient } [36mfrom[0m [32m'@/lib/async-query'[0m;

Import map: aliased to relative './src/features/pos/components/pos-form-modal' inside of [project]/frontend


Import traces:
  Client Component Browser:
    ./frontend/src/components/departments/DepartmentFormSheet.tsx [Client Component Browser]
    ./frontend/src/components/departments/department-listing.tsx [Client Component Browser]
    ./frontend/src/components/departments/department-listing.tsx [Server Component]
    ./frontend/src/app/dashboard/departments/page.tsx [Server Component]

  Client Component SSR:
    ./frontend/src/components/departments/DepartmentFormSheet.tsx [Client Component SSR]
    ./frontend/src/components/departments/department-listing.tsx [Client Component SSR]
    ./frontend/src/components/departments/department-listing.tsx [Server Component]
    ./frontend/src/app/dashboard/departments/page.tsx [Server Component]

https://nextjs.org/docs/messages/module-not-found


./frontend/src/components/faculties/FacultyFormSheet.tsx:4:1
Module not found: Can't resolve '@/features/pos/components/pos-form-modal'
  [90m2 |[0m
  [90m3 |[0m [36mimport[0m { useAppForm, useFormFields } [36mfrom[0m 
[32m'@/features/ui/components/tanstack-form'[0m;
[31m[1m>[0m [90m4 |[0m [36mimport[0m { [33mPosFormModal[0m } [36mfrom[0m 
[32m'@/features/pos/components/pos-form-modal'[0m;
  [90m  |[0m [31m[1m^^^^^^^^^^^^^^^^^^^^^^^^^^^^^^^^^^^^^^^^^^^^^^^^^^^^^^^^^^^^^^^^^^^^^^^^[0m
  [90m5 |[0m [36mimport[0m { facultySchema, [36mtype[0m [33mFacultyFormValues[0m } [36mfrom[0m 
[32m'@/lib/faculties/types'[0m;
  [90m6 |[0m [36mimport[0m { handleApiError, showToast } [36mfrom[0m [32m'@/lib/notifications'[0m;
  [90m7 |[0m [36mimport[0m { useMutation, useQueryClient } [36mfrom[0m [32m'@/lib/async-query'[0m;

Import map: aliased to relative './src/features/pos/components/pos-form-modal' inside of [project]/frontend


Import traces:
  Client Component Browser:
    ./frontend/src/components/faculties/FacultyFormSheet.tsx [Client Component Browser]
    ./frontend/src/components/faculties/faculty-listing.tsx [Client Component Browser]
    ./frontend/src/components/faculties/faculty-listing.tsx [Server Component]
    ./frontend/src/app/dashboard/faculties/page.tsx [Server Component]

  Client Component SSR:
    ./frontend/src/components/faculties/FacultyFormSheet.tsx [Client Component SSR]
    ./frontend/src/components/faculties/faculty-listing.tsx [Client Component SSR]
    ./frontend/src/components/faculties/faculty-listing.tsx [Server Component]
    ./frontend/src/app/dashboard/faculties/page.tsx [Server Component]

https://nextjs.org/docs/messages/module-not-found


./frontend/src/components/programs/program-form-sheet.tsx:4:1
Module not found: Can't resolve '@/features/pos/components/pos-form-modal'
  [90m2 |[0m
  [90m3 |[0m [36mimport[0m { useEffect, useMemo, useState, [36mtype[0m [33mFormEvent[0m } [36mfrom[0m 
[32m'react'[0m;
[31m[1m>[0m [90m4 |[0m [36mimport[0m { [33mPosFormModal[0m } [36mfrom[0m 
[32m'@/features/pos/components/pos-form-modal'[0m;
  [90m  |[0m [31m[1m^^^^^^^^^^^^^^^^^^^^^^^^^^^^^^^^^^^^^^^^^^^^^^^^^^^^^^^^^^^^^^^^^^^^^^^^[0m
  [90m5 |[0m [36mimport[0m { useMutation, useQueryClient } [36mfrom[0m [32m'@/lib/async-query'[0m;
  [90m6 |[0m [36mimport[0m { useDepartments } [36mfrom[0m [32m'@/lib/departments/queries'[0m;
  [90m7 |[0m [36mimport[0m { createProgram, updateProgram, [36mtype[0m [33mProgram[0m, [36mtype[0m 
[33mProgramInput[0m } [36mfrom[0m [32m'@/lib/progra...[0m

Import map: aliased to relative './src/features/pos/components/pos-form-modal' inside of [project]/frontend


Import traces:
  Client Component Browser:
    ./frontend/src/components/programs/program-form-sheet.tsx [Client Component Browser]
    ./frontend/src/components/programs/programs-listing.tsx [Client Component Browser]
    ./frontend/src/components/programs/programs-listing.tsx [Server Component]
    ./frontend/src/app/dashboard/programs/page.tsx [Server Component]

  Client Component SSR:
    ./frontend/src/components/programs/program-form-sheet.tsx [Client Component SSR]
    ./frontend/src/components/programs/programs-listing.tsx [Client Component SSR]
    ./frontend/src/components/programs/programs-listing.tsx [Server Component]
    ./frontend/src/app/dashboard/programs/page.tsx [Server Component]

https://nextjs.org/docs/messages/module-not-found


./frontend/src/app/dashboard/admin/report/page.tsx:5:1
Module not found: Can't resolve '@/features/pos/components/pos-page-header'
  [90m3 |[0m [36mimport[0m { useState } [36mfrom[0m [32m'react'[0m;
  [90m4 |[0m [36mimport[0m [33mPageContainer[0m [36mfrom[0m 
[32m'@/features/layout/components/page-container'[0m;
[31m[1m>[0m [90m5 |[0m [36mimport[0m { [33mPosPageHeader[0m } [36mfrom[0m 
[32m'@/features/pos/components/pos-page-header'[0m;
  [90m  |[0m [31m[1m^^^^^^^^^^^^^^^^^^^^^^^^^^^^^^^^^^^^^^^^^^^^^^^^^^^^^^^^^^^^^^^^^^^^^^^^^^[0m
  [90m6 |[0m [36mimport[0m { useAdminAnalytics, useAdminFaculties } [36mfrom[0m [32m'@/lib/admin/queries'[0m;
  [90m7 |[0m [36mimport[0m [36mtype[0m { [33mAdminReportFilterState[0m } [36mfrom[0m 
[32m'@/components/admin/admin-report-filters'[0m;
  [90m8 |[0m [36mimport[0m { [33mAdminReportsDashboard[0m } [36mfrom[0m 
[32m'@/components/admin/admin-reports/admin-reports-dashb...[0m

Import map: aliased to relative './src/features/pos/components/pos-page-header' inside of [project]/frontend


Import traces:
  Client Component Browser:
    ./frontend/src/app/dashboard/admin/report/page.tsx [Client Component Browser]
    ./frontend/src/app/dashboard/admin/report/page.tsx [Server Component]

  Client Component SSR:
    ./frontend/src/app/dashboard/admin/report/page.tsx [Client Component SSR]
    ./frontend/src/app/dashboard/admin/report/page.tsx [Server Component]

https://nextjs.org/docs/messages/module-not-found


./frontend/src/app/dashboard/calendar/page.tsx:4:1
Module not found: Can't resolve '@/features/pos/components/pos-page-header'
  [90m2 |[0m
  [90m3 |[0m [36mimport[0m [33mPageContainer[0m [36mfrom[0m 
[32m'@/features/layout/components/page-container'[0m;
[31m[1m>[0m [90m4 |[0m [36mimport[0m { [33mPosPageHeader[0m } [36mfrom[0m 
[32m'@/features/pos/components/pos-page-header'[0m;
  [90m  |[0m [31m[1m^^^^^^^^^^^^^^^^^^^^^^^^^^^^^^^^^^^^^^^^^^^^^^^^^^^^^^^^^^^^^^^^^^^^^^^^^^[0m
  [90m5 |[0m [36mimport[0m { [33mCalendarPage[0m } [36mfrom[0m [32m'@/components/calendar/calendar-page'[0m;
  [90m6 |[0m [36mimport[0m { useQueryClient } [36mfrom[0m [32m'@/lib/async-query'[0m;
  [90m7 |[0m

Import map: aliased to relative './src/features/pos/components/pos-page-header' inside of [project]/frontend


Import traces:
  Client Component Browser:
    ./frontend/src/app/dashboard/calendar/page.tsx [Client Component Browser]
    ./frontend/src/app/dashboard/calendar/page.tsx [Server Component]

  Client Component SSR:
    ./frontend/src/app/dashboard/calendar/page.tsx [Client Component SSR]
    ./frontend/src/app/dashboard/calendar/page.tsx [Server Component]

https://nextjs.org/docs/messages/module-not-found


./frontend/src/app/dashboard/courses/page.tsx:4:70
Module not found: Can't resolve '@/features/pos/components/pos-page-header'
  [90m2 |[0m
  [90m3 |[0m [36mimport[0m [33mLink[0m [36mfrom[0m [32m'next/link'[0m
[31m[1m>[0m [90m4 |[0m [36mimport[0m [33mPageContainer[0m [36mfrom[0m 
[32m'@/features/layout/components/page-container'[0m
  [90m  |[0m                                                                      [31m[1m^[0m
[31m[1m>[0m [90m5 |[0m [36mimport[0m { [33mPosPageHeader[0m } [36mfrom[0m 
[32m'@/features/pos/components/pos-page-header'[0m
  [90m  |[0m [31m[1m^^^^^^^^^^^^^^^^^^^^^^^^^^^^^^^^^^^^^^^^^^^^^^^^^^^^^^^^^^^^^^^^^^^^^^[0m
  [90m6 |[0m [36mimport[0m { useAuthStore } [36mfrom[0m [32m'@/lib/auth-store'[0m
  [90m7 |[0m [36mimport[0m { useTeacherCourses } [36mfrom[0m [32m'@/lib/teacher-courses/queries'[0m
  [90m8 |[0m [36mimport[0m { useStudentCourses } [36mfrom[0m [32m'@/lib/student-courses/queries'[0m

Import map: aliased to relative './src/features/pos/components/pos-page-header' inside of [project]/frontend


Import traces:
  Client Component Browser:
    ./frontend/src/app/dashboard/courses/page.tsx [Client Component Browser]
    ./frontend/src/app/dashboard/courses/page.tsx [Server Component]

  Client Component SSR:
    ./frontend/src/app/dashboard/courses/page.tsx [Client Component SSR]
    ./frontend/src/app/dashboard/courses/page.tsx [Server Component]

https://nextjs.org/docs/messages/module-not-found


./frontend/src/app/dashboard/dean/batches/page.tsx:4:1
Module not found: Can't resolve '@/features/pos/components/pos-page-header'
  [90m2 |[0m
  [90m3 |[0m [36mimport[0m [33mPageContainer[0m [36mfrom[0m 
[32m'@/features/layout/components/page-container'[0m;
[31m[1m>[0m [90m4 |[0m [36mimport[0m { [33mPosPageHeader[0m } [36mfrom[0m 
[32m'@/features/pos/components/pos-page-header'[0m;
  [90m  |[0m [31m[1m^^^^^^^^^^^^^^^^^^^^^^^^^^^^^^^^^^^^^^^^^^^^^^^^^^^^^^^^^^^^^^^^^^^^^^^^^^[0m
  [90m5 |[0m [36mimport[0m { useQueryClient } [36mfrom[0m [32m'@/lib/async-query'[0m;
  [90m6 |[0m [36mimport[0m { [33mDeanBatchesTable[0m } [36mfrom[0m 
[32m'@/components/dean/dean-batches-table'[0m;
  [90m7 |[0m

Import map: aliased to relative './src/features/pos/components/pos-page-header' inside of [project]/frontend


Import traces:
  Client Component Browser:
    ./frontend/src/app/dashboard/dean/batches/page.tsx [Client Component Browser]
    ./frontend/src/app/dashboard/dean/batches/page.tsx [Server Component]

  Client Component SSR:
    ./frontend/src/app/dashboard/dean/batches/page.tsx [Client Component SSR]
    ./frontend/src/app/dashboard/dean/batches/page.tsx [Server Component]

https://nextjs.org/docs/messages/module-not-found


./frontend/src/app/dashboard/dean/users/page.tsx:4:1
Module not found: Can't resolve '@/features/pos/components/pos-page-header'
  [90m2 |[0m
  [90m3 |[0m [36mimport[0m [33mPageContainer[0m [36mfrom[0m 
[32m'@/features/layout/components/page-container'[0m;
[31m[1m>[0m [90m4 |[0m [36mimport[0m { [33mPosPageHeader[0m } [36mfrom[0m 
[32m'@/features/pos/components/pos-page-header'[0m;
  [90m  |[0m [31m[1m^^^^^^^^^^^^^^^^^^^^^^^^^^^^^^^^^^^^^^^^^^^^^^^^^^^^^^^^^^^^^^^^^^^^^^^^^^[0m
  [90m5 |[0m [36mimport[0m { useQueryClient } [36mfrom[0m [32m'@/lib/async-query'[0m;
  [90m6 |[0m [36mimport[0m { [33mDeanUsersTable[0m } [36mfrom[0m [32m'@/components/dean/dean-users-table'[0m;
  [90m7 |[0m

Import map: aliased to relative './src/features/pos/components/pos-page-header' inside of [project]/frontend


Import traces:
  Client Component Browser:
    ./frontend/src/app/dashboard/dean/users/page.tsx [Client Component Browser]
    ./frontend/src/app/dashboard/dean/users/page.tsx [Server Component]

  Client Component SSR:
    ./frontend/src/app/dashboard/dean/users/page.tsx [Client Component SSR]
    ./frontend/src/app/dashboard/dean/users/page.tsx [Server Component]

https://nextjs.org/docs/messages/module-not-found


./frontend/src/app/dashboard/faculty-dean/reports/page.tsx:4:71
Module not found: Can't resolve '@/features/pos/components/pos-page-header'
  [90m2 |[0m ...
  [90m3 |[0m ... } [36mfrom[0m [32m'react'[0m;
[31m[1m>[0m [90m4 |[0m ...[32m'@/features/layout/components/page-container'[0m;
  [90m  |[0m                                                [31m[1m^[0m
[31m[1m>[0m [90m5 |[0m ...[36mrom[0m [32m'@/features/pos/components/pos-page-header'[0m;
  [90m  |[0m    [31m[1m^^^^^^^^^^^^^^^^^^^^^^^^^^^^^^^^^^^^^^^^^^^^^^^^^^^^^^^^^^^^^^^^^^^^^^^[0m
  [90m6 |[0m ...[33msDashboard[0m } [36mfrom[0m 
[32m'@/components/dean/faculty-reports/faculty-dean-reports-dashboard'[0m;
  [90m7 |[0m ...
  [90m8 |[0m ...ers,

Import map: aliased to relative './src/features/pos/components/pos-page-header' inside of [project]/frontend


Import traces:
  Client Component Browser:
    ./frontend/src/app/dashboard/faculty-dean/reports/page.tsx [Client Component Browser]
    ./frontend/src/app/dashboard/faculty-dean/reports/page.tsx [Server Component]

  Client Component SSR:
    ./frontend/src/app/dashboard/faculty-dean/reports/page.tsx [Client Component SSR]
    ./frontend/src/app/dashboard/faculty-dean/reports/page.tsx [Server Component]

https://nextjs.org/docs/messages/module-not-found


./frontend/src/app/dashboard/messages/page.tsx:5:61
Module not found: Can't resolve '@/features/pos/components/pos-page-header'
  [90m3 |[0m [36mimport[0m { [33mSuspense[0m } [36mfrom[0m [32m'react'[0m;
  [90m4 |[0m [36mimport[0m { useSearchParams } [36mfrom[0m [32m'next/navigation'[0m;
[31m[1m>[0m [90m5 |[0m [36mimport[0m { [33mArrowLeft[0m, [33mMessageSquareDashed[0m } [36mfrom[0m 
[32m'lucide-react'[0m;
  [90m  |[0m                                                             [31m[1m^[0m
[31m[1m>[0m [90m6 |[0m [36mimport[0m { [33mPosPageHeader[0m } [36mfrom[0m 
[32m'@/features/pos/components/pos-page-header'[0m;
  [90m  |[0m [31m[1m^^^^^^^^^^^^^^^^^^^^^^^^^^^^^^^^^^^^^^^^^^^^^^^^^^^^^^^^^^^^^^^^^^^^^^^[0m
  [90m7 |[0m [36mimport[0m { [33mInboxList[0m } [36mfrom[0m [32m'@/components/inbox/inbox-list'[0m;
  [90m8 |[0m [36mimport[0m { [33mMessagesDiscoverPane[0m } [36mfrom[0m 
[32m'@/components/inbox/messages-discover-pane'[0m;
  [90m9 |[0m [36mimport[0m { isOfficeMessagesOnlyRole } [36mfrom[0m [32m'@/components/inbox/inbox-helpers'[0m;

Import map: aliased to relative './src/features/pos/components/pos-page-header' inside of [project]/frontend


Import traces:
  Client Component Browser:
    ./frontend/src/app/dashboard/messages/page.tsx [Client Component Browser]
    ./frontend/src/app/dashboard/messages/page.tsx [Server Component]

  Client Component SSR:
    ./frontend/src/app/dashboard/messages/page.tsx [Client Component SSR]
    ./frontend/src/app/dashboard/messages/page.tsx [Server Component]

https://nextjs.org/docs/messages/module-not-found


./frontend/src/components/academic-years-admin/admin-academic-years-page.tsx:5:1
Module not found: Can't resolve '@/features/pos/components/pos-page-header'
  [90m3 |[0m [36mimport[0m { useState } [36mfrom[0m [32m'react'[0m;
  [90m4 |[0m [36mimport[0m [33mPageContainer[0m [36mfrom[0m 
[32m'@/features/layout/components/page-container'[0m;
[31m[1m>[0m [90m5 |[0m [36mimport[0m { [33mPosPageHeader[0m } [36mfrom[0m 
[32m'@/features/pos/components/pos-page-header'[0m;
  [90m  |[0m [31m[1m^^^^^^^^^^^^^^^^^^^^^^^^^^^^^^^^^^^^^^^^^^^^^^^^^^^^^^^^^^^^^^^^^^^^^^^^^^[0m
  [90m6 |[0m [36mimport[0m { [33mTabs[0m, [33mTabsContent[0m, [33mTabsList[0m, [33mTabsTrigger[0m } 
[36mfrom[0m [32m'@/features/ui/components/tabs'[0m;
  [90m7 |[0m [36mimport[0m { useQueryClient } [36mfrom[0m [32m'@/lib/async-query'[0m;
  [90m8 |[0m [36mimport[0m { adminAcademicYearsQueryKey } [36mfrom[0m 
[32m'@/lib/academic-years-admin/queries'[0m;

Import map: aliased to relative './src/features/pos/components/pos-page-header' inside of [project]/frontend


Import traces:
  Client Component Browser:
    ./frontend/src/components/academic-years-admin/admin-academic-years-page.tsx [Client Component Browser]
    ./frontend/src/app/dashboard/academic-years/page.tsx [Client Component Browser]
    ./frontend/src/app/dashboard/academic-years/page.tsx [Server Component]

  Client Component SSR:
    ./frontend/src/components/academic-years-admin/admin-academic-years-page.tsx [Client Component SSR]
    ./frontend/src/app/dashboard/academic-years/page.tsx [Client Component SSR]
    ./frontend/src/app/dashboard/academic-years/page.tsx [Server Component]

https://nextjs.org/docs/messages/module-not-found


./frontend/src/components/batches-admin/batches-sections-tabs.tsx:5:1
Module not found: Can't resolve '@/features/pos/components/pos-page-header'
  [90m3 |[0m [36mimport[0m { useState } [36mfrom[0m [32m'react'[0m;
  [90m4 |[0m [36mimport[0m { useQueryClient } [36mfrom[0m [32m'@/lib/async-query'[0m;
[31m[1m>[0m [90m5 |[0m [36mimport[0m { [33mPosPageHeader[0m } [36mfrom[0m 
[32m'@/features/pos/components/pos-page-header'[0m;
  [90m  |[0m [31m[1m^^^^^^^^^^^^^^^^^^^^^^^^^^^^^^^^^^^^^^^^^^^^^^^^^^^^^^^^^^^^^^^^^^^^^^^^^^[0m
  [90m6 |[0m [36mimport[0m { [33mTabs[0m, [33mTabsContent[0m, [33mTabsList[0m, [33mTabsTrigger[0m } 
[36mfrom[0m [32m'@/features/ui/components/tabs'[0m;
  [90m7 |[0m [36mimport[0m {
  [90m8 |[0m   adminBatchSectionsQueryKey,

Import map: aliased to relative './src/features/pos/components/pos-page-header' inside of [project]/frontend


Import traces:
  Client Component Browser:
    ./frontend/src/components/batches-admin/batches-sections-tabs.tsx [Client Component Browser]
    ./frontend/src/components/batches-admin/admin-batches-page.tsx [Client Component Browser]
    ./frontend/src/app/dashboard/batches/page.tsx [Client Component Browser]
    ./frontend/src/app/dashboard/batches/page.tsx [Server Component]

  Client Component SSR:
    ./frontend/src/components/batches-admin/batches-sections-tabs.tsx [Client Component SSR]
    ./frontend/src/components/batches-admin/admin-batches-page.tsx [Client Component SSR]
    ./frontend/src/app/dashboard/batches/page.tsx [Client Component SSR]
    ./frontend/src/app/dashboard/batches/page.tsx [Server Component]

https://nextjs.org/docs/messages/module-not-found


./frontend/src/components/departments/department-listing.tsx:5:1
Module not found: Can't resolve '@/features/pos/components/pos-page-header'
  [90m3 |[0m [36mimport[0m { useState } [36mfrom[0m [32m'react'[0m;
  [90m4 |[0m [36mimport[0m [33mPageContainer[0m [36mfrom[0m 
[32m'@/features/layout/components/page-container'[0m;
[31m[1m>[0m [90m5 |[0m [36mimport[0m { [33mPosPageHeader[0m } [36mfrom[0m 
[32m'@/features/pos/components/pos-page-header'[0m;
  [90m  |[0m [31m[1m^^^^^^^^^^^^^^^^^^^^^^^^^^^^^^^^^^^^^^^^^^^^^^^^^^^^^^^^^^^^^^^^^^^^^^^^^^[0m
  [90m6 |[0m [36mimport[0m { useQueryClient } [36mfrom[0m [32m'@/lib/async-query'[0m;
  [90m7 |[0m [36mimport[0m { useAuthStore } [36mfrom[0m [32m'@/lib/auth-store'[0m;
  [90m8 |[0m [36mimport[0m { [33mDepartmentFormSheet[0m } [36mfrom[0m [32m'./DepartmentFormSheet'[0m;

Import map: aliased to relative './src/features/pos/components/pos-page-header' inside of [project]/frontend


Import trace:
  Server Component:
    ./frontend/src/components/departments/department-listing.tsx
    ./frontend/src/app/dashboard/departments/page.tsx

https://nextjs.org/docs/messages/module-not-found


./frontend/src/components/faculties/faculty-listing.tsx:5:1
Module not found: Can't resolve '@/features/pos/components/pos-page-header'
  [90m3 |[0m [36mimport[0m { useState } [36mfrom[0m [32m'react'[0m;
  [90m4 |[0m [36mimport[0m [33mPageContainer[0m [36mfrom[0m 
[32m'@/features/layout/components/page-container'[0m;
[31m[1m>[0m [90m5 |[0m [36mimport[0m { [33mPosPageHeader[0m } [36mfrom[0m 
[32m'@/features/pos/components/pos-page-header'[0m;
  [90m  |[0m [31m[1m^^^^^^^^^^^^^^^^^^^^^^^^^^^^^^^^^^^^^^^^^^^^^^^^^^^^^^^^^^^^^^^^^^^^^^^^^^[0m
  [90m6 |[0m [36mimport[0m { useQueryClient } [36mfrom[0m [32m'@/lib/async-query'[0m;
  [90m7 |[0m [36mimport[0m { useAuthStore } [36mfrom[0m [32m'@/lib/auth-store'[0m;
  [90m8 |[0m [36mimport[0m { [33mFacultyFormSheet[0m } [36mfrom[0m [32m'./FacultyFormSheet'[0m;

Import map: aliased to relative './src/features/pos/components/pos-page-header' inside of [project]/frontend


Import trace:
  Server Component:
    ./frontend/src/components/faculties/faculty-listing.tsx
    ./frontend/src/app/dashboard/faculties/page.tsx

https://nextjs.org/docs/messages/module-not-found


./frontend/src/components/offices/admin/offices-admin-page.tsx:6:1
Module not found: Can't resolve '@/features/pos/components/pos-page-header'
  [90m4 |[0m [36mimport[0m { [33mIcons[0m } [36mfrom[0m [32m'@/components/icons'[0m;
  [90m5 |[0m [36mimport[0m [33mPageContainer[0m [36mfrom[0m 
[32m'@/features/layout/components/page-container'[0m;
[31m[1m>[0m [90m6 |[0m [36mimport[0m { [33mPosPageHeader[0m } [36mfrom[0m 
[32m'@/features/pos/components/pos-page-header'[0m;
  [90m  |[0m [31m[1m^^^^^^^^^^^^^^^^^^^^^^^^^^^^^^^^^^^^^^^^^^^^^^^^^^^^^^^^^^^^^^^^^^^^^^^^^^[0m
  [90m7 |[0m [36mimport[0m { [33mAlert[0m, [33mAlertDescription[0m } [36mfrom[0m 
[32m'@/features/ui/components/alert'[0m;
  [90m8 |[0m [36mimport[0m { [33mButton[0m } [36mfrom[0m [32m'@/features/ui/components/button'[0m;
  [90m9 |[0m [36mimport[0m { useQueryClient } [36mfrom[0m [32m'@/lib/async-query'[0m;

Import map: aliased to relative './src/features/pos/components/pos-page-header' inside of [project]/frontend


Import trace:
  Server Component:
    ./frontend/src/components/offices/admin/offices-admin-page.tsx
    ./frontend/src/app/dashboard/admin/offices/page.tsx

https://nextjs.org/docs/messages/module-not-found


./frontend/src/components/profile/profile-view-page.tsx:4:1
Module not found: Can't resolve '@/features/pos/components/pos-page-header'
  [90m2 |[0m
  [90m3 |[0m [36mimport[0m [33mPageContainer[0m [36mfrom[0m 
[32m'@/features/layout/components/page-container'[0m;
[31m[1m>[0m [90m4 |[0m [36mimport[0m { [33mPosPageHeader[0m } [36mfrom[0m 
[32m'@/features/pos/components/pos-page-header'[0m;
  [90m  |[0m [31m[1m^^^^^^^^^^^^^^^^^^^^^^^^^^^^^^^^^^^^^^^^^^^^^^^^^^^^^^^^^^^^^^^^^^^^^^^^^^[0m
  [90m5 |[0m [36mimport[0m { useAuthStore } [36mfrom[0m [32m'@/lib/auth-store'[0m;
  [90m6 |[0m [36mimport[0m { useProfileMe } [36mfrom[0m [32m'@/lib/profile/services'[0m;
  [90m7 |[0m [36mimport[0m [36mtype[0m { [33mProfileMe[0m } [36mfrom[0m [32m'@/lib/profile/services'[0m;

Import map: aliased to relative './src/features/pos/components/pos-page-header' inside of [project]/frontend


Import trace:
  Server Component:
    ./frontend/src/components/profile/profile-view-page.tsx
    ./frontend/src/app/dashboard/profile/[[...profile]]/page.tsx

https://nextjs.org/docs/messages/module-not-found


./frontend/src/components/programs/programs-listing.tsx:5:1
Module not found: Can't resolve '@/features/pos/components/pos-page-header'
  [90m3 |[0m [36mimport[0m { useState } [36mfrom[0m [32m'react'[0m;
  [90m4 |[0m [36mimport[0m [33mPageContainer[0m [36mfrom[0m 
[32m'@/features/layout/components/page-container'[0m;
[31m[1m>[0m [90m5 |[0m [36mimport[0m { [33mPosPageHeader[0m } [36mfrom[0m 
[32m'@/features/pos/components/pos-page-header'[0m;
  [90m  |[0m [31m[1m^^^^^^^^^^^^^^^^^^^^^^^^^^^^^^^^^^^^^^^^^^^^^^^^^^^^^^^^^^^^^^^^^^^^^^^^^^[0m
  [90m6 |[0m [36mimport[0m { useQueryClient } [36mfrom[0m [32m'@/lib/async-query'[0m;
  [90m7 |[0m [36mimport[0m { useAuthStore } [36mfrom[0m [32m'@/lib/auth-store'[0m;
  [90m8 |[0m [36mimport[0m { [33mProgramFormSheet[0m } [36mfrom[0m [32m'./program-form-sheet'[0m;

Import map: aliased to relative './src/features/pos/components/pos-page-header' inside of [project]/frontend


Import trace:
  Server Component:
    ./frontend/src/components/programs/programs-listing.tsx
    ./frontend/src/app/dashboard/programs/page.tsx

https://nextjs.org/docs/messages/module-not-found


./frontend/src/components/roles/roles-admin-page.tsx:6:1
Module not found: Can't resolve '@/features/pos/components/pos-page-header'
  [90m4 |[0m [36mimport[0m { [33mIcons[0m } [36mfrom[0m [32m'@/components/icons'[0m;
  [90m5 |[0m [36mimport[0m [33mPageContainer[0m [36mfrom[0m 
[32m'@/features/layout/components/page-container'[0m;
[31m[1m>[0m [90m6 |[0m [36mimport[0m { [33mPosPageHeader[0m } [36mfrom[0m 
[32m'@/features/pos/components/pos-page-header'[0m;
  [90m  |[0m [31m[1m^^^^^^^^^^^^^^^^^^^^^^^^^^^^^^^^^^^^^^^^^^^^^^^^^^^^^^^^^^^^^^^^^^^^^^^^^^[0m
  [90m7 |[0m [36mimport[0m { [33mAlert[0m, [33mAlertDescription[0m } [36mfrom[0m 
[32m'@/features/ui/components/alert'[0m;
  [90m8 |[0m [36mimport[0m { useQueryClient } [36mfrom[0m [32m'@/lib/async-query'[0m;
  [90m9 |[0m [36mimport[0m { useAuthStore } [36mfrom[0m [32m'@/lib/auth-store'[0m;

Import map: aliased to relative './src/features/pos/components/pos-page-header' inside of [project]/frontend


Import trace:
  Server Component:
    ./frontend/src/components/roles/roles-admin-page.tsx
    ./frontend/src/app/dashboard/admin/roles/page.tsx

https://nextjs.org/docs/messages/module-not-found


./frontend/src/components/academic-years-admin/academic-year-table-row.tsx:4:1
Module not found: Can't resolve '@/features/pos/components/pos-table'
  [90m2 |[0m
  [90m3 |[0m [36mimport[0m { [33mBadge[0m } [36mfrom[0m [32m'@/features/ui/components/badge'[0m;
[31m[1m>[0m [90m4 |[0m [36mimport[0m { [33mPosTableCell[0m, [33mPosTableRow[0m } [36mfrom[0m 
[32m'@/features/pos/components/pos-table'[0m;
  [90m  |[0m [31m[1m^^^^^^^^^^^^^^^^^^^^^^^^^^^^^^^^^^^^^^^^^^^^^^^^^^^^^^^^^^^^^^^^^^^^^^^^^^^^^^^^[0m
  [90m5 |[0m [36mimport[0m [36mtype[0m { [33mAdminAcademicYear[0m } [36mfrom[0m 
[32m'@/lib/academic-years-admin/services'[0m;
  [90m6 |[0m [36mimport[0m { formatDisplayDate } [36mfrom[0m 
[32m'@/lib/academic-years-admin/services/format-dates'[0m;
  [90m7 |[0m [36mimport[0m { [33mAcademicYearRowActions[0m } [36mfrom[0m 
[32m'./academic-year-row-actions'[0m;

Import map: aliased to relative './src/features/pos/components/pos-table' inside of [project]/frontend


Import traces:
  Client Component Browser:
    ./frontend/src/components/academic-years-admin/academic-year-table-row.tsx [Client Component Browser]
    ./frontend/src/components/academic-years-admin/academic-years-table.tsx [Client Component Browser]
    ./frontend/src/components/academic-years-admin/admin-academic-years-page.tsx [Client Component Browser]
    ./frontend/src/app/dashboard/academic-years/page.tsx [Client Component Browser]
    ./frontend/src/app/dashboard/academic-years/page.tsx [Server Component]

  Client Component SSR:
    ./frontend/src/components/academic-years-admin/academic-year-table-row.tsx [Client Component SSR]
    ./frontend/src/components/academic-years-admin/academic-years-table.tsx [Client Component SSR]
    ./frontend/src/components/academic-years-admin/admin-academic-years-page.tsx [Client Component SSR]
    ./frontend/src/app/dashboard/academic-years/page.tsx [Client Component SSR]
    ./frontend/src/app/dashboard/academic-years/page.tsx [Server Component]

https://nextjs.org/docs/messages/module-not-found


./frontend/src/components/academic-years-admin/academic-years-table.tsx:6:1
Module not found: Can't resolve '@/features/pos/components/pos-table'
  [90m 4 |[0m [36mimport[0m { [33mPosTableCard[0m } [36mfrom[0m 
[32m'@/features/pos/components/pos-table-card'[0m;
  [90m 5 |[0m [36mimport[0m { [33mPosTablePagination[0m } [36mfrom[0m 
[32m'@/features/pos/components/pos-table-pagination'[0m;
[31m[1m>[0m [90m 6 |[0m [36mimport[0m {
  [90m   |[0m [31m[1m^^^^^^^[0m
[31m[1m>[0m [90m 7 |[0m   [33mPosTable[0m,
  [90m   |[0m [31m[1m^^^^^^^^^^^[0m
[31m[1m>[0m [90m 8 |[0m   [33mPosTableBody[0m,
  [90m   |[0m [31m[1m^^^^^^^^^^^^^^^[0m
[31m[1m>[0m [90m 9 |[0m   [33mPosTableHead[0m,
  [90m   |[0m [31m[1m^^^^^^^^^^^^^^^[0m
[31m[1m>[0m [90m10 |[0m   [33mPosTableHeaderCell[0m
  [90m   |[0m [31m[1m^^^^^^^^^^^^^^^^^^^^[0m
[31m[1m>[0m [90m11 |[0m } [36mfrom[0m [32m'@/features/pos/components/pos-table'[0m;
  [90m   |[0m [31m[1m^^^^^^^^^^^^^^^^^^^^^^^^^^^^^^^^^^^^^^^^^^^^^[0m
  [90m12 |[0m [36mimport[0m { showToast } [36mfrom[0m [32m'@/lib/notifications'[0m;
  [90m13 |[0m [36mimport[0m { useAdminAcademicYearsList } [36mfrom[0m 
[32m'@/lib/academic-years-admin/queries'[0m;
  [90m14 |[0m [36mimport[0m {

Import map: aliased to relative './src/features/pos/components/pos-table' inside of [project]/frontend


Import traces:
  Client Component Browser:
    ./frontend/src/components/academic-years-admin/academic-years-table.tsx [Client Component Browser]
    ./frontend/src/components/academic-years-admin/admin-academic-years-page.tsx [Client Component Browser]
    ./frontend/src/app/dashboard/academic-years/page.tsx [Client Component Browser]
    ./frontend/src/app/dashboard/academic-years/page.tsx [Server Component]

  Client Component SSR:
    ./frontend/src/components/academic-years-admin/academic-years-table.tsx [Client Component SSR]
    ./frontend/src/components/academic-years-admin/admin-academic-years-page.tsx [Client Component SSR]
    ./frontend/src/app/dashboard/academic-years/page.tsx [Client Component SSR]
    ./frontend/src/app/dashboard/academic-years/page.tsx [Server Component]

https://nextjs.org/docs/messages/module-not-found


./frontend/src/components/academic-years-admin/semesters-master-table.tsx:6:1
Module not found: Can't resolve '@/features/pos/components/pos-table'
  [90m 4 |[0m [36mimport[0m { [33mPosTableCard[0m } [36mfrom[0m 
[32m'@/features/pos/components/pos-table-card'[0m;
  [90m 5 |[0m [36mimport[0m { [33mPosTablePagination[0m } [36mfrom[0m 
[32m'@/features/pos/components/pos-table-pagination'[0m;
[31m[1m>[0m [90m 6 |[0m [36mimport[0m {
  [90m   |[0m [31m[1m^^^^^^^[0m
[31m[1m>[0m [90m 7 |[0m   [33mPosTable[0m,
  [90m   |[0m [31m[1m^^^^^^^^^^^[0m
[31m[1m>[0m [90m 8 |[0m   [33mPosTableBody[0m,
  [90m   |[0m [31m[1m^^^^^^^^^^^^^^^[0m
[31m[1m>[0m [90m 9 |[0m   [33mPosTableCell[0m,
  [90m   |[0m [31m[1m^^^^^^^^^^^^^^^[0m
[31m[1m>[0m [90m10 |[0m   [33mPosTableHead[0m,
  [90m   |[0m [31m[1m^^^^^^^^^^^^^^^[0m
[31m[1m>[0m [90m11 |[0m   [33mPosTableHeaderCell[0m,
  [90m   |[0m [31m[1m^^^^^^^^^^^^^^^^^^^^^[0m
[31m[1m>[0m [90m12 |[0m   [33mPosTableRow[0m
  [90m   |[0m [31m[1m^^^^^^^^^^^^^[0m
[31m[1m>[0m [90m13 |[0m } [36mfrom[0m [32m'@/features/pos/components/pos-table'[0m;
  [90m   |[0m [31m[1m^^^^^^^^^^^^^^^^^^^^^^^^^^^^^^^^^^^^^^^^^^^^^[0m
  [90m14 |[0m [36mimport[0m { useQuery } [36mfrom[0m [32m'@/lib/async-query'[0m;
  [90m15 |[0m [36mimport[0m { showToast } [36mfrom[0m [32m'@/lib/notifications'[0m;
  [90m16 |[0m [36mimport[0m { fetchAllSemesters } [36mfrom[0m [32m'@/lib/academic-years-admin/services'[0m;

Import map: aliased to relative './src/features/pos/components/pos-table' inside of [project]/frontend


Import traces:
  Client Component Browser:
    ./frontend/src/components/academic-years-admin/semesters-master-table.tsx [Client Component Browser]
    ./frontend/src/components/academic-years-admin/admin-academic-years-page.tsx [Client Component Browser]
    ./frontend/src/app/dashboard/academic-years/page.tsx [Client Component Browser]
    ./frontend/src/app/dashboard/academic-years/page.tsx [Server Component]

  Client Component SSR:
    ./frontend/src/components/academic-years-admin/semesters-master-table.tsx [Client Component SSR]
    ./frontend/src/components/academic-years-admin/admin-academic-years-page.tsx [Client Component SSR]
    ./frontend/src/app/dashboard/academic-years/page.tsx [Client Component SSR]
    ./frontend/src/app/dashboard/academic-years/page.tsx [Server Component]

https://nextjs.org/docs/messages/module-not-found


./frontend/src/components/batches-admin/batch-table-row.tsx:4:1
Module not found: Can't resolve '@/features/pos/components/pos-table'
  [90m2 |[0m
  [90m3 |[0m [36mimport[0m { [33mBadge[0m } [36mfrom[0m [32m'@/features/ui/components/badge'[0m;
[31m[1m>[0m [90m4 |[0m [36mimport[0m { [33mPosTableCell[0m, [33mPosTableRow[0m } [36mfrom[0m 
[32m'@/features/pos/components/pos-table'[0m;
  [90m  |[0m [31m[1m^^^^^^^^^^^^^^^^^^^^^^^^^^^^^^^^^^^^^^^^^^^^^^^^^^^^^^^^^^^^^^^^^^^^^^^^^^^^^^^^[0m
  [90m5 |[0m [36mimport[0m [36mtype[0m { [33mAdminBatch[0m } [36mfrom[0m 
[32m'@/lib/batches-admin/services'[0m;
  [90m6 |[0m [36mimport[0m { [33mBatchRowActions[0m } [36mfrom[0m [32m'./batch-row-actions'[0m;
  [90m7 |[0m

Import map: aliased to relative './src/features/pos/components/pos-table' inside of [project]/frontend


Import traces:
  Client Component Browser:
    ./frontend/src/components/batches-admin/batch-table-row.tsx [Client Component Browser]
    ./frontend/src/components/batches-admin/batches-admin-table.tsx [Client Component Browser]
    ./frontend/src/components/batches-admin/batches-sections-tabs.tsx [Client Component Browser]
    ./frontend/src/components/batches-admin/admin-batches-page.tsx [Client Component Browser]
    ./frontend/src/app/dashboard/batches/page.tsx [Client Component Browser]
    ./frontend/src/app/dashboard/batches/page.tsx [Server Component]

  Client Component SSR:
    ./frontend/src/components/batches-admin/batch-table-row.tsx [Client Component SSR]
    ./frontend/src/components/batches-admin/batches-admin-table.tsx [Client Component SSR]
    ./frontend/src/components/batches-admin/batches-sections-tabs.tsx [Client Component SSR]
    ./frontend/src/components/batches-admin/admin-batches-page.tsx [Client Component SSR]
    ./frontend/src/app/dashboard/batches/page.tsx [Client Component SSR]
    ./frontend/src/app/dashboard/batches/page.tsx [Server Component]

https://nextjs.org/docs/messages/module-not-found


./frontend/src/components/batches-admin/batches-admin-table.tsx:6:1
Module not found: Can't resolve '@/features/pos/components/pos-table'
  [90m 4 |[0m [36mimport[0m { [33mPosTableCard[0m } [36mfrom[0m 
[32m'@/features/pos/components/pos-table-card'[0m;
  [90m 5 |[0m [36mimport[0m { [33mPosTablePagination[0m } [36mfrom[0m 
[32m'@/features/pos/components/pos-table-pagination'[0m;
[31m[1m>[0m [90m 6 |[0m [36mimport[0m {
  [90m   |[0m [31m[1m^^^^^^^[0m
[31m[1m>[0m [90m 7 |[0m   [33mPosTable[0m,
  [90m   |[0m [31m[1m^^^^^^^^^^^[0m
[31m[1m>[0m [90m 8 |[0m   [33mPosTableBody[0m,
  [90m   |[0m [31m[1m^^^^^^^^^^^^^^^[0m
[31m[1m>[0m [90m 9 |[0m   [33mPosTableHead[0m,
  [90m   |[0m [31m[1m^^^^^^^^^^^^^^^[0m
[31m[1m>[0m [90m10 |[0m   [33mPosTableHeaderCell[0m
  [90m   |[0m [31m[1m^^^^^^^^^^^^^^^^^^^^[0m
[31m[1m>[0m [90m11 |[0m } [36mfrom[0m [32m'@/features/pos/components/pos-table'[0m;
  [90m   |[0m [31m[1m^^^^^^^^^^^^^^^^^^^^^^^^^^^^^^^^^^^^^^^^^^^^^[0m
  [90m12 |[0m [36mimport[0m { showToast } [36mfrom[0m [32m'@/lib/notifications'[0m;
  [90m13 |[0m [36mimport[0m { useAdminBatches } [36mfrom[0m [32m'@/lib/batches-admin/queries'[0m;
  [90m14 |[0m [36mimport[0m {

Import map: aliased to relative './src/features/pos/components/pos-table' inside of [project]/frontend


Import traces:
  Client Component Browser:
    ./frontend/src/components/batches-admin/batches-admin-table.tsx [Client Component Browser]
    ./frontend/src/components/batches-admin/batches-sections-tabs.tsx [Client Component Browser]
    ./frontend/src/components/batches-admin/admin-batches-page.tsx [Client Component Browser]
    ./frontend/src/app/dashboard/batches/page.tsx [Client Component Browser]
    ./frontend/src/app/dashboard/batches/page.tsx [Server Component]

  Client Component SSR:
    ./frontend/src/components/batches-admin/batches-admin-table.tsx [Client Component SSR]
    ./frontend/src/components/batches-admin/batches-sections-tabs.tsx [Client Component SSR]
    ./frontend/src/components/batches-admin/admin-batches-page.tsx [Client Component SSR]
    ./frontend/src/app/dashboard/batches/page.tsx [Client Component SSR]
    ./frontend/src/app/dashboard/batches/page.tsx [Server Component]

https://nextjs.org/docs/messages/module-not-found


./frontend/src/components/batches-admin/sections-admin-table.tsx:6:1
Module not found: Can't resolve '@/features/pos/components/pos-table'
  [90m 4 |[0m [36mimport[0m { [33mPosTableCard[0m } [36mfrom[0m 
[32m'@/features/pos/components/pos-table-card'[0m;
  [90m 5 |[0m [36mimport[0m { [33mPosTablePagination[0m } [36mfrom[0m 
[32m'@/features/pos/components/pos-table-pagination'[0m;
[31m[1m>[0m [90m 6 |[0m [36mimport[0m {
  [90m   |[0m [31m[1m^^^^^^^[0m
[31m[1m>[0m [90m 7 |[0m   [33mPosTable[0m,
  [90m   |[0m [31m[1m^^^^^^^^^^^[0m
[31m[1m>[0m [90m 8 |[0m   [33mPosTableBody[0m,
  [90m   |[0m [31m[1m^^^^^^^^^^^^^^^[0m
[31m[1m>[0m [90m 9 |[0m   [33mPosTableCell[0m,
  [90m   |[0m [31m[1m^^^^^^^^^^^^^^^[0m
[31m[1m>[0m [90m10 |[0m   [33mPosTableHead[0m,
  [90m   |[0m [31m[1m^^^^^^^^^^^^^^^[0m
[31m[1m>[0m [90m11 |[0m   [33mPosTableHeaderCell[0m,
  [90m   |[0m [31m[1m^^^^^^^^^^^^^^^^^^^^^[0m
[31m[1m>[0m [90m12 |[0m   [33mPosTableRow[0m
  [90m   |[0m [31m[1m^^^^^^^^^^^^^[0m
[31m[1m>[0m [90m13 |[0m } [36mfrom[0m [32m'@/features/pos/components/pos-table'[0m;
  [90m   |[0m [31m[1m^^^^^^^^^^^^^^^^^^^^^^^^^^^^^^^^^^^^^^^^^^^^^[0m
  [90m14 |[0m [36mimport[0m { showToast } [36mfrom[0m [32m'@/lib/notifications'[0m;
  [90m15 |[0m [36mimport[0m { useAdminBatchSections } [36mfrom[0m [32m'@/lib/batches-admin/queries'[0m;
  [90m16 |[0m [36mimport[0m {

Import map: aliased to relative './src/features/pos/components/pos-table' inside of [project]/frontend


Import traces:
  Client Component Browser:
    ./frontend/src/components/batches-admin/sections-admin-table.tsx [Client Component Browser]
    ./frontend/src/components/batches-admin/batches-sections-tabs.tsx [Client Component Browser]
    ./frontend/src/components/batches-admin/admin-batches-page.tsx [Client Component Browser]
    ./frontend/src/app/dashboard/batches/page.tsx [Client Component Browser]
    ./frontend/src/app/dashboard/batches/page.tsx [Server Component]

  Client Component SSR:
    ./frontend/src/components/batches-admin/sections-admin-table.tsx [Client Component SSR]
    ./frontend/src/components/batches-admin/batches-sections-tabs.tsx [Client Component SSR]
    ./frontend/src/components/batches-admin/admin-batches-page.tsx [Client Component SSR]
    ./frontend/src/app/dashboard/batches/page.tsx [Client Component SSR]
    ./frontend/src/app/dashboard/batches/page.tsx [Server Component]

https://nextjs.org/docs/messages/module-not-found


./frontend/src/components/departments/department-table-row.tsx:3:1
Module not found: Can't resolve '@/features/pos/components/pos-table'
  [90m1 |[0m [32m'use client'[0m;
  [90m2 |[0m
[31m[1m>[0m [90m3 |[0m [36mimport[0m { [33mPosTableCell[0m, [33mPosTableRow[0m } [36mfrom[0m 
[32m'@/features/pos/components/pos-table'[0m;
  [90m  |[0m [31m[1m^^^^^^^^^^^^^^^^^^^^^^^^^^^^^^^^^^^^^^^^^^^^^^^^^^^^^^^^^^^^^^^^^^^^^^^^^^^^^^^^[0m
  [90m4 |[0m [36mimport[0m [36mtype[0m { [33mDepartment[0m } [36mfrom[0m [32m'@/lib/departments/types'[0m;
  [90m5 |[0m [36mimport[0m { programLevels } [36mfrom[0m 
[32m'@/lib/departments/services/departments-table-utils'[0m;
  [90m6 |[0m [36mimport[0m { [33mDepartmentRowActions[0m } [36mfrom[0m [32m'./department-row-actions'[0m;

Import map: aliased to relative './src/features/pos/components/pos-table' inside of [project]/frontend


Import traces:
  Client Component Browser:
    ./frontend/src/components/departments/department-table-row.tsx [Client Component Browser]
    ./frontend/src/components/departments/department-table.tsx [Client Component Browser]
    ./frontend/src/components/departments/department-listing.tsx [Client Component Browser]
    ./frontend/src/components/departments/department-listing.tsx [Server Component]
    ./frontend/src/app/dashboard/departments/page.tsx [Server Component]

  Client Component SSR:
    ./frontend/src/components/departments/department-table-row.tsx [Client Component SSR]
    ./frontend/src/components/departments/department-table.tsx [Client Component SSR]
    ./frontend/src/components/departments/department-listing.tsx [Client Component SSR]
    ./frontend/src/components/departments/department-listing.tsx [Server Component]
    ./frontend/src/app/dashboard/departments/page.tsx [Server Component]

https://nextjs.org/docs/messages/module-not-found


./frontend/src/components/departments/department-table.tsx:6:1
Module not found: Can't resolve '@/features/pos/components/pos-table'
  [90m 4 |[0m [36mimport[0m { [33mPosTableCard[0m } [36mfrom[0m 
[32m'@/features/pos/components/pos-table-card'[0m;
  [90m 5 |[0m [36mimport[0m { [33mPosTablePagination[0m } [36mfrom[0m 
[32m'@/features/pos/components/pos-table-pagination'[0m;
[31m[1m>[0m [90m 6 |[0m [36mimport[0m {
  [90m   |[0m [31m[1m^^^^^^^[0m
[31m[1m>[0m [90m 7 |[0m   [33mPosTable[0m,
  [90m   |[0m [31m[1m^^^^^^^^^^^[0m
[31m[1m>[0m [90m 8 |[0m   [33mPosTableBody[0m,
  [90m   |[0m [31m[1m^^^^^^^^^^^^^^^[0m
[31m[1m>[0m [90m 9 |[0m   [33mPosTableHead[0m,
  [90m   |[0m [31m[1m^^^^^^^^^^^^^^^[0m
[31m[1m>[0m [90m10 |[0m   [33mPosTableHeaderCell[0m
  [90m   |[0m [31m[1m^^^^^^^^^^^^^^^^^^^^[0m
[31m[1m>[0m [90m11 |[0m } [36mfrom[0m [32m'@/features/pos/components/pos-table'[0m;
  [90m   |[0m [31m[1m^^^^^^^^^^^^^^^^^^^^^^^^^^^^^^^^^^^^^^^^^^^^^[0m
  [90m12 |[0m [36mimport[0m { showToast } [36mfrom[0m [32m'@/lib/notifications'[0m;
  [90m13 |[0m [36mimport[0m { useDepartments } [36mfrom[0m [32m'@/lib/departments/queries'[0m;
  [90m14 |[0m [36mimport[0m {

Import map: aliased to relative './src/features/pos/components/pos-table' inside of [project]/frontend


Import traces:
  Client Component Browser:
    ./frontend/src/components/departments/department-table.tsx [Client Component Browser]
    ./frontend/src/components/departments/department-listing.tsx [Client Component Browser]
    ./frontend/src/components/departments/department-listing.tsx [Server Component]
    ./frontend/src/app/dashboard/departments/page.tsx [Server Component]

  Client Component SSR:
    ./frontend/src/components/departments/department-table.tsx [Client Component SSR]
    ./frontend/src/components/departments/department-listing.tsx [Client Component SSR]
    ./frontend/src/components/departments/department-listing.tsx [Server Component]
    ./frontend/src/app/dashboard/departments/page.tsx [Server Component]

https://nextjs.org/docs/messages/module-not-found


./frontend/src/components/faculties/faculty-table-row.tsx:3:1
Module not found: Can't resolve '@/features/pos/components/pos-table'
  [90m1 |[0m [32m'use client'[0m;
  [90m2 |[0m
[31m[1m>[0m [90m3 |[0m [36mimport[0m { [33mPosTableCell[0m, [33mPosTableRow[0m } [36mfrom[0m 
[32m'@/features/pos/components/pos-table'[0m;
  [90m  |[0m [31m[1m^^^^^^^^^^^^^^^^^^^^^^^^^^^^^^^^^^^^^^^^^^^^^^^^^^^^^^^^^^^^^^^^^^^^^^^^^^^^^^^^[0m
  [90m4 |[0m [36mimport[0m [36mtype[0m { [33mFacultyRow[0m } [36mfrom[0m 
[32m'@/lib/faculties/services/faculties-table-utils'[0m;
  [90m5 |[0m [36mimport[0m { [33mFacultyRowActions[0m } [36mfrom[0m [32m'./faculty-row-actions'[0m;
  [90m6 |[0m

Import map: aliased to relative './src/features/pos/components/pos-table' inside of [project]/frontend


Import traces:
  Client Component Browser:
    ./frontend/src/components/faculties/faculty-table-row.tsx [Client Component Browser]
    ./frontend/src/components/faculties/faculty-table.tsx [Client Component Browser]
    ./frontend/src/components/faculties/faculty-listing.tsx [Client Component Browser]
    ./frontend/src/components/faculties/faculty-listing.tsx [Server Component]
    ./frontend/src/app/dashboard/faculties/page.tsx [Server Component]

  Client Component SSR:
    ./frontend/src/components/faculties/faculty-table-row.tsx [Client Component SSR]
    ./frontend/src/components/faculties/faculty-table.tsx [Client Component SSR]
    ./frontend/src/components/faculties/faculty-listing.tsx [Client Component SSR]
    ./frontend/src/components/faculties/faculty-listing.tsx [Server Component]
    ./frontend/src/app/dashboard/faculties/page.tsx [Server Component]

https://nextjs.org/docs/messages/module-not-found


./frontend/src/components/faculties/faculty-table.tsx:6:1
Module not found: Can't resolve '@/features/pos/components/pos-table'
  [90m 4 |[0m [36mimport[0m { [33mPosTableCard[0m } [36mfrom[0m 
[32m'@/features/pos/components/pos-table-card'[0m;
  [90m 5 |[0m [36mimport[0m { [33mPosTablePagination[0m } [36mfrom[0m 
[32m'@/features/pos/components/pos-table-pagination'[0m;
[31m[1m>[0m [90m 6 |[0m [36mimport[0m {
  [90m   |[0m [31m[1m^^^^^^^[0m
[31m[1m>[0m [90m 7 |[0m   [33mPosTable[0m,
  [90m   |[0m [31m[1m^^^^^^^^^^^[0m
[31m[1m>[0m [90m 8 |[0m   [33mPosTableBody[0m,
  [90m   |[0m [31m[1m^^^^^^^^^^^^^^^[0m
[31m[1m>[0m [90m 9 |[0m   [33mPosTableHead[0m,
  [90m   |[0m [31m[1m^^^^^^^^^^^^^^^[0m
[31m[1m>[0m [90m10 |[0m   [33mPosTableHeaderCell[0m
  [90m   |[0m [31m[1m^^^^^^^^^^^^^^^^^^^^[0m
[31m[1m>[0m [90m11 |[0m } [36mfrom[0m [32m'@/features/pos/components/pos-table'[0m;
  [90m   |[0m [31m[1m^^^^^^^^^^^^^^^^^^^^^^^^^^^^^^^^^^^^^^^^^^^^^[0m
  [90m12 |[0m [36mimport[0m { useQuery } [36mfrom[0m [32m'@/lib/async-query'[0m;
  [90m13 |[0m [36mimport[0m { showToast } [36mfrom[0m [32m'@/lib/notifications'[0m;
  [90m14 |[0m [36mimport[0m { facultiesQueryOptions } [36mfrom[0m [32m'@/lib/faculties/queries'[0m;

Import map: aliased to relative './src/features/pos/components/pos-table' inside of [project]/frontend


Import traces:
  Client Component Browser:
    ./frontend/src/components/faculties/faculty-table.tsx [Client Component Browser]
    ./frontend/src/components/faculties/faculty-listing.tsx [Client Component Browser]
    ./frontend/src/components/faculties/faculty-listing.tsx [Server Component]
    ./frontend/src/app/dashboard/faculties/page.tsx [Server Component]

  Client Component SSR:
    ./frontend/src/components/faculties/faculty-table.tsx [Client Component SSR]
    ./frontend/src/components/faculties/faculty-listing.tsx [Client Component SSR]
    ./frontend/src/components/faculties/faculty-listing.tsx [Server Component]
    ./frontend/src/app/dashboard/faculties/page.tsx [Server Component]

https://nextjs.org/docs/messages/module-not-found


./frontend/src/components/offices/admin/office-table-row.tsx:4:1
Module not found: Can't resolve '@/features/pos/components/pos-table'
  [90m2 |[0m
  [90m3 |[0m [36mimport[0m { [33mBadge[0m } [36mfrom[0m [32m'@/features/ui/components/badge'[0m;
[31m[1m>[0m [90m4 |[0m [36mimport[0m { [33mPosTableCell[0m, [33mPosTableRow[0m } [36mfrom[0m 
[32m'@/features/pos/components/pos-table'[0m;
  [90m  |[0m [31m[1m^^^^^^^^^^^^^^^^^^^^^^^^^^^^^^^^^^^^^^^^^^^^^^^^^^^^^^^^^^^^^^^^^^^^^^^^^^^^^^^^[0m
  [90m5 |[0m [36mimport[0m [36mtype[0m { [33mSupportOffice[0m } [36mfrom[0m [32m'@/lib/offices/types'[0m;
  [90m6 |[0m [36mimport[0m { [33mOfficeRowActions[0m } [36mfrom[0m [32m'./office-row-actions'[0m;
  [90m7 |[0m

Import map: aliased to relative './src/features/pos/components/pos-table' inside of [project]/frontend


Import traces:
  Client Component Browser:
    ./frontend/src/components/offices/admin/office-table-row.tsx [Client Component Browser]
    ./frontend/src/components/offices/admin/offices-admin-table.tsx [Client Component Browser]
    ./frontend/src/components/offices/admin/offices-admin-page.tsx [Client Component Browser]
    ./frontend/src/components/offices/admin/offices-admin-page.tsx [Server Component]
    ./frontend/src/app/dashboard/admin/offices/page.tsx [Server Component]

  Client Component SSR:
    ./frontend/src/components/offices/admin/office-table-row.tsx [Client Component SSR]
    ./frontend/src/components/offices/admin/offices-admin-table.tsx [Client Component SSR]
    ./frontend/src/components/offices/admin/offices-admin-page.tsx [Client Component SSR]
    ./frontend/src/components/offices/admin/offices-admin-page.tsx [Server Component]
    ./frontend/src/app/dashboard/admin/offices/page.tsx [Server Component]

https://nextjs.org/docs/messages/module-not-found


./frontend/src/components/offices/admin/offices-admin-table.tsx:6:1
Module not found: Can't resolve '@/features/pos/components/pos-table'
  [90m 4 |[0m [36mimport[0m { [33mPosTableCard[0m } [36mfrom[0m 
[32m'@/features/pos/components/pos-table-card'[0m;
  [90m 5 |[0m [36mimport[0m { [33mPosTablePagination[0m } [36mfrom[0m 
[32m'@/features/pos/components/pos-table-pagination'[0m;
[31m[1m>[0m [90m 6 |[0m [36mimport[0m {
  [90m   |[0m [31m[1m^^^^^^^[0m
[31m[1m>[0m [90m 7 |[0m   [33mPosTable[0m,
  [90m   |[0m [31m[1m^^^^^^^^^^^[0m
[31m[1m>[0m [90m 8 |[0m   [33mPosTableBody[0m,
  [90m   |[0m [31m[1m^^^^^^^^^^^^^^^[0m
[31m[1m>[0m [90m 9 |[0m   [33mPosTableHead[0m,
  [90m   |[0m [31m[1m^^^^^^^^^^^^^^^[0m
[31m[1m>[0m [90m10 |[0m   [33mPosTableHeaderCell[0m
  [90m   |[0m [31m[1m^^^^^^^^^^^^^^^^^^^^[0m
[31m[1m>[0m [90m11 |[0m } [36mfrom[0m [32m'@/features/pos/components/pos-table'[0m;
  [90m   |[0m [31m[1m^^^^^^^^^^^^^^^^^^^^^^^^^^^^^^^^^^^^^^^^^^^^^[0m
  [90m12 |[0m [36mimport[0m { showToast } [36mfrom[0m [32m'@/lib/notifications'[0m;
  [90m13 |[0m [36mimport[0m { useOffices } [36mfrom[0m [32m'@/lib/offices/queries'[0m;
  [90m14 |[0m [36mimport[0m [36mtype[0m { [33mSupportOffice[0m } [36mfrom[0m [32m'@/lib/offices/types'[0m;

Import map: aliased to relative './src/features/pos/components/pos-table' inside of [project]/frontend


Import traces:
  Client Component Browser:
    ./frontend/src/components/offices/admin/offices-admin-table.tsx [Client Component Browser]
    ./frontend/src/components/offices/admin/offices-admin-page.tsx [Client Component Browser]
    ./frontend/src/components/offices/admin/offices-admin-page.tsx [Server Component]
    ./frontend/src/app/dashboard/admin/offices/page.tsx [Server Component]

  Client Component SSR:
    ./frontend/src/components/offices/admin/offices-admin-table.tsx [Client Component SSR]
    ./frontend/src/components/offices/admin/offices-admin-page.tsx [Client Component SSR]
    ./frontend/src/components/offices/admin/offices-admin-page.tsx [Server Component]
    ./frontend/src/app/dashboard/admin/offices/page.tsx [Server Component]

https://nextjs.org/docs/messages/module-not-found


./frontend/src/components/programs/program-table-row.tsx:3:1
Module not found: Can't resolve '@/features/pos/components/pos-table'
  [90m1 |[0m [32m'use client'[0m;
  [90m2 |[0m
[31m[1m>[0m [90m3 |[0m [36mimport[0m { [33mPosTableCell[0m, [33mPosTableRow[0m } [36mfrom[0m 
[32m'@/features/pos/components/pos-table'[0m;
  [90m  |[0m [31m[1m^^^^^^^^^^^^^^^^^^^^^^^^^^^^^^^^^^^^^^^^^^^^^^^^^^^^^^^^^^^^^^^^^^^^^^^^^^^^^^^^[0m
  [90m4 |[0m [36mimport[0m [36mtype[0m { [33mProgram[0m } [36mfrom[0m [32m'@/lib/programs/services'[0m;
  [90m5 |[0m [36mimport[0m { [33mProgramRowActions[0m } [36mfrom[0m [32m'./program-row-actions'[0m;
  [90m6 |[0m

Import map: aliased to relative './src/features/pos/components/pos-table' inside of [project]/frontend


Import traces:
  Client Component Browser:
    ./frontend/src/components/programs/program-table-row.tsx [Client Component Browser]
    ./frontend/src/components/programs/programs-table.tsx [Client Component Browser]
    ./frontend/src/components/programs/programs-listing.tsx [Client Component Browser]
    ./frontend/src/components/programs/programs-listing.tsx [Server Component]
    ./frontend/src/app/dashboard/programs/page.tsx [Server Component]

  Client Component SSR:
    ./frontend/src/components/programs/program-table-row.tsx [Client Component SSR]
    ./frontend/src/components/programs/programs-table.tsx [Client Component SSR]
    ./frontend/src/components/programs/programs-listing.tsx [Client Component SSR]
    ./frontend/src/components/programs/programs-listing.tsx [Server Component]
    ./frontend/src/app/dashboard/programs/page.tsx [Server Component]

https://nextjs.org/docs/messages/module-not-found


./frontend/src/components/programs/programs-table.tsx:6:1
Module not found: Can't resolve '@/features/pos/components/pos-table'
  [90m 4 |[0m [36mimport[0m { [33mPosTableCard[0m } [36mfrom[0m 
[32m'@/features/pos/components/pos-table-card'[0m;
  [90m 5 |[0m [36mimport[0m { [33mPosTablePagination[0m } [36mfrom[0m 
[32m'@/features/pos/components/pos-table-pagination'[0m;
[31m[1m>[0m [90m 6 |[0m [36mimport[0m {
  [90m   |[0m [31m[1m^^^^^^^[0m
[31m[1m>[0m [90m 7 |[0m   [33mPosTable[0m,
  [90m   |[0m [31m[1m^^^^^^^^^^^[0m
[31m[1m>[0m [90m 8 |[0m   [33mPosTableBody[0m,
  [90m   |[0m [31m[1m^^^^^^^^^^^^^^^[0m
[31m[1m>[0m [90m 9 |[0m   [33mPosTableHead[0m,
  [90m   |[0m [31m[1m^^^^^^^^^^^^^^^[0m
[31m[1m>[0m [90m10 |[0m   [33mPosTableHeaderCell[0m
  [90m   |[0m [31m[1m^^^^^^^^^^^^^^^^^^^^[0m
[31m[1m>[0m [90m11 |[0m } [36mfrom[0m [32m'@/features/pos/components/pos-table'[0m;
  [90m   |[0m [31m[1m^^^^^^^^^^^^^^^^^^^^^^^^^^^^^^^^^^^^^^^^^^^^^[0m
  [90m12 |[0m [36mimport[0m { showToast } [36mfrom[0m [32m'@/lib/notifications'[0m;
  [90m13 |[0m [36mimport[0m { usePrograms } [36mfrom[0m [32m'@/lib/programs/queries'[0m;
  [90m14 |[0m [36mimport[0m {

Import map: aliased to relative './src/features/pos/components/pos-table' inside of [project]/frontend


Import traces:
  Client Component Browser:
    ./frontend/src/components/programs/programs-table.tsx [Client Component Browser]
    ./frontend/src/components/programs/programs-listing.tsx [Client Component Browser]
    ./frontend/src/components/programs/programs-listing.tsx [Server Component]
    ./frontend/src/app/dashboard/programs/page.tsx [Server Component]

  Client Component SSR:
    ./frontend/src/components/programs/programs-table.tsx [Client Component SSR]
    ./frontend/src/components/programs/programs-listing.tsx [Client Component SSR]
    ./frontend/src/components/programs/programs-listing.tsx [Server Component]
    ./frontend/src/app/dashboard/programs/page.tsx [Server Component]

https://nextjs.org/docs/messages/module-not-found


./frontend/src/components/roles/role-table-row.tsx:3:1
Module not found: Can't resolve '@/features/pos/components/pos-table'
  [90m1 |[0m [32m'use client'[0m;
  [90m2 |[0m
[31m[1m>[0m [90m3 |[0m [36mimport[0m { [33mPosTableCell[0m, [33mPosTableRow[0m } [36mfrom[0m 
[32m'@/features/pos/components/pos-table'[0m;
  [90m  |[0m [31m[1m^^^^^^^^^^^^^^^^^^^^^^^^^^^^^^^^^^^^^^^^^^^^^^^^^^^^^^^^^^^^^^^^^^^^^^^^^^^^^^^^[0m
  [90m4 |[0m [36mimport[0m [36mtype[0m { [33mPlatformRole[0m } [36mfrom[0m [32m'@/lib/roles/types'[0m;
  [90m5 |[0m
  [90m6 |[0m [36mexport[0m [36mfunction[0m [33mRoleTableRow[0m({

Import map: aliased to relative './src/features/pos/components/pos-table' inside of [project]/frontend


Import traces:
  Client Component Browser:
    ./frontend/src/components/roles/role-table-row.tsx [Client Component Browser]
    ./frontend/src/components/roles/roles-admin-table.tsx [Client Component Browser]
    ./frontend/src/components/roles/roles-admin-page.tsx [Client Component Browser]
    ./frontend/src/components/roles/roles-admin-page.tsx [Server Component]
    ./frontend/src/app/dashboard/admin/roles/page.tsx [Server Component]

  Client Component SSR:
    ./frontend/src/components/roles/role-table-row.tsx [Client Component SSR]
    ./frontend/src/components/roles/roles-admin-table.tsx [Client Component SSR]
    ./frontend/src/components/roles/roles-admin-page.tsx [Client Component SSR]
    ./frontend/src/components/roles/roles-admin-page.tsx [Server Component]
    ./frontend/src/app/dashboard/admin/roles/page.tsx [Server Component]

https://nextjs.org/docs/messages/module-not-found


./frontend/src/components/roles/roles-admin-table.tsx:6:1
Module not found: Can't resolve '@/features/pos/components/pos-table'
  [90m 4 |[0m [36mimport[0m { [33mPosTableCard[0m } [36mfrom[0m 
[32m'@/features/pos/components/pos-table-card'[0m;
  [90m 5 |[0m [36mimport[0m { [33mPosTablePagination[0m } [36mfrom[0m 
[32m'@/features/pos/components/pos-table-pagination'[0m;
[31m[1m>[0m [90m 6 |[0m [36mimport[0m {
  [90m   |[0m [31m[1m^^^^^^^[0m
[31m[1m>[0m [90m 7 |[0m   [33mPosTable[0m,
  [90m   |[0m [31m[1m^^^^^^^^^^^[0m
[31m[1m>[0m [90m 8 |[0m   [33mPosTableBody[0m,
  [90m   |[0m [31m[1m^^^^^^^^^^^^^^^[0m
[31m[1m>[0m [90m 9 |[0m   [33mPosTableHead[0m,
  [90m   |[0m [31m[1m^^^^^^^^^^^^^^^[0m
[31m[1m>[0m [90m10 |[0m   [33mPosTableHeaderCell[0m
  [90m   |[0m [31m[1m^^^^^^^^^^^^^^^^^^^^[0m
[31m[1m>[0m [90m11 |[0m } [36mfrom[0m [32m'@/features/pos/components/pos-table'[0m;
  [90m   |[0m [31m[1m^^^^^^^^^^^^^^^^^^^^^^^^^^^^^^^^^^^^^^^^^^^^^[0m
  [90m12 |[0m [36mimport[0m { showToast } [36mfrom[0m [32m'@/lib/notifications'[0m;
  [90m13 |[0m [36mimport[0m { useRoles } [36mfrom[0m [32m'@/lib/roles/queries'[0m;
  [90m14 |[0m [36mimport[0m {

Import map: aliased to relative './src/features/pos/components/pos-table' inside of [project]/frontend


Import traces:
  Client Component Browser:
    ./frontend/src/components/roles/roles-admin-table.tsx [Client Component Browser]
    ./frontend/src/components/roles/roles-admin-page.tsx [Client Component Browser]
    ./frontend/src/components/roles/roles-admin-page.tsx [Server Component]
    ./frontend/src/app/dashboard/admin/roles/page.tsx [Server Component]

  Client Component SSR:
    ./frontend/src/components/roles/roles-admin-table.tsx [Client Component SSR]
    ./frontend/src/components/roles/roles-admin-page.tsx [Client Component SSR]
    ./frontend/src/components/roles/roles-admin-page.tsx [Server Component]
    ./frontend/src/app/dashboard/admin/roles/page.tsx [Server Component]

https://nextjs.org/docs/messages/module-not-found


./frontend/src/components/academic-years-admin/academic-years-table.tsx:4:1
Module not found: Can't resolve '@/features/pos/components/pos-table-card'
  [90m2 |[0m
  [90m3 |[0m [36mimport[0m { useEffect, useMemo, useState } [36mfrom[0m [32m'react'[0m;
[31m[1m>[0m [90m4 |[0m [36mimport[0m { [33mPosTableCard[0m } [36mfrom[0m 
[32m'@/features/pos/components/pos-table-card'[0m;
  [90m  |[0m [31m[1m^^^^^^^^^^^^^^^^^^^^^^^^^^^^^^^^^^^^^^^^^^^^^^^^^^^^^^^^^^^^^^^^^^^^^^^^[0m
  [90m5 |[0m [36mimport[0m { [33mPosTablePagination[0m } [36mfrom[0m 
[32m'@/features/pos/components/pos-table-pagination'[0m;
  [90m6 |[0m [36mimport[0m {
  [90m7 |[0m   [33mPosTable[0m,

Import map: aliased to relative './src/features/pos/components/pos-table-card' inside of [project]/frontend


Import traces:
  Client Component Browser:
    ./frontend/src/components/academic-years-admin/academic-years-table.tsx [Client Component Browser]
    ./frontend/src/components/academic-years-admin/admin-academic-years-page.tsx [Client Component Browser]
    ./frontend/src/app/dashboard/academic-years/page.tsx [Client Component Browser]
    ./frontend/src/app/dashboard/academic-years/page.tsx [Server Component]

  Client Component SSR:
    ./frontend/src/components/academic-years-admin/academic-years-table.tsx [Client Component SSR]
    ./frontend/src/components/academic-years-admin/admin-academic-years-page.tsx [Client Component SSR]
    ./frontend/src/app/dashboard/academic-years/page.tsx [Client Component SSR]
    ./frontend/src/app/dashboard/academic-years/page.tsx [Server Component]

https://nextjs.org/docs/messages/module-not-found


./frontend/src/components/academic-years-admin/semesters-master-table.tsx:4:1
Module not found: Can't resolve '@/features/pos/components/pos-table-card'
  [90m2 |[0m
  [90m3 |[0m [36mimport[0m { useEffect, useMemo, useState } [36mfrom[0m [32m'react'[0m;
[31m[1m>[0m [90m4 |[0m [36mimport[0m { [33mPosTableCard[0m } [36mfrom[0m 
[32m'@/features/pos/components/pos-table-card'[0m;
  [90m  |[0m [31m[1m^^^^^^^^^^^^^^^^^^^^^^^^^^^^^^^^^^^^^^^^^^^^^^^^^^^^^^^^^^^^^^^^^^^^^^^^[0m
  [90m5 |[0m [36mimport[0m { [33mPosTablePagination[0m } [36mfrom[0m 
[32m'@/features/pos/components/pos-table-pagination'[0m;
  [90m6 |[0m [36mimport[0m {
  [90m7 |[0m   [33mPosTable[0m,

Import map: aliased to relative './src/features/pos/components/pos-table-card' inside of [project]/frontend


Import traces:
  Client Component Browser:
    ./frontend/src/components/academic-years-admin/semesters-master-table.tsx [Client Component Browser]
    ./frontend/src/components/academic-years-admin/admin-academic-years-page.tsx [Client Component Browser]
    ./frontend/src/app/dashboard/academic-years/page.tsx [Client Component Browser]
    ./frontend/src/app/dashboard/academic-years/page.tsx [Server Component]

  Client Component SSR:
    ./frontend/src/components/academic-years-admin/semesters-master-table.tsx [Client Component SSR]
    ./frontend/src/components/academic-years-admin/admin-academic-years-page.tsx [Client Component SSR]
    ./frontend/src/app/dashboard/academic-years/page.tsx [Client Component SSR]
    ./frontend/src/app/dashboard/academic-years/page.tsx [Server Component]

https://nextjs.org/docs/messages/module-not-found


./frontend/src/components/batches-admin/batches-admin-table.tsx:4:1
Module not found: Can't resolve '@/features/pos/components/pos-table-card'
  [90m2 |[0m
  [90m3 |[0m [36mimport[0m { useEffect, useMemo, useState } [36mfrom[0m [32m'react'[0m;
[31m[1m>[0m [90m4 |[0m [36mimport[0m { [33mPosTableCard[0m } [36mfrom[0m 
[32m'@/features/pos/components/pos-table-card'[0m;
  [90m  |[0m [31m[1m^^^^^^^^^^^^^^^^^^^^^^^^^^^^^^^^^^^^^^^^^^^^^^^^^^^^^^^^^^^^^^^^^^^^^^^^[0m
  [90m5 |[0m [36mimport[0m { [33mPosTablePagination[0m } [36mfrom[0m 
[32m'@/features/pos/components/pos-table-pagination'[0m;
  [90m6 |[0m [36mimport[0m {
  [90m7 |[0m   [33mPosTable[0m,

Import map: aliased to relative './src/features/pos/components/pos-table-card' inside of [project]/frontend


Import traces:
  Client Component Browser:
    ./frontend/src/components/batches-admin/batches-admin-table.tsx [Client Component Browser]
    ./frontend/src/components/batches-admin/batches-sections-tabs.tsx [Client Component Browser]
    ./frontend/src/components/batches-admin/admin-batches-page.tsx [Client Component Browser]
    ./frontend/src/app/dashboard/batches/page.tsx [Client Component Browser]
    ./frontend/src/app/dashboard/batches/page.tsx [Server Component]

  Client Component SSR:
    ./frontend/src/components/batches-admin/batches-admin-table.tsx [Client Component SSR]
    ./frontend/src/components/batches-admin/batches-sections-tabs.tsx [Client Component SSR]
    ./frontend/src/components/batches-admin/admin-batches-page.tsx [Client Component SSR]
    ./frontend/src/app/dashboard/batches/page.tsx [Client Component SSR]
    ./frontend/src/app/dashboard/batches/page.tsx [Server Component]

https://nextjs.org/docs/messages/module-not-found


./frontend/src/components/batches-admin/sections-admin-table.tsx:4:1
Module not found: Can't resolve '@/features/pos/components/pos-table-card'
  [90m2 |[0m
  [90m3 |[0m [36mimport[0m { useEffect, useMemo, useState } [36mfrom[0m [32m'react'[0m;
[31m[1m>[0m [90m4 |[0m [36mimport[0m { [33mPosTableCard[0m } [36mfrom[0m 
[32m'@/features/pos/components/pos-table-card'[0m;
  [90m  |[0m [31m[1m^^^^^^^^^^^^^^^^^^^^^^^^^^^^^^^^^^^^^^^^^^^^^^^^^^^^^^^^^^^^^^^^^^^^^^^^[0m
  [90m5 |[0m [36mimport[0m { [33mPosTablePagination[0m } [36mfrom[0m 
[32m'@/features/pos/components/pos-table-pagination'[0m;
  [90m6 |[0m [36mimport[0m {
  [90m7 |[0m   [33mPosTable[0m,

Import map: aliased to relative './src/features/pos/components/pos-table-card' inside of [project]/frontend


Import traces:
  Client Component Browser:
    ./frontend/src/components/batches-admin/sections-admin-table.tsx [Client Component Browser]
    ./frontend/src/components/batches-admin/batches-sections-tabs.tsx [Client Component Browser]
    ./frontend/src/components/batches-admin/admin-batches-page.tsx [Client Component Browser]
    ./frontend/src/app/dashboard/batches/page.tsx [Client Component Browser]
    ./frontend/src/app/dashboard/batches/page.tsx [Server Component]

  Client Component SSR:
    ./frontend/src/components/batches-admin/sections-admin-table.tsx [Client Component SSR]
    ./frontend/src/components/batches-admin/batches-sections-tabs.tsx [Client Component SSR]
    ./frontend/src/components/batches-admin/admin-batches-page.tsx [Client Component SSR]
    ./frontend/src/app/dashboard/batches/page.tsx [Client Component SSR]
    ./frontend/src/app/dashboard/batches/page.tsx [Server Component]

https://nextjs.org/docs/messages/module-not-found


./frontend/src/components/departments/department-table.tsx:4:1
Module not found: Can't resolve '@/features/pos/components/pos-table-card'
  [90m2 |[0m
  [90m3 |[0m [36mimport[0m { useEffect, useMemo, useState } [36mfrom[0m [32m'react'[0m;
[31m[1m>[0m [90m4 |[0m [36mimport[0m { [33mPosTableCard[0m } [36mfrom[0m 
[32m'@/features/pos/components/pos-table-card'[0m;
  [90m  |[0m [31m[1m^^^^^^^^^^^^^^^^^^^^^^^^^^^^^^^^^^^^^^^^^^^^^^^^^^^^^^^^^^^^^^^^^^^^^^^^[0m
  [90m5 |[0m [36mimport[0m { [33mPosTablePagination[0m } [36mfrom[0m 
[32m'@/features/pos/components/pos-table-pagination'[0m;
  [90m6 |[0m [36mimport[0m {
  [90m7 |[0m   [33mPosTable[0m,

Import map: aliased to relative './src/features/pos/components/pos-table-card' inside of [project]/frontend


Import traces:
  Client Component Browser:
    ./frontend/src/components/departments/department-table.tsx [Client Component Browser]
    ./frontend/src/components/departments/department-listing.tsx [Client Component Browser]
    ./frontend/src/components/departments/department-listing.tsx [Server Component]
    ./frontend/src/app/dashboard/departments/page.tsx [Server Component]

  Client Component SSR:
    ./frontend/src/components/departments/department-table.tsx [Client Component SSR]
    ./frontend/src/components/departments/department-listing.tsx [Client Component SSR]
    ./frontend/src/components/departments/department-listing.tsx [Server Component]
    ./frontend/src/app/dashboard/departments/page.tsx [Server Component]

https://nextjs.org/docs/messages/module-not-found


./frontend/src/components/faculties/faculty-table.tsx:4:1
Module not found: Can't resolve '@/features/pos/components/pos-table-card'
  [90m2 |[0m
  [90m3 |[0m [36mimport[0m { useEffect, useMemo, useState } [36mfrom[0m [32m'react'[0m;
[31m[1m>[0m [90m4 |[0m [36mimport[0m { [33mPosTableCard[0m } [36mfrom[0m 
[32m'@/features/pos/components/pos-table-card'[0m;
  [90m  |[0m [31m[1m^^^^^^^^^^^^^^^^^^^^^^^^^^^^^^^^^^^^^^^^^^^^^^^^^^^^^^^^^^^^^^^^^^^^^^^^[0m
  [90m5 |[0m [36mimport[0m { [33mPosTablePagination[0m } [36mfrom[0m 
[32m'@/features/pos/components/pos-table-pagination'[0m;
  [90m6 |[0m [36mimport[0m {
  [90m7 |[0m   [33mPosTable[0m,

Import map: aliased to relative './src/features/pos/components/pos-table-card' inside of [project]/frontend


Import traces:
  Client Component Browser:
    ./frontend/src/components/faculties/faculty-table.tsx [Client Component Browser]
    ./frontend/src/components/faculties/faculty-listing.tsx [Client Component Browser]
    ./frontend/src/components/faculties/faculty-listing.tsx [Server Component]
    ./frontend/src/app/dashboard/faculties/page.tsx [Server Component]

  Client Component SSR:
    ./frontend/src/components/faculties/faculty-table.tsx [Client Component SSR]
    ./frontend/src/components/faculties/faculty-listing.tsx [Client Component SSR]
    ./frontend/src/components/faculties/faculty-listing.tsx [Server Component]
    ./frontend/src/app/dashboard/faculties/page.tsx [Server Component]

https://nextjs.org/docs/messages/module-not-found


./frontend/src/components/offices/admin/offices-admin-table.tsx:4:1
Module not found: Can't resolve '@/features/pos/components/pos-table-card'
  [90m2 |[0m
  [90m3 |[0m [36mimport[0m { useEffect, useMemo, useState } [36mfrom[0m [32m'react'[0m;
[31m[1m>[0m [90m4 |[0m [36mimport[0m { [33mPosTableCard[0m } [36mfrom[0m 
[32m'@/features/pos/components/pos-table-card'[0m;
  [90m  |[0m [31m[1m^^^^^^^^^^^^^^^^^^^^^^^^^^^^^^^^^^^^^^^^^^^^^^^^^^^^^^^^^^^^^^^^^^^^^^^^[0m
  [90m5 |[0m [36mimport[0m { [33mPosTablePagination[0m } [36mfrom[0m 
[32m'@/features/pos/components/pos-table-pagination'[0m;
  [90m6 |[0m [36mimport[0m {
  [90m7 |[0m   [33mPosTable[0m,

Import map: aliased to relative './src/features/pos/components/pos-table-card' inside of [project]/frontend


Import traces:
  Client Component Browser:
    ./frontend/src/components/offices/admin/offices-admin-table.tsx [Client Component Browser]
    ./frontend/src/components/offices/admin/offices-admin-page.tsx [Client Component Browser]
    ./frontend/src/components/offices/admin/offices-admin-page.tsx [Server Component]
    ./frontend/src/app/dashboard/admin/offices/page.tsx [Server Component]

  Client Component SSR:
    ./frontend/src/components/offices/admin/offices-admin-table.tsx [Client Component SSR]
    ./frontend/src/components/offices/admin/offices-admin-page.tsx [Client Component SSR]
    ./frontend/src/components/offices/admin/offices-admin-page.tsx [Server Component]
    ./frontend/src/app/dashboard/admin/offices/page.tsx [Server Component]

https://nextjs.org/docs/messages/module-not-found


./frontend/src/components/programs/programs-table.tsx:4:1
Module not found: Can't resolve '@/features/pos/components/pos-table-card'
  [90m2 |[0m
  [90m3 |[0m [36mimport[0m { useEffect, useMemo, useState } [36mfrom[0m [32m'react'[0m;
[31m[1m>[0m [90m4 |[0m [36mimport[0m { [33mPosTableCard[0m } [36mfrom[0m 
[32m'@/features/pos/components/pos-table-card'[0m;
  [90m  |[0m [31m[1m^^^^^^^^^^^^^^^^^^^^^^^^^^^^^^^^^^^^^^^^^^^^^^^^^^^^^^^^^^^^^^^^^^^^^^^^[0m
  [90m5 |[0m [36mimport[0m { [33mPosTablePagination[0m } [36mfrom[0m 
[32m'@/features/pos/components/pos-table-pagination'[0m;
  [90m6 |[0m [36mimport[0m {
  [90m7 |[0m   [33mPosTable[0m,

Import map: aliased to relative './src/features/pos/components/pos-table-card' inside of [project]/frontend


Import traces:
  Client Component Browser:
    ./frontend/src/components/programs/programs-table.tsx [Client Component Browser]
    ./frontend/src/components/programs/programs-listing.tsx [Client Component Browser]
    ./frontend/src/components/programs/programs-listing.tsx [Server Component]
    ./frontend/src/app/dashboard/programs/page.tsx [Server Component]

  Client Component SSR:
    ./frontend/src/components/programs/programs-table.tsx [Client Component SSR]
    ./frontend/src/components/programs/programs-listing.tsx [Client Component SSR]
    ./frontend/src/components/programs/programs-listing.tsx [Server Component]
    ./frontend/src/app/dashboard/programs/page.tsx [Server Component]

https://nextjs.org/docs/messages/module-not-found


./frontend/src/components/roles/roles-admin-table.tsx:4:1
Module not found: Can't resolve '@/features/pos/components/pos-table-card'
  [90m2 |[0m
  [90m3 |[0m [36mimport[0m { useEffect, useMemo, useState } [36mfrom[0m [32m'react'[0m;
[31m[1m>[0m [90m4 |[0m [36mimport[0m { [33mPosTableCard[0m } [36mfrom[0m 
[32m'@/features/pos/components/pos-table-card'[0m;
  [90m  |[0m [31m[1m^^^^^^^^^^^^^^^^^^^^^^^^^^^^^^^^^^^^^^^^^^^^^^^^^^^^^^^^^^^^^^^^^^^^^^^^[0m
  [90m5 |[0m [36mimport[0m { [33mPosTablePagination[0m } [36mfrom[0m 
[32m'@/features/pos/components/pos-table-pagination'[0m;
  [90m6 |[0m [36mimport[0m {
  [90m7 |[0m   [33mPosTable[0m,

Import map: aliased to relative './src/features/pos/components/pos-table-card' inside of [project]/frontend


Import traces:
  Client Component Browser:
    ./frontend/src/components/roles/roles-admin-table.tsx [Client Component Browser]
    ./frontend/src/components/roles/roles-admin-page.tsx [Client Component Browser]
    ./frontend/src/components/roles/roles-admin-page.tsx [Server Component]
    ./frontend/src/app/dashboard/admin/roles/page.tsx [Server Component]

  Client Component SSR:
    ./frontend/src/components/roles/roles-admin-table.tsx [Client Component SSR]
    ./frontend/src/components/roles/roles-admin-page.tsx [Client Component SSR]
    ./frontend/src/components/roles/roles-admin-page.tsx [Server Component]
    ./frontend/src/app/dashboard/admin/roles/page.tsx [Server Component]

https://nextjs.org/docs/messages/module-not-found


./frontend/src/components/academic-years-admin/academic-years-table.tsx:5:1
Module not found: Can't resolve '@/features/pos/components/pos-table-pagination'
  [90m3 |[0m [36mimport[0m { useEffect, useMemo, useState } [36mfrom[0m [32m'react'[0m;
  [90m4 |[0m [36mimport[0m { [33mPosTableCard[0m } [36mfrom[0m 
[32m'@/features/pos/components/pos-table-card'[0m;
[31m[1m>[0m [90m5 |[0m [36mimport[0m { [33mPosTablePagination[0m } [36mfrom[0m 
[32m'@/features/pos/components/pos-table-pagination'[0m;
  [90m  |[0m [31m[1m^^^^^^^^^^^^^^^^^^^^^^^^^^^^^^^^^^^^^^^^^^^^^^^^^^^^^^^^^^^^^^^^^^^^^^^^^^^^^^^^^^^^[0m
  [90m6 |[0m [36mimport[0m {
  [90m7 |[0m   [33mPosTable[0m,
  [90m8 |[0m   [33mPosTableBody[0m,

Import map: aliased to relative './src/features/pos/components/pos-table-pagination' inside of [project]/frontend


Import traces:
  Client Component Browser:
    ./frontend/src/components/academic-years-admin/academic-years-table.tsx [Client Component Browser]
    ./frontend/src/components/academic-years-admin/admin-academic-years-page.tsx [Client Component Browser]
    ./frontend/src/app/dashboard/academic-years/page.tsx [Client Component Browser]
    ./frontend/src/app/dashboard/academic-years/page.tsx [Server Component]

  Client Component SSR:
    ./frontend/src/components/academic-years-admin/academic-years-table.tsx [Client Component SSR]
    ./frontend/src/components/academic-years-admin/admin-academic-years-page.tsx [Client Component SSR]
    ./frontend/src/app/dashboard/academic-years/page.tsx [Client Component SSR]
    ./frontend/src/app/dashboard/academic-years/page.tsx [Server Component]

https://nextjs.org/docs/messages/module-not-found


./frontend/src/components/academic-years-admin/semesters-master-table.tsx:5:1
Module not found: Can't resolve '@/features/pos/components/pos-table-pagination'
  [90m3 |[0m [36mimport[0m { useEffect, useMemo, useState } [36mfrom[0m [32m'react'[0m;
  [90m4 |[0m [36mimport[0m { [33mPosTableCard[0m } [36mfrom[0m 
[32m'@/features/pos/components/pos-table-card'[0m;
[31m[1m>[0m [90m5 |[0m [36mimport[0m { [33mPosTablePagination[0m } [36mfrom[0m 
[32m'@/features/pos/components/pos-table-pagination'[0m;
  [90m  |[0m [31m[1m^^^^^^^^^^^^^^^^^^^^^^^^^^^^^^^^^^^^^^^^^^^^^^^^^^^^^^^^^^^^^^^^^^^^^^^^^^^^^^^^^^^^[0m
  [90m6 |[0m [36mimport[0m {
  [90m7 |[0m   [33mPosTable[0m,
  [90m8 |[0m   [33mPosTableBody[0m,

Import map: aliased to relative './src/features/pos/components/pos-table-pagination' inside of [project]/frontend


Import traces:
  Client Component Browser:
    ./frontend/src/components/academic-years-admin/semesters-master-table.tsx [Client Component Browser]
    ./frontend/src/components/academic-years-admin/admin-academic-years-page.tsx [Client Component Browser]
    ./frontend/src/app/dashboard/academic-years/page.tsx [Client Component Browser]
    ./frontend/src/app/dashboard/academic-years/page.tsx [Server Component]

  Client Component SSR:
    ./frontend/src/components/academic-years-admin/semesters-master-table.tsx [Client Component SSR]
    ./frontend/src/components/academic-years-admin/admin-academic-years-page.tsx [Client Component SSR]
    ./frontend/src/app/dashboard/academic-years/page.tsx [Client Component SSR]
    ./frontend/src/app/dashboard/academic-years/page.tsx [Server Component]

https://nextjs.org/docs/messages/module-not-found


./frontend/src/components/batches-admin/batches-admin-table.tsx:5:1
Module not found: Can't resolve '@/features/pos/components/pos-table-pagination'
  [90m3 |[0m [36mimport[0m { useEffect, useMemo, useState } [36mfrom[0m [32m'react'[0m;
  [90m4 |[0m [36mimport[0m { [33mPosTableCard[0m } [36mfrom[0m 
[32m'@/features/pos/components/pos-table-card'[0m;
[31m[1m>[0m [90m5 |[0m [36mimport[0m { [33mPosTablePagination[0m } [36mfrom[0m 
[32m'@/features/pos/components/pos-table-pagination'[0m;
  [90m  |[0m [31m[1m^^^^^^^^^^^^^^^^^^^^^^^^^^^^^^^^^^^^^^^^^^^^^^^^^^^^^^^^^^^^^^^^^^^^^^^^^^^^^^^^^^^^[0m
  [90m6 |[0m [36mimport[0m {
  [90m7 |[0m   [33mPosTable[0m,
  [90m8 |[0m   [33mPosTableBody[0m,

Import map: aliased to relative './src/features/pos/components/pos-table-pagination' inside of [project]/frontend


Import traces:
  Client Component Browser:
    ./frontend/src/components/batches-admin/batches-admin-table.tsx [Client Component Browser]
    ./frontend/src/components/batches-admin/batches-sections-tabs.tsx [Client Component Browser]
    ./frontend/src/components/batches-admin/admin-batches-page.tsx [Client Component Browser]
    ./frontend/src/app/dashboard/batches/page.tsx [Client Component Browser]
    ./frontend/src/app/dashboard/batches/page.tsx [Server Component]

  Client Component SSR:
    ./frontend/src/components/batches-admin/batches-admin-table.tsx [Client Component SSR]
    ./frontend/src/components/batches-admin/batches-sections-tabs.tsx [Client Component SSR]
    ./frontend/src/components/batches-admin/admin-batches-page.tsx [Client Component SSR]
    ./frontend/src/app/dashboard/batches/page.tsx [Client Component SSR]
    ./frontend/src/app/dashboard/batches/page.tsx [Server Component]

https://nextjs.org/docs/messages/module-not-found


./frontend/src/components/batches-admin/sections-admin-table.tsx:5:1
Module not found: Can't resolve '@/features/pos/components/pos-table-pagination'
  [90m3 |[0m [36mimport[0m { useEffect, useMemo, useState } [36mfrom[0m [32m'react'[0m;
  [90m4 |[0m [36mimport[0m { [33mPosTableCard[0m } [36mfrom[0m 
[32m'@/features/pos/components/pos-table-card'[0m;
[31m[1m>[0m [90m5 |[0m [36mimport[0m { [33mPosTablePagination[0m } [36mfrom[0m 
[32m'@/features/pos/components/pos-table-pagination'[0m;
  [90m  |[0m [31m[1m^^^^^^^^^^^^^^^^^^^^^^^^^^^^^^^^^^^^^^^^^^^^^^^^^^^^^^^^^^^^^^^^^^^^^^^^^^^^^^^^^^^^[0m
  [90m6 |[0m [36mimport[0m {
  [90m7 |[0m   [33mPosTable[0m,
  [90m8 |[0m   [33mPosTableBody[0m,

Import map: aliased to relative './src/features/pos/components/pos-table-pagination' inside of [project]/frontend


Import traces:
  Client Component Browser:
    ./frontend/src/components/batches-admin/sections-admin-table.tsx [Client Component Browser]
    ./frontend/src/components/batches-admin/batches-sections-tabs.tsx [Client Component Browser]
    ./frontend/src/components/batches-admin/admin-batches-page.tsx [Client Component Browser]
    ./frontend/src/app/dashboard/batches/page.tsx [Client Component Browser]
    ./frontend/src/app/dashboard/batches/page.tsx [Server Component]

  Client Component SSR:
    ./frontend/src/components/batches-admin/sections-admin-table.tsx [Client Component SSR]
    ./frontend/src/components/batches-admin/batches-sections-tabs.tsx [Client Component SSR]
    ./frontend/src/components/batches-admin/admin-batches-page.tsx [Client Component SSR]
    ./frontend/src/app/dashboard/batches/page.tsx [Client Component SSR]
    ./frontend/src/app/dashboard/batches/page.tsx [Server Component]

https://nextjs.org/docs/messages/module-not-found


./frontend/src/components/departments/department-table.tsx:5:1
Module not found: Can't resolve '@/features/pos/components/pos-table-pagination'
  [90m3 |[0m [36mimport[0m { useEffect, useMemo, useState } [36mfrom[0m [32m'react'[0m;
  [90m4 |[0m [36mimport[0m { [33mPosTableCard[0m } [36mfrom[0m 
[32m'@/features/pos/components/pos-table-card'[0m;
[31m[1m>[0m [90m5 |[0m [36mimport[0m { [33mPosTablePagination[0m } [36mfrom[0m 
[32m'@/features/pos/components/pos-table-pagination'[0m;
  [90m  |[0m [31m[1m^^^^^^^^^^^^^^^^^^^^^^^^^^^^^^^^^^^^^^^^^^^^^^^^^^^^^^^^^^^^^^^^^^^^^^^^^^^^^^^^^^^^[0m
  [90m6 |[0m [36mimport[0m {
  [90m7 |[0m   [33mPosTable[0m,
  [90m8 |[0m   [33mPosTableBody[0m,

Import map: aliased to relative './src/features/pos/components/pos-table-pagination' inside of [project]/frontend


Import traces:
  Client Component Browser:
    ./frontend/src/components/departments/department-table.tsx [Client Component Browser]
    ./frontend/src/components/departments/department-listing.tsx [Client Component Browser]
    ./frontend/src/components/departments/department-listing.tsx [Server Component]
    ./frontend/src/app/dashboard/departments/page.tsx [Server Component]

  Client Component SSR:
    ./frontend/src/components/departments/department-table.tsx [Client Component SSR]
    ./frontend/src/components/departments/department-listing.tsx [Client Component SSR]
    ./frontend/src/components/departments/department-listing.tsx [Server Component]
    ./frontend/src/app/dashboard/departments/page.tsx [Server Component]

https://nextjs.org/docs/messages/module-not-found


./frontend/src/components/faculties/faculty-table.tsx:5:1
Module not found: Can't resolve '@/features/pos/components/pos-table-pagination'
  [90m3 |[0m [36mimport[0m { useEffect, useMemo, useState } [36mfrom[0m [32m'react'[0m;
  [90m4 |[0m [36mimport[0m { [33mPosTableCard[0m } [36mfrom[0m 
[32m'@/features/pos/components/pos-table-card'[0m;
[31m[1m>[0m [90m5 |[0m [36mimport[0m { [33mPosTablePagination[0m } [36mfrom[0m 
[32m'@/features/pos/components/pos-table-pagination'[0m;
  [90m  |[0m [31m[1m^^^^^^^^^^^^^^^^^^^^^^^^^^^^^^^^^^^^^^^^^^^^^^^^^^^^^^^^^^^^^^^^^^^^^^^^^^^^^^^^^^^^[0m
  [90m6 |[0m [36mimport[0m {
  [90m7 |[0m   [33mPosTable[0m,
  [90m8 |[0m   [33mPosTableBody[0m,

Import map: aliased to relative './src/features/pos/components/pos-table-pagination' inside of [project]/frontend


Import traces:
  Client Component Browser:
    ./frontend/src/components/faculties/faculty-table.tsx [Client Component Browser]
    ./frontend/src/components/faculties/faculty-listing.tsx [Client Component Browser]
    ./frontend/src/components/faculties/faculty-listing.tsx [Server Component]
    ./frontend/src/app/dashboard/faculties/page.tsx [Server Component]

  Client Component SSR:
    ./frontend/src/components/faculties/faculty-table.tsx [Client Component SSR]
    ./frontend/src/components/faculties/faculty-listing.tsx [Client Component SSR]
    ./frontend/src/components/faculties/faculty-listing.tsx [Server Component]
    ./frontend/src/app/dashboard/faculties/page.tsx [Server Component]

https://nextjs.org/docs/messages/module-not-found


./frontend/src/components/offices/admin/offices-admin-table.tsx:5:1
Module not found: Can't resolve '@/features/pos/components/pos-table-pagination'
  [90m3 |[0m [36mimport[0m { useEffect, useMemo, useState } [36mfrom[0m [32m'react'[0m;
  [90m4 |[0m [36mimport[0m { [33mPosTableCard[0m } [36mfrom[0m 
[32m'@/features/pos/components/pos-table-card'[0m;
[31m[1m>[0m [90m5 |[0m [36mimport[0m { [33mPosTablePagination[0m } [36mfrom[0m 
[32m'@/features/pos/components/pos-table-pagination'[0m;
  [90m  |[0m [31m[1m^^^^^^^^^^^^^^^^^^^^^^^^^^^^^^^^^^^^^^^^^^^^^^^^^^^^^^^^^^^^^^^^^^^^^^^^^^^^^^^^^^^^[0m
  [90m6 |[0m [36mimport[0m {
  [90m7 |[0m   [33mPosTable[0m,
  [90m8 |[0m   [33mPosTableBody[0m,

Import map: aliased to relative './src/features/pos/components/pos-table-pagination' inside of [project]/frontend


Import traces:
  Client Component Browser:
    ./frontend/src/components/offices/admin/offices-admin-table.tsx [Client Component Browser]
    ./frontend/src/components/offices/admin/offices-admin-page.tsx [Client Component Browser]
    ./frontend/src/components/offices/admin/offices-admin-page.tsx [Server Component]
    ./frontend/src/app/dashboard/admin/offices/page.tsx [Server Component]

  Client Component SSR:
    ./frontend/src/components/offices/admin/offices-admin-table.tsx [Client Component SSR]
    ./frontend/src/components/offices/admin/offices-admin-page.tsx [Client Component SSR]
    ./frontend/src/components/offices/admin/offices-admin-page.tsx [Server Component]
    ./frontend/src/app/dashboard/admin/offices/page.tsx [Server Component]

https://nextjs.org/docs/messages/module-not-found


./frontend/src/components/programs/programs-table.tsx:5:1
Module not found: Can't resolve '@/features/pos/components/pos-table-pagination'
  [90m3 |[0m [36mimport[0m { useEffect, useMemo, useState } [36mfrom[0m [32m'react'[0m;
  [90m4 |[0m [36mimport[0m { [33mPosTableCard[0m } [36mfrom[0m 
[32m'@/features/pos/components/pos-table-card'[0m;
[31m[1m>[0m [90m5 |[0m [36mimport[0m { [33mPosTablePagination[0m } [36mfrom[0m 
[32m'@/features/pos/components/pos-table-pagination'[0m;
  [90m  |[0m [31m[1m^^^^^^^^^^^^^^^^^^^^^^^^^^^^^^^^^^^^^^^^^^^^^^^^^^^^^^^^^^^^^^^^^^^^^^^^^^^^^^^^^^^^[0m
  [90m6 |[0m [36mimport[0m {
  [90m7 |[0m   [33mPosTable[0m,
  [90m8 |[0m   [33mPosTableBody[0m,

Import map: aliased to relative './src/features/pos/components/pos-table-pagination' inside of [project]/frontend


Import traces:
  Client Component Browser:
    ./frontend/src/components/programs/programs-table.tsx [Client Component Browser]
    ./frontend/src/components/programs/programs-listing.tsx [Client Component Browser]
    ./frontend/src/components/programs/programs-listing.tsx [Server Component]
    ./frontend/src/app/dashboard/programs/page.tsx [Server Component]

  Client Component SSR:
    ./frontend/src/components/programs/programs-table.tsx [Client Component SSR]
    ./frontend/src/components/programs/programs-listing.tsx [Client Component SSR]
    ./frontend/src/components/programs/programs-listing.tsx [Server Component]
    ./frontend/src/app/dashboard/programs/page.tsx [Server Component]

https://nextjs.org/docs/messages/module-not-found


./frontend/src/components/roles/roles-admin-table.tsx:5:1
Module not found: Can't resolve '@/features/pos/components/pos-table-pagination'
  [90m3 |[0m [36mimport[0m { useEffect, useMemo, useState } [36mfrom[0m [32m'react'[0m;
  [90m4 |[0m [36mimport[0m { [33mPosTableCard[0m } [36mfrom[0m 
[32m'@/features/pos/components/pos-table-card'[0m;
[31m[1m>[0m [90m5 |[0m [36mimport[0m { [33mPosTablePagination[0m } [36mfrom[0m 
[32m'@/features/pos/components/pos-table-pagination'[0m;
  [90m  |[0m [31m[1m^^^^^^^^^^^^^^^^^^^^^^^^^^^^^^^^^^^^^^^^^^^^^^^^^^^^^^^^^^^^^^^^^^^^^^^^^^^^^^^^^^^^[0m
  [90m6 |[0m [36mimport[0m {
  [90m7 |[0m   [33mPosTable[0m,
  [90m8 |[0m   [33mPosTableBody[0m,

Import map: aliased to relative './src/features/pos/components/pos-table-pagination' inside of [project]/frontend


Import traces:
  Client Component Browser:
    ./frontend/src/components/roles/roles-admin-table.tsx [Client Component Browser]
    ./frontend/src/components/roles/roles-admin-page.tsx [Client Component Browser]
    ./frontend/src/components/roles/roles-admin-page.tsx [Server Component]
    ./frontend/src/app/dashboard/admin/roles/page.tsx [Server Component]

  Client Component SSR:
    ./frontend/src/components/roles/roles-admin-table.tsx [Client Component SSR]
    ./frontend/src/components/roles/roles-admin-page.tsx [Client Component SSR]
    ./frontend/src/components/roles/roles-admin-page.tsx [Server Component]
    ./frontend/src/app/dashboard/admin/roles/page.tsx [Server Component]

https://nextjs.org/docs/messages/module-not-found


./frontend/src/components/kbar/use-theme-switching.tsx:3:1
Module not found: Can't resolve '@/features/themes/components/active-theme'
  [90m1 |[0m [36mimport[0m { useRegisterActions } [36mfrom[0m [32m'kbar'[0m;
  [90m2 |[0m [36mimport[0m { useTheme } [36mfrom[0m [32m'next-themes'[0m;
[31m[1m>[0m [90m3 |[0m [36mimport[0m { useThemeConfig } [36mfrom[0m 
[32m'@/features/themes/components/active-theme'[0m;
  [90m  |[0m [31m[1m^^^^^^^^^^^^^^^^^^^^^^^^^^^^^^^^^^^^^^^^^^^^^^^^^^^^^^^^^^^^^^^^^^^^^^^^^^^[0m
  [90m4 |[0m [36mimport[0m { [33mTHEMES[0m } [36mfrom[0m [32m'@/features/themes/components/theme.config'[0m;
  [90m5 |[0m
  [90m6 |[0m [36mconst[0m useThemeSwitching = () => {

Import map: aliased to relative './src/features/themes/components/active-theme' inside of [project]/frontend


Import traces:
  Client Component Browser:
    ./frontend/src/components/kbar/use-theme-switching.tsx [Client Component Browser]
    ./frontend/src/components/kbar/index.tsx [Client Component Browser]
    ./frontend/src/app/dashboard/layout.tsx [Client Component Browser]
    ./frontend/src/app/dashboard/layout.tsx [Server Component]

  Client Component SSR:
    ./frontend/src/components/kbar/use-theme-switching.tsx [Client Component SSR]
    ./frontend/src/components/kbar/index.tsx [Client Component SSR]
    ./frontend/src/app/dashboard/layout.tsx [Client Component SSR]
    ./frontend/src/app/dashboard/layout.tsx [Server Component]

https://nextjs.org/docs/messages/module-not-found


./frontend/src/app/layout.tsx:3:1
Module not found: Can't resolve '@/features/themes/components/font.config'
  [90m1 |[0m [36mimport[0m [33mProviders[0m [36mfrom[0m [32m'@/features/layout/components/providers'[0m;
  [90m2 |[0m [36mimport[0m { [33mToaster[0m } [36mfrom[0m [32m'@/features/ui/components/sonner'[0m;
[31m[1m>[0m [90m3 |[0m [36mimport[0m { fontVariables } [36mfrom[0m 
[32m'@/features/themes/components/font.config'[0m;
  [90m  |[0m [31m[1m^^^^^^^^^^^^^^^^^^^^^^^^^^^^^^^^^^^^^^^^^^^^^^^^^^^^^^^^^^^^^^^^^^^^^^^^^[0m
  [90m4 |[0m [36mimport[0m { [33mDEFAULT_THEME[0m, [33mTHEMES[0m } [36mfrom[0m 
[32m'@/features/themes/components/theme.config'[0m;
  [90m5 |[0m [36mimport[0m [33mThemeProvider[0m [36mfrom[0m 
[32m'@/features/themes/components/theme-provider'[0m;
  [90m6 |[0m [36mimport[0m { cn } [36mfrom[0m [32m'@/lib/utils'[0m;

Import map: aliased to relative './src/features/themes/components/font.config' inside of [project]/frontend


https://nextjs.org/docs/messages/module-not-found


./frontend/src/app/layout.tsx:5:1
Module not found: Can't resolve '@/features/themes/components/theme-provider'
  [90m3 |[0m [36mimport[0m { fontVariables } [36mfrom[0m [32m'@/features/themes/components/font.config'[0m;
  [90m4 |[0m [36mimport[0m { [33mDEFAULT_THEME[0m, [33mTHEMES[0m } [36mfrom[0m 
[32m'@/features/themes/components/theme.config'[0m;
[31m[1m>[0m [90m5 |[0m [36mimport[0m [33mThemeProvider[0m [36mfrom[0m 
[32m'@/features/themes/components/theme-provider'[0m;
  [90m  |[0m [31m[1m^^^^^^^^^^^^^^^^^^^^^^^^^^^^^^^^^^^^^^^^^^^^^^^^^^^^^^^^^^^^^^^^^^^^^^^^[0m
  [90m6 |[0m [36mimport[0m { cn } [36mfrom[0m [32m'@/lib/utils'[0m;
  [90m7 |[0m [36mimport[0m [36mtype[0m { [33mMetadata[0m, [33mViewport[0m } [36mfrom[0m [32m'next'[0m;
  [90m8 |[0m [36mimport[0m { cookies } [36mfrom[0m [32m'next/headers'[0m;

Import map: aliased to relative './src/features/themes/components/theme-provider' inside of [project]/frontend


https://nextjs.org/docs/messages/module-not-found


./frontend/src/app/layout.tsx:4:1
Module not found: Can't resolve '@/features/themes/components/theme.config'
  [90m2 |[0m [36mimport[0m { [33mToaster[0m } [36mfrom[0m [32m'@/features/ui/components/sonner'[0m;
  [90m3 |[0m [36mimport[0m { fontVariables } [36mfrom[0m [32m'@/features/themes/components/font.config'[0m;
[31m[1m>[0m [90m4 |[0m [36mimport[0m { [33mDEFAULT_THEME[0m, [33mTHEMES[0m } [36mfrom[0m 
[32m'@/features/themes/components/theme.config'[0m;
  [90m  |[0m [31m[1m^^^^^^^^^^^^^^^^^^^^^^^^^^^^^^^^^^^^^^^^^^^^^^^^^^^^^^^^^^^^^^^^^^^^^^^^^^^^^^^^^^[0m
  [90m5 |[0m [36mimport[0m [33mThemeProvider[0m [36mfrom[0m 
[32m'@/features/themes/components/theme-provider'[0m;
  [90m6 |[0m [36mimport[0m { cn } [36mfrom[0m [32m'@/lib/utils'[0m;
  [90m7 |[0m [36mimport[0m [36mtype[0m { [33mMetadata[0m, [33mViewport[0m } [36mfrom[0m [32m'next'[0m;

Import map: aliased to relative './src/features/themes/components/theme.config' inside of [project]/frontend


https://nextjs.org/docs/messages/module-not-found


./frontend/src/components/kbar/use-theme-switching.tsx:4:1
Module not found: Can't resolve '@/features/themes/components/theme.config'
  [90m2 |[0m [36mimport[0m { useTheme } [36mfrom[0m [32m'next-themes'[0m;
  [90m3 |[0m [36mimport[0m { useThemeConfig } [36mfrom[0m [32m'@/features/themes/components/active-theme'[0m;
[31m[1m>[0m [90m4 |[0m [36mimport[0m { [33mTHEMES[0m } [36mfrom[0m 
[32m'@/features/themes/components/theme.config'[0m;
  [90m  |[0m [31m[1m^^^^^^^^^^^^^^^^^^^^^^^^^^^^^^^^^^^^^^^^^^^^^^^^^^^^^^^^^^^^^^^^^^^[0m
  [90m5 |[0m
  [90m6 |[0m [36mconst[0m useThemeSwitching = () => {
  [90m7 |[0m   [36mconst[0m { theme, setTheme } = useTheme();

Import map: aliased to relative './src/features/themes/components/theme.config' inside of [project]/frontend


Import traces:
  Client Component Browser:
    ./frontend/src/components/kbar/use-theme-switching.tsx [Client Component Browser]
    ./frontend/src/components/kbar/index.tsx [Client Component Browser]
    ./frontend/src/app/dashboard/layout.tsx [Client Component Browser]
    ./frontend/src/app/dashboard/layout.tsx [Server Component]

  Client Component SSR:
    ./frontend/src/components/kbar/use-theme-switching.tsx [Client Component SSR]
    ./frontend/src/components/kbar/index.tsx [Client Component SSR]
    ./frontend/src/app/dashboard/layout.tsx [Client Component SSR]
    ./frontend/src/app/dashboard/layout.tsx [Server Component]

https://nextjs.org/docs/messages/module-not-found


./frontend/src/components/discussions/details/details-about-members.tsx:1:1
Module not found: Can't resolve '@/features/ui/components/accordion'
[31m[1m>[0m [90m1 |[0m [36mimport[0m {
  [90m  |[0m [31m[1m^^^^^^^[0m
[31m[1m>[0m [90m2 |[0m   [33mAccordion[0m,
  [90m  |[0m [31m[1m^^^^^^^^^^^^[0m
[31m[1m>[0m [90m3 |[0m   [33mAccordionContent[0m,
  [90m  |[0m [31m[1m^^^^^^^^^^^^^^^^^^^[0m
[31m[1m>[0m [90m4 |[0m   [33mAccordionItem[0m,
  [90m  |[0m [31m[1m^^^^^^^^^^^^^^^^[0m
[31m[1m>[0m [90m5 |[0m   [33mAccordionTrigger[0m,
  [90m  |[0m [31m[1m^^^^^^^^^^^^^^^^^^^[0m
[31m[1m>[0m [90m6 |[0m } [36mfrom[0m [32m'@/features/ui/components/accordion'[0m
  [90m  |[0m [31m[1m^^^^^^^^^^^^^^^^^^^^^^^^^^^^^^^^^^^^^^^^^^^[0m
  [90m7 |[0m [36mimport[0m { [33mInput[0m } [36mfrom[0m [32m'@/features/ui/components/input'[0m
  [90m8 |[0m [36mimport[0m { [33mIcons[0m } [36mfrom[0m [32m'@/components/icons'[0m
  [90m9 |[0m [36mimport[0m [36mtype[0m { [33mChannelMember[0m, [33mPresenceState[0m } [36mfrom[0m 
[32m'@/lib/discussions/queries/types'[0m

Import map: aliased to relative './src/features/ui/components/accordion' inside of [project]/frontend


Import traces:
  Client Component Browser:
    ./frontend/src/components/discussions/details/details-about-members.tsx [Client Component Browser]
    ./frontend/src/components/discussions/details/details-members-tab.tsx [Client Component Browser]
    ./frontend/src/components/discussions/details/details-panel.tsx [Client Component Browser]
    ./frontend/src/components/discussions/channel/channel-pane/channel-pane.tsx [Client Component Browser]
    ./frontend/src/app/dashboard/messages/page.tsx [Client Component Browser]
    ./frontend/src/app/dashboard/messages/page.tsx [Server Component]

  Client Component SSR:
    ./frontend/src/components/discussions/details/details-about-members.tsx [Client Component SSR]
    ./frontend/src/components/discussions/details/details-members-tab.tsx [Client Component SSR]
    ./frontend/src/components/discussions/details/details-panel.tsx [Client Component SSR]
    ./frontend/src/components/discussions/channel/channel-pane/channel-pane.tsx [Client Component SSR]
    ./frontend/src/app/dashboard/messages/page.tsx [Client Component SSR]
    ./frontend/src/app/dashboard/messages/page.tsx [Server Component]

https://nextjs.org/docs/messages/module-not-found


./frontend/src/app/dashboard/audit-logs/page.tsx:4:1
Module not found: Can't resolve '@/features/ui/components/alert'
  [90m2 |[0m
  [90m3 |[0m [36mimport[0m { [33mIcons[0m } [36mfrom[0m [32m'@/components/icons'[0m;
[31m[1m>[0m [90m4 |[0m [36mimport[0m { [33mAlert[0m, [33mAlertDescription[0m } [36mfrom[0m 
[32m'@/features/ui/components/alert'[0m;
  [90m  |[0m [31m[1m^^^^^^^^^^^^^^^^^^^^^^^^^^^^^^^^^^^^^^^^^^^^^^^^^^^^^^^^^^^^^^^^^^^^^^^^^[0m
  [90m5 |[0m [36mimport[0m { [33mAuditLogsView[0m } [36mfrom[0m 
[32m'@/components/admin/audit-logs/audit-logs-view'[0m;
  [90m6 |[0m [36mimport[0m { useAuthStore } [36mfrom[0m [32m'@/lib/auth-store'[0m;
  [90m7 |[0m

Import map: aliased to relative './src/features/ui/components/alert' inside of [project]/frontend


Import traces:
  Client Component Browser:
    ./frontend/src/app/dashboard/audit-logs/page.tsx [Client Component Browser]
    ./frontend/src/app/dashboard/audit-logs/page.tsx [Server Component]

  Client Component SSR:
    ./frontend/src/app/dashboard/audit-logs/page.tsx [Client Component SSR]
    ./frontend/src/app/dashboard/audit-logs/page.tsx [Server Component]

https://nextjs.org/docs/messages/module-not-found


./frontend/src/components/offices/admin/offices-admin-page.tsx:7:1
Module not found: Can't resolve '@/features/ui/components/alert'
  [90m 5 |[0m [36mimport[0m [33mPageContainer[0m [36mfrom[0m 
[32m'@/features/layout/components/page-container'[0m;
  [90m 6 |[0m [36mimport[0m { [33mPosPageHeader[0m } [36mfrom[0m 
[32m'@/features/pos/components/pos-page-header'[0m;
[31m[1m>[0m [90m 7 |[0m [36mimport[0m { [33mAlert[0m, [33mAlertDescription[0m } [36mfrom[0m 
[32m'@/features/ui/components/alert'[0m;
  [90m   |[0m [31m[1m^^^^^^^^^^^^^^^^^^^^^^^^^^^^^^^^^^^^^^^^^^^^^^^^^^^^^^^^^^^^^^^^^^^^^^^^^[0m
  [90m 8 |[0m [36mimport[0m { [33mButton[0m } [36mfrom[0m [32m'@/features/ui/components/button'[0m;
  [90m 9 |[0m [36mimport[0m { useQueryClient } [36mfrom[0m [32m'@/lib/async-query'[0m;
  [90m10 |[0m [36mimport[0m { useAuthStore } [36mfrom[0m [32m'@/lib/auth-store'[0m;

Import map: aliased to relative './src/features/ui/components/alert' inside of [project]/frontend


Import trace:
  Server Component:
    ./frontend/src/components/offices/admin/offices-admin-page.tsx
    ./frontend/src/app/dashboard/admin/offices/page.tsx

https://nextjs.org/docs/messages/module-not-found


./frontend/src/components/roles/roles-admin-page.tsx:7:1
Module not found: Can't resolve '@/features/ui/components/alert'
  [90m 5 |[0m [36mimport[0m [33mPageContainer[0m [36mfrom[0m 
[32m'@/features/layout/components/page-container'[0m;
  [90m 6 |[0m [36mimport[0m { [33mPosPageHeader[0m } [36mfrom[0m 
[32m'@/features/pos/components/pos-page-header'[0m;
[31m[1m>[0m [90m 7 |[0m [36mimport[0m { [33mAlert[0m, [33mAlertDescription[0m } [36mfrom[0m 
[32m'@/features/ui/components/alert'[0m;
  [90m   |[0m [31m[1m^^^^^^^^^^^^^^^^^^^^^^^^^^^^^^^^^^^^^^^^^^^^^^^^^^^^^^^^^^^^^^^^^^^^^^^^^[0m
  [90m 8 |[0m [36mimport[0m { useQueryClient } [36mfrom[0m [32m'@/lib/async-query'[0m;
  [90m 9 |[0m [36mimport[0m { useAuthStore } [36mfrom[0m [32m'@/lib/auth-store'[0m;
  [90m10 |[0m [36mimport[0m { roleKeys } [36mfrom[0m [32m'@/lib/roles/queries'[0m;

Import map: aliased to relative './src/features/ui/components/alert' inside of [project]/frontend


Import trace:
  Server Component:
    ./frontend/src/components/roles/roles-admin-page.tsx
    ./frontend/src/app/dashboard/admin/roles/page.tsx

https://nextjs.org/docs/messages/module-not-found


./frontend/src/components/discussions/channel/manage/danger-zone-tab.tsx:5:1
Module not found: Can't resolve '@/features/ui/components/alert-dialog'
  [90m 3 |[0m [36mimport[0m { useState } [36mfrom[0m [32m'react'[0m;
  [90m 4 |[0m [36mimport[0m { [33mButton[0m } [36mfrom[0m [32m'@/features/ui/components/button'[0m;
[31m[1m>[0m [90m 5 |[0m [36mimport[0m {
  [90m   |[0m [31m[1m^^^^^^^[0m
[31m[1m>[0m [90m 6 |[0m   [33mAlertDialog[0m,
  [90m   |[0m [31m[1m^^^^^^^^^^^^^^[0m
[31m[1m>[0m [90m 7 |[0m   [33mAlertDialogAction[0m,
  [90m   |[0m [31m[1m^^^^^^^^^^^^^^^^^^^^[0m
[31m[1m>[0m [90m 8 |[0m   [33mAlertDialogCancel[0m,
  [90m   |[0m [31m[1m^^^^^^^^^^^^^^^^^^^^[0m
[31m[1m>[0m [90m 9 |[0m   [33mAlertDialogContent[0m,
  [90m   |[0m [31m[1m^^^^^^^^^^^^^^^^^^^^^[0m
[31m[1m>[0m [90m10 |[0m   [33mAlertDialogDescription[0m,
  [90m   |[0m [31m[1m^^^^^^^^^^^^^^^^^^^^^^^^^[0m
[31m[1m>[0m [90m11 |[0m   [33mAlertDialogFooter[0m,
  [90m   |[0m [31m[1m^^^^^^^^^^^^^^^^^^^^[0m
[31m[1m>[0m [90m12 |[0m   [33mAlertDialogHeader[0m,
  [90m   |[0m [31m[1m^^^^^^^^^^^^^^^^^^^^[0m
[31m[1m>[0m [90m13 |[0m   [33mAlertDialogTitle[0m
  [90m   |[0m [31m[1m^^^^^^^^^^^^^^^^^^[0m
[31m[1m>[0m [90m14 |[0m } [36mfrom[0m [32m'@/features/ui/components/alert-dialog'[0m;
  [90m   |[0m [31m[1m^^^^^^^^^^^^^^^^^^^^^^^^^^^^^^^^^^^^^^^^^^^^^^^[0m
  [90m15 |[0m [36mimport[0m { [33mInput[0m } [36mfrom[0m [32m'@/features/ui/components/input'[0m;
  [90m16 |[0m [36mimport[0m { [33mLabel[0m } [36mfrom[0m [32m'@/features/ui/components/label'[0m;
  [90m17 |[0m [36mimport[0m { [33mIcons[0m } [36mfrom[0m [32m'@/components/icons'[0m;

Import map: aliased to relative './src/features/ui/components/alert-dialog' inside of [project]/frontend


Import traces:
  Client Component Browser:
    ./frontend/src/components/discussions/channel/manage/danger-zone-tab.tsx [Client Component Browser]
    ./frontend/src/components/discussions/channel/channel-settings/channel-settings-tabs.tsx [Client Component Browser]
    ./frontend/src/components/discussions/channel/channel-settings/channel-settings-dialog.tsx [Client Component 
Browser]
    ./frontend/src/components/discussions/channel/channel-pane/channel-pane.tsx [Client Component Browser]
    ./frontend/src/app/dashboard/messages/page.tsx [Client Component Browser]
    ./frontend/src/app/dashboard/messages/page.tsx [Server Component]

  Client Component SSR:
    ./frontend/src/components/discussions/channel/manage/danger-zone-tab.tsx [Client Component SSR]
    ./frontend/src/components/discussions/channel/channel-settings/channel-settings-tabs.tsx [Client Component SSR]
    ./frontend/src/components/discussions/channel/channel-settings/channel-settings-dialog.tsx [Client Component SSR]
    ./frontend/src/components/discussions/channel/channel-pane/channel-pane.tsx [Client Component SSR]
    ./frontend/src/app/dashboard/messages/page.tsx [Client Component SSR]
    ./frontend/src/app/dashboard/messages/page.tsx [Server Component]

https://nextjs.org/docs/messages/module-not-found


./frontend/src/components/discussions/channel/manage/members/kick-confirm-dialog.tsx:3:1
Module not found: Can't resolve '@/features/ui/components/alert-dialog'
  [90m 1 |[0m [32m'use client'[0m
  [90m 2 |[0m
[31m[1m>[0m [90m 3 |[0m [36mimport[0m {
  [90m   |[0m [31m[1m^^^^^^^[0m
[31m[1m>[0m [90m 4 |[0m   [33mAlertDialog[0m,
  [90m   |[0m [31m[1m^^^^^^^^^^^^^^[0m
[31m[1m>[0m [90m 5 |[0m   [33mAlertDialogAction[0m,
  [90m   |[0m [31m[1m^^^^^^^^^^^^^^^^^^^^[0m
[31m[1m>[0m [90m 6 |[0m   [33mAlertDialogCancel[0m,
  [90m   |[0m [31m[1m^^^^^^^^^^^^^^^^^^^^[0m
[31m[1m>[0m [90m 7 |[0m   [33mAlertDialogContent[0m,
  [90m   |[0m [31m[1m^^^^^^^^^^^^^^^^^^^^^[0m
[31m[1m>[0m [90m 8 |[0m   [33mAlertDialogDescription[0m,
  [90m   |[0m [31m[1m^^^^^^^^^^^^^^^^^^^^^^^^^[0m
[31m[1m>[0m [90m 9 |[0m   [33mAlertDialogFooter[0m,
  [90m   |[0m [31m[1m^^^^^^^^^^^^^^^^^^^^[0m
[31m[1m>[0m [90m10 |[0m   [33mAlertDialogHeader[0m,
  [90m   |[0m [31m[1m^^^^^^^^^^^^^^^^^^^^[0m
[31m[1m>[0m [90m11 |[0m   [33mAlertDialogTitle[0m,
  [90m   |[0m [31m[1m^^^^^^^^^^^^^^^^^^^[0m
[31m[1m>[0m [90m12 |[0m } [36mfrom[0m [32m'@/features/ui/components/alert-dialog'[0m
  [90m   |[0m [31m[1m^^^^^^^^^^^^^^^^^^^^^^^^^^^^^^^^^^^^^^^^^^^^^^[0m
  [90m13 |[0m [36mimport[0m { [33mIcons[0m } [36mfrom[0m [32m'@/components/icons'[0m
  [90m14 |[0m [36mimport[0m [36mtype[0m { [33mChannelMember[0m } [36mfrom[0m 
[32m'@/lib/discussions/queries'[0m
  [90m15 |[0m

Import map: aliased to relative './src/features/ui/components/alert-dialog' inside of [project]/frontend


Import traces:
  Client Component Browser:
    ./frontend/src/components/discussions/channel/manage/members/kick-confirm-dialog.tsx [Client Component Browser]
    ./frontend/src/components/discussions/channel/manage/members/members-tab.tsx [Client Component Browser]
    ./frontend/src/components/discussions/channel/channel-settings/channel-settings-tabs.tsx [Client Component Browser]
    ./frontend/src/components/discussions/channel/channel-settings/channel-settings-dialog.tsx [Client Component 
Browser]
    ./frontend/src/components/discussions/channel/channel-pane/channel-pane.tsx [Client Component Browser]
    ./frontend/src/app/dashboard/messages/page.tsx [Client Component Browser]
    ./frontend/src/app/dashboard/messages/page.tsx [Server Component]

  Client Component SSR:
    ./frontend/src/components/discussions/channel/manage/members/kick-confirm-dialog.tsx [Client Component SSR]
    ./frontend/src/components/discussions/channel/manage/members/members-tab.tsx [Client Component SSR]
    ./frontend/src/components/discussions/channel/channel-settings/channel-settings-tabs.tsx [Client Component SSR]
    ./frontend/src/components/discussions/channel/channel-settings/channel-settings-dialog.tsx [Client Component SSR]
    ./frontend/src/components/discussions/channel/channel-pane/channel-pane.tsx [Client Component SSR]
    ./frontend/src/app/dashboard/messages/page.tsx [Client Component SSR]
    ./frontend/src/app/dashboard/messages/page.tsx [Server Component]

https://nextjs.org/docs/messages/module-not-found


./frontend/src/components/profile/profile-view/profile-sms-consent-dialog.tsx:3:1
Module not found: Can't resolve '@/features/ui/components/alert-dialog'
  [90m 1 |[0m [32m'use client'[0m;
  [90m 2 |[0m
[31m[1m>[0m [90m 3 |[0m [36mimport[0m {
  [90m   |[0m [31m[1m^^^^^^^[0m
[31m[1m>[0m [90m 4 |[0m   [33mAlertDialog[0m,
  [90m   |[0m [31m[1m^^^^^^^^^^^^^^[0m
[31m[1m>[0m [90m 5 |[0m   [33mAlertDialogAction[0m,
  [90m   |[0m [31m[1m^^^^^^^^^^^^^^^^^^^^[0m
[31m[1m>[0m [90m 6 |[0m   [33mAlertDialogCancel[0m,
  [90m   |[0m [31m[1m^^^^^^^^^^^^^^^^^^^^[0m
[31m[1m>[0m [90m 7 |[0m   [33mAlertDialogContent[0m,
  [90m   |[0m [31m[1m^^^^^^^^^^^^^^^^^^^^^[0m
[31m[1m>[0m [90m 8 |[0m   [33mAlertDialogDescription[0m,
  [90m   |[0m [31m[1m^^^^^^^^^^^^^^^^^^^^^^^^^[0m
[31m[1m>[0m [90m 9 |[0m   [33mAlertDialogFooter[0m,
  [90m   |[0m [31m[1m^^^^^^^^^^^^^^^^^^^^[0m
[31m[1m>[0m [90m10 |[0m   [33mAlertDialogHeader[0m,
  [90m   |[0m [31m[1m^^^^^^^^^^^^^^^^^^^^[0m
[31m[1m>[0m [90m11 |[0m   [33mAlertDialogTitle[0m
  [90m   |[0m [31m[1m^^^^^^^^^^^^^^^^^^[0m
[31m[1m>[0m [90m12 |[0m } [36mfrom[0m [32m'@/features/ui/components/alert-dialog'[0m;
  [90m   |[0m [31m[1m^^^^^^^^^^^^^^^^^^^^^^^^^^^^^^^^^^^^^^^^^^^^^^^[0m
  [90m13 |[0m
  [90m14 |[0m [36minterface[0m [33mProfileSmsConsentDialogProps[0m {
  [90m15 |[0m   open: boolean;

Import map: aliased to relative './src/features/ui/components/alert-dialog' inside of [project]/frontend


Import traces:
  Client Component Browser:
    ./frontend/src/components/profile/profile-view/profile-sms-consent-dialog.tsx [Client Component Browser]
    ./frontend/src/components/profile/profile-view/profile-notifications-card.tsx [Client Component Browser]
    ./frontend/src/components/profile/profile-view-page.tsx [Client Component Browser]
    ./frontend/src/components/profile/profile-view-page.tsx [Server Component]
    ./frontend/src/app/dashboard/profile/[[...profile]]/page.tsx [Server Component]

  Client Component SSR:
    ./frontend/src/components/profile/profile-view/profile-sms-consent-dialog.tsx [Client Component SSR]
    ./frontend/src/components/profile/profile-view/profile-notifications-card.tsx [Client Component SSR]
    ./frontend/src/components/profile/profile-view-page.tsx [Client Component SSR]
    ./frontend/src/components/profile/profile-view-page.tsx [Server Component]
    ./frontend/src/app/dashboard/profile/[[...profile]]/page.tsx [Server Component]

https://nextjs.org/docs/messages/module-not-found


./frontend/src/components/admin/admin-reports/reports-activity.tsx:5:1
Module not found: Can't resolve '@/features/ui/components/avatar'
  [90m3 |[0m [36mimport[0m { [33mBarChart3[0m } [36mfrom[0m [32m'lucide-react'[0m
  [90m4 |[0m [36mimport[0m [36mtype[0m { [33mPlatformAnalytics[0m } [36mfrom[0m 
[32m'@/lib/admin/services'[0m
[31m[1m>[0m [90m5 |[0m [36mimport[0m { [33mAvatar[0m, [33mAvatarFallback[0m } [36mfrom[0m 
[32m'@/features/ui/components/avatar'[0m
  [90m  |[0m [31m[1m^^^^^^^^^^^^^^^^^^^^^^^^^^^^^^^^^^^^^^^^^^^^^^^^^^^^^^^^^^^^^^^^^^^^^^^^[0m
  [90m6 |[0m [36mimport[0m { [33mBadge[0m } [36mfrom[0m [32m'@/features/ui/components/badge'[0m
  [90m7 |[0m
  [90m8 |[0m [36mexport[0m [36mfunction[0m [33mReportsActivity[0m({ data }: { data?: 
[33mPlatformAnalytics[0m }) {

Import map: aliased to relative './src/features/ui/components/avatar' inside of [project]/frontend


Import traces:
  Client Component Browser:
    ./frontend/src/components/admin/admin-reports/reports-activity.tsx [Client Component Browser]
    ./frontend/src/components/admin/admin-reports/admin-reports-dashboard.tsx [Client Component Browser]
    ./frontend/src/app/dashboard/admin/report/page.tsx [Client Component Browser]
    ./frontend/src/app/dashboard/admin/report/page.tsx [Server Component]

  Client Component SSR:
    ./frontend/src/components/admin/admin-reports/reports-activity.tsx [Client Component SSR]
    ./frontend/src/components/admin/admin-reports/admin-reports-dashboard.tsx [Client Component SSR]
    ./frontend/src/app/dashboard/admin/report/page.tsx [Client Component SSR]
    ./frontend/src/app/dashboard/admin/report/page.tsx [Server Component]

https://nextjs.org/docs/messages/module-not-found


./frontend/src/components/admin/audit-logs/audit-log-row.tsx:6:1
Module not found: Can't resolve '@/features/ui/components/avatar'
  [90m4 |[0m [36mimport[0m { [33mClipboardCopy[0m, [33mEye[0m, [33mMoreHorizontal[0m, [33mUser[0m } 
[36mfrom[0m [32m'lucide-react'[0m;
  [90m5 |[0m [36mimport[0m [36mtype[0m { [33mPlatformAuditLogEntry[0m } [36mfrom[0m 
[32m'@/lib/admin/services'[0m;
[31m[1m>[0m [90m6 |[0m [36mimport[0m { [33mAvatar[0m, [33mAvatarFallback[0m } [36mfrom[0m 
[32m'@/features/ui/components/avatar'[0m;
  [90m  |[0m [31m[1m^^^^^^^^^^^^^^^^^^^^^^^^^^^^^^^^^^^^^^^^^^^^^^^^^^^^^^^^^^^^^^^^^^^^^^^^^[0m
  [90m7 |[0m [36mimport[0m { [33mBadge[0m } [36mfrom[0m [32m'@/features/ui/components/badge'[0m;
  [90m8 |[0m [36mimport[0m { [33mButton[0m } [36mfrom[0m [32m'@/features/ui/components/button'[0m;
  [90m9 |[0m [36mimport[0m { [33mCheckbox[0m } [36mfrom[0m [32m'@/features/ui/components/checkbox'[0m;

Import map: aliased to relative './src/features/ui/components/avatar' inside of [project]/frontend


Import traces:
  Client Component Browser:
    ./frontend/src/components/admin/audit-logs/audit-log-row.tsx [Client Component Browser]
    ./frontend/src/components/admin/audit-logs/audit-logs-table.tsx [Client Component Browser]
    ./frontend/src/components/admin/audit-logs/audit-logs-view.tsx [Client Component Browser]
    ./frontend/src/app/dashboard/audit-logs/page.tsx [Client Component Browser]
    ./frontend/src/app/dashboard/audit-logs/page.tsx [Server Component]

  Client Component SSR:
    ./frontend/src/components/admin/audit-logs/audit-log-row.tsx [Client Component SSR]
    ./frontend/src/components/admin/audit-logs/audit-logs-table.tsx [Client Component SSR]
    ./frontend/src/components/admin/audit-logs/audit-logs-view.tsx [Client Component SSR]
    ./frontend/src/app/dashboard/audit-logs/page.tsx [Client Component SSR]
    ./frontend/src/app/dashboard/audit-logs/page.tsx [Server Component]

https://nextjs.org/docs/messages/module-not-found


./frontend/src/components/announcements/announcement-header.tsx:5:1
Module not found: Can't resolve '@/features/ui/components/avatar'
  [90m3 |[0m [36mimport[0m [33mReact[0m, { useMemo } [36mfrom[0m [32m'react'[0m;
  [90m4 |[0m [36mimport[0m { formatDistanceToNowStrict } [36mfrom[0m [32m'date-fns'[0m;
[31m[1m>[0m [90m5 |[0m [36mimport[0m { [33mAvatar[0m, [33mAvatarFallback[0m, [33mAvatarImage[0m } 
[36mfrom[0m [32m'@/features/ui/components/avatar'[0m;
  [90m  |[0m [31m[1m^^^^^^^^^^^^^^^^^^^^^^^^^^^^^^^^^^^^^^^^^^^^^^^^^^^^^^^^^^^^^^^^^^^^^^^^^^^^^^^^^^^^^^[0m
  [90m6 |[0m [36mimport[0m { [33mBadge[0m } [36mfrom[0m [32m'@/features/ui/components/badge'[0m;
  [90m7 |[0m [36mimport[0m { [33mAnnouncement[0m } [36mfrom[0m [32m'@/lib/announcements/types'[0m;
  [90m8 |[0m

Import map: aliased to relative './src/features/ui/components/avatar' inside of [project]/frontend


Import traces:
  Client Component Browser:
    ./frontend/src/components/announcements/announcement-header.tsx [Client Component Browser]
    ./frontend/src/components/announcements/announcement-card-base.tsx [Client Component Browser]
    ./frontend/src/components/announcements/announcement-card.tsx [Client Component Browser]
    ./frontend/src/components/announcements/announcement-feed/feed-card-list.tsx [Client Component Browser]
    ./frontend/src/components/announcements/announcement-feed/feed-body.tsx [Client Component Browser]
    ./frontend/src/components/announcements/announcement-feed/announcement-feed.tsx [Client Component Browser]
    ./frontend/src/components/announcements/announcements-view.tsx [Client Component Browser]
    ./frontend/src/components/announcements/announcements-view.tsx [Server Component]
    ./frontend/src/app/dashboard/announcements/page.tsx [Server Component]

  Client Component SSR:
    ./frontend/src/components/announcements/announcement-header.tsx [Client Component SSR]
    ./frontend/src/components/announcements/announcement-card-base.tsx [Client Component SSR]
    ./frontend/src/components/announcements/announcement-card.tsx [Client Component SSR]
    ./frontend/src/components/announcements/announcement-feed/feed-card-list.tsx [Client Component SSR]
    ./frontend/src/components/announcements/announcement-feed/feed-body.tsx [Client Component SSR]
    ./frontend/src/components/announcements/announcement-feed/announcement-feed.tsx [Client Component SSR]
    ./frontend/src/components/announcements/announcements-view.tsx [Client Component SSR]
    ./frontend/src/components/announcements/announcements-view.tsx [Server Component]
    ./frontend/src/app/dashboard/announcements/page.tsx [Server Component]

https://nextjs.org/docs/messages/module-not-found


./frontend/src/components/discussions/channel/channel-search-result-row.tsx:1:1
Module not found: Can't resolve '@/features/ui/components/avatar'
[31m[1m>[0m [90m1 |[0m [36mimport[0m { [33mAvatar[0m, [33mAvatarFallback[0m } [36mfrom[0m 
[32m'@/features/ui/components/avatar'[0m;
  [90m  |[0m [31m[1m^^^^^^^^^^^^^^^^^^^^^^^^^^^^^^^^^^^^^^^^^^^^^^^^^^^^^^^^^^^^^^^^^^^^^^^^^[0m
  [90m2 |[0m [36mimport[0m { avatarGradient } [36mfrom[0m [32m'@/lib/discussions/services/avatar-color'[0m;
  [90m3 |[0m [36mimport[0m [36mtype[0m { [33mDiscussionMessage[0m } [36mfrom[0m 
[32m'@/lib/discussions/queries/types'[0m;
  [90m4 |[0m [36mimport[0m {

Import map: aliased to relative './src/features/ui/components/avatar' inside of [project]/frontend


Import traces:
  Client Component Browser:
    ./frontend/src/components/discussions/channel/channel-search-result-row.tsx [Client Component Browser]
    ./frontend/src/components/discussions/channel/channel-search-results.tsx [Client Component Browser]
    ./frontend/src/components/discussions/channel/channel-search-popover.tsx [Client Component Browser]
    ./frontend/src/components/discussions/channel/channel-pane/channel-pane-header.tsx [Client Component Browser]
    ./frontend/src/components/discussions/channel/channel-pane/channel-pane.tsx [Client Component Browser]
    ./frontend/src/app/dashboard/messages/page.tsx [Client Component Browser]
    ./frontend/src/app/dashboard/messages/page.tsx [Server Component]

  Client Component SSR:
    ./frontend/src/components/discussions/channel/channel-search-result-row.tsx [Client Component SSR]
    ./frontend/src/components/discussions/channel/channel-search-results.tsx [Client Component SSR]
    ./frontend/src/components/discussions/channel/channel-search-popover.tsx [Client Component SSR]
    ./frontend/src/components/discussions/channel/channel-pane/channel-pane-header.tsx [Client Component SSR]
    ./frontend/src/components/discussions/channel/channel-pane/channel-pane.tsx [Client Component SSR]
    ./frontend/src/app/dashboard/messages/page.tsx [Client Component SSR]
    ./frontend/src/app/dashboard/messages/page.tsx [Server Component]

https://nextjs.org/docs/messages/module-not-found


./frontend/src/components/discussions/channel/manage/members/member-row.tsx:3:1
Module not found: Can't resolve '@/features/ui/components/avatar'
  [90m1 |[0m [32m'use client'[0m
  [90m2 |[0m
[31m[1m>[0m [90m3 |[0m [36mimport[0m { [33mAvatar[0m, [33mAvatarFallback[0m, [33mAvatarImage[0m } 
[36mfrom[0m [32m'@/features/ui/components/avatar'[0m
  [90m  |[0m [31m[1m^^^^^^^^^^^^^^^^^^^^^^^^^^^^^^^^^^^^^^^^^^^^^^^^^^^^^^^^^^^^^^^^^^^^^^^^^^^^^^^^^^^^^[0m
  [90m4 |[0m [36mimport[0m { cn } [36mfrom[0m [32m'@/lib/utils'[0m
  [90m5 |[0m [36mimport[0m { resolvePublicAssetUrl } [36mfrom[0m [32m'@/lib/resolve-public-asset-url'[0m
  [90m6 |[0m [36mimport[0m { [33mPresenceDot[0m } [36mfrom[0m 
[32m'@/components/discussions/details/presence-dot'[0m

Import map: aliased to relative './src/features/ui/components/avatar' inside of [project]/frontend


Import traces:
  Client Component Browser:
    ./frontend/src/components/discussions/channel/manage/members/member-row.tsx [Client Component Browser]
    ./frontend/src/components/discussions/channel/manage/members/members-tab.tsx [Client Component Browser]
    ./frontend/src/components/discussions/channel/channel-settings/channel-settings-tabs.tsx [Client Component Browser]
    ./frontend/src/components/discussions/channel/channel-settings/channel-settings-dialog.tsx [Client Component 
Browser]
    ./frontend/src/components/discussions/channel/channel-pane/channel-pane.tsx [Client Component Browser]
    ./frontend/src/app/dashboard/messages/page.tsx [Client Component Browser]
    ./frontend/src/app/dashboard/messages/page.tsx [Server Component]

  Client Component SSR:
    ./frontend/src/components/discussions/channel/manage/members/member-row.tsx [Client Component SSR]
    ./frontend/src/components/discussions/channel/manage/members/members-tab.tsx [Client Component SSR]
    ./frontend/src/components/discussions/channel/channel-settings/channel-settings-tabs.tsx [Client Component SSR]
    ./frontend/src/components/discussions/channel/channel-settings/channel-settings-dialog.tsx [Client Component SSR]
    ./frontend/src/components/discussions/channel/channel-pane/channel-pane.tsx [Client Component SSR]
    ./frontend/src/app/dashboard/messages/page.tsx [Client Component SSR]
    ./frontend/src/app/dashboard/messages/page.tsx [Server Component]

https://nextjs.org/docs/messages/module-not-found


./frontend/src/components/discussions/channel/manage/permissions/overwrite-card.tsx:3:1
Module not found: Can't resolve '@/features/ui/components/avatar'
  [90m1 |[0m [32m'use client'[0m;
  [90m2 |[0m
[31m[1m>[0m [90m3 |[0m [36mimport[0m { [33mAvatar[0m, [33mAvatarFallback[0m } [36mfrom[0m 
[32m'@/features/ui/components/avatar'[0m;
  [90m  |[0m [31m[1m^^^^^^^^^^^^^^^^^^^^^^^^^^^^^^^^^^^^^^^^^^^^^^^^^^^^^^^^^^^^^^^^^^^^^^^^^[0m
  [90m4 |[0m [36mimport[0m { [33mBadge[0m } [36mfrom[0m [32m'@/features/ui/components/badge'[0m;
  [90m5 |[0m [36mimport[0m { [33mButton[0m } [36mfrom[0m [32m'@/features/ui/components/button'[0m;
  [90m6 |[0m [36mimport[0m { [33mIcons[0m } [36mfrom[0m [32m'@/components/icons'[0m;

Import map: aliased to relative './src/features/ui/components/avatar' inside of [project]/frontend


Import traces:
  Client Component Browser:
    ./frontend/src/components/discussions/channel/manage/permissions/overwrite-card.tsx [Client Component Browser]
    ./frontend/src/components/discussions/channel/manage/permissions/overwrite-list.tsx [Client Component Browser]
    ./frontend/src/components/discussions/channel/manage/permissions/permissions-tab.tsx [Client Component Browser]
    ./frontend/src/components/discussions/channel/channel-settings/channel-settings-tabs.tsx [Client Component Browser]
    ./frontend/src/components/discussions/channel/channel-settings/channel-settings-dialog.tsx [Client Component 
Browser]
    ./frontend/src/components/discussions/channel/channel-pane/channel-pane.tsx [Client Component Browser]
    ./frontend/src/app/dashboard/messages/page.tsx [Client Component Browser]
    ./frontend/src/app/dashboard/messages/page.tsx [Server Component]

  Client Component SSR:
    ./frontend/src/components/discussions/channel/manage/permissions/overwrite-card.tsx [Client Component SSR]
    ./frontend/src/components/discussions/channel/manage/permissions/overwrite-list.tsx [Client Component SSR]
    ./frontend/src/components/discussions/channel/manage/permissions/permissions-tab.tsx [Client Component SSR]
    ./frontend/src/components/discussions/channel/channel-settings/channel-settings-tabs.tsx [Client Component SSR]
    ./frontend/src/components/discussions/channel/channel-settings/channel-settings-dialog.tsx [Client Component SSR]
    ./frontend/src/components/discussions/channel/channel-pane/channel-pane.tsx [Client Component SSR]
    ./frontend/src/app/dashboard/messages/page.tsx [Client Component SSR]
    ./frontend/src/app/dashboard/messages/page.tsx [Server Component]

https://nextjs.org/docs/messages/module-not-found


./frontend/src/components/discussions/channel/message-row/message-row.tsx:3:1
Module not found: Can't resolve '@/features/ui/components/avatar'
  [90m1 |[0m [32m'use client'[0m;
  [90m2 |[0m
[31m[1m>[0m [90m3 |[0m [36mimport[0m { [33mAvatar[0m, [33mAvatarFallback[0m, [33mAvatarImage[0m } 
[36mfrom[0m [32m'@/features/ui/components/avatar'[0m;
  [90m  |[0m [31m[1m^^^^^^^^^^^^^^^^^^^^^^^^^^^^^^^^^^^^^^^^^^^^^^^^^^^^^^^^^^^^^^^^^^^^^^^^^^^^^^^^^^^^^^[0m
  [90m4 |[0m [36mimport[0m { cn } [36mfrom[0m [32m'@/lib/utils'[0m;
  [90m5 |[0m [36mimport[0m { resolvePublicAssetUrl } [36mfrom[0m [32m'@/lib/resolve-public-asset-url'[0m;
  [90m6 |[0m [36mimport[0m { [33mDiscussionReactionPillRow[0m } [36mfrom[0m 
[32m'@/lib/discussions/services/discussion-message-re...[0m

Import map: aliased to relative './src/features/ui/components/avatar' inside of [project]/frontend


Import traces:
  Client Component Browser:
    ./frontend/src/components/discussions/channel/message-row/message-row.tsx [Client Component Browser]
    ./frontend/src/components/discussions/threads/thread-panel.tsx [Client Component Browser]
    ./frontend/src/components/discussions/channel/channel-pane/channel-pane.tsx [Client Component Browser]
    ./frontend/src/app/dashboard/messages/page.tsx [Client Component Browser]
    ./frontend/src/app/dashboard/messages/page.tsx [Server Component]

  Client Component SSR:
    ./frontend/src/components/discussions/channel/message-row/message-row.tsx [Client Component SSR]
    ./frontend/src/components/discussions/threads/thread-panel.tsx [Client Component SSR]
    ./frontend/src/components/discussions/channel/channel-pane/channel-pane.tsx [Client Component SSR]
    ./frontend/src/app/dashboard/messages/page.tsx [Client Component SSR]
    ./frontend/src/app/dashboard/messages/page.tsx [Server Component]

https://nextjs.org/docs/messages/module-not-found


./frontend/src/components/discussions/composer/mention-popover.tsx:4:1
Module not found: Can't resolve '@/features/ui/components/avatar'
  [90m2 |[0m
  [90m3 |[0m [36mimport[0m { useEffect, useRef } [36mfrom[0m [32m'react'[0m;
[31m[1m>[0m [90m4 |[0m [36mimport[0m { [33mAvatar[0m, [33mAvatarFallback[0m } [36mfrom[0m 
[32m'@/features/ui/components/avatar'[0m;
  [90m  |[0m [31m[1m^^^^^^^^^^^^^^^^^^^^^^^^^^^^^^^^^^^^^^^^^^^^^^^^^^^^^^^^^^^^^^^^^^^^^^^^^[0m
  [90m5 |[0m [36mimport[0m { [33mScrollArea[0m } [36mfrom[0m [32m'@/features/ui/components/scroll-area'[0m;
  [90m6 |[0m [36mimport[0m { cn } [36mfrom[0m [32m'@/lib/utils'[0m;
  [90m7 |[0m [36mimport[0m [36mtype[0m { [33mChannelMember[0m } [36mfrom[0m 
[32m'@/lib/discussions/queries/types'[0m;

Import map: aliased to relative './src/features/ui/components/avatar' inside of [project]/frontend


Import traces:
  Client Component Browser:
    ./frontend/src/components/discussions/composer/mention-popover.tsx [Client Component Browser]
    ./frontend/src/components/discussions/composer/message-composer/composer-input.tsx [Client Component Browser]
    ./frontend/src/components/discussions/composer/message-composer/message-composer.tsx [Client Component Browser]
    ./frontend/src/components/discussions/channel/channel-pane/channel-pane.tsx [Client Component Browser]
    ./frontend/src/app/dashboard/messages/page.tsx [Client Component Browser]
    ./frontend/src/app/dashboard/messages/page.tsx [Server Component]

  Client Component SSR:
    ./frontend/src/components/discussions/composer/mention-popover.tsx [Client Component SSR]
    ./frontend/src/components/discussions/composer/message-composer/composer-input.tsx [Client Component SSR]
    ./frontend/src/components/discussions/composer/message-composer/message-composer.tsx [Client Component SSR]
    ./frontend/src/components/discussions/channel/channel-pane/channel-pane.tsx [Client Component SSR]
    ./frontend/src/app/dashboard/messages/page.tsx [Client Component SSR]
    ./frontend/src/app/dashboard/messages/page.tsx [Server Component]

https://nextjs.org/docs/messages/module-not-found


./frontend/src/components/discussions/details/member-row.tsx:1:1
Module not found: Can't resolve '@/features/ui/components/avatar'
[31m[1m>[0m [90m1 |[0m [36mimport[0m { [33mAvatar[0m, [33mAvatarFallback[0m, [33mAvatarImage[0m } 
[36mfrom[0m [32m'@/features/ui/components/avatar'[0m
  [90m  |[0m [31m[1m^^^^^^^^^^^^^^^^^^^^^^^^^^^^^^^^^^^^^^^^^^^^^^^^^^^^^^^^^^^^^^^^^^^^^^^^^^^^^^^^^^^^^[0m
  [90m2 |[0m [36mimport[0m { [33mButton[0m } [36mfrom[0m [32m'@/features/ui/components/button'[0m
  [90m3 |[0m [36mimport[0m { resolvePublicAssetUrl } [36mfrom[0m [32m'@/lib/resolve-public-asset-url'[0m
  [90m4 |[0m [36mimport[0m {

Import map: aliased to relative './src/features/ui/components/avatar' inside of [project]/frontend


Import traces:
  Client Component Browser:
    ./frontend/src/components/discussions/details/member-row.tsx [Client Component Browser]
    ./frontend/src/components/discussions/details/details-about-members.tsx [Client Component Browser]
    ./frontend/src/components/discussions/details/details-members-tab.tsx [Client Component Browser]
    ./frontend/src/components/discussions/details/details-panel.tsx [Client Component Browser]
    ./frontend/src/components/discussions/channel/channel-pane/channel-pane.tsx [Client Component Browser]
    ./frontend/src/app/dashboard/messages/page.tsx [Client Component Browser]
    ./frontend/src/app/dashboard/messages/page.tsx [Server Component]

  Client Component SSR:
    ./frontend/src/components/discussions/details/member-row.tsx [Client Component SSR]
    ./frontend/src/components/discussions/details/details-about-members.tsx [Client Component SSR]
    ./frontend/src/components/discussions/details/details-members-tab.tsx [Client Component SSR]
    ./frontend/src/components/discussions/details/details-panel.tsx [Client Component SSR]
    ./frontend/src/components/discussions/channel/channel-pane/channel-pane.tsx [Client Component SSR]
    ./frontend/src/app/dashboard/messages/page.tsx [Client Component SSR]
    ./frontend/src/app/dashboard/messages/page.tsx [Server Component]

https://nextjs.org/docs/messages/module-not-found


./frontend/src/components/discussions/dms/dm-create/dm-candidate-people-list.tsx:3:1
Module not found: Can't resolve '@/features/ui/components/avatar'
  [90m1 |[0m [32m'use client'[0m
  [90m2 |[0m
[31m[1m>[0m [90m3 |[0m [36mimport[0m { [33mAvatar[0m, [33mAvatarFallback[0m } [36mfrom[0m 
[32m'@/features/ui/components/avatar'[0m
  [90m  |[0m [31m[1m^^^^^^^^^^^^^^^^^^^^^^^^^^^^^^^^^^^^^^^^^^^^^^^^^^^^^^^^^^^^^^^^^^^^^^^^[0m
  [90m4 |[0m [36mimport[0m { [33mIcons[0m } [36mfrom[0m [32m'@/components/icons'[0m
  [90m5 |[0m [36mimport[0m { [33mScrollArea[0m } [36mfrom[0m [32m'@/features/ui/components/scroll-area'[0m
  [90m6 |[0m [36mimport[0m { cn } [36mfrom[0m [32m'@/lib/utils'[0m

Import map: aliased to relative './src/features/ui/components/avatar' inside of [project]/frontend


Import traces:
  Client Component Browser:
    ./frontend/src/components/discussions/dms/dm-create/dm-candidate-people-list.tsx [Client Component Browser]
    ./frontend/src/components/discussions/dms/dm-create/dm-candidate-picker.tsx [Client Component Browser]
    ./frontend/src/components/discussions/dms/dm-add-members/add-members-dialog.tsx [Client Component Browser]
    ./frontend/src/components/discussions/dms/dm-pane/dm-pane.tsx [Client Component Browser]
    ./frontend/src/app/dashboard/messages/page.tsx [Client Component Browser]
    ./frontend/src/app/dashboard/messages/page.tsx [Server Component]

  Client Component SSR:
    ./frontend/src/components/discussions/dms/dm-create/dm-candidate-people-list.tsx [Client Component SSR]
    ./frontend/src/components/discussions/dms/dm-create/dm-candidate-picker.tsx [Client Component SSR]
    ./frontend/src/components/discussions/dms/dm-add-members/add-members-dialog.tsx [Client Component SSR]
    ./frontend/src/components/discussions/dms/dm-pane/dm-pane.tsx [Client Component SSR]
    ./frontend/src/app/dashboard/messages/page.tsx [Client Component SSR]
    ./frontend/src/app/dashboard/messages/page.tsx [Server Component]

https://nextjs.org/docs/messages/module-not-found


./frontend/src/components/discussions/dms/dm-message-avatar.tsx:1:1
Module not found: Can't resolve '@/features/ui/components/avatar'
[31m[1m>[0m [90m1 |[0m [36mimport[0m { [33mAvatar[0m, [33mAvatarFallback[0m, [33mAvatarImage[0m } 
[36mfrom[0m [32m'@/features/ui/components/avatar'[0m
  [90m  |[0m [31m[1m^^^^^^^^^^^^^^^^^^^^^^^^^^^^^^^^^^^^^^^^^^^^^^^^^^^^^^^^^^^^^^^^^^^^^^^^^^^^^^^^^^^^^[0m
  [90m2 |[0m [36mimport[0m { resolvePublicAssetUrl } [36mfrom[0m [32m'@/lib/resolve-public-asset-url'[0m
  [90m3 |[0m [36mimport[0m { avatarGradient } [36mfrom[0m [32m'@/lib/discussions/services/avatar-color'[0m
  [90m4 |[0m

Import map: aliased to relative './src/features/ui/components/avatar' inside of [project]/frontend


Import traces:
  Client Component Browser:
    ./frontend/src/components/discussions/dms/dm-message-avatar.tsx [Client Component Browser]
    ./frontend/src/components/discussions/dms/dm-message-bubble.tsx [Client Component Browser]
    ./frontend/src/components/discussions/dms/dm-message-row.tsx [Client Component Browser]
    ./frontend/src/components/discussions/dms/index.ts [Client Component Browser]
    ./frontend/src/app/dashboard/messages/page.tsx [Client Component Browser]
    ./frontend/src/app/dashboard/messages/page.tsx [Server Component]

  Client Component SSR:
    ./frontend/src/components/discussions/dms/dm-message-avatar.tsx [Client Component SSR]
    ./frontend/src/components/discussions/dms/dm-message-bubble.tsx [Client Component SSR]
    ./frontend/src/components/discussions/dms/dm-message-row.tsx [Client Component SSR]
    ./frontend/src/components/discussions/dms/index.ts [Client Component SSR]
    ./frontend/src/app/dashboard/messages/page.tsx [Client Component SSR]
    ./frontend/src/app/dashboard/messages/page.tsx [Server Component]

https://nextjs.org/docs/messages/module-not-found


./frontend/src/components/discussions/dms/dm-pane/dm-pane-states.tsx:4:1
Module not found: Can't resolve '@/features/ui/components/avatar'
  [90m2 |[0m
  [90m3 |[0m [36mimport[0m { [33mPencil[0m, [33mUser[0m, [33mUsers[0m } [36mfrom[0m [32m'lucide-react'[0m
[31m[1m>[0m [90m4 |[0m [36mimport[0m { [33mAvatar[0m, [33mAvatarFallback[0m, [33mAvatarImage[0m } 
[36mfrom[0m [32m'@/features/ui/components/avatar'[0m
  [90m  |[0m [31m[1m^^^^^^^^^^^^^^^^^^^^^^^^^^^^^^^^^^^^^^^^^^^^^^^^^^^^^^^^^^^^^^^^^^^^^^^^^^^^^^^^^^^^^[0m
  [90m5 |[0m [36mimport[0m { [33mButton[0m } [36mfrom[0m [32m'@/features/ui/components/button'[0m
  [90m6 |[0m [36mimport[0m { resolvePublicAssetUrl } [36mfrom[0m [32m'@/lib/resolve-public-asset-url'[0m
  [90m7 |[0m [36mimport[0m {

Import map: aliased to relative './src/features/ui/components/avatar' inside of [project]/frontend


Import traces:
  Client Component Browser:
    ./frontend/src/components/discussions/dms/dm-pane/dm-pane-states.tsx [Client Component Browser]
    ./frontend/src/components/discussions/dms/dm-pane/dm-pane.tsx [Client Component Browser]
    ./frontend/src/app/dashboard/messages/page.tsx [Client Component Browser]
    ./frontend/src/app/dashboard/messages/page.tsx [Server Component]

  Client Component SSR:
    ./frontend/src/components/discussions/dms/dm-pane/dm-pane-states.tsx [Client Component SSR]
    ./frontend/src/components/discussions/dms/dm-pane/dm-pane.tsx [Client Component SSR]
    ./frontend/src/app/dashboard/messages/page.tsx [Client Component SSR]
    ./frontend/src/app/dashboard/messages/page.tsx [Server Component]

https://nextjs.org/docs/messages/module-not-found


./frontend/src/components/discussions/dms/dm-pane/rename-dm-dialog.tsx:5:1
Module not found: Can't resolve '@/features/ui/components/avatar'
  [90m3 |[0m [36mimport[0m { useEffect, useRef, useState } [36mfrom[0m [32m'react'[0m
  [90m4 |[0m [36mimport[0m { toast } [36mfrom[0m [32m'sonner'[0m
[31m[1m>[0m [90m5 |[0m [36mimport[0m { [33mAvatar[0m, [33mAvatarFallback[0m, [33mAvatarImage[0m } 
[36mfrom[0m [32m'@/features/ui/components/avatar'[0m
  [90m  |[0m [31m[1m^^^^^^^^^^^^^^^^^^^^^^^^^^^^^^^^^^^^^^^^^^^^^^^^^^^^^^^^^^^^^^^^^^^^^^^^^^^^^^^^^^^^^[0m
  [90m6 |[0m [36mimport[0m { [33mButton[0m } [36mfrom[0m [32m'@/features/ui/components/button'[0m
  [90m7 |[0m [36mimport[0m {
  [90m8 |[0m   [33mDialog[0m,

Import map: aliased to relative './src/features/ui/components/avatar' inside of [project]/frontend


Import traces:
  Client Component Browser:
    ./frontend/src/components/discussions/dms/dm-pane/rename-dm-dialog.tsx [Client Component Browser]
    ./frontend/src/components/discussions/dms/dm-pane/dm-pane.tsx [Client Component Browser]
    ./frontend/src/app/dashboard/messages/page.tsx [Client Component Browser]
    ./frontend/src/app/dashboard/messages/page.tsx [Server Component]

  Client Component SSR:
    ./frontend/src/components/discussions/dms/dm-pane/rename-dm-dialog.tsx [Client Component SSR]
    ./frontend/src/components/discussions/dms/dm-pane/dm-pane.tsx [Client Component SSR]
    ./frontend/src/app/dashboard/messages/page.tsx [Client Component SSR]
    ./frontend/src/app/dashboard/messages/page.tsx [Server Component]

https://nextjs.org/docs/messages/module-not-found


./frontend/src/components/discussions/dms/dm-pane/view-members-dialog.tsx:3:1
Module not found: Can't resolve '@/features/ui/components/avatar'
  [90m1 |[0m [32m'use client'[0m
  [90m2 |[0m
[31m[1m>[0m [90m3 |[0m [36mimport[0m { [33mAvatar[0m, [33mAvatarFallback[0m, [33mAvatarImage[0m } 
[36mfrom[0m [32m'@/features/ui/components/avatar'[0m
  [90m  |[0m [31m[1m^^^^^^^^^^^^^^^^^^^^^^^^^^^^^^^^^^^^^^^^^^^^^^^^^^^^^^^^^^^^^^^^^^^^^^^^^^^^^^^^^^^^^[0m
  [90m4 |[0m [36mimport[0m { [33mButton[0m } [36mfrom[0m [32m'@/features/ui/components/button'[0m
  [90m5 |[0m [36mimport[0m {
  [90m6 |[0m   [33mDialog[0m,

Import map: aliased to relative './src/features/ui/components/avatar' inside of [project]/frontend


Import traces:
  Client Component Browser:
    ./frontend/src/components/discussions/dms/dm-pane/view-members-dialog.tsx [Client Component Browser]
    ./frontend/src/components/discussions/dms/dm-pane/dm-pane.tsx [Client Component Browser]
    ./frontend/src/app/dashboard/messages/page.tsx [Client Component Browser]
    ./frontend/src/app/dashboard/messages/page.tsx [Server Component]

  Client Component SSR:
    ./frontend/src/components/discussions/dms/dm-pane/view-members-dialog.tsx [Client Component SSR]
    ./frontend/src/components/discussions/dms/dm-pane/dm-pane.tsx [Client Component SSR]
    ./frontend/src/app/dashboard/messages/page.tsx [Client Component SSR]
    ./frontend/src/app/dashboard/messages/page.tsx [Server Component]

https://nextjs.org/docs/messages/module-not-found


./frontend/src/components/profile/profile-view/profile-avatar-field.tsx:6:1
Module not found: Can't resolve '@/features/ui/components/avatar'
  [90m4 |[0m [36mimport[0m { [33mImageIcon[0m, [33mLoader2[0m, [33mRefreshCcw[0m, [33mTrash2[0m } 
[36mfrom[0m [32m'lucide-react'[0m;
  [90m5 |[0m [36mimport[0m { toast } [36mfrom[0m [32m'sonner'[0m;
[31m[1m>[0m [90m6 |[0m [36mimport[0m { [33mAvatar[0m, [33mAvatarFallback[0m, [33mAvatarImage[0m } 
[36mfrom[0m [32m'@/features/ui/components/avatar'[0m;
  [90m  |[0m [31m[1m^^^^^^^^^^^^^^^^^^^^^^^^^^^^^^^^^^^^^^^^^^^^^^^^^^^^^^^^^^^^^^^^^^^^^^^^^^^^^^^^^^^^^^[0m
  [90m7 |[0m [36mimport[0m { [33mButton[0m } [36mfrom[0m [32m'@/features/ui/components/button'[0m;
  [90m8 |[0m [36mimport[0m { resolvePublicAssetUrl } [36mfrom[0m [32m'@/lib/resolve-public-asset-url'[0m;
  [90m9 |[0m [36mimport[0m {

Import map: aliased to relative './src/features/ui/components/avatar' inside of [project]/frontend


Import traces:
  Client Component Browser:
    ./frontend/src/components/profile/profile-view/profile-avatar-field.tsx [Client Component Browser]
    ./frontend/src/components/profile/profile-view/profile-basic-info-card.tsx [Client Component Browser]
    ./frontend/src/components/profile/profile-view-page.tsx [Client Component Browser]
    ./frontend/src/components/profile/profile-view-page.tsx [Server Component]
    ./frontend/src/app/dashboard/profile/[[...profile]]/page.tsx [Server Component]

  Client Component SSR:
    ./frontend/src/components/profile/profile-view/profile-avatar-field.tsx [Client Component SSR]
    ./frontend/src/components/profile/profile-view/profile-basic-info-card.tsx [Client Component SSR]
    ./frontend/src/components/profile/profile-view-page.tsx [Client Component SSR]
    ./frontend/src/components/profile/profile-view-page.tsx [Server Component]
    ./frontend/src/app/dashboard/profile/[[...profile]]/page.tsx [Server Component]

https://nextjs.org/docs/messages/module-not-found


./frontend/src/components/academic-years-admin/academic-year-table-row.tsx:3:1
Module not found: Can't resolve '@/features/ui/components/badge'
  [90m1 |[0m [32m'use client'[0m;
  [90m2 |[0m
[31m[1m>[0m [90m3 |[0m [36mimport[0m { [33mBadge[0m } [36mfrom[0m [32m'@/features/ui/components/badge'[0m;
  [90m  |[0m [31m[1m^^^^^^^^^^^^^^^^^^^^^^^^^^^^^^^^^^^^^^^^^^^^^^^^^^^^^^^[0m
  [90m4 |[0m [36mimport[0m { [33mPosTableCell[0m, [33mPosTableRow[0m } [36mfrom[0m 
[32m'@/features/pos/components/pos-table'[0m;
  [90m5 |[0m [36mimport[0m [36mtype[0m { [33mAdminAcademicYear[0m } [36mfrom[0m 
[32m'@/lib/academic-years-admin/services'[0m;
  [90m6 |[0m [36mimport[0m { formatDisplayDate } [36mfrom[0m 
[32m'@/lib/academic-years-admin/services/format-dates'[0m;

Import map: aliased to relative './src/features/ui/components/badge' inside of [project]/frontend


Import traces:
  Client Component Browser:
    ./frontend/src/components/academic-years-admin/academic-year-table-row.tsx [Client Component Browser]
    ./frontend/src/components/academic-years-admin/academic-years-table.tsx [Client Component Browser]
    ./frontend/src/components/academic-years-admin/admin-academic-years-page.tsx [Client Component Browser]
    ./frontend/src/app/dashboard/academic-years/page.tsx [Client Component Browser]
    ./frontend/src/app/dashboard/academic-years/page.tsx [Server Component]

  Client Component SSR:
    ./frontend/src/components/academic-years-admin/academic-year-table-row.tsx [Client Component SSR]
    ./frontend/src/components/academic-years-admin/academic-years-table.tsx [Client Component SSR]
    ./frontend/src/components/academic-years-admin/admin-academic-years-page.tsx [Client Component SSR]
    ./frontend/src/app/dashboard/academic-years/page.tsx [Client Component SSR]
    ./frontend/src/app/dashboard/academic-years/page.tsx [Server Component]

https://nextjs.org/docs/messages/module-not-found


./frontend/src/components/admin/admin-reports/reports-activity.tsx:6:1
Module not found: Can't resolve '@/features/ui/components/badge'
  [90m4 |[0m [36mimport[0m [36mtype[0m { [33mPlatformAnalytics[0m } [36mfrom[0m 
[32m'@/lib/admin/services'[0m
  [90m5 |[0m [36mimport[0m { [33mAvatar[0m, [33mAvatarFallback[0m } [36mfrom[0m 
[32m'@/features/ui/components/avatar'[0m
[31m[1m>[0m [90m6 |[0m [36mimport[0m { [33mBadge[0m } [36mfrom[0m [32m'@/features/ui/components/badge'[0m
  [90m  |[0m [31m[1m^^^^^^^^^^^^^^^^^^^^^^^^^^^^^^^^^^^^^^^^^^^^^^^^^^^^^^[0m
  [90m7 |[0m
  [90m8 |[0m [36mexport[0m [36mfunction[0m [33mReportsActivity[0m({ data }: { data?: 
[33mPlatformAnalytics[0m }) {
  [90m9 |[0m   [36mreturn[0m (

Import map: aliased to relative './src/features/ui/components/badge' inside of [project]/frontend


Import traces:
  Client Component Browser:
    ./frontend/src/components/admin/admin-reports/reports-activity.tsx [Client Component Browser]
    ./frontend/src/components/admin/admin-reports/admin-reports-dashboard.tsx [Client Component Browser]
    ./frontend/src/app/dashboard/admin/report/page.tsx [Client Component Browser]
    ./frontend/src/app/dashboard/admin/report/page.tsx [Server Component]

  Client Component SSR:
    ./frontend/src/components/admin/admin-reports/reports-activity.tsx [Client Component SSR]
    ./frontend/src/components/admin/admin-reports/admin-reports-dashboard.tsx [Client Component SSR]
    ./frontend/src/app/dashboard/admin/report/page.tsx [Client Component SSR]
    ./frontend/src/app/dashboard/admin/report/page.tsx [Server Component]

https://nextjs.org/docs/messages/module-not-found


./frontend/src/components/admin/audit-logs/audit-log-detail-sheet.tsx:4:1
Module not found: Can't resolve '@/features/ui/components/badge'
  [90m2 |[0m
  [90m3 |[0m [36mimport[0m [36mtype[0m { [33mPlatformAuditLogEntry[0m } [36mfrom[0m 
[32m'@/lib/admin/services'[0m;
[31m[1m>[0m [90m4 |[0m [36mimport[0m { [33mBadge[0m } [36mfrom[0m [32m'@/features/ui/components/badge'[0m;
  [90m  |[0m [31m[1m^^^^^^^^^^^^^^^^^^^^^^^^^^^^^^^^^^^^^^^^^^^^^^^^^^^^^^^[0m
  [90m5 |[0m [36mimport[0m {
  [90m6 |[0m   [33mSheet[0m,
  [90m7 |[0m   [33mSheetContent[0m,

Import map: aliased to relative './src/features/ui/components/badge' inside of [project]/frontend


Import traces:
  Client Component Browser:
    ./frontend/src/components/admin/audit-logs/audit-log-detail-sheet.tsx [Client Component Browser]
    ./frontend/src/components/admin/audit-logs/audit-logs-view.tsx [Client Component Browser]
    ./frontend/src/app/dashboard/audit-logs/page.tsx [Client Component Browser]
    ./frontend/src/app/dashboard/audit-logs/page.tsx [Server Component]

  Client Component SSR:
    ./frontend/src/components/admin/audit-logs/audit-log-detail-sheet.tsx [Client Component SSR]
    ./frontend/src/components/admin/audit-logs/audit-logs-view.tsx [Client Component SSR]
    ./frontend/src/app/dashboard/audit-logs/page.tsx [Client Component SSR]
    ./frontend/src/app/dashboard/audit-logs/page.tsx [Server Component]

https://nextjs.org/docs/messages/module-not-found


./frontend/src/components/admin/audit-logs/audit-log-row.tsx:7:1
Module not found: Can't resolve '@/features/ui/components/badge'
  [90m 5 |[0m [36mimport[0m [36mtype[0m { [33mPlatformAuditLogEntry[0m } [36mfrom[0m 
[32m'@/lib/admin/services'[0m;
  [90m 6 |[0m [36mimport[0m { [33mAvatar[0m, [33mAvatarFallback[0m } [36mfrom[0m 
[32m'@/features/ui/components/avatar'[0m;
[31m[1m>[0m [90m 7 |[0m [36mimport[0m { [33mBadge[0m } [36mfrom[0m 
[32m'@/features/ui/components/badge'[0m;
  [90m   |[0m [31m[1m^^^^^^^^^^^^^^^^^^^^^^^^^^^^^^^^^^^^^^^^^^^^^^^^^^^^^^^[0m
  [90m 8 |[0m [36mimport[0m { [33mButton[0m } [36mfrom[0m [32m'@/features/ui/components/button'[0m;
  [90m 9 |[0m [36mimport[0m { [33mCheckbox[0m } [36mfrom[0m [32m'@/features/ui/components/checkbox'[0m;
  [90m10 |[0m [36mimport[0m {

Import map: aliased to relative './src/features/ui/components/badge' inside of [project]/frontend


Import traces:
  Client Component Browser:
    ./frontend/src/components/admin/audit-logs/audit-log-row.tsx [Client Component Browser]
    ./frontend/src/components/admin/audit-logs/audit-logs-table.tsx [Client Component Browser]
    ./frontend/src/components/admin/audit-logs/audit-logs-view.tsx [Client Component Browser]
    ./frontend/src/app/dashboard/audit-logs/page.tsx [Client Component Browser]
    ./frontend/src/app/dashboard/audit-logs/page.tsx [Server Component]

  Client Component SSR:
    ./frontend/src/components/admin/audit-logs/audit-log-row.tsx [Client Component SSR]
    ./frontend/src/components/admin/audit-logs/audit-logs-table.tsx [Client Component SSR]
    ./frontend/src/components/admin/audit-logs/audit-logs-view.tsx [Client Component SSR]
    ./frontend/src/app/dashboard/audit-logs/page.tsx [Client Component SSR]
    ./frontend/src/app/dashboard/audit-logs/page.tsx [Server Component]

https://nextjs.org/docs/messages/module-not-found


./frontend/src/components/announcements/acknowledgement-drawer.tsx:13:1
Module not found: Can't resolve '@/features/ui/components/badge'
  [90m11 |[0m } [36mfrom[0m [32m'@/features/ui/components/drawer'[0m;
  [90m12 |[0m [36mimport[0m { [33mButton[0m } [36mfrom[0m [32m'@/features/ui/components/button'[0m;
[31m[1m>[0m [90m13 |[0m [36mimport[0m { [33mBadge[0m } [36mfrom[0m 
[32m'@/features/ui/components/badge'[0m;
  [90m   |[0m [31m[1m^^^^^^^^^^^^^^^^^^^^^^^^^^^^^^^^^^^^^^^^^^^^^^^^^^^^^^^[0m
  [90m14 |[0m [36mimport[0m { [33mScrollArea[0m } [36mfrom[0m [32m'@/features/ui/components/scroll-area'[0m;
  [90m15 |[0m [36mimport[0m {
  [90m16 |[0m   [33mSelect[0m,

Import map: aliased to relative './src/features/ui/components/badge' inside of [project]/frontend


Import traces:
  Client Component Browser:
    ./frontend/src/components/announcements/acknowledgement-drawer.tsx [Client Component Browser]
    ./frontend/src/components/announcements/announcement-analytics-sheet.tsx [Client Component Browser]
    ./frontend/src/components/announcements/announcements-view.tsx [Client Component Browser]
    ./frontend/src/components/announcements/announcements-view.tsx [Server Component]
    ./frontend/src/app/dashboard/announcements/page.tsx [Server Component]

  Client Component SSR:
    ./frontend/src/components/announcements/acknowledgement-drawer.tsx [Client Component SSR]
    ./frontend/src/components/announcements/announcement-analytics-sheet.tsx [Client Component SSR]
    ./frontend/src/components/announcements/announcements-view.tsx [Client Component SSR]
    ./frontend/src/components/announcements/announcements-view.tsx [Server Component]
    ./frontend/src/app/dashboard/announcements/page.tsx [Server Component]

https://nextjs.org/docs/messages/module-not-found


./frontend/src/components/announcements/announcement-feed/feed-header.tsx:4:1
Module not found: Can't resolve '@/features/ui/components/badge'
  [90m2 |[0m
  [90m3 |[0m [36mimport[0m { [33mPlus[0m } [36mfrom[0m [32m'lucide-react'[0m;
[31m[1m>[0m [90m4 |[0m [36mimport[0m { [33mBadge[0m } [36mfrom[0m [32m'@/features/ui/components/badge'[0m;
  [90m  |[0m [31m[1m^^^^^^^^^^^^^^^^^^^^^^^^^^^^^^^^^^^^^^^^^^^^^^^^^^^^^^^[0m
  [90m5 |[0m [36mimport[0m { [33mButton[0m } [36mfrom[0m [32m'@/features/ui/components/button'[0m;
  [90m6 |[0m [36mimport[0m [36mtype[0m { [33mFeedI18n[0m } [36mfrom[0m [32m'./feed-i18n'[0m;
  [90m7 |[0m [36mimport[0m { [33mFeedFiltersBar[0m } [36mfrom[0m [32m'./feed-filters-bar'[0m;

Import map: aliased to relative './src/features/ui/components/badge' inside of [project]/frontend


Import traces:
  Client Component Browser:
    ./frontend/src/components/announcements/announcement-feed/feed-header.tsx [Client Component Browser]
    ./frontend/src/components/announcements/announcement-feed/announcement-feed.tsx [Client Component Browser]
    ./frontend/src/components/announcements/announcements-view.tsx [Client Component Browser]
    ./frontend/src/components/announcements/announcements-view.tsx [Server Component]
    ./frontend/src/app/dashboard/announcements/page.tsx [Server Component]

  Client Component SSR:
    ./frontend/src/components/announcements/announcement-feed/feed-header.tsx [Client Component SSR]
    ./frontend/src/components/announcements/announcement-feed/announcement-feed.tsx [Client Component SSR]
    ./frontend/src/components/announcements/announcements-view.tsx [Client Component SSR]
    ./frontend/src/components/announcements/announcements-view.tsx [Server Component]
    ./frontend/src/app/dashboard/announcements/page.tsx [Server Component]

https://nextjs.org/docs/messages/module-not-found


./frontend/src/components/announcements/announcement-header.tsx:6:1
Module not found: Can't resolve '@/features/ui/components/badge'
  [90m4 |[0m [36mimport[0m { formatDistanceToNowStrict } [36mfrom[0m [32m'date-fns'[0m;
  [90m5 |[0m [36mimport[0m { [33mAvatar[0m, [33mAvatarFallback[0m, [33mAvatarImage[0m } [36mfrom[0m 
[32m'@/features/ui/components/avatar'[0m;
[31m[1m>[0m [90m6 |[0m [36mimport[0m { [33mBadge[0m } [36mfrom[0m [32m'@/features/ui/components/badge'[0m;
  [90m  |[0m [31m[1m^^^^^^^^^^^^^^^^^^^^^^^^^^^^^^^^^^^^^^^^^^^^^^^^^^^^^^^[0m
  [90m7 |[0m [36mimport[0m { [33mAnnouncement[0m } [36mfrom[0m [32m'@/lib/announcements/types'[0m;
  [90m8 |[0m
  [90m9 |[0m [36minterface[0m [33mAnnouncementHeaderProps[0m {

Import map: aliased to relative './src/features/ui/components/badge' inside of [project]/frontend


Import traces:
  Client Component Browser:
    ./frontend/src/components/announcements/announcement-header.tsx [Client Component Browser]
    ./frontend/src/components/announcements/announcement-card-base.tsx [Client Component Browser]
    ./frontend/src/components/announcements/announcement-card.tsx [Client Component Browser]
    ./frontend/src/components/announcements/announcement-feed/feed-card-list.tsx [Client Component Browser]
    ./frontend/src/components/announcements/announcement-feed/feed-body.tsx [Client Component Browser]
    ./frontend/src/components/announcements/announcement-feed/announcement-feed.tsx [Client Component Browser]
    ./frontend/src/components/announcements/announcements-view.tsx [Client Component Browser]
    ./frontend/src/components/announcements/announcements-view.tsx [Server Component]
    ./frontend/src/app/dashboard/announcements/page.tsx [Server Component]

  Client Component SSR:
    ./frontend/src/components/announcements/announcement-header.tsx [Client Component SSR]
    ./frontend/src/components/announcements/announcement-card-base.tsx [Client Component SSR]
    ./frontend/src/components/announcements/announcement-card.tsx [Client Component SSR]
    ./frontend/src/components/announcements/announcement-feed/feed-card-list.tsx [Client Component SSR]
    ./frontend/src/components/announcements/announcement-feed/feed-body.tsx [Client Component SSR]
    ./frontend/src/components/announcements/announcement-feed/announcement-feed.tsx [Client Component SSR]
    ./frontend/src/components/announcements/announcements-view.tsx [Client Component SSR]
    ./frontend/src/components/announcements/announcements-view.tsx [Server Component]
    ./frontend/src/app/dashboard/announcements/page.tsx [Server Component]

https://nextjs.org/docs/messages/module-not-found


./frontend/src/components/batches-admin/batch-table-row.tsx:3:1
Module not found: Can't resolve '@/features/ui/components/badge'
  [90m1 |[0m [32m'use client'[0m;
  [90m2 |[0m
[31m[1m>[0m [90m3 |[0m [36mimport[0m { [33mBadge[0m } [36mfrom[0m [32m'@/features/ui/components/badge'[0m;
  [90m  |[0m [31m[1m^^^^^^^^^^^^^^^^^^^^^^^^^^^^^^^^^^^^^^^^^^^^^^^^^^^^^^^[0m
  [90m4 |[0m [36mimport[0m { [33mPosTableCell[0m, [33mPosTableRow[0m } [36mfrom[0m 
[32m'@/features/pos/components/pos-table'[0m;
  [90m5 |[0m [36mimport[0m [36mtype[0m { [33mAdminBatch[0m } [36mfrom[0m 
[32m'@/lib/batches-admin/services'[0m;
  [90m6 |[0m [36mimport[0m { [33mBatchRowActions[0m } [36mfrom[0m [32m'./batch-row-actions'[0m;

Import map: aliased to relative './src/features/ui/components/badge' inside of [project]/frontend


Import traces:
  Client Component Browser:
    ./frontend/src/components/batches-admin/batch-table-row.tsx [Client Component Browser]
    ./frontend/src/components/batches-admin/batches-admin-table.tsx [Client Component Browser]
    ./frontend/src/components/batches-admin/batches-sections-tabs.tsx [Client Component Browser]
    ./frontend/src/components/batches-admin/admin-batches-page.tsx [Client Component Browser]
    ./frontend/src/app/dashboard/batches/page.tsx [Client Component Browser]
    ./frontend/src/app/dashboard/batches/page.tsx [Server Component]

  Client Component SSR:
    ./frontend/src/components/batches-admin/batch-table-row.tsx [Client Component SSR]
    ./frontend/src/components/batches-admin/batches-admin-table.tsx [Client Component SSR]
    ./frontend/src/components/batches-admin/batches-sections-tabs.tsx [Client Component SSR]
    ./frontend/src/components/batches-admin/admin-batches-page.tsx [Client Component SSR]
    ./frontend/src/app/dashboard/batches/page.tsx [Client Component SSR]
    ./frontend/src/app/dashboard/batches/page.tsx [Server Component]

https://nextjs.org/docs/messages/module-not-found


./frontend/src/components/discussions/channel/manage/permissions/overwrite-card.tsx:4:1
Module not found: Can't resolve '@/features/ui/components/badge'
  [90m2 |[0m
  [90m3 |[0m [36mimport[0m { [33mAvatar[0m, [33mAvatarFallback[0m } [36mfrom[0m 
[32m'@/features/ui/components/avatar'[0m;
[31m[1m>[0m [90m4 |[0m [36mimport[0m { [33mBadge[0m } [36mfrom[0m [32m'@/features/ui/components/badge'[0m;
  [90m  |[0m [31m[1m^^^^^^^^^^^^^^^^^^^^^^^^^^^^^^^^^^^^^^^^^^^^^^^^^^^^^^^[0m
  [90m5 |[0m [36mimport[0m { [33mButton[0m } [36mfrom[0m [32m'@/features/ui/components/button'[0m;
  [90m6 |[0m [36mimport[0m { [33mIcons[0m } [36mfrom[0m [32m'@/components/icons'[0m;
  [90m7 |[0m [36mimport[0m {

Import map: aliased to relative './src/features/ui/components/badge' inside of [project]/frontend


Import traces:
  Client Component Browser:
    ./frontend/src/components/discussions/channel/manage/permissions/overwrite-card.tsx [Client Component Browser]
    ./frontend/src/components/discussions/channel/manage/permissions/overwrite-list.tsx [Client Component Browser]
    ./frontend/src/components/discussions/channel/manage/permissions/permissions-tab.tsx [Client Component Browser]
    ./frontend/src/components/discussions/channel/channel-settings/channel-settings-tabs.tsx [Client Component Browser]
    ./frontend/src/components/discussions/channel/channel-settings/channel-settings-dialog.tsx [Client Component 
Browser]
    ./frontend/src/components/discussions/channel/channel-pane/channel-pane.tsx [Client Component Browser]
    ./frontend/src/app/dashboard/messages/page.tsx [Client Component Browser]
    ./frontend/src/app/dashboard/messages/page.tsx [Server Component]

  Client Component SSR:
    ./frontend/src/components/discussions/channel/manage/permissions/overwrite-card.tsx [Client Component SSR]
    ./frontend/src/components/discussions/channel/manage/permissions/overwrite-list.tsx [Client Component SSR]
    ./frontend/src/components/discussions/channel/manage/permissions/permissions-tab.tsx [Client Component SSR]
    ./frontend/src/components/discussions/channel/channel-settings/channel-settings-tabs.tsx [Client Component SSR]
    ./frontend/src/components/discussions/channel/channel-settings/channel-settings-dialog.tsx [Client Component SSR]
    ./frontend/src/components/discussions/channel/channel-pane/channel-pane.tsx [Client Component SSR]
    ./frontend/src/app/dashboard/messages/page.tsx [Client Component SSR]
    ./frontend/src/app/dashboard/messages/page.tsx [Server Component]

https://nextjs.org/docs/messages/module-not-found


./frontend/src/components/discussions/channel/manage/permissions/permissions-tab.tsx:3:1
Module not found: Can't resolve '@/features/ui/components/badge'
  [90m1 |[0m [32m'use client'[0m;
  [90m2 |[0m
[31m[1m>[0m [90m3 |[0m [36mimport[0m { [33mBadge[0m } [36mfrom[0m [32m'@/features/ui/components/badge'[0m;
  [90m  |[0m [31m[1m^^^^^^^^^^^^^^^^^^^^^^^^^^^^^^^^^^^^^^^^^^^^^^^^^^^^^^^[0m
  [90m4 |[0m [36mimport[0m { [33mSkeleton[0m } [36mfrom[0m [32m'@/features/ui/components/skeleton'[0m;
  [90m5 |[0m [36mimport[0m { [33mTabs[0m, [33mTabsContent[0m, [33mTabsList[0m, [33mTabsTrigger[0m } 
[36mfrom[0m [32m'@/features/ui/components/tabs'[0m;
  [90m6 |[0m [36mimport[0m { [33mIcons[0m } [36mfrom[0m [32m'@/components/icons'[0m;

Import map: aliased to relative './src/features/ui/components/badge' inside of [project]/frontend


Import traces:
  Client Component Browser:
    ./frontend/src/components/discussions/channel/manage/permissions/permissions-tab.tsx [Client Component Browser]
    ./frontend/src/components/discussions/channel/channel-settings/channel-settings-tabs.tsx [Client Component Browser]
    ./frontend/src/components/discussions/channel/channel-settings/channel-settings-dialog.tsx [Client Component 
Browser]
    ./frontend/src/components/discussions/channel/channel-pane/channel-pane.tsx [Client Component Browser]
    ./frontend/src/app/dashboard/messages/page.tsx [Client Component Browser]
    ./frontend/src/app/dashboard/messages/page.tsx [Server Component]

  Client Component SSR:
    ./frontend/src/components/discussions/channel/manage/permissions/permissions-tab.tsx [Client Component SSR]
    ./frontend/src/components/discussions/channel/channel-settings/channel-settings-tabs.tsx [Client Component SSR]
    ./frontend/src/components/discussions/channel/channel-settings/channel-settings-dialog.tsx [Client Component SSR]
    ./frontend/src/components/discussions/channel/channel-pane/channel-pane.tsx [Client Component SSR]
    ./frontend/src/app/dashboard/messages/page.tsx [Client Component SSR]
    ./frontend/src/app/dashboard/messages/page.tsx [Server Component]

https://nextjs.org/docs/messages/module-not-found


./frontend/src/components/offices/admin/office-table-row.tsx:3:1
Module not found: Can't resolve '@/features/ui/components/badge'
  [90m1 |[0m [32m'use client'[0m;
  [90m2 |[0m
[31m[1m>[0m [90m3 |[0m [36mimport[0m { [33mBadge[0m } [36mfrom[0m [32m'@/features/ui/components/badge'[0m;
  [90m  |[0m [31m[1m^^^^^^^^^^^^^^^^^^^^^^^^^^^^^^^^^^^^^^^^^^^^^^^^^^^^^^^[0m
  [90m4 |[0m [36mimport[0m { [33mPosTableCell[0m, [33mPosTableRow[0m } [36mfrom[0m 
[32m'@/features/pos/components/pos-table'[0m;
  [90m5 |[0m [36mimport[0m [36mtype[0m { [33mSupportOffice[0m } [36mfrom[0m [32m'@/lib/offices/types'[0m;
  [90m6 |[0m [36mimport[0m { [33mOfficeRowActions[0m } [36mfrom[0m [32m'./office-row-actions'[0m;

Import map: aliased to relative './src/features/ui/components/badge' inside of [project]/frontend


Import traces:
  Client Component Browser:
    ./frontend/src/components/offices/admin/office-table-row.tsx [Client Component Browser]
    ./frontend/src/components/offices/admin/offices-admin-table.tsx [Client Component Browser]
    ./frontend/src/components/offices/admin/offices-admin-page.tsx [Client Component Browser]
    ./frontend/src/components/offices/admin/offices-admin-page.tsx [Server Component]
    ./frontend/src/app/dashboard/admin/offices/page.tsx [Server Component]

  Client Component SSR:
    ./frontend/src/components/offices/admin/office-table-row.tsx [Client Component SSR]
    ./frontend/src/components/offices/admin/offices-admin-table.tsx [Client Component SSR]
    ./frontend/src/components/offices/admin/offices-admin-page.tsx [Client Component SSR]
    ./frontend/src/components/offices/admin/offices-admin-page.tsx [Server Component]
    ./frontend/src/app/dashboard/admin/offices/page.tsx [Server Component]

https://nextjs.org/docs/messages/module-not-found


./frontend/src/app/dashboard/error.tsx:6:1
Module not found: Can't resolve '@/features/ui/components/button'
  [90m4 |[0m [36mimport[0m { [33mRotateCw[0m } [36mfrom[0m [32m'lucide-react'[0m;
  [90m5 |[0m
[31m[1m>[0m [90m6 |[0m [36mimport[0m { [33mButton[0m } [36mfrom[0m 
[32m'@/features/ui/components/button'[0m;
  [90m  |[0m [31m[1m^^^^^^^^^^^^^^^^^^^^^^^^^^^^^^^^^^^^^^^^^^^^^^^^^^^^^^^^^[0m
  [90m7 |[0m
  [90m8 |[0m /**
  [90m9 |[0m  * [33mRoute[0m-level error boundary [36mfor[0m the dashboard. [33mRenders[0m inside the dashboard

Import map: aliased to relative './src/features/ui/components/button' inside of [project]/frontend


Import traces:
  Client Component Browser:
    ./frontend/src/app/dashboard/error.tsx [Client Component Browser]
    ./frontend/src/app/dashboard/error.tsx [Server Component]

  Client Component SSR:
    ./frontend/src/app/dashboard/error.tsx [Client Component SSR]
    ./frontend/src/app/dashboard/error.tsx [Server Component]

https://nextjs.org/docs/messages/module-not-found


./frontend/src/app/dashboard/me/interests/page.tsx:5:1
Module not found: Can't resolve '@/features/ui/components/button'
  [90m3 |[0m [36mimport[0m { useState, useMemo, useEffect } [36mfrom[0m [32m'react'[0m
  [90m4 |[0m [36mimport[0m [33mLink[0m [36mfrom[0m [32m'next/link'[0m
[31m[1m>[0m [90m5 |[0m [36mimport[0m { [33mButton[0m } [36mfrom[0m 
[32m'@/features/ui/components/button'[0m
  [90m  |[0m [31m[1m^^^^^^^^^^^^^^^^^^^^^^^^^^^^^^^^^^^^^^^^^^^^^^^^^^^^^^^^[0m
  [90m6 |[0m [36mimport[0m { [33mBadge[0m } [36mfrom[0m [32m'@/features/ui/components/badge'[0m
  [90m7 |[0m [36mimport[0m { [33mSkeleton[0m } [36mfrom[0m [32m'@/features/ui/components/skeleton'[0m
  [90m8 |[0m [36mimport[0m { [33mIcons[0m } [36mfrom[0m [32m'@/components/icons'[0m

Import map: aliased to relative './src/features/ui/components/button' inside of [project]/frontend


Import traces:
  Client Component Browser:
    ./frontend/src/app/dashboard/me/interests/page.tsx [Client Component Browser]
    ./frontend/src/app/dashboard/me/interests/page.tsx [Server Component]

  Client Component SSR:
    ./frontend/src/app/dashboard/me/interests/page.tsx [Client Component SSR]
    ./frontend/src/app/dashboard/me/interests/page.tsx [Server Component]

https://nextjs.org/docs/messages/module-not-found


./frontend/src/app/not-found.tsx:5:1
Module not found: Can't resolve '@/features/ui/components/button'
  [90m3 |[0m [36mimport[0m { useRouter } [36mfrom[0m [32m'next/navigation'[0m;
  [90m4 |[0m
[31m[1m>[0m [90m5 |[0m [36mimport[0m { [33mButton[0m } [36mfrom[0m 
[32m'@/features/ui/components/button'[0m;
  [90m  |[0m [31m[1m^^^^^^^^^^^^^^^^^^^^^^^^^^^^^^^^^^^^^^^^^^^^^^^^^^^^^^^^^[0m
  [90m6 |[0m
  [90m7 |[0m [36mexport[0m [36mdefault[0m [36mfunction[0m [33mNotFound[0m() {
  [90m8 |[0m   [36mconst[0m router = useRouter();

Import map: aliased to relative './src/features/ui/components/button' inside of [project]/frontend


Import traces:
  Client Component Browser:
    ./frontend/src/app/not-found.tsx [Client Component Browser]
    ./frontend/src/app/not-found.tsx [Server Component]

  Client Component SSR:
    ./frontend/src/app/not-found.tsx [Client Component SSR]
    ./frontend/src/app/not-found.tsx [Server Component]

https://nextjs.org/docs/messages/module-not-found


./frontend/src/components/academic-years-admin/academic-year-row-actions.tsx:6:1
Module not found: Can't resolve '@/features/ui/components/button'
  [90m4 |[0m [36mimport[0m { [33mIcons[0m } [36mfrom[0m [32m'@/components/icons'[0m;
  [90m5 |[0m [36mimport[0m { [33mAlertModal[0m } [36mfrom[0m 
[32m'@/features/modal/components/alert-modal'[0m;
[31m[1m>[0m [90m6 |[0m [36mimport[0m { [33mButton[0m } [36mfrom[0m 
[32m'@/features/ui/components/button'[0m;
  [90m  |[0m [31m[1m^^^^^^^^^^^^^^^^^^^^^^^^^^^^^^^^^^^^^^^^^^^^^^^^^^^^^^^^^[0m
  [90m7 |[0m [36mimport[0m {
  [90m8 |[0m   [33mDropdownMenu[0m,
  [90m9 |[0m   [33mDropdownMenuContent[0m,

Import map: aliased to relative './src/features/ui/components/button' inside of [project]/frontend


Import traces:
  Client Component Browser:
    ./frontend/src/components/academic-years-admin/academic-year-row-actions.tsx [Client Component Browser]
    ./frontend/src/components/academic-years-admin/academic-year-table-row.tsx [Client Component Browser]
    ./frontend/src/components/academic-years-admin/academic-years-table.tsx [Client Component Browser]
    ./frontend/src/components/academic-years-admin/admin-academic-years-page.tsx [Client Component Browser]
    ./frontend/src/app/dashboard/academic-years/page.tsx [Client Component Browser]
    ./frontend/src/app/dashboard/academic-years/page.tsx [Server Component]

  Client Component SSR:
    ./frontend/src/components/academic-years-admin/academic-year-row-actions.tsx [Client Component SSR]
    ./frontend/src/components/academic-years-admin/academic-year-table-row.tsx [Client Component SSR]
    ./frontend/src/components/academic-years-admin/academic-years-table.tsx [Client Component SSR]
    ./frontend/src/components/academic-years-admin/admin-academic-years-page.tsx [Client Component SSR]
    ./frontend/src/app/dashboard/academic-years/page.tsx [Client Component SSR]
    ./frontend/src/app/dashboard/academic-years/page.tsx [Server Component]

https://nextjs.org/docs/messages/module-not-found


./frontend/src/components/academic-years-admin/academic-year-semesters-dialog.tsx:4:1
Module not found: Can't resolve '@/features/ui/components/button'
  [90m2 |[0m
  [90m3 |[0m [36mimport[0m { useState } [36mfrom[0m [32m'react'[0m;
[31m[1m>[0m [90m4 |[0m [36mimport[0m { [33mButton[0m } [36mfrom[0m 
[32m'@/features/ui/components/button'[0m;
  [90m  |[0m [31m[1m^^^^^^^^^^^^^^^^^^^^^^^^^^^^^^^^^^^^^^^^^^^^^^^^^^^^^^^^^[0m
  [90m5 |[0m [36mimport[0m {
  [90m6 |[0m   [33mDialog[0m,
  [90m7 |[0m   [33mDialogContent[0m,

Import map: aliased to relative './src/features/ui/components/button' inside of [project]/frontend


Import traces:
  Client Component Browser:
    ./frontend/src/components/academic-years-admin/academic-year-semesters-dialog.tsx [Client Component Browser]
    ./frontend/src/components/academic-years-admin/academic-year-row-actions.tsx [Client Component Browser]
    ./frontend/src/components/academic-years-admin/academic-year-table-row.tsx [Client Component Browser]
    ./frontend/src/components/academic-years-admin/academic-years-table.tsx [Client Component Browser]
    ./frontend/src/components/academic-years-admin/admin-academic-years-page.tsx [Client Component Browser]
    ./frontend/src/app/dashboard/academic-years/page.tsx [Client Component Browser]
    ./frontend/src/app/dashboard/academic-years/page.tsx [Server Component]

  Client Component SSR:
    ./frontend/src/components/academic-years-admin/academic-year-semesters-dialog.tsx [Client Component SSR]
    ./frontend/src/components/academic-years-admin/academic-year-row-actions.tsx [Client Component SSR]
    ./frontend/src/components/academic-years-admin/academic-year-table-row.tsx [Client Component SSR]
    ./frontend/src/components/academic-years-admin/academic-years-table.tsx [Client Component SSR]
    ./frontend/src/components/academic-years-admin/admin-academic-years-page.tsx [Client Component SSR]
    ./frontend/src/app/dashboard/academic-years/page.tsx [Client Component SSR]
    ./frontend/src/app/dashboard/academic-years/page.tsx [Server Component]

https://nextjs.org/docs/messages/module-not-found


./frontend/src/components/academic-years-admin/academic-year-tools-menu.tsx:6:1
Module not found: Can't resolve '@/features/ui/components/button'
  [90m4 |[0m [36mimport[0m { [33mArrowUpCircle[0m, [33mCalendarRange[0m, [33mRotateCcw[0m, [33mWrench[0m } 
[36mfrom[0m [32m'lucide-react'[0m;
  [90m5 |[0m [36mimport[0m { [33mAlertModal[0m } [36mfrom[0m 
[32m'@/features/modal/components/alert-modal'[0m;
[31m[1m>[0m [90m6 |[0m [36mimport[0m { [33mButton[0m } [36mfrom[0m 
[32m'@/features/ui/components/button'[0m;
  [90m  |[0m [31m[1m^^^^^^^^^^^^^^^^^^^^^^^^^^^^^^^^^^^^^^^^^^^^^^^^^^^^^^^^^[0m
  [90m7 |[0m [36mimport[0m {
  [90m8 |[0m   [33mDropdownMenu[0m,
  [90m9 |[0m   [33mDropdownMenuContent[0m,

Import map: aliased to relative './src/features/ui/components/button' inside of [project]/frontend


Import traces:
  Client Component Browser:
    ./frontend/src/components/academic-years-admin/academic-year-tools-menu.tsx [Client Component Browser]
    ./frontend/src/components/academic-years-admin/admin-academic-years-page.tsx [Client Component Browser]
    ./frontend/src/app/dashboard/academic-years/page.tsx [Client Component Browser]
    ./frontend/src/app/dashboard/academic-years/page.tsx [Server Component]

  Client Component SSR:
    ./frontend/src/components/academic-years-admin/academic-year-tools-menu.tsx [Client Component SSR]
    ./frontend/src/components/academic-years-admin/admin-academic-years-page.tsx [Client Component SSR]
    ./frontend/src/app/dashboard/academic-years/page.tsx [Client Component SSR]
    ./frontend/src/app/dashboard/academic-years/page.tsx [Server Component]

https://nextjs.org/docs/messages/module-not-found


./frontend/src/components/admin/admin-report-filters.tsx:4:1
Module not found: Can't resolve '@/features/ui/components/button'
  [90m2 |[0m
  [90m3 |[0m [36mimport[0m { [33mRotateCcw[0m } [36mfrom[0m [32m'lucide-react'[0m;
[31m[1m>[0m [90m4 |[0m [36mimport[0m { [33mButton[0m } [36mfrom[0m 
[32m'@/features/ui/components/button'[0m;
  [90m  |[0m [31m[1m^^^^^^^^^^^^^^^^^^^^^^^^^^^^^^^^^^^^^^^^^^^^^^^^^^^^^^^^^[0m
  [90m5 |[0m [36mimport[0m {
  [90m6 |[0m   [33mSelect[0m,
  [90m7 |[0m   [33mSelectContent[0m,

Import map: aliased to relative './src/features/ui/components/button' inside of [project]/frontend


Import traces:
  Client Component Browser:
    ./frontend/src/components/admin/admin-report-filters.tsx [Client Component Browser]
    ./frontend/src/components/admin/admin-reports/admin-reports-dashboard.tsx [Client Component Browser]
    ./frontend/src/app/dashboard/admin/report/page.tsx [Client Component Browser]
    ./frontend/src/app/dashboard/admin/report/page.tsx [Server Component]

  Client Component SSR:
    ./frontend/src/components/admin/admin-report-filters.tsx [Client Component SSR]
    ./frontend/src/components/admin/admin-reports/admin-reports-dashboard.tsx [Client Component SSR]
    ./frontend/src/app/dashboard/admin/report/page.tsx [Client Component SSR]
    ./frontend/src/app/dashboard/admin/report/page.tsx [Server Component]

https://nextjs.org/docs/messages/module-not-found


./frontend/src/components/admin/admin-reports/reports-header.tsx:11:1
Module not found: Can't resolve '@/features/ui/components/button'
  [90m 9 |[0m   [36mtype[0m [33mReportCatalogItem[0m,
  [90m10 |[0m } [36mfrom[0m [32m'@/components/admin/admin-reports/export-reports'[0m
[31m[1m>[0m [90m11 |[0m [36mimport[0m { [33mButton[0m } [36mfrom[0m 
[32m'@/features/ui/components/button'[0m
  [90m   |[0m [31m[1m^^^^^^^^^^^^^^^^^^^^^^^^^^^^^^^^^^^^^^^^^^^^^^^^^^^^^^^^[0m
  [90m12 |[0m [36mimport[0m {
  [90m13 |[0m   [33mDropdownMenu[0m,
  [90m14 |[0m   [33mDropdownMenuContent[0m,

Import map: aliased to relative './src/features/ui/components/button' inside of [project]/frontend


Import traces:
  Client Component Browser:
    ./frontend/src/components/admin/admin-reports/reports-header.tsx [Client Component Browser]
    ./frontend/src/components/admin/admin-reports/admin-reports-dashboard.tsx [Client Component Browser]
    ./frontend/src/app/dashboard/admin/report/page.tsx [Client Component Browser]
    ./frontend/src/app/dashboard/admin/report/page.tsx [Server Component]

  Client Component SSR:
    ./frontend/src/components/admin/admin-reports/reports-header.tsx [Client Component SSR]
    ./frontend/src/components/admin/admin-reports/admin-reports-dashboard.tsx [Client Component SSR]
    ./frontend/src/app/dashboard/admin/report/page.tsx [Client Component SSR]
    ./frontend/src/app/dashboard/admin/report/page.tsx [Server Component]

https://nextjs.org/docs/messages/module-not-found


./frontend/src/components/admin/audit-logs/audit-log-row.tsx:8:1
Module not found: Can't resolve '@/features/ui/components/button'
  [90m 6 |[0m [36mimport[0m { [33mAvatar[0m, [33mAvatarFallback[0m } [36mfrom[0m 
[32m'@/features/ui/components/avatar'[0m;
  [90m 7 |[0m [36mimport[0m { [33mBadge[0m } [36mfrom[0m [32m'@/features/ui/components/badge'[0m;
[31m[1m>[0m [90m 8 |[0m [36mimport[0m { [33mButton[0m } [36mfrom[0m 
[32m'@/features/ui/components/button'[0m;
  [90m   |[0m [31m[1m^^^^^^^^^^^^^^^^^^^^^^^^^^^^^^^^^^^^^^^^^^^^^^^^^^^^^^^^^[0m
  [90m 9 |[0m [36mimport[0m { [33mCheckbox[0m } [36mfrom[0m [32m'@/features/ui/components/checkbox'[0m;
  [90m10 |[0m [36mimport[0m {
  [90m11 |[0m   [33mDropdownMenu[0m,

Import map: aliased to relative './src/features/ui/components/button' inside of [project]/frontend


Import traces:
  Client Component Browser:
    ./frontend/src/components/admin/audit-logs/audit-log-row.tsx [Client Component Browser]
    ./frontend/src/components/admin/audit-logs/audit-logs-table.tsx [Client Component Browser]
    ./frontend/src/components/admin/audit-logs/audit-logs-view.tsx [Client Component Browser]
    ./frontend/src/app/dashboard/audit-logs/page.tsx [Client Component Browser]
    ./frontend/src/app/dashboard/audit-logs/page.tsx [Server Component]

  Client Component SSR:
    ./frontend/src/components/admin/audit-logs/audit-log-row.tsx [Client Component SSR]
    ./frontend/src/components/admin/audit-logs/audit-logs-table.tsx [Client Component SSR]
    ./frontend/src/components/admin/audit-logs/audit-logs-view.tsx [Client Component SSR]
    ./frontend/src/app/dashboard/audit-logs/page.tsx [Client Component SSR]
    ./frontend/src/app/dashboard/audit-logs/page.tsx [Server Component]

https://nextjs.org/docs/messages/module-not-found


./frontend/src/components/admin/audit-logs/audit-logs-filters-bar.tsx:9:1
Module not found: Can't resolve '@/features/ui/components/button'
  [90m 7 |[0m   [33mAuditStatus[0m,
  [90m 8 |[0m } [36mfrom[0m [32m'@/lib/admin/services'[0m;
[31m[1m>[0m [90m 9 |[0m [36mimport[0m { [33mButton[0m } [36mfrom[0m 
[32m'@/features/ui/components/button'[0m;
  [90m   |[0m [31m[1m^^^^^^^^^^^^^^^^^^^^^^^^^^^^^^^^^^^^^^^^^^^^^^^^^^^^^^^^^[0m
  [90m10 |[0m [36mimport[0m { [33mInput[0m } [36mfrom[0m [32m'@/features/ui/components/input'[0m;
  [90m11 |[0m [36mimport[0m {
  [90m12 |[0m   [33mSelect[0m,

Import map: aliased to relative './src/features/ui/components/button' inside of [project]/frontend


Import traces:
  Client Component Browser:
    ./frontend/src/components/admin/audit-logs/audit-logs-filters-bar.tsx [Client Component Browser]
    ./frontend/src/components/admin/audit-logs/audit-logs-view.tsx [Client Component Browser]
    ./frontend/src/app/dashboard/audit-logs/page.tsx [Client Component Browser]
    ./frontend/src/app/dashboard/audit-logs/page.tsx [Server Component]

  Client Component SSR:
    ./frontend/src/components/admin/audit-logs/audit-logs-filters-bar.tsx [Client Component SSR]
    ./frontend/src/components/admin/audit-logs/audit-logs-view.tsx [Client Component SSR]
    ./frontend/src/app/dashboard/audit-logs/page.tsx [Client Component SSR]
    ./frontend/src/app/dashboard/audit-logs/page.tsx [Server Component]

https://nextjs.org/docs/messages/module-not-found


./frontend/src/components/admin/audit-logs/audit-logs-pagination.tsx:4:1
Module not found: Can't resolve '@/features/ui/components/button'
  [90m2 |[0m
  [90m3 |[0m [36mimport[0m { [33mChevronLeft[0m, [33mChevronRight[0m } [36mfrom[0m [32m'lucide-react'[0m;
[31m[1m>[0m [90m4 |[0m [36mimport[0m { [33mButton[0m } [36mfrom[0m 
[32m'@/features/ui/components/button'[0m;
  [90m  |[0m [31m[1m^^^^^^^^^^^^^^^^^^^^^^^^^^^^^^^^^^^^^^^^^^^^^^^^^^^^^^^^^[0m
  [90m5 |[0m [36mimport[0m {
  [90m6 |[0m   [33mSelect[0m,
  [90m7 |[0m   [33mSelectContent[0m,

Import map: aliased to relative './src/features/ui/components/button' inside of [project]/frontend


Import traces:
  Client Component Browser:
    ./frontend/src/components/admin/audit-logs/audit-logs-pagination.tsx [Client Component Browser]
    ./frontend/src/components/admin/audit-logs/audit-logs-view.tsx [Client Component Browser]
    ./frontend/src/app/dashboard/audit-logs/page.tsx [Client Component Browser]
    ./frontend/src/app/dashboard/audit-logs/page.tsx [Server Component]

  Client Component SSR:
    ./frontend/src/components/admin/audit-logs/audit-logs-pagination.tsx [Client Component SSR]
    ./frontend/src/components/admin/audit-logs/audit-logs-view.tsx [Client Component SSR]
    ./frontend/src/app/dashboard/audit-logs/page.tsx [Client Component SSR]
    ./frontend/src/app/dashboard/audit-logs/page.tsx [Server Component]

https://nextjs.org/docs/messages/module-not-found


./frontend/src/components/admin/audit-logs/audit-logs-toolbar.tsx:16:1
Module not found: Can't resolve '@/features/ui/components/button'
  [90m14 |[0m } [36mfrom[0m [32m'@/components/admin/audit-logs/export-audit-logs'[0m;
  [90m15 |[0m [36mimport[0m [36mtype[0m { [33mPlatformAuditLogEntry[0m } [36mfrom[0m 
[32m'@/lib/admin/services'[0m;
[31m[1m>[0m [90m16 |[0m [36mimport[0m { [33mButton[0m } [36mfrom[0m 
[32m'@/features/ui/components/button'[0m;
  [90m   |[0m [31m[1m^^^^^^^^^^^^^^^^^^^^^^^^^^^^^^^^^^^^^^^^^^^^^^^^^^^^^^^^^[0m
  [90m17 |[0m [36mimport[0m {
  [90m18 |[0m   [33mDropdownMenu[0m,
  [90m19 |[0m   [33mDropdownMenuContent[0m,

Import map: aliased to relative './src/features/ui/components/button' inside of [project]/frontend


Import traces:
  Client Component Browser:
    ./frontend/src/components/admin/audit-logs/audit-logs-toolbar.tsx [Client Component Browser]
    ./frontend/src/components/admin/audit-logs/audit-logs-view.tsx [Client Component Browser]
    ./frontend/src/app/dashboard/audit-logs/page.tsx [Client Component Browser]
    ./frontend/src/app/dashboard/audit-logs/page.tsx [Server Component]

  Client Component SSR:
    ./frontend/src/components/admin/audit-logs/audit-logs-toolbar.tsx [Client Component SSR]
    ./frontend/src/components/admin/audit-logs/audit-logs-view.tsx [Client Component SSR]
    ./frontend/src/app/dashboard/audit-logs/page.tsx [Client Component SSR]
    ./frontend/src/app/dashboard/audit-logs/page.tsx [Server Component]

https://nextjs.org/docs/messages/module-not-found


./frontend/src/components/announcements/acknowledgement-drawer.tsx:12:1
Module not found: Can't resolve '@/features/ui/components/button'
  [90m10 |[0m   [33mDrawerClose[0m
  [90m11 |[0m } [36mfrom[0m [32m'@/features/ui/components/drawer'[0m;
[31m[1m>[0m [90m12 |[0m [36mimport[0m { [33mButton[0m } [36mfrom[0m 
[32m'@/features/ui/components/button'[0m;
  [90m   |[0m [31m[1m^^^^^^^^^^^^^^^^^^^^^^^^^^^^^^^^^^^^^^^^^^^^^^^^^^^^^^^^^[0m
  [90m13 |[0m [36mimport[0m { [33mBadge[0m } [36mfrom[0m [32m'@/features/ui/components/badge'[0m;
  [90m14 |[0m [36mimport[0m { [33mScrollArea[0m } [36mfrom[0m [32m'@/features/ui/components/scroll-area'[0m;
  [90m15 |[0m [36mimport[0m {

Import map: aliased to relative './src/features/ui/components/button' inside of [project]/frontend


Import traces:
  Client Component Browser:
    ./frontend/src/components/announcements/acknowledgement-drawer.tsx [Client Component Browser]
    ./frontend/src/components/announcements/announcement-analytics-sheet.tsx [Client Component Browser]
    ./frontend/src/components/announcements/announcements-view.tsx [Client Component Browser]
    ./frontend/src/components/announcements/announcements-view.tsx [Server Component]
    ./frontend/src/app/dashboard/announcements/page.tsx [Server Component]

  Client Component SSR:
    ./frontend/src/components/announcements/acknowledgement-drawer.tsx [Client Component SSR]
    ./frontend/src/components/announcements/announcement-analytics-sheet.tsx [Client Component SSR]
    ./frontend/src/components/announcements/announcements-view.tsx [Client Component SSR]
    ./frontend/src/components/announcements/announcements-view.tsx [Server Component]
    ./frontend/src/app/dashboard/announcements/page.tsx [Server Component]

https://nextjs.org/docs/messages/module-not-found


./frontend/src/components/announcements/announcement-analytics-charts.tsx:15:1
Module not found: Can't resolve '@/features/ui/components/button'
  [90m13 |[0m   [33mBar[0m
  [90m14 |[0m } [36mfrom[0m [32m'recharts'[0m;
[31m[1m>[0m [90m15 |[0m [36mimport[0m { [33mButton[0m } [36mfrom[0m 
[32m'@/features/ui/components/button'[0m;
  [90m   |[0m [31m[1m^^^^^^^^^^^^^^^^^^^^^^^^^^^^^^^^^^^^^^^^^^^^^^^^^^^^^^^^^[0m
  [90m16 |[0m [36mimport[0m [36mtype[0m { [33mAnnouncementAnalyticsPayload[0m } [36mfrom[0m 
[32m'@/lib/announcements/types'[0m;
  [90m17 |[0m [36mimport[0m { [33mMetric[0m, pct } [36mfrom[0m [32m'./analytics-metric'[0m;
  [90m18 |[0m

Import map: aliased to relative './src/features/ui/components/button' inside of [project]/frontend


Import traces:
  Client Component Browser:
    ./frontend/src/components/announcements/announcement-analytics-charts.tsx [Client Component Browser]
    ./frontend/src/components/announcements/announcement-analytics-sheet.tsx [Client Component Browser]
    ./frontend/src/components/announcements/announcements-view.tsx [Client Component Browser]
    ./frontend/src/components/announcements/announcements-view.tsx [Server Component]
    ./frontend/src/app/dashboard/announcements/page.tsx [Server Component]

  Client Component SSR:
    ./frontend/src/components/announcements/announcement-analytics-charts.tsx [Client Component SSR]
    ./frontend/src/components/announcements/announcement-analytics-sheet.tsx [Client Component SSR]
    ./frontend/src/components/announcements/announcements-view.tsx [Client Component SSR]
    ./frontend/src/components/announcements/announcements-view.tsx [Server Component]
    ./frontend/src/app/dashboard/announcements/page.tsx [Server Component]

https://nextjs.org/docs/messages/module-not-found


./frontend/src/components/announcements/announcement-analytics-sheet.tsx:11:1
Module not found: Can't resolve '@/features/ui/components/button'
  [90m 9 |[0m   [33mSheetTitle[0m
  [90m10 |[0m } [36mfrom[0m [32m'@/features/ui/components/sheet'[0m;
[31m[1m>[0m [90m11 |[0m [36mimport[0m { [33mButton[0m } [36mfrom[0m 
[32m'@/features/ui/components/button'[0m;
  [90m   |[0m [31m[1m^^^^^^^^^^^^^^^^^^^^^^^^^^^^^^^^^^^^^^^^^^^^^^^^^^^^^^^^^[0m
  [90m12 |[0m [36mimport[0m { [33mIcons[0m } [36mfrom[0m [32m'@/components/icons'[0m;
  [90m13 |[0m [36mimport[0m [36mtype[0m { [33mAnnouncement[0m } [36mfrom[0m 
[32m'@/lib/announcements/types'[0m;
  [90m14 |[0m [36mimport[0m { useAnnouncementAnalytics } [36mfrom[0m 
[32m'@/lib/announcements/queries/use-announcement-ana...[0m

Import map: aliased to relative './src/features/ui/components/button' inside of [project]/frontend


Import traces:
  Client Component Browser:
    ./frontend/src/components/announcements/announcement-analytics-sheet.tsx [Client Component Browser]
    ./frontend/src/components/announcements/announcements-view.tsx [Client Component Browser]
    ./frontend/src/components/announcements/announcements-view.tsx [Server Component]
    ./frontend/src/app/dashboard/announcements/page.tsx [Server Component]

  Client Component SSR:
    ./frontend/src/components/announcements/announcement-analytics-sheet.tsx [Client Component SSR]
    ./frontend/src/components/announcements/announcements-view.tsx [Client Component SSR]
    ./frontend/src/components/announcements/announcements-view.tsx [Server Component]
    ./frontend/src/app/dashboard/announcements/page.tsx [Server Component]

https://nextjs.org/docs/messages/module-not-found


./frontend/src/components/announcements/announcement-card-base.tsx:4:1
Module not found: Can't resolve '@/features/ui/components/button'
  [90m2 |[0m
  [90m3 |[0m [36mimport[0m { useRef } [36mfrom[0m [32m'react'[0m;
[31m[1m>[0m [90m4 |[0m [36mimport[0m { [33mButton[0m } [36mfrom[0m 
[32m'@/features/ui/components/button'[0m;
  [90m  |[0m [31m[1m^^^^^^^^^^^^^^^^^^^^^^^^^^^^^^^^^^^^^^^^^^^^^^^^^^^^^^^^^[0m
  [90m5 |[0m [36mimport[0m { [33mCard[0m, [33mCardContent[0m } [36mfrom[0m 
[32m'@/features/ui/components/card'[0m;
  [90m6 |[0m [36mimport[0m {
  [90m7 |[0m   [33mDropdownMenu[0m,

Import map: aliased to relative './src/features/ui/components/button' inside of [project]/frontend


Import traces:
  Client Component Browser:
    ./frontend/src/components/announcements/announcement-card-base.tsx [Client Component Browser]
    ./frontend/src/components/announcements/announcement-card.tsx [Client Component Browser]
    ./frontend/src/components/announcements/announcement-feed/feed-card-list.tsx [Client Component Browser]
    ./frontend/src/components/announcements/announcement-feed/feed-body.tsx [Client Component Browser]
    ./frontend/src/components/announcements/announcement-feed/announcement-feed.tsx [Client Component Browser]
    ./frontend/src/components/announcements/announcements-view.tsx [Client Component Browser]
    ./frontend/src/components/announcements/announcements-view.tsx [Server Component]
    ./frontend/src/app/dashboard/announcements/page.tsx [Server Component]

  Client Component SSR:
    ./frontend/src/components/announcements/announcement-card-base.tsx [Client Component SSR]
    ./frontend/src/components/announcements/announcement-card.tsx [Client Component SSR]
    ./frontend/src/components/announcements/announcement-feed/feed-card-list.tsx [Client Component SSR]
    ./frontend/src/components/announcements/announcement-feed/feed-body.tsx [Client Component SSR]
    ./frontend/src/components/announcements/announcement-feed/announcement-feed.tsx [Client Component SSR]
    ./frontend/src/components/announcements/announcements-view.tsx [Client Component SSR]
    ./frontend/src/components/announcements/announcements-view.tsx [Server Component]
    ./frontend/src/app/dashboard/announcements/page.tsx [Server Component]

https://nextjs.org/docs/messages/module-not-found


./frontend/src/components/announcements/announcement-error.tsx:2:1
Module not found: Can't resolve '@/features/ui/components/button'
  [90m1 |[0m [36mimport[0m [33mReact[0m [36mfrom[0m [32m'react'[0m;
[31m[1m>[0m [90m2 |[0m [36mimport[0m { [33mButton[0m } [36mfrom[0m 
[32m'@/features/ui/components/button'[0m;
  [90m  |[0m [31m[1m^^^^^^^^^^^^^^^^^^^^^^^^^^^^^^^^^^^^^^^^^^^^^^^^^^^^^^^^^[0m
  [90m3 |[0m [36mimport[0m { [33mIcons[0m } [36mfrom[0m [32m'@/components/icons'[0m;
  [90m4 |[0m
  [90m5 |[0m [36minterface[0m [33mAnnouncementErrorProps[0m {

Import map: aliased to relative './src/features/ui/components/button' inside of [project]/frontend


Import traces:
  Client Component Browser:
    ./frontend/src/components/announcements/announcement-error.tsx [Client Component Browser]
    ./frontend/src/components/announcements/announcement-feed/feed-body.tsx [Client Component Browser]
    ./frontend/src/components/announcements/announcement-feed/announcement-feed.tsx [Client Component Browser]
    ./frontend/src/components/announcements/announcements-view.tsx [Client Component Browser]
    ./frontend/src/components/announcements/announcements-view.tsx [Server Component]
    ./frontend/src/app/dashboard/announcements/page.tsx [Server Component]

  Client Component SSR:
    ./frontend/src/components/announcements/announcement-error.tsx [Client Component SSR]
    ./frontend/src/components/announcements/announcement-feed/feed-body.tsx [Client Component SSR]
    ./frontend/src/components/announcements/announcement-feed/announcement-feed.tsx [Client Component SSR]
    ./frontend/src/components/announcements/announcements-view.tsx [Client Component SSR]
    ./frontend/src/components/announcements/announcements-view.tsx [Server Component]
    ./frontend/src/app/dashboard/announcements/page.tsx [Server Component]

https://nextjs.org/docs/messages/module-not-found


./frontend/src/components/announcements/announcement-feed/feed-header.tsx:5:1
Module not found: Can't resolve '@/features/ui/components/button'
  [90m3 |[0m [36mimport[0m { [33mPlus[0m } [36mfrom[0m [32m'lucide-react'[0m;
  [90m4 |[0m [36mimport[0m { [33mBadge[0m } [36mfrom[0m [32m'@/features/ui/components/badge'[0m;
[31m[1m>[0m [90m5 |[0m [36mimport[0m { [33mButton[0m } [36mfrom[0m 
[32m'@/features/ui/components/button'[0m;
  [90m  |[0m [31m[1m^^^^^^^^^^^^^^^^^^^^^^^^^^^^^^^^^^^^^^^^^^^^^^^^^^^^^^^^^[0m
  [90m6 |[0m [36mimport[0m [36mtype[0m { [33mFeedI18n[0m } [36mfrom[0m [32m'./feed-i18n'[0m;
  [90m7 |[0m [36mimport[0m { [33mFeedFiltersBar[0m } [36mfrom[0m [32m'./feed-filters-bar'[0m;
  [90m8 |[0m [36mimport[0m { [33mFeedTabs[0m } [36mfrom[0m [32m'./feed-tabs'[0m;

Import map: aliased to relative './src/features/ui/components/button' inside of [project]/frontend


Import traces:
  Client Component Browser:
    ./frontend/src/components/announcements/announcement-feed/feed-header.tsx [Client Component Browser]
    ./frontend/src/components/announcements/announcement-feed/announcement-feed.tsx [Client Component Browser]
    ./frontend/src/components/announcements/announcements-view.tsx [Client Component Browser]
    ./frontend/src/components/announcements/announcements-view.tsx [Server Component]
    ./frontend/src/app/dashboard/announcements/page.tsx [Server Component]

  Client Component SSR:
    ./frontend/src/components/announcements/announcement-feed/feed-header.tsx [Client Component SSR]
    ./frontend/src/components/announcements/announcement-feed/announcement-feed.tsx [Client Component SSR]
    ./frontend/src/components/announcements/announcements-view.tsx [Client Component SSR]
    ./frontend/src/components/announcements/announcements-view.tsx [Server Component]
    ./frontend/src/app/dashboard/announcements/page.tsx [Server Component]

https://nextjs.org/docs/messages/module-not-found


./frontend/src/components/announcements/create-dialog/dialog-step-footer.tsx:3:1
Module not found: Can't resolve '@/features/ui/components/button'
  [90m1 |[0m [32m'use client'[0m;
  [90m2 |[0m
[31m[1m>[0m [90m3 |[0m [36mimport[0m { [33mButton[0m } [36mfrom[0m 
[32m'@/features/ui/components/button'[0m;
  [90m  |[0m [31m[1m^^^^^^^^^^^^^^^^^^^^^^^^^^^^^^^^^^^^^^^^^^^^^^^^^^^^^^^^^[0m
  [90m4 |[0m [36mimport[0m { [33mSheetFooter[0m } [36mfrom[0m [32m'@/features/ui/components/sheet'[0m;
  [90m5 |[0m [36mimport[0m { [33mIcons[0m } [36mfrom[0m [32m'@/components/icons'[0m;
  [90m6 |[0m [36mimport[0m { htmlToPlain } [36mfrom[0m [32m'./utils'[0m;

Import map: aliased to relative './src/features/ui/components/button' inside of [project]/frontend


Import traces:
  Client Component Browser:
    ./frontend/src/components/announcements/create-dialog/dialog-step-footer.tsx [Client Component Browser]
    ./frontend/src/components/announcements/create-dialog.tsx [Client Component Browser]
    ./frontend/src/components/announcements/announcements-view.tsx [Client Component Browser]
    ./frontend/src/components/announcements/announcements-view.tsx [Server Component]
    ./frontend/src/app/dashboard/announcements/page.tsx [Server Component]

  Client Component SSR:
    ./frontend/src/components/announcements/create-dialog/dialog-step-footer.tsx [Client Component SSR]
    ./frontend/src/components/announcements/create-dialog.tsx [Client Component SSR]
    ./frontend/src/components/announcements/announcements-view.tsx [Client Component SSR]
    ./frontend/src/components/announcements/announcements-view.tsx [Server Component]
    ./frontend/src/app/dashboard/announcements/page.tsx [Server Component]

https://nextjs.org/docs/messages/module-not-found


./frontend/src/components/announcements/empty.tsx:2:1
Module not found: Can't resolve '@/features/ui/components/button'
  [90m1 |[0m [36mimport[0m [33mReact[0m [36mfrom[0m [32m'react'[0m;
[31m[1m>[0m [90m2 |[0m [36mimport[0m { [33mButton[0m } [36mfrom[0m 
[32m'@/features/ui/components/button'[0m;
  [90m  |[0m [31m[1m^^^^^^^^^^^^^^^^^^^^^^^^^^^^^^^^^^^^^^^^^^^^^^^^^^^^^^^^^[0m
  [90m3 |[0m [36mimport[0m { [33mIcons[0m } [36mfrom[0m [32m'@/components/icons'[0m;
  [90m4 |[0m [36mimport[0m { motion } [36mfrom[0m [32m'framer-motion'[0m;
  [90m5 |[0m

Import map: aliased to relative './src/features/ui/components/button' inside of [project]/frontend


Import traces:
  Client Component Browser:
    ./frontend/src/components/announcements/empty.tsx [Client Component Browser]
    ./frontend/src/components/announcements/announcement-feed/feed-body.tsx [Client Component Browser]
    ./frontend/src/components/announcements/announcement-feed/announcement-feed.tsx [Client Component Browser]
    ./frontend/src/components/announcements/announcements-view.tsx [Client Component Browser]
    ./frontend/src/components/announcements/announcements-view.tsx [Server Component]
    ./frontend/src/app/dashboard/announcements/page.tsx [Server Component]

  Client Component SSR:
    ./frontend/src/components/announcements/empty.tsx [Client Component SSR]
    ./frontend/src/components/announcements/announcement-feed/feed-body.tsx [Client Component SSR]
    ./frontend/src/components/announcements/announcement-feed/announcement-feed.tsx [Client Component SSR]
    ./frontend/src/components/announcements/announcements-view.tsx [Client Component SSR]
    ./frontend/src/components/announcements/announcements-view.tsx [Server Component]
    ./frontend/src/app/dashboard/announcements/page.tsx [Server Component]

https://nextjs.org/docs/messages/module-not-found


./frontend/src/components/announcements/image-lightbox.tsx:5:1
Module not found: Can't resolve '@/features/ui/components/button'
  [90m3 |[0m [36mimport[0m { useState, useCallback, useEffect, useRef } [36mfrom[0m [32m'react'[0m;
  [90m4 |[0m [36mimport[0m [33mImage[0m [36mfrom[0m [32m'next/image'[0m;
[31m[1m>[0m [90m5 |[0m [36mimport[0m { [33mButton[0m } [36mfrom[0m 
[32m'@/features/ui/components/button'[0m;
  [90m  |[0m [31m[1m^^^^^^^^^^^^^^^^^^^^^^^^^^^^^^^^^^^^^^^^^^^^^^^^^^^^^^^^^[0m
  [90m6 |[0m [36mimport[0m { [33mIcons[0m } [36mfrom[0m [32m'@/components/icons'[0m;
  [90m7 |[0m [36mimport[0m { useImageLightboxKeyboard } [36mfrom[0m 
[32m'./image-lightbox/use-image-lightbox-keyboard'[0m;
  [90m8 |[0m [36mimport[0m { [33mLightboxThumbnails[0m } [36mfrom[0m 
[32m'./image-lightbox/lightbox-thumbnails'[0m;

Import map: aliased to relative './src/features/ui/components/button' inside of [project]/frontend


Import traces:
  Client Component Browser:
    ./frontend/src/components/announcements/image-lightbox.tsx [Client Component Browser]
    ./frontend/src/components/announcements/announcement-images.tsx [Client Component Browser]
    ./frontend/src/components/announcements/announcement-card-base.tsx [Client Component Browser]
    ./frontend/src/components/announcements/announcement-card.tsx [Client Component Browser]
    ./frontend/src/components/announcements/announcement-feed/feed-card-list.tsx [Client Component Browser]
    ./frontend/src/components/announcements/announcement-feed/feed-body.tsx [Client Component Browser]
    ./frontend/src/components/announcements/announcement-feed/announcement-feed.tsx [Client Component Browser]
    ./frontend/src/components/announcements/announcements-view.tsx [Client Component Browser]
    ./frontend/src/components/announcements/announcements-view.tsx [Server Component]
    ./frontend/src/app/dashboard/announcements/page.tsx [Server Component]

  Client Component SSR:
    ./frontend/src/components/announcements/image-lightbox.tsx [Client Component SSR]
    ./frontend/src/components/announcements/announcement-images.tsx [Client Component SSR]
    ./frontend/src/components/announcements/announcement-card-base.tsx [Client Component SSR]
    ./frontend/src/components/announcements/announcement-card.tsx [Client Component SSR]
    ./frontend/src/components/announcements/announcement-feed/feed-card-list.tsx [Client Component SSR]
    ./frontend/src/components/announcements/announcement-feed/feed-body.tsx [Client Component SSR]
    ./frontend/src/components/announcements/announcement-feed/announcement-feed.tsx [Client Component SSR]
    ./frontend/src/components/announcements/announcements-view.tsx [Client Component SSR]
    ./frontend/src/components/announcements/announcements-view.tsx [Server Component]
    ./frontend/src/app/dashboard/announcements/page.tsx [Server Component]

https://nextjs.org/docs/messages/module-not-found


./frontend/src/components/auth/sign-in-form.tsx:6:1
Module not found: Can't resolve '@/features/ui/components/button'
  [90m4 |[0m [36mimport[0m { useRouter } [36mfrom[0m [32m'next/navigation'[0m;
  [90m5 |[0m [36mimport[0m { z } [36mfrom[0m [32m'zod'[0m;
[31m[1m>[0m [90m6 |[0m [36mimport[0m { [33mButton[0m } [36mfrom[0m 
[32m'@/features/ui/components/button'[0m;
  [90m  |[0m [31m[1m^^^^^^^^^^^^^^^^^^^^^^^^^^^^^^^^^^^^^^^^^^^^^^^^^^^^^^^^^[0m
  [90m7 |[0m [36mimport[0m { [33mCheckbox[0m } [36mfrom[0m [32m'@/features/ui/components/checkbox'[0m;
  [90m8 |[0m [36mimport[0m { [33mInput[0m } [36mfrom[0m [32m'@/features/ui/components/input'[0m;
  [90m9 |[0m [36mimport[0m { [33mLabel[0m } [36mfrom[0m [32m'@/features/ui/components/label'[0m;

Import map: aliased to relative './src/features/ui/components/button' inside of [project]/frontend


Import trace:
  Server Component:
    ./frontend/src/components/auth/sign-in-form.tsx
    ./frontend/src/components/auth/sign-in-view.tsx
    ./frontend/src/app/auth/sign-in/page.tsx

https://nextjs.org/docs/messages/module-not-found


./frontend/src/components/auth/sign-up-view.tsx:3:1
Module not found: Can't resolve '@/features/ui/components/button'
  [90m1 |[0m [32m'use client'[0m;
  [90m2 |[0m
[31m[1m>[0m [90m3 |[0m [36mimport[0m { [33mButton[0m } [36mfrom[0m 
[32m'@/features/ui/components/button'[0m;
  [90m  |[0m [31m[1m^^^^^^^^^^^^^^^^^^^^^^^^^^^^^^^^^^^^^^^^^^^^^^^^^^^^^^^^^[0m
  [90m4 |[0m [36mimport[0m [33mLink[0m [36mfrom[0m [32m'next/link'[0m;
  [90m5 |[0m
  [90m6 |[0m [36mexport[0m [36mdefault[0m [36mfunction[0m [33mSignUpViewPage[0m() {

Import map: aliased to relative './src/features/ui/components/button' inside of [project]/frontend


Import trace:
  Server Component:
    ./frontend/src/components/auth/sign-up-view.tsx
    ./frontend/src/app/auth/sign-up/page.tsx

https://nextjs.org/docs/messages/module-not-found


./frontend/src/components/batches-admin/batch-row-actions.tsx:6:1
Module not found: Can't resolve '@/features/ui/components/button'
  [90m4 |[0m [36mimport[0m { [33mIcons[0m } [36mfrom[0m [32m'@/components/icons'[0m;
  [90m5 |[0m [36mimport[0m { [33mAlertModal[0m } [36mfrom[0m 
[32m'@/features/modal/components/alert-modal'[0m;
[31m[1m>[0m [90m6 |[0m [36mimport[0m { [33mButton[0m } [36mfrom[0m 
[32m'@/features/ui/components/button'[0m;
  [90m  |[0m [31m[1m^^^^^^^^^^^^^^^^^^^^^^^^^^^^^^^^^^^^^^^^^^^^^^^^^^^^^^^^^[0m
  [90m7 |[0m [36mimport[0m {
  [90m8 |[0m   [33mDropdownMenu[0m,
  [90m9 |[0m   [33mDropdownMenuContent[0m,

Import map: aliased to relative './src/features/ui/components/button' inside of [project]/frontend


Import traces:
  Client Component Browser:
    ./frontend/src/components/batches-admin/batch-row-actions.tsx [Client Component Browser]
    ./frontend/src/components/batches-admin/batch-table-row.tsx [Client Component Browser]
    ./frontend/src/components/batches-admin/batches-admin-table.tsx [Client Component Browser]
    ./frontend/src/components/batches-admin/batches-sections-tabs.tsx [Client Component Browser]
    ./frontend/src/components/batches-admin/admin-batches-page.tsx [Client Component Browser]
    ./frontend/src/app/dashboard/batches/page.tsx [Client Component Browser]
    ./frontend/src/app/dashboard/batches/page.tsx [Server Component]

  Client Component SSR:
    ./frontend/src/components/batches-admin/batch-row-actions.tsx [Client Component SSR]
    ./frontend/src/components/batches-admin/batch-table-row.tsx [Client Component SSR]
    ./frontend/src/components/batches-admin/batches-admin-table.tsx [Client Component SSR]
    ./frontend/src/components/batches-admin/batches-sections-tabs.tsx [Client Component SSR]
    ./frontend/src/components/batches-admin/admin-batches-page.tsx [Client Component SSR]
    ./frontend/src/app/dashboard/batches/page.tsx [Client Component SSR]
    ./frontend/src/app/dashboard/batches/page.tsx [Server Component]

https://nextjs.org/docs/messages/module-not-found


./frontend/src/components/batches-admin/batch-search-select.tsx:5:1
Module not found: Can't resolve '@/features/ui/components/button'
  [90m3 |[0m [36mimport[0m { useMemo, useState } [36mfrom[0m [32m'react'[0m;
  [90m4 |[0m [36mimport[0m { [33mCheck[0m, [33mChevronsUpDown[0m } [36mfrom[0m [32m'lucide-react'[0m;
[31m[1m>[0m [90m5 |[0m [36mimport[0m { [33mButton[0m } [36mfrom[0m 
[32m'@/features/ui/components/button'[0m;
  [90m  |[0m [31m[1m^^^^^^^^^^^^^^^^^^^^^^^^^^^^^^^^^^^^^^^^^^^^^^^^^^^^^^^^^[0m
  [90m6 |[0m [36mimport[0m {
  [90m7 |[0m   [33mCommand[0m,
  [90m8 |[0m   [33mCommandEmpty[0m,

Import map: aliased to relative './src/features/ui/components/button' inside of [project]/frontend


Import traces:
  Client Component Browser:
    ./frontend/src/components/batches-admin/batch-search-select.tsx [Client Component Browser]
    ./frontend/src/components/batches-admin/section-form-sheet.tsx [Client Component Browser]
    ./frontend/src/components/batches-admin/batches-sections-tabs.tsx [Client Component Browser]
    ./frontend/src/components/batches-admin/admin-batches-page.tsx [Client Component Browser]
    ./frontend/src/app/dashboard/batches/page.tsx [Client Component Browser]
    ./frontend/src/app/dashboard/batches/page.tsx [Server Component]

  Client Component SSR:
    ./frontend/src/components/batches-admin/batch-search-select.tsx [Client Component SSR]
    ./frontend/src/components/batches-admin/section-form-sheet.tsx [Client Component SSR]
    ./frontend/src/components/batches-admin/batches-sections-tabs.tsx [Client Component SSR]
    ./frontend/src/components/batches-admin/admin-batches-page.tsx [Client Component SSR]
    ./frontend/src/app/dashboard/batches/page.tsx [Client Component SSR]
    ./frontend/src/app/dashboard/batches/page.tsx [Server Component]

https://nextjs.org/docs/messages/module-not-found


./frontend/src/components/batches-admin/batch-sections-dialog.tsx:6:1
Module not found: Can't resolve '@/features/ui/components/button'
  [90m4 |[0m [36mimport[0m { [33mLayers[0m } [36mfrom[0m [32m'lucide-react'[0m;
  [90m5 |[0m [36mimport[0m { [33mAlertModal[0m } [36mfrom[0m 
[32m'@/features/modal/components/alert-modal'[0m;
[31m[1m>[0m [90m6 |[0m [36mimport[0m { [33mButton[0m } [36mfrom[0m 
[32m'@/features/ui/components/button'[0m;
  [90m  |[0m [31m[1m^^^^^^^^^^^^^^^^^^^^^^^^^^^^^^^^^^^^^^^^^^^^^^^^^^^^^^^^^[0m
  [90m7 |[0m [36mimport[0m {
  [90m8 |[0m   [33mDialog[0m,
  [90m9 |[0m   [33mDialogContent[0m,

Import map: aliased to relative './src/features/ui/components/button' inside of [project]/frontend


Import traces:
  Client Component Browser:
    ./frontend/src/components/batches-admin/batch-sections-dialog.tsx [Client Component Browser]
    ./frontend/src/components/batches-admin/batch-row-actions.tsx [Client Component Browser]
    ./frontend/src/components/batches-admin/batch-table-row.tsx [Client Component Browser]
    ./frontend/src/components/batches-admin/batches-admin-table.tsx [Client Component Browser]
    ./frontend/src/components/batches-admin/batches-sections-tabs.tsx [Client Component Browser]
    ./frontend/src/components/batches-admin/admin-batches-page.tsx [Client Component Browser]
    ./frontend/src/app/dashboard/batches/page.tsx [Client Component Browser]
    ./frontend/src/app/dashboard/batches/page.tsx [Server Component]

  Client Component SSR:
    ./frontend/src/components/batches-admin/batch-sections-dialog.tsx [Client Component SSR]
    ./frontend/src/components/batches-admin/batch-row-actions.tsx [Client Component SSR]
    ./frontend/src/components/batches-admin/batch-table-row.tsx [Client Component SSR]
    ./frontend/src/components/batches-admin/batches-admin-table.tsx [Client Component SSR]
    ./frontend/src/components/batches-admin/batches-sections-tabs.tsx [Client Component SSR]
    ./frontend/src/components/batches-admin/admin-batches-page.tsx [Client Component SSR]
    ./frontend/src/app/dashboard/batches/page.tsx [Client Component SSR]
    ./frontend/src/app/dashboard/batches/page.tsx [Server Component]

https://nextjs.org/docs/messages/module-not-found


./frontend/src/components/batches-admin/section-add-students-modal.tsx:4:1
Module not found: Can't resolve '@/features/ui/components/button'
  [90m2 |[0m
  [90m3 |[0m [36mimport[0m { useMemo, useState } [36mfrom[0m [32m'react'[0m;
[31m[1m>[0m [90m4 |[0m [36mimport[0m { [33mButton[0m } [36mfrom[0m 
[32m'@/features/ui/components/button'[0m;
  [90m  |[0m [31m[1m^^^^^^^^^^^^^^^^^^^^^^^^^^^^^^^^^^^^^^^^^^^^^^^^^^^^^^^^^[0m
  [90m5 |[0m [36mimport[0m { [33mCheckbox[0m } [36mfrom[0m [32m'@/features/ui/components/checkbox'[0m;
  [90m6 |[0m [36mimport[0m { [33mInput[0m } [36mfrom[0m [32m'@/features/ui/components/input'[0m;
  [90m7 |[0m [36mimport[0m {

Import map: aliased to relative './src/features/ui/components/button' inside of [project]/frontend


Import traces:
  Client Component Browser:
    ./frontend/src/components/batches-admin/section-add-students-modal.tsx [Client Component Browser]
    ./frontend/src/components/batches-admin/section-row-actions.tsx [Client Component Browser]
    ./frontend/src/components/batches-admin/sections-admin-table.tsx [Client Component Browser]
    ./frontend/src/components/batches-admin/batches-sections-tabs.tsx [Client Component Browser]
    ./frontend/src/components/batches-admin/admin-batches-page.tsx [Client Component Browser]
    ./frontend/src/app/dashboard/batches/page.tsx [Client Component Browser]
    ./frontend/src/app/dashboard/batches/page.tsx [Server Component]

  Client Component SSR:
    ./frontend/src/components/batches-admin/section-add-students-modal.tsx [Client Component SSR]
    ./frontend/src/components/batches-admin/section-row-actions.tsx [Client Component SSR]
    ./frontend/src/components/batches-admin/sections-admin-table.tsx [Client Component SSR]
    ./frontend/src/components/batches-admin/batches-sections-tabs.tsx [Client Component SSR]
    ./frontend/src/components/batches-admin/admin-batches-page.tsx [Client Component SSR]
    ./frontend/src/app/dashboard/batches/page.tsx [Client Component SSR]
    ./frontend/src/app/dashboard/batches/page.tsx [Server Component]

https://nextjs.org/docs/messages/module-not-found


./frontend/src/components/batches-admin/section-row-actions.tsx:6:1
Module not found: Can't resolve '@/features/ui/components/button'
  [90m4 |[0m [36mimport[0m { [33mIcons[0m } [36mfrom[0m [32m'@/components/icons'[0m;
  [90m5 |[0m [36mimport[0m { [33mAlertModal[0m } [36mfrom[0m 
[32m'@/features/modal/components/alert-modal'[0m;
[31m[1m>[0m [90m6 |[0m [36mimport[0m { [33mButton[0m } [36mfrom[0m 
[32m'@/features/ui/components/button'[0m;
  [90m  |[0m [31m[1m^^^^^^^^^^^^^^^^^^^^^^^^^^^^^^^^^^^^^^^^^^^^^^^^^^^^^^^^^[0m
  [90m7 |[0m [36mimport[0m {
  [90m8 |[0m   [33mDropdownMenu[0m,
  [90m9 |[0m   [33mDropdownMenuContent[0m,

Import map: aliased to relative './src/features/ui/components/button' inside of [project]/frontend


Import traces:
  Client Component Browser:
    ./frontend/src/components/batches-admin/section-row-actions.tsx [Client Component Browser]
    ./frontend/src/components/batches-admin/sections-admin-table.tsx [Client Component Browser]
    ./frontend/src/components/batches-admin/batches-sections-tabs.tsx [Client Component Browser]
    ./frontend/src/components/batches-admin/admin-batches-page.tsx [Client Component Browser]
    ./frontend/src/app/dashboard/batches/page.tsx [Client Component Browser]
    ./frontend/src/app/dashboard/batches/page.tsx [Server Component]

  Client Component SSR:
    ./frontend/src/components/batches-admin/section-row-actions.tsx [Client Component SSR]
    ./frontend/src/components/batches-admin/sections-admin-table.tsx [Client Component SSR]
    ./frontend/src/components/batches-admin/batches-sections-tabs.tsx [Client Component SSR]
    ./frontend/src/components/batches-admin/admin-batches-page.tsx [Client Component SSR]
    ./frontend/src/app/dashboard/batches/page.tsx [Client Component SSR]
    ./frontend/src/app/dashboard/batches/page.tsx [Server Component]

https://nextjs.org/docs/messages/module-not-found


./frontend/src/components/departments/department-row-actions.tsx:6:1
Module not found: Can't resolve '@/features/ui/components/button'
  [90m4 |[0m [36mimport[0m { [33mIcons[0m } [36mfrom[0m [32m'@/components/icons'[0m;
  [90m5 |[0m [36mimport[0m { [33mAlertModal[0m } [36mfrom[0m 
[32m'@/features/modal/components/alert-modal'[0m;
[31m[1m>[0m [90m6 |[0m [36mimport[0m { [33mButton[0m } [36mfrom[0m 
[32m'@/features/ui/components/button'[0m;
  [90m  |[0m [31m[1m^^^^^^^^^^^^^^^^^^^^^^^^^^^^^^^^^^^^^^^^^^^^^^^^^^^^^^^^^[0m
  [90m7 |[0m [36mimport[0m {
  [90m8 |[0m   [33mDropdownMenu[0m,
  [90m9 |[0m   [33mDropdownMenuContent[0m,

Import map: aliased to relative './src/features/ui/components/button' inside of [project]/frontend


Import traces:
  Client Component Browser:
    ./frontend/src/components/departments/department-row-actions.tsx [Client Component Browser]
    ./frontend/src/components/departments/department-table-row.tsx [Client Component Browser]
    ./frontend/src/components/departments/department-table.tsx [Client Component Browser]
    ./frontend/src/components/departments/department-listing.tsx [Client Component Browser]
    ./frontend/src/components/departments/department-listing.tsx [Server Component]
    ./frontend/src/app/dashboard/departments/page.tsx [Server Component]

  Client Component SSR:
    ./frontend/src/components/departments/department-row-actions.tsx [Client Component SSR]
    ./frontend/src/components/departments/department-table-row.tsx [Client Component SSR]
    ./frontend/src/components/departments/department-table.tsx [Client Component SSR]
    ./frontend/src/components/departments/department-listing.tsx [Client Component SSR]
    ./frontend/src/components/departments/department-listing.tsx [Server Component]
    ./frontend/src/app/dashboard/departments/page.tsx [Server Component]

https://nextjs.org/docs/messages/module-not-found


./frontend/src/components/discussions/channel/channel-pane/channel-pane-header.tsx:5:1
Module not found: Can't resolve '@/features/ui/components/button'
  [90m3 |[0m [36mimport[0m { useRouter } [36mfrom[0m [32m'next/navigation'[0m
  [90m4 |[0m [36mimport[0m { [33mUsers[0m } [36mfrom[0m [32m'lucide-react'[0m
[31m[1m>[0m [90m5 |[0m [36mimport[0m { [33mButton[0m } [36mfrom[0m 
[32m'@/features/ui/components/button'[0m
  [90m  |[0m [31m[1m^^^^^^^^^^^^^^^^^^^^^^^^^^^^^^^^^^^^^^^^^^^^^^^^^^^^^^^^[0m
  [90m6 |[0m [36mimport[0m { [33mIcons[0m } [36mfrom[0m [32m'@/components/icons'[0m
  [90m7 |[0m [36mimport[0m { [33mSkeleton[0m } [36mfrom[0m [32m'@/features/ui/components/skeleton'[0m
  [90m8 |[0m [36mimport[0m { cn } [36mfrom[0m [32m'@/lib/utils'[0m

Import map: aliased to relative './src/features/ui/components/button' inside of [project]/frontend


Import traces:
  Client Component Browser:
    ./frontend/src/components/discussions/channel/channel-pane/channel-pane-header.tsx [Client Component Browser]
    ./frontend/src/components/discussions/channel/channel-pane/channel-pane.tsx [Client Component Browser]
    ./frontend/src/app/dashboard/messages/page.tsx [Client Component Browser]
    ./frontend/src/app/dashboard/messages/page.tsx [Server Component]

  Client Component SSR:
    ./frontend/src/components/discussions/channel/channel-pane/channel-pane-header.tsx [Client Component SSR]
    ./frontend/src/components/discussions/channel/channel-pane/channel-pane.tsx [Client Component SSR]
    ./frontend/src/app/dashboard/messages/page.tsx [Client Component SSR]
    ./frontend/src/app/dashboard/messages/page.tsx [Server Component]

https://nextjs.org/docs/messages/module-not-found


./frontend/src/components/discussions/channel/channel-search-popover.tsx:3:1
Module not found: Can't resolve '@/features/ui/components/button'
  [90m1 |[0m [32m'use client'[0m;
  [90m2 |[0m
[31m[1m>[0m [90m3 |[0m [36mimport[0m { [33mButton[0m } [36mfrom[0m 
[32m'@/features/ui/components/button'[0m;
  [90m  |[0m [31m[1m^^^^^^^^^^^^^^^^^^^^^^^^^^^^^^^^^^^^^^^^^^^^^^^^^^^^^^^^^[0m
  [90m4 |[0m [36mimport[0m { [33mIcons[0m } [36mfrom[0m [32m'@/components/icons'[0m;
  [90m5 |[0m [36mimport[0m { [33mPopover[0m, [33mPopoverContent[0m, [33mPopoverTrigger[0m } [36mfrom[0m 
[32m'@/features/ui/components/popover'[0m;
  [90m6 |[0m [36mimport[0m { [33mChannelSearchPopoverHeader[0m } [36mfrom[0m 
[32m'./channel-search-popover-header'[0m;

Import map: aliased to relative './src/features/ui/components/button' inside of [project]/frontend


Import traces:
  Client Component Browser:
    ./frontend/src/components/discussions/channel/channel-search-popover.tsx [Client Component Browser]
    ./frontend/src/components/discussions/channel/channel-pane/channel-pane-header.tsx [Client Component Browser]
    ./frontend/src/components/discussions/channel/channel-pane/channel-pane.tsx [Client Component Browser]
    ./frontend/src/app/dashboard/messages/page.tsx [Client Component Browser]
    ./frontend/src/app/dashboard/messages/page.tsx [Server Component]

  Client Component SSR:
    ./frontend/src/components/discussions/channel/channel-search-popover.tsx [Client Component SSR]
    ./frontend/src/components/discussions/channel/channel-pane/channel-pane-header.tsx [Client Component SSR]
    ./frontend/src/components/discussions/channel/channel-pane/channel-pane.tsx [Client Component SSR]
    ./frontend/src/app/dashboard/messages/page.tsx [Client Component SSR]
    ./frontend/src/app/dashboard/messages/page.tsx [Server Component]

https://nextjs.org/docs/messages/module-not-found


./frontend/src/components/discussions/channel/manage/danger-zone-tab.tsx:4:1
Module not found: Can't resolve '@/features/ui/components/button'
  [90m2 |[0m
  [90m3 |[0m [36mimport[0m { useState } [36mfrom[0m [32m'react'[0m;
[31m[1m>[0m [90m4 |[0m [36mimport[0m { [33mButton[0m } [36mfrom[0m 
[32m'@/features/ui/components/button'[0m;
  [90m  |[0m [31m[1m^^^^^^^^^^^^^^^^^^^^^^^^^^^^^^^^^^^^^^^^^^^^^^^^^^^^^^^^^[0m
  [90m5 |[0m [36mimport[0m {
  [90m6 |[0m   [33mAlertDialog[0m,
  [90m7 |[0m   [33mAlertDialogAction[0m,

Import map: aliased to relative './src/features/ui/components/button' inside of [project]/frontend


Import traces:
  Client Component Browser:
    ./frontend/src/components/discussions/channel/manage/danger-zone-tab.tsx [Client Component Browser]
    ./frontend/src/components/discussions/channel/channel-settings/channel-settings-tabs.tsx [Client Component Browser]
    ./frontend/src/components/discussions/channel/channel-settings/channel-settings-dialog.tsx [Client Component 
Browser]
    ./frontend/src/components/discussions/channel/channel-pane/channel-pane.tsx [Client Component Browser]
    ./frontend/src/app/dashboard/messages/page.tsx [Client Component Browser]
    ./frontend/src/app/dashboard/messages/page.tsx [Server Component]

  Client Component SSR:
    ./frontend/src/components/discussions/channel/manage/danger-zone-tab.tsx [Client Component SSR]
    ./frontend/src/components/discussions/channel/channel-settings/channel-settings-tabs.tsx [Client Component SSR]
    ./frontend/src/components/discussions/channel/channel-settings/channel-settings-dialog.tsx [Client Component SSR]
    ./frontend/src/components/discussions/channel/channel-pane/channel-pane.tsx [Client Component SSR]
    ./frontend/src/app/dashboard/messages/page.tsx [Client Component SSR]
    ./frontend/src/app/dashboard/messages/page.tsx [Server Component]

https://nextjs.org/docs/messages/module-not-found


./frontend/src/components/discussions/channel/manage/members/member-remove-button.tsx:3:1
Module not found: Can't resolve '@/features/ui/components/button'
  [90m1 |[0m [32m'use client'[0m
  [90m2 |[0m
[31m[1m>[0m [90m3 |[0m [36mimport[0m { [33mButton[0m } [36mfrom[0m 
[32m'@/features/ui/components/button'[0m
  [90m  |[0m [31m[1m^^^^^^^^^^^^^^^^^^^^^^^^^^^^^^^^^^^^^^^^^^^^^^^^^^^^^^^^[0m
  [90m4 |[0m [36mimport[0m { [33mIcons[0m } [36mfrom[0m [32m'@/components/icons'[0m
  [90m5 |[0m
  [90m6 |[0m [36mexport[0m [36mfunction[0m [33mMemberRemoveButton[0m({

Import map: aliased to relative './src/features/ui/components/button' inside of [project]/frontend


Import traces:
  Client Component Browser:
    ./frontend/src/components/discussions/channel/manage/members/member-remove-button.tsx [Client Component Browser]
    ./frontend/src/components/discussions/channel/manage/members/member-row.tsx [Client Component Browser]
    ./frontend/src/components/discussions/channel/manage/members/members-tab.tsx [Client Component Browser]
    ./frontend/src/components/discussions/channel/channel-settings/channel-settings-tabs.tsx [Client Component Browser]
    ./frontend/src/components/discussions/channel/channel-settings/channel-settings-dialog.tsx [Client Component 
Browser]
    ./frontend/src/components/discussions/channel/channel-pane/channel-pane.tsx [Client Component Browser]
    ./frontend/src/app/dashboard/messages/page.tsx [Client Component Browser]
    ./frontend/src/app/dashboard/messages/page.tsx [Server Component]

  Client Component SSR:
    ./frontend/src/components/discussions/channel/manage/members/member-remove-button.tsx [Client Component SSR]
    ./frontend/src/components/discussions/channel/manage/members/member-row.tsx [Client Component SSR]
    ./frontend/src/components/discussions/channel/manage/members/members-tab.tsx [Client Component SSR]
    ./frontend/src/components/discussions/channel/channel-settings/channel-settings-tabs.tsx [Client Component SSR]
    ./frontend/src/components/discussions/channel/channel-settings/channel-settings-dialog.tsx [Client Component SSR]
    ./frontend/src/components/discussions/channel/channel-pane/channel-pane.tsx [Client Component SSR]
    ./frontend/src/app/dashboard/messages/page.tsx [Client Component SSR]
    ./frontend/src/app/dashboard/messages/page.tsx [Server Component]

https://nextjs.org/docs/messages/module-not-found


./frontend/src/components/discussions/channel/manage/members/members-pagination.tsx:3:1
Module not found: Can't resolve '@/features/ui/components/button'
  [90m1 |[0m [32m'use client'[0m
  [90m2 |[0m
[31m[1m>[0m [90m3 |[0m [36mimport[0m { [33mButton[0m } [36mfrom[0m 
[32m'@/features/ui/components/button'[0m
  [90m  |[0m [31m[1m^^^^^^^^^^^^^^^^^^^^^^^^^^^^^^^^^^^^^^^^^^^^^^^^^^^^^^^^[0m
  [90m4 |[0m [36mimport[0m { [33mIcons[0m } [36mfrom[0m [32m'@/components/icons'[0m
  [90m5 |[0m
  [90m6 |[0m [36minterface[0m [33mMembersPaginationProps[0m {

Import map: aliased to relative './src/features/ui/components/button' inside of [project]/frontend


Import traces:
  Client Component Browser:
    ./frontend/src/components/discussions/channel/manage/members/members-pagination.tsx [Client Component Browser]
    ./frontend/src/components/discussions/channel/manage/members/members-tab.tsx [Client Component Browser]
    ./frontend/src/components/discussions/channel/channel-settings/channel-settings-tabs.tsx [Client Component Browser]
    ./frontend/src/components/discussions/channel/channel-settings/channel-settings-dialog.tsx [Client Component 
Browser]
    ./frontend/src/components/discussions/channel/channel-pane/channel-pane.tsx [Client Component Browser]
    ./frontend/src/app/dashboard/messages/page.tsx [Client Component Browser]
    ./frontend/src/app/dashboard/messages/page.tsx [Server Component]

  Client Component SSR:
    ./frontend/src/components/discussions/channel/manage/members/members-pagination.tsx [Client Component SSR]
    ./frontend/src/components/discussions/channel/manage/members/members-tab.tsx [Client Component SSR]
    ./frontend/src/components/discussions/channel/channel-settings/channel-settings-tabs.tsx [Client Component SSR]
    ./frontend/src/components/discussions/channel/channel-settings/channel-settings-dialog.tsx [Client Component SSR]
    ./frontend/src/components/discussions/channel/channel-pane/channel-pane.tsx [Client Component SSR]
    ./frontend/src/app/dashboard/messages/page.tsx [Client Component SSR]
    ./frontend/src/app/dashboard/messages/page.tsx [Server Component]

https://nextjs.org/docs/messages/module-not-found


./frontend/src/components/discussions/channel/manage/overview/overview-tab.tsx:3:1
Module not found: Can't resolve '@/features/ui/components/button'
  [90m1 |[0m [32m'use client'[0m
  [90m2 |[0m
[31m[1m>[0m [90m3 |[0m [36mimport[0m { [33mButton[0m } [36mfrom[0m 
[32m'@/features/ui/components/button'[0m
  [90m  |[0m [31m[1m^^^^^^^^^^^^^^^^^^^^^^^^^^^^^^^^^^^^^^^^^^^^^^^^^^^^^^^^[0m
  [90m4 |[0m [36mimport[0m { [33mIcons[0m } [36mfrom[0m [32m'@/components/icons'[0m
  [90m5 |[0m [36mimport[0m [36mtype[0m { [33mDiscussionChannel[0m } [36mfrom[0m 
[32m'@/lib/discussions/queries'[0m
  [90m6 |[0m [36mimport[0m { [33mLockChannelToggle[0m } [36mfrom[0m [32m'./channel-toggles'[0m

Import map: aliased to relative './src/features/ui/components/button' inside of [project]/frontend


Import traces:
  Client Component Browser:
    ./frontend/src/components/discussions/channel/manage/overview/overview-tab.tsx [Client Component Browser]
    ./frontend/src/components/discussions/channel/channel-settings/channel-settings-tabs.tsx [Client Component Browser]
    ./frontend/src/components/discussions/channel/channel-settings/channel-settings-dialog.tsx [Client Component 
Browser]
    ./frontend/src/components/discussions/channel/channel-pane/channel-pane.tsx [Client Component Browser]
    ./frontend/src/app/dashboard/messages/page.tsx [Client Component Browser]
    ./frontend/src/app/dashboard/messages/page.tsx [Server Component]

  Client Component SSR:
    ./frontend/src/components/discussions/channel/manage/overview/overview-tab.tsx [Client Component SSR]
    ./frontend/src/components/discussions/channel/channel-settings/channel-settings-tabs.tsx [Client Component SSR]
    ./frontend/src/components/discussions/channel/channel-settings/channel-settings-dialog.tsx [Client Component SSR]
    ./frontend/src/components/discussions/channel/channel-pane/channel-pane.tsx [Client Component SSR]
    ./frontend/src/app/dashboard/messages/page.tsx [Client Component SSR]
    ./frontend/src/app/dashboard/messages/page.tsx [Server Component]

https://nextjs.org/docs/messages/module-not-found


./frontend/src/components/discussions/channel/manage/permissions/add-target-menu.tsx:4:1
Module not found: Can't resolve '@/features/ui/components/button'
  [90m2 |[0m
  [90m3 |[0m [36mimport[0m { useMemo, useState } [36mfrom[0m [32m'react'[0m;
[31m[1m>[0m [90m4 |[0m [36mimport[0m { [33mButton[0m } [36mfrom[0m 
[32m'@/features/ui/components/button'[0m;
  [90m  |[0m [31m[1m^^^^^^^^^^^^^^^^^^^^^^^^^^^^^^^^^^^^^^^^^^^^^^^^^^^^^^^^^[0m
  [90m5 |[0m [36mimport[0m {
  [90m6 |[0m   [33mDropdownMenu[0m,
  [90m7 |[0m   [33mDropdownMenuContent[0m,

Import map: aliased to relative './src/features/ui/components/button' inside of [project]/frontend


Import traces:
  Client Component Browser:
    ./frontend/src/components/discussions/channel/manage/permissions/add-target-menu.tsx [Client Component Browser]
    ./frontend/src/components/discussions/channel/manage/permissions/overwrite-list.tsx [Client Component Browser]
    ./frontend/src/components/discussions/channel/manage/permissions/permissions-tab.tsx [Client Component Browser]
    ./frontend/src/components/discussions/channel/channel-settings/channel-settings-tabs.tsx [Client Component Browser]
    ./frontend/src/components/discussions/channel/channel-settings/channel-settings-dialog.tsx [Client Component 
Browser]
    ./frontend/src/components/discussions/channel/channel-pane/channel-pane.tsx [Client Component Browser]
    ./frontend/src/app/dashboard/messages/page.tsx [Client Component Browser]
    ./frontend/src/app/dashboard/messages/page.tsx [Server Component]

  Client Component SSR:
    ./frontend/src/components/discussions/channel/manage/permissions/add-target-menu.tsx [Client Component SSR]
    ./frontend/src/components/discussions/channel/manage/permissions/overwrite-list.tsx [Client Component SSR]
    ./frontend/src/components/discussions/channel/manage/permissions/permissions-tab.tsx [Client Component SSR]
    ./frontend/src/components/discussions/channel/channel-settings/channel-settings-tabs.tsx [Client Component SSR]
    ./frontend/src/components/discussions/channel/channel-settings/channel-settings-dialog.tsx [Client Component SSR]
    ./frontend/src/components/discussions/channel/channel-pane/channel-pane.tsx [Client Component SSR]
    ./frontend/src/app/dashboard/messages/page.tsx [Client Component SSR]
    ./frontend/src/app/dashboard/messages/page.tsx [Server Component]

https://nextjs.org/docs/messages/module-not-found


./frontend/src/components/discussions/channel/manage/permissions/overwrite-card.tsx:5:1
Module not found: Can't resolve '@/features/ui/components/button'
  [90m3 |[0m [36mimport[0m { [33mAvatar[0m, [33mAvatarFallback[0m } [36mfrom[0m 
[32m'@/features/ui/components/avatar'[0m;
  [90m4 |[0m [36mimport[0m { [33mBadge[0m } [36mfrom[0m [32m'@/features/ui/components/badge'[0m;
[31m[1m>[0m [90m5 |[0m [36mimport[0m { [33mButton[0m } [36mfrom[0m 
[32m'@/features/ui/components/button'[0m;
  [90m  |[0m [31m[1m^^^^^^^^^^^^^^^^^^^^^^^^^^^^^^^^^^^^^^^^^^^^^^^^^^^^^^^^^[0m
  [90m6 |[0m [36mimport[0m { [33mIcons[0m } [36mfrom[0m [32m'@/components/icons'[0m;
  [90m7 |[0m [36mimport[0m {
  [90m8 |[0m   useDeleteChannelOverwrite,

Import map: aliased to relative './src/features/ui/components/button' inside of [project]/frontend


Import traces:
  Client Component Browser:
    ./frontend/src/components/discussions/channel/manage/permissions/overwrite-card.tsx [Client Component Browser]
    ./frontend/src/components/discussions/channel/manage/permissions/overwrite-list.tsx [Client Component Browser]
    ./frontend/src/components/discussions/channel/manage/permissions/permissions-tab.tsx [Client Component Browser]
    ./frontend/src/components/discussions/channel/channel-settings/channel-settings-tabs.tsx [Client Component Browser]
    ./frontend/src/components/discussions/channel/channel-settings/channel-settings-dialog.tsx [Client Component 
Browser]
    ./frontend/src/components/discussions/channel/channel-pane/channel-pane.tsx [Client Component Browser]
    ./frontend/src/app/dashboard/messages/page.tsx [Client Component Browser]
    ./frontend/src/app/dashboard/messages/page.tsx [Server Component]

  Client Component SSR:
    ./frontend/src/components/discussions/channel/manage/permissions/overwrite-card.tsx [Client Component SSR]
    ./frontend/src/components/discussions/channel/manage/permissions/overwrite-list.tsx [Client Component SSR]
    ./frontend/src/components/discussions/channel/manage/permissions/permissions-tab.tsx [Client Component SSR]
    ./frontend/src/components/discussions/channel/channel-settings/channel-settings-tabs.tsx [Client Component SSR]
    ./frontend/src/components/discussions/channel/channel-settings/channel-settings-dialog.tsx [Client Component SSR]
    ./frontend/src/components/discussions/channel/channel-pane/channel-pane.tsx [Client Component SSR]
    ./frontend/src/app/dashboard/messages/page.tsx [Client Component SSR]
    ./frontend/src/app/dashboard/messages/page.tsx [Server Component]

https://nextjs.org/docs/messages/module-not-found


./frontend/src/components/discussions/channel/message-row/message-actions-toolbar.tsx:4:1
Module not found: Can't resolve '@/features/ui/components/button'
  [90m2 |[0m
  [90m3 |[0m [36mimport[0m { [33mCornerUpLeft[0m } [36mfrom[0m [32m'lucide-react'[0m;
[31m[1m>[0m [90m4 |[0m [36mimport[0m { [33mButton[0m } [36mfrom[0m 
[32m'@/features/ui/components/button'[0m;
  [90m  |[0m [31m[1m^^^^^^^^^^^^^^^^^^^^^^^^^^^^^^^^^^^^^^^^^^^^^^^^^^^^^^^^^[0m
  [90m5 |[0m [36mimport[0m { [33mIcons[0m } [36mfrom[0m [32m'@/components/icons'[0m;
  [90m6 |[0m [36mimport[0m { [33mPopover[0m, [33mPopoverContent[0m, [33mPopoverTrigger[0m } [36mfrom[0m 
[32m'@/features/ui/components/popover'[0m;
  [90m7 |[0m [36mimport[0m { cn } [36mfrom[0m [32m'@/lib/utils'[0m;

Import map: aliased to relative './src/features/ui/components/button' inside of [project]/frontend


Import traces:
  Client Component Browser:
    ./frontend/src/components/discussions/channel/message-row/message-actions-toolbar.tsx [Client Component Browser]
    ./frontend/src/components/discussions/channel/message-row/message-bubble.tsx [Client Component Browser]
    ./frontend/src/components/discussions/channel/message-row/message-row.tsx [Client Component Browser]
    ./frontend/src/components/discussions/threads/thread-panel.tsx [Client Component Browser]
    ./frontend/src/components/discussions/channel/channel-pane/channel-pane.tsx [Client Component Browser]
    ./frontend/src/app/dashboard/messages/page.tsx [Client Component Browser]
    ./frontend/src/app/dashboard/messages/page.tsx [Server Component]

  Client Component SSR:
    ./frontend/src/components/discussions/channel/message-row/message-actions-toolbar.tsx [Client Component SSR]
    ./frontend/src/components/discussions/channel/message-row/message-bubble.tsx [Client Component SSR]
    ./frontend/src/components/discussions/channel/message-row/message-row.tsx [Client Component SSR]
    ./frontend/src/components/discussions/threads/thread-panel.tsx [Client Component SSR]
    ./frontend/src/components/discussions/channel/channel-pane/channel-pane.tsx [Client Component SSR]
    ./frontend/src/app/dashboard/messages/page.tsx [Client Component SSR]
    ./frontend/src/app/dashboard/messages/page.tsx [Server Component]

https://nextjs.org/docs/messages/module-not-found


./frontend/src/components/discussions/channel/message-row/message-edit-form.tsx:3:1
Module not found: Can't resolve '@/features/ui/components/button'
  [90m1 |[0m [32m'use client'[0m;
  [90m2 |[0m
[31m[1m>[0m [90m3 |[0m [36mimport[0m { [33mButton[0m } [36mfrom[0m 
[32m'@/features/ui/components/button'[0m;
  [90m  |[0m [31m[1m^^^^^^^^^^^^^^^^^^^^^^^^^^^^^^^^^^^^^^^^^^^^^^^^^^^^^^^^^[0m
  [90m4 |[0m [36mimport[0m { [33mTextarea[0m } [36mfrom[0m [32m'@/features/ui/components/textarea'[0m;
  [90m5 |[0m
  [90m6 |[0m [36minterface[0m [33mMessageEditFormProps[0m {

Import map: aliased to relative './src/features/ui/components/button' inside of [project]/frontend


Import traces:
  Client Component Browser:
    ./frontend/src/components/discussions/channel/message-row/message-edit-form.tsx [Client Component Browser]
    ./frontend/src/components/discussions/channel/message-row/message-row.tsx [Client Component Browser]
    ./frontend/src/components/discussions/threads/thread-panel.tsx [Client Component Browser]
    ./frontend/src/components/discussions/channel/channel-pane/channel-pane.tsx [Client Component Browser]
    ./frontend/src/app/dashboard/messages/page.tsx [Client Component Browser]
    ./frontend/src/app/dashboard/messages/page.tsx [Server Component]

  Client Component SSR:
    ./frontend/src/components/discussions/channel/message-row/message-edit-form.tsx [Client Component SSR]
    ./frontend/src/components/discussions/channel/message-row/message-row.tsx [Client Component SSR]
    ./frontend/src/components/discussions/threads/thread-panel.tsx [Client Component SSR]
    ./frontend/src/components/discussions/channel/channel-pane/channel-pane.tsx [Client Component SSR]
    ./frontend/src/app/dashboard/messages/page.tsx [Client Component SSR]
    ./frontend/src/app/dashboard/messages/page.tsx [Server Component]

https://nextjs.org/docs/messages/module-not-found


./frontend/src/components/discussions/channel/pinned-strip.tsx:4:1
Module not found: Can't resolve '@/features/ui/components/button'
  [90m2 |[0m
  [90m3 |[0m [36mimport[0m { useState } [36mfrom[0m [32m'react'[0m;
[31m[1m>[0m [90m4 |[0m [36mimport[0m { [33mButton[0m } [36mfrom[0m 
[32m'@/features/ui/components/button'[0m;
  [90m  |[0m [31m[1m^^^^^^^^^^^^^^^^^^^^^^^^^^^^^^^^^^^^^^^^^^^^^^^^^^^^^^^^^[0m
  [90m5 |[0m [36mimport[0m { [33mIcons[0m } [36mfrom[0m [32m'@/components/icons'[0m;
  [90m6 |[0m [36mimport[0m {
  [90m7 |[0m   [33mPopover[0m,

Import map: aliased to relative './src/features/ui/components/button' inside of [project]/frontend


Import traces:
  Client Component Browser:
    ./frontend/src/components/discussions/channel/pinned-strip.tsx [Client Component Browser]
    ./frontend/src/components/discussions/channel/channel-pane/channel-pane.tsx [Client Component Browser]
    ./frontend/src/app/dashboard/messages/page.tsx [Client Component Browser]
    ./frontend/src/app/dashboard/messages/page.tsx [Server Component]

  Client Component SSR:
    ./frontend/src/components/discussions/channel/pinned-strip.tsx [Client Component SSR]
    ./frontend/src/components/discussions/channel/channel-pane/channel-pane.tsx [Client Component SSR]
    ./frontend/src/app/dashboard/messages/page.tsx [Client Component SSR]
    ./frontend/src/app/dashboard/messages/page.tsx [Server Component]

https://nextjs.org/docs/messages/module-not-found


./frontend/src/components/discussions/composer/message-composer/composer-attachment-chips.tsx:3:1
Module not found: Can't resolve '@/features/ui/components/button'
  [90m1 |[0m [32m'use client'[0m;
  [90m2 |[0m
[31m[1m>[0m [90m3 |[0m [36mimport[0m { [33mButton[0m } [36mfrom[0m 
[32m'@/features/ui/components/button'[0m;
  [90m  |[0m [31m[1m^^^^^^^^^^^^^^^^^^^^^^^^^^^^^^^^^^^^^^^^^^^^^^^^^^^^^^^^^[0m
  [90m4 |[0m [36mimport[0m { [33mIcons[0m } [36mfrom[0m [32m'@/components/icons'[0m;
  [90m5 |[0m [36mimport[0m { cn } [36mfrom[0m [32m'@/lib/utils'[0m;
  [90m6 |[0m [36mimport[0m [36mtype[0m { [33mPendingAttachment[0m } [36mfrom[0m [32m'./types'[0m;

Import map: aliased to relative './src/features/ui/components/button' inside of [project]/frontend


Import traces:
  Client Component Browser:
    ./frontend/src/components/discussions/composer/message-composer/composer-attachment-chips.tsx [Client Component 
Browser]
    ./frontend/src/components/discussions/composer/message-composer/message-composer.tsx [Client Component Browser]
    ./frontend/src/components/discussions/channel/channel-pane/channel-pane.tsx [Client Component Browser]
    ./frontend/src/app/dashboard/messages/page.tsx [Client Component Browser]
    ./frontend/src/app/dashboard/messages/page.tsx [Server Component]

  Client Component SSR:
    ./frontend/src/components/discussions/composer/message-composer/composer-attachment-chips.tsx [Client Component 
SSR]
    ./frontend/src/components/discussions/composer/message-composer/message-composer.tsx [Client Component SSR]
    ./frontend/src/components/discussions/channel/channel-pane/channel-pane.tsx [Client Component SSR]
    ./frontend/src/app/dashboard/messages/page.tsx [Client Component SSR]
    ./frontend/src/app/dashboard/messages/page.tsx [Server Component]

https://nextjs.org/docs/messages/module-not-found


./frontend/src/components/discussions/composer/message-composer/composer-media-actions.tsx:4:1
Module not found: Can't resolve '@/features/ui/components/button'
  [90m2 |[0m
  [90m3 |[0m [36mimport[0m { [33mSmile[0m } [36mfrom[0m [32m'lucide-react'[0m
[31m[1m>[0m [90m4 |[0m [36mimport[0m { [33mButton[0m } [36mfrom[0m 
[32m'@/features/ui/components/button'[0m
  [90m  |[0m [31m[1m^^^^^^^^^^^^^^^^^^^^^^^^^^^^^^^^^^^^^^^^^^^^^^^^^^^^^^^^[0m
  [90m5 |[0m [36mimport[0m { [33mPopover[0m, [33mPopoverContent[0m, [33mPopoverTrigger[0m } [36mfrom[0m 
[32m'@/features/ui/components/popover'[0m
  [90m6 |[0m [36mimport[0m { [33mTooltip[0m, [33mTooltipContent[0m, [33mTooltipTrigger[0m } [36mfrom[0m 
[32m'@/features/ui/components/tooltip'[0m
  [90m7 |[0m [36mimport[0m { [33mIcons[0m } [36mfrom[0m [32m'@/components/icons'[0m

Import map: aliased to relative './src/features/ui/components/button' inside of [project]/frontend


Import traces:
  Client Component Browser:
    ./frontend/src/components/discussions/composer/message-composer/composer-media-actions.tsx [Client Component 
Browser]
    ./frontend/src/components/discussions/composer/message-composer/composer-toolbar.tsx [Client Component Browser]
    ./frontend/src/components/discussions/composer/message-composer/message-composer.tsx [Client Component Browser]
    ./frontend/src/components/discussions/channel/channel-pane/channel-pane.tsx [Client Component Browser]
    ./frontend/src/app/dashboard/messages/page.tsx [Client Component Browser]
    ./frontend/src/app/dashboard/messages/page.tsx [Server Component]

  Client Component SSR:
    ./frontend/src/components/discussions/composer/message-composer/composer-media-actions.tsx [Client Component SSR]
    ./frontend/src/components/discussions/composer/message-composer/composer-toolbar.tsx [Client Component SSR]
    ./frontend/src/components/discussions/composer/message-composer/message-composer.tsx [Client Component SSR]
    ./frontend/src/components/discussions/channel/channel-pane/channel-pane.tsx [Client Component SSR]
    ./frontend/src/app/dashboard/messages/page.tsx [Client Component SSR]
    ./frontend/src/app/dashboard/messages/page.tsx [Server Component]

https://nextjs.org/docs/messages/module-not-found


./frontend/src/components/discussions/composer/message-composer/composer-qa-actions.tsx:3:1
Module not found: Can't resolve '@/features/ui/components/button'
  [90m1 |[0m [32m'use client'[0m;
  [90m2 |[0m
[31m[1m>[0m [90m3 |[0m [36mimport[0m { [33mButton[0m } [36mfrom[0m 
[32m'@/features/ui/components/button'[0m;
  [90m  |[0m [31m[1m^^^^^^^^^^^^^^^^^^^^^^^^^^^^^^^^^^^^^^^^^^^^^^^^^^^^^^^^^[0m
  [90m4 |[0m [36mimport[0m { [33mTooltip[0m, [33mTooltipContent[0m, [33mTooltipTrigger[0m } [36mfrom[0m 
[32m'@/features/ui/components/tooltip'[0m;
  [90m5 |[0m [36mimport[0m { [33mIcons[0m } [36mfrom[0m [32m'@/components/icons'[0m;
  [90m6 |[0m [36mimport[0m { cn } [36mfrom[0m [32m'@/lib/utils'[0m;

Import map: aliased to relative './src/features/ui/components/button' inside of [project]/frontend


Import traces:
  Client Component Browser:
    ./frontend/src/components/discussions/composer/message-composer/composer-qa-actions.tsx [Client Component Browser]
    ./frontend/src/components/discussions/composer/message-composer/composer-toolbar.tsx [Client Component Browser]
    ./frontend/src/components/discussions/composer/message-composer/message-composer.tsx [Client Component Browser]
    ./frontend/src/components/discussions/channel/channel-pane/channel-pane.tsx [Client Component Browser]
    ./frontend/src/app/dashboard/messages/page.tsx [Client Component Browser]
    ./frontend/src/app/dashboard/messages/page.tsx [Server Component]

  Client Component SSR:
    ./frontend/src/components/discussions/composer/message-composer/composer-qa-actions.tsx [Client Component SSR]
    ./frontend/src/components/discussions/composer/message-composer/composer-toolbar.tsx [Client Component SSR]
    ./frontend/src/components/discussions/composer/message-composer/message-composer.tsx [Client Component SSR]
    ./frontend/src/components/discussions/channel/channel-pane/channel-pane.tsx [Client Component SSR]
    ./frontend/src/app/dashboard/messages/page.tsx [Client Component SSR]
    ./frontend/src/app/dashboard/messages/page.tsx [Server Component]

https://nextjs.org/docs/messages/module-not-found


./frontend/src/components/discussions/composer/message-composer/message-composer.tsx:3:1
Module not found: Can't resolve '@/features/ui/components/button'
  [90m1 |[0m [32m'use client'[0m
  [90m2 |[0m
[31m[1m>[0m [90m3 |[0m [36mimport[0m { [33mButton[0m } [36mfrom[0m 
[32m'@/features/ui/components/button'[0m
  [90m  |[0m [31m[1m^^^^^^^^^^^^^^^^^^^^^^^^^^^^^^^^^^^^^^^^^^^^^^^^^^^^^^^^[0m
  [90m4 |[0m [36mimport[0m { [33mIcons[0m } [36mfrom[0m [32m'@/components/icons'[0m
  [90m5 |[0m [36mimport[0m { [33mComposerAttachmentChips[0m } [36mfrom[0m 
[32m'./composer-attachment-chips'[0m
  [90m6 |[0m [36mimport[0m { [33mComposerInput[0m } [36mfrom[0m [32m'./composer-input'[0m

Import map: aliased to relative './src/features/ui/components/button' inside of [project]/frontend


Import traces:
  Client Component Browser:
    ./frontend/src/components/discussions/composer/message-composer/message-composer.tsx [Client Component Browser]
    ./frontend/src/components/discussions/channel/channel-pane/channel-pane.tsx [Client Component Browser]
    ./frontend/src/app/dashboard/messages/page.tsx [Client Component Browser]
    ./frontend/src/app/dashboard/messages/page.tsx [Server Component]

  Client Component SSR:
    ./frontend/src/components/discussions/composer/message-composer/message-composer.tsx [Client Component SSR]
    ./frontend/src/components/discussions/channel/channel-pane/channel-pane.tsx [Client Component SSR]
    ./frontend/src/app/dashboard/messages/page.tsx [Client Component SSR]
    ./frontend/src/app/dashboard/messages/page.tsx [Server Component]

https://nextjs.org/docs/messages/module-not-found


./frontend/src/components/discussions/details/details-panel.tsx:4:1
Module not found: Can't resolve '@/features/ui/components/button'
  [90m2 |[0m
  [90m3 |[0m [36mimport[0m { [33mX[0m, [33mUsers[0m, [33mPaperclip[0m, [33mPin[0m } [36mfrom[0m 
[32m'lucide-react'[0m;
[31m[1m>[0m [90m4 |[0m [36mimport[0m { [33mButton[0m } [36mfrom[0m 
[32m'@/features/ui/components/button'[0m;
  [90m  |[0m [31m[1m^^^^^^^^^^^^^^^^^^^^^^^^^^^^^^^^^^^^^^^^^^^^^^^^^^^^^^^^^[0m
  [90m5 |[0m [36mimport[0m { [33mScrollArea[0m } [36mfrom[0m [32m'@/features/ui/components/scroll-area'[0m;
  [90m6 |[0m [36mimport[0m { cn } [36mfrom[0m [32m'@/lib/utils'[0m;
  [90m7 |[0m [36mimport[0m { [33mDetailsMembersTab[0m } [36mfrom[0m [32m'./details-members-tab'[0m;

Import map: aliased to relative './src/features/ui/components/button' inside of [project]/frontend


Import traces:
  Client Component Browser:
    ./frontend/src/components/discussions/details/details-panel.tsx [Client Component Browser]
    ./frontend/src/components/discussions/channel/channel-pane/channel-pane.tsx [Client Component Browser]
    ./frontend/src/app/dashboard/messages/page.tsx [Client Component Browser]
    ./frontend/src/app/dashboard/messages/page.tsx [Server Component]

  Client Component SSR:
    ./frontend/src/components/discussions/details/details-panel.tsx [Client Component SSR]
    ./frontend/src/components/discussions/channel/channel-pane/channel-pane.tsx [Client Component SSR]
    ./frontend/src/app/dashboard/messages/page.tsx [Client Component SSR]
    ./frontend/src/app/dashboard/messages/page.tsx [Server Component]

https://nextjs.org/docs/messages/module-not-found


./frontend/src/components/discussions/details/details-pinned-tab.tsx:4:1
Module not found: Can't resolve '@/features/ui/components/button'
  [90m2 |[0m
  [90m3 |[0m [36mimport[0m { [33mPin[0m } [36mfrom[0m [32m'lucide-react'[0m
[31m[1m>[0m [90m4 |[0m [36mimport[0m { [33mButton[0m } [36mfrom[0m 
[32m'@/features/ui/components/button'[0m
  [90m  |[0m [31m[1m^^^^^^^^^^^^^^^^^^^^^^^^^^^^^^^^^^^^^^^^^^^^^^^^^^^^^^^^[0m
  [90m5 |[0m [36mimport[0m { [33mSkeleton[0m } [36mfrom[0m [32m'@/features/ui/components/skeleton'[0m
  [90m6 |[0m [36mimport[0m {
  [90m7 |[0m   useChannel,

Import map: aliased to relative './src/features/ui/components/button' inside of [project]/frontend


Import traces:
  Client Component Browser:
    ./frontend/src/components/discussions/details/details-pinned-tab.tsx [Client Component Browser]
    ./frontend/src/components/discussions/details/details-panel.tsx [Client Component Browser]
    ./frontend/src/components/discussions/channel/channel-pane/channel-pane.tsx [Client Component Browser]
    ./frontend/src/app/dashboard/messages/page.tsx [Client Component Browser]
    ./frontend/src/app/dashboard/messages/page.tsx [Server Component]

  Client Component SSR:
    ./frontend/src/components/discussions/details/details-pinned-tab.tsx [Client Component SSR]
    ./frontend/src/components/discussions/details/details-panel.tsx [Client Component SSR]
    ./frontend/src/components/discussions/channel/channel-pane/channel-pane.tsx [Client Component SSR]
    ./frontend/src/app/dashboard/messages/page.tsx [Client Component SSR]
    ./frontend/src/app/dashboard/messages/page.tsx [Server Component]

https://nextjs.org/docs/messages/module-not-found


./frontend/src/components/discussions/details/member-row.tsx:2:1
Module not found: Can't resolve '@/features/ui/components/button'
  [90m1 |[0m [36mimport[0m { [33mAvatar[0m, [33mAvatarFallback[0m, [33mAvatarImage[0m } [36mfrom[0m 
[32m'@/features/ui/components/avatar'[0m
[31m[1m>[0m [90m2 |[0m [36mimport[0m { [33mButton[0m } [36mfrom[0m 
[32m'@/features/ui/components/button'[0m
  [90m  |[0m [31m[1m^^^^^^^^^^^^^^^^^^^^^^^^^^^^^^^^^^^^^^^^^^^^^^^^^^^^^^^^[0m
  [90m3 |[0m [36mimport[0m { resolvePublicAssetUrl } [36mfrom[0m [32m'@/lib/resolve-public-asset-url'[0m
  [90m4 |[0m [36mimport[0m {
  [90m5 |[0m   [33mDropdownMenu[0m,

Import map: aliased to relative './src/features/ui/components/button' inside of [project]/frontend


Import traces:
  Client Component Browser:
    ./frontend/src/components/discussions/details/member-row.tsx [Client Component Browser]
    ./frontend/src/components/discussions/details/details-about-members.tsx [Client Component Browser]
    ./frontend/src/components/discussions/details/details-members-tab.tsx [Client Component Browser]
    ./frontend/src/components/discussions/details/details-panel.tsx [Client Component Browser]
    ./frontend/src/components/discussions/channel/channel-pane/channel-pane.tsx [Client Component Browser]
    ./frontend/src/app/dashboard/messages/page.tsx [Client Component Browser]
    ./frontend/src/app/dashboard/messages/page.tsx [Server Component]

  Client Component SSR:
    ./frontend/src/components/discussions/details/member-row.tsx [Client Component SSR]
    ./frontend/src/components/discussions/details/details-about-members.tsx [Client Component SSR]
    ./frontend/src/components/discussions/details/details-members-tab.tsx [Client Component SSR]
    ./frontend/src/components/discussions/details/details-panel.tsx [Client Component SSR]
    ./frontend/src/components/discussions/channel/channel-pane/channel-pane.tsx [Client Component SSR]
    ./frontend/src/app/dashboard/messages/page.tsx [Client Component SSR]
    ./frontend/src/app/dashboard/messages/page.tsx [Server Component]

https://nextjs.org/docs/messages/module-not-found


./frontend/src/components/discussions/dms/dm-add-members/add-members-dialog.tsx:4:1
Module not found: Can't resolve '@/features/ui/components/button'
  [90m2 |[0m
  [90m3 |[0m [36mimport[0m { useEffect } [36mfrom[0m [32m'react'[0m
[31m[1m>[0m [90m4 |[0m [36mimport[0m { [33mButton[0m } [36mfrom[0m 
[32m'@/features/ui/components/button'[0m
  [90m  |[0m [31m[1m^^^^^^^^^^^^^^^^^^^^^^^^^^^^^^^^^^^^^^^^^^^^^^^^^^^^^^^^[0m
  [90m5 |[0m [36mimport[0m {
  [90m6 |[0m   [33mDialog[0m,
  [90m7 |[0m   [33mDialogContent[0m,

Import map: aliased to relative './src/features/ui/components/button' inside of [project]/frontend


Import traces:
  Client Component Browser:
    ./frontend/src/components/discussions/dms/dm-add-members/add-members-dialog.tsx [Client Component Browser]
    ./frontend/src/components/discussions/dms/dm-pane/dm-pane.tsx [Client Component Browser]
    ./frontend/src/app/dashboard/messages/page.tsx [Client Component Browser]
    ./frontend/src/app/dashboard/messages/page.tsx [Server Component]

  Client Component SSR:
    ./frontend/src/components/discussions/dms/dm-add-members/add-members-dialog.tsx [Client Component SSR]
    ./frontend/src/components/discussions/dms/dm-pane/dm-pane.tsx [Client Component SSR]
    ./frontend/src/app/dashboard/messages/page.tsx [Client Component SSR]
    ./frontend/src/app/dashboard/messages/page.tsx [Server Component]

https://nextjs.org/docs/messages/module-not-found


./frontend/src/components/discussions/dms/dm-composer.tsx:5:1
Module not found: Can't resolve '@/features/ui/components/button'
  [90m3 |[0m [36mimport[0m { useEffect, useRef, useState } [36mfrom[0m [32m'react'[0m
  [90m4 |[0m [36mimport[0m { [33mPaperclip[0m, [33mSmile[0m } [36mfrom[0m [32m'lucide-react'[0m
[31m[1m>[0m [90m5 |[0m [36mimport[0m { [33mButton[0m } [36mfrom[0m 
[32m'@/features/ui/components/button'[0m
  [90m  |[0m [31m[1m^^^^^^^^^^^^^^^^^^^^^^^^^^^^^^^^^^^^^^^^^^^^^^^^^^^^^^^^[0m
  [90m6 |[0m [36mimport[0m { [33mTextarea[0m } [36mfrom[0m [32m'@/features/ui/components/textarea'[0m
  [90m7 |[0m [36mimport[0m { [33mPopover[0m, [33mPopoverContent[0m, [33mPopoverTrigger[0m } [36mfrom[0m 
[32m'@/features/ui/components/popover'[0m
  [90m8 |[0m [36mimport[0m { [33mTooltip[0m, [33mTooltipContent[0m, [33mTooltipTrigger[0m } [36mfrom[0m 
[32m'@/features/ui/components/tooltip'[0m

Import map: aliased to relative './src/features/ui/components/button' inside of [project]/frontend


Import traces:
  Client Component Browser:
    ./frontend/src/components/discussions/dms/dm-composer.tsx [Client Component Browser]
    ./frontend/src/components/discussions/dms/dm-pane/dm-pane.tsx [Client Component Browser]
    ./frontend/src/app/dashboard/messages/page.tsx [Client Component Browser]
    ./frontend/src/app/dashboard/messages/page.tsx [Server Component]

  Client Component SSR:
    ./frontend/src/components/discussions/dms/dm-composer.tsx [Client Component SSR]
    ./frontend/src/components/discussions/dms/dm-pane/dm-pane.tsx [Client Component SSR]
    ./frontend/src/app/dashboard/messages/page.tsx [Client Component SSR]
    ./frontend/src/app/dashboard/messages/page.tsx [Server Component]

https://nextjs.org/docs/messages/module-not-found


./frontend/src/components/discussions/dms/dm-create/dm-candidate-picker.tsx:5:1
Module not found: Can't resolve '@/features/ui/components/button'
  [90m3 |[0m [36mimport[0m [36mtype[0m { [33mRefObject[0m } [36mfrom[0m [32m'react'[0m
  [90m4 |[0m [36mimport[0m { useMemo, useState } [36mfrom[0m [32m'react'[0m
[31m[1m>[0m [90m5 |[0m [36mimport[0m { [33mButton[0m } [36mfrom[0m 
[32m'@/features/ui/components/button'[0m
  [90m  |[0m [31m[1m^^^^^^^^^^^^^^^^^^^^^^^^^^^^^^^^^^^^^^^^^^^^^^^^^^^^^^^^[0m
  [90m6 |[0m [36mimport[0m { [33mInput[0m } [36mfrom[0m [32m'@/features/ui/components/input'[0m
  [90m7 |[0m [36mimport[0m { [33mIcons[0m } [36mfrom[0m [32m'@/components/icons'[0m
  [90m8 |[0m [36mimport[0m [36mtype[0m { [33mGroupDmCandidate[0m } [36mfrom[0m 
[32m'@/lib/discussions/queries/types'[0m

Import map: aliased to relative './src/features/ui/components/button' inside of [project]/frontend


Import traces:
  Client Component Browser:
    ./frontend/src/components/discussions/dms/dm-create/dm-candidate-picker.tsx [Client Component Browser]
    ./frontend/src/components/discussions/dms/dm-add-members/add-members-dialog.tsx [Client Component Browser]
    ./frontend/src/components/discussions/dms/dm-pane/dm-pane.tsx [Client Component Browser]
    ./frontend/src/app/dashboard/messages/page.tsx [Client Component Browser]
    ./frontend/src/app/dashboard/messages/page.tsx [Server Component]

  Client Component SSR:
    ./frontend/src/components/discussions/dms/dm-create/dm-candidate-picker.tsx [Client Component SSR]
    ./frontend/src/components/discussions/dms/dm-add-members/add-members-dialog.tsx [Client Component SSR]
    ./frontend/src/components/discussions/dms/dm-pane/dm-pane.tsx [Client Component SSR]
    ./frontend/src/app/dashboard/messages/page.tsx [Client Component SSR]
    ./frontend/src/app/dashboard/messages/page.tsx [Server Component]

https://nextjs.org/docs/messages/module-not-found


./frontend/src/components/discussions/dms/dm-create/dm-create-dialog.tsx:4:1
Module not found: Can't resolve '@/features/ui/components/button'
  [90m2 |[0m
  [90m3 |[0m [36mimport[0m { useEffect } [36mfrom[0m [32m'react'[0m
[31m[1m>[0m [90m4 |[0m [36mimport[0m { [33mButton[0m } [36mfrom[0m 
[32m'@/features/ui/components/button'[0m
  [90m  |[0m [31m[1m^^^^^^^^^^^^^^^^^^^^^^^^^^^^^^^^^^^^^^^^^^^^^^^^^^^^^^^^[0m
  [90m5 |[0m [36mimport[0m {
  [90m6 |[0m   [33mDialog[0m,
  [90m7 |[0m   [33mDialogContent[0m,

Import map: aliased to relative './src/features/ui/components/button' inside of [project]/frontend


Import traces:
  Client Component Browser:
    ./frontend/src/components/discussions/dms/dm-create/dm-create-dialog.tsx [Client Component Browser]
    ./frontend/src/components/inbox/inbox-list.tsx [Client Component Browser]
    ./frontend/src/app/dashboard/messages/page.tsx [Client Component Browser]
    ./frontend/src/app/dashboard/messages/page.tsx [Server Component]

  Client Component SSR:
    ./frontend/src/components/discussions/dms/dm-create/dm-create-dialog.tsx [Client Component SSR]
    ./frontend/src/components/inbox/inbox-list.tsx [Client Component SSR]
    ./frontend/src/app/dashboard/messages/page.tsx [Client Component SSR]
    ./frontend/src/app/dashboard/messages/page.tsx [Server Component]

https://nextjs.org/docs/messages/module-not-found


./frontend/src/components/discussions/dms/dm-message-edit-view.tsx:3:1
Module not found: Can't resolve '@/features/ui/components/button'
  [90m1 |[0m [32m'use client'[0m;
  [90m2 |[0m
[31m[1m>[0m [90m3 |[0m [36mimport[0m { [33mButton[0m } [36mfrom[0m 
[32m'@/features/ui/components/button'[0m;
  [90m  |[0m [31m[1m^^^^^^^^^^^^^^^^^^^^^^^^^^^^^^^^^^^^^^^^^^^^^^^^^^^^^^^^^[0m
  [90m4 |[0m [36mimport[0m { [33mTextarea[0m } [36mfrom[0m [32m'@/features/ui/components/textarea'[0m;
  [90m5 |[0m [36mimport[0m { cn } [36mfrom[0m [32m'@/lib/utils'[0m;
  [90m6 |[0m

Import map: aliased to relative './src/features/ui/components/button' inside of [project]/frontend


Import traces:
  Client Component Browser:
    ./frontend/src/components/discussions/dms/dm-message-edit-view.tsx [Client Component Browser]
    ./frontend/src/components/discussions/dms/dm-message-row.tsx [Client Component Browser]
    ./frontend/src/components/discussions/dms/index.ts [Client Component Browser]
    ./frontend/src/app/dashboard/messages/page.tsx [Client Component Browser]
    ./frontend/src/app/dashboard/messages/page.tsx [Server Component]

  Client Component SSR:
    ./frontend/src/components/discussions/dms/dm-message-edit-view.tsx [Client Component SSR]
    ./frontend/src/components/discussions/dms/dm-message-row.tsx [Client Component SSR]
    ./frontend/src/components/discussions/dms/index.ts [Client Component SSR]
    ./frontend/src/app/dashboard/messages/page.tsx [Client Component SSR]
    ./frontend/src/app/dashboard/messages/page.tsx [Server Component]

https://nextjs.org/docs/messages/module-not-found


./frontend/src/components/discussions/dms/dm-message-hover-toolbar.tsx:4:1
Module not found: Can't resolve '@/features/ui/components/button'
  [90m2 |[0m
  [90m3 |[0m [36mimport[0m { [33mCornerUpLeft[0m } [36mfrom[0m [32m'lucide-react'[0m
[31m[1m>[0m [90m4 |[0m [36mimport[0m { [33mButton[0m } [36mfrom[0m 
[32m'@/features/ui/components/button'[0m
  [90m  |[0m [31m[1m^^^^^^^^^^^^^^^^^^^^^^^^^^^^^^^^^^^^^^^^^^^^^^^^^^^^^^^^[0m
  [90m5 |[0m [36mimport[0m { [33mIcons[0m } [36mfrom[0m [32m'@/components/icons'[0m
  [90m6 |[0m [36mimport[0m { cn } [36mfrom[0m [32m'@/lib/utils'[0m
  [90m7 |[0m [36mimport[0m { [33mDM_QUICK_REACTIONS[0m } [36mfrom[0m [32m'./dm-message-helpers'[0m

Import map: aliased to relative './src/features/ui/components/button' inside of [project]/frontend


Import traces:
  Client Component Browser:
    ./frontend/src/components/discussions/dms/dm-message-hover-toolbar.tsx [Client Component Browser]
    ./frontend/src/components/discussions/dms/dm-message-bubble.tsx [Client Component Browser]
    ./frontend/src/components/discussions/dms/dm-message-row.tsx [Client Component Browser]
    ./frontend/src/components/discussions/dms/index.ts [Client Component Browser]
    ./frontend/src/app/dashboard/messages/page.tsx [Client Component Browser]
    ./frontend/src/app/dashboard/messages/page.tsx [Server Component]

  Client Component SSR:
    ./frontend/src/components/discussions/dms/dm-message-hover-toolbar.tsx [Client Component SSR]
    ./frontend/src/components/discussions/dms/dm-message-bubble.tsx [Client Component SSR]
    ./frontend/src/components/discussions/dms/dm-message-row.tsx [Client Component SSR]
    ./frontend/src/components/discussions/dms/index.ts [Client Component SSR]
    ./frontend/src/app/dashboard/messages/page.tsx [Client Component SSR]
    ./frontend/src/app/dashboard/messages/page.tsx [Server Component]

https://nextjs.org/docs/messages/module-not-found


./frontend/src/components/discussions/dms/dm-pane/dm-pane-states.tsx:5:1
Module not found: Can't resolve '@/features/ui/components/button'
  [90m3 |[0m [36mimport[0m { [33mPencil[0m, [33mUser[0m, [33mUsers[0m } [36mfrom[0m [32m'lucide-react'[0m
  [90m4 |[0m [36mimport[0m { [33mAvatar[0m, [33mAvatarFallback[0m, [33mAvatarImage[0m } [36mfrom[0m 
[32m'@/features/ui/components/avatar'[0m
[31m[1m>[0m [90m5 |[0m [36mimport[0m { [33mButton[0m } [36mfrom[0m 
[32m'@/features/ui/components/button'[0m
  [90m  |[0m [31m[1m^^^^^^^^^^^^^^^^^^^^^^^^^^^^^^^^^^^^^^^^^^^^^^^^^^^^^^^^[0m
  [90m6 |[0m [36mimport[0m { resolvePublicAssetUrl } [36mfrom[0m [32m'@/lib/resolve-public-asset-url'[0m
  [90m7 |[0m [36mimport[0m {
  [90m8 |[0m   [33mDropdownMenu[0m,

Import map: aliased to relative './src/features/ui/components/button' inside of [project]/frontend


Import traces:
  Client Component Browser:
    ./frontend/src/components/discussions/dms/dm-pane/dm-pane-states.tsx [Client Component Browser]
    ./frontend/src/components/discussions/dms/dm-pane/dm-pane.tsx [Client Component Browser]
    ./frontend/src/app/dashboard/messages/page.tsx [Client Component Browser]
    ./frontend/src/app/dashboard/messages/page.tsx [Server Component]

  Client Component SSR:
    ./frontend/src/components/discussions/dms/dm-pane/dm-pane-states.tsx [Client Component SSR]
    ./frontend/src/components/discussions/dms/dm-pane/dm-pane.tsx [Client Component SSR]
    ./frontend/src/app/dashboard/messages/page.tsx [Client Component SSR]
    ./frontend/src/app/dashboard/messages/page.tsx [Server Component]

https://nextjs.org/docs/messages/module-not-found


./frontend/src/components/discussions/dms/dm-pane/rename-dm-dialog.tsx:6:1
Module not found: Can't resolve '@/features/ui/components/button'
  [90m4 |[0m [36mimport[0m { toast } [36mfrom[0m [32m'sonner'[0m
  [90m5 |[0m [36mimport[0m { [33mAvatar[0m, [33mAvatarFallback[0m, [33mAvatarImage[0m } [36mfrom[0m 
[32m'@/features/ui/components/avatar'[0m
[31m[1m>[0m [90m6 |[0m [36mimport[0m { [33mButton[0m } [36mfrom[0m 
[32m'@/features/ui/components/button'[0m
  [90m  |[0m [31m[1m^^^^^^^^^^^^^^^^^^^^^^^^^^^^^^^^^^^^^^^^^^^^^^^^^^^^^^^^[0m
  [90m7 |[0m [36mimport[0m {
  [90m8 |[0m   [33mDialog[0m,
  [90m9 |[0m   [33mDialogContent[0m,

Import map: aliased to relative './src/features/ui/components/button' inside of [project]/frontend


Import traces:
  Client Component Browser:
    ./frontend/src/components/discussions/dms/dm-pane/rename-dm-dialog.tsx [Client Component Browser]
    ./frontend/src/components/discussions/dms/dm-pane/dm-pane.tsx [Client Component Browser]
    ./frontend/src/app/dashboard/messages/page.tsx [Client Component Browser]
    ./frontend/src/app/dashboard/messages/page.tsx [Server Component]

  Client Component SSR:
    ./frontend/src/components/discussions/dms/dm-pane/rename-dm-dialog.tsx [Client Component SSR]
    ./frontend/src/components/discussions/dms/dm-pane/dm-pane.tsx [Client Component SSR]
    ./frontend/src/app/dashboard/messages/page.tsx [Client Component SSR]
    ./frontend/src/app/dashboard/messages/page.tsx [Server Component]

https://nextjs.org/docs/messages/module-not-found


./frontend/src/components/discussions/dms/dm-pane/view-members-dialog.tsx:4:1
Module not found: Can't resolve '@/features/ui/components/button'
  [90m2 |[0m
  [90m3 |[0m [36mimport[0m { [33mAvatar[0m, [33mAvatarFallback[0m, [33mAvatarImage[0m } [36mfrom[0m 
[32m'@/features/ui/components/avatar'[0m
[31m[1m>[0m [90m4 |[0m [36mimport[0m { [33mButton[0m } [36mfrom[0m 
[32m'@/features/ui/components/button'[0m
  [90m  |[0m [31m[1m^^^^^^^^^^^^^^^^^^^^^^^^^^^^^^^^^^^^^^^^^^^^^^^^^^^^^^^^[0m
  [90m5 |[0m [36mimport[0m {
  [90m6 |[0m   [33mDialog[0m,
  [90m7 |[0m   [33mDialogContent[0m,

Import map: aliased to relative './src/features/ui/components/button' inside of [project]/frontend


Import traces:
  Client Component Browser:
    ./frontend/src/components/discussions/dms/dm-pane/view-members-dialog.tsx [Client Component Browser]
    ./frontend/src/components/discussions/dms/dm-pane/dm-pane.tsx [Client Component Browser]
    ./frontend/src/app/dashboard/messages/page.tsx [Client Component Browser]
    ./frontend/src/app/dashboard/messages/page.tsx [Server Component]

  Client Component SSR:
    ./frontend/src/components/discussions/dms/dm-pane/view-members-dialog.tsx [Client Component SSR]
    ./frontend/src/components/discussions/dms/dm-pane/dm-pane.tsx [Client Component SSR]
    ./frontend/src/app/dashboard/messages/page.tsx [Client Component SSR]
    ./frontend/src/app/dashboard/messages/page.tsx [Server Component]

https://nextjs.org/docs/messages/module-not-found


./frontend/src/components/discussions/message-reply-quote.tsx:4:1
Module not found: Can't resolve '@/features/ui/components/button'
  [90m2 |[0m
  [90m3 |[0m [36mimport[0m { [33mCornerUpLeft[0m, [33mX[0m } [36mfrom[0m [32m'lucide-react'[0m
[31m[1m>[0m [90m4 |[0m [36mimport[0m { [33mButton[0m } [36mfrom[0m 
[32m'@/features/ui/components/button'[0m
  [90m  |[0m [31m[1m^^^^^^^^^^^^^^^^^^^^^^^^^^^^^^^^^^^^^^^^^^^^^^^^^^^^^^^^[0m
  [90m5 |[0m [36mimport[0m { cn } [36mfrom[0m [32m'@/lib/utils'[0m
  [90m6 |[0m
  [90m7 |[0m [36mexport[0m [36mtype[0m [33mReplyQuoteTarget[0m = {

Import map: aliased to relative './src/features/ui/components/button' inside of [project]/frontend


Import traces:
  Client Component Browser:
    ./frontend/src/components/discussions/message-reply-quote.tsx [Client Component Browser]
    ./frontend/src/components/discussions/composer/message-composer/message-composer.tsx [Client Component Browser]
    ./frontend/src/components/discussions/channel/channel-pane/channel-pane.tsx [Client Component Browser]
    ./frontend/src/app/dashboard/messages/page.tsx [Client Component Browser]
    ./frontend/src/app/dashboard/messages/page.tsx [Server Component]

  Client Component SSR:
    ./frontend/src/components/discussions/message-reply-quote.tsx [Client Component SSR]
    ./frontend/src/components/discussions/composer/message-composer/message-composer.tsx [Client Component SSR]
    ./frontend/src/components/discussions/channel/channel-pane/channel-pane.tsx [Client Component SSR]
    ./frontend/src/app/dashboard/messages/page.tsx [Client Component SSR]
    ./frontend/src/app/dashboard/messages/page.tsx [Server Component]

https://nextjs.org/docs/messages/module-not-found


./frontend/src/components/discussions/threads/thread-panel.tsx:3:1
Module not found: Can't resolve '@/features/ui/components/button'
  [90m1 |[0m [32m'use client'[0m;
  [90m2 |[0m
[31m[1m>[0m [90m3 |[0m [36mimport[0m { [33mButton[0m } [36mfrom[0m 
[32m'@/features/ui/components/button'[0m;
  [90m  |[0m [31m[1m^^^^^^^^^^^^^^^^^^^^^^^^^^^^^^^^^^^^^^^^^^^^^^^^^^^^^^^^^[0m
  [90m4 |[0m [36mimport[0m { [33mIcons[0m } [36mfrom[0m [32m'@/components/icons'[0m;
  [90m5 |[0m [36mimport[0m { [33mSkeleton[0m } [36mfrom[0m [32m'@/features/ui/components/skeleton'[0m;
  [90m6 |[0m [36mimport[0m { useThreadMessages } [36mfrom[0m 
[32m'@/lib/discussions/services/use-thread-messages'[0m;

Import map: aliased to relative './src/features/ui/components/button' inside of [project]/frontend


Import traces:
  Client Component Browser:
    ./frontend/src/components/discussions/threads/thread-panel.tsx [Client Component Browser]
    ./frontend/src/components/discussions/channel/channel-pane/channel-pane.tsx [Client Component Browser]
    ./frontend/src/app/dashboard/messages/page.tsx [Client Component Browser]
    ./frontend/src/app/dashboard/messages/page.tsx [Server Component]

  Client Component SSR:
    ./frontend/src/components/discussions/threads/thread-panel.tsx [Client Component SSR]
    ./frontend/src/components/discussions/channel/channel-pane/channel-pane.tsx [Client Component SSR]
    ./frontend/src/app/dashboard/messages/page.tsx [Client Component SSR]
    ./frontend/src/app/dashboard/messages/page.tsx [Server Component]

https://nextjs.org/docs/messages/module-not-found


./frontend/src/components/faculties/faculty-row-actions.tsx:6:1
Module not found: Can't resolve '@/features/ui/components/button'
  [90m4 |[0m [36mimport[0m { [33mIcons[0m } [36mfrom[0m [32m'@/components/icons'[0m;
  [90m5 |[0m [36mimport[0m { [33mAlertModal[0m } [36mfrom[0m 
[32m'@/features/modal/components/alert-modal'[0m;
[31m[1m>[0m [90m6 |[0m [36mimport[0m { [33mButton[0m } [36mfrom[0m 
[32m'@/features/ui/components/button'[0m;
  [90m  |[0m [31m[1m^^^^^^^^^^^^^^^^^^^^^^^^^^^^^^^^^^^^^^^^^^^^^^^^^^^^^^^^^[0m
  [90m7 |[0m [36mimport[0m {
  [90m8 |[0m   [33mDropdownMenu[0m,
  [90m9 |[0m   [33mDropdownMenuContent[0m,

Import map: aliased to relative './src/features/ui/components/button' inside of [project]/frontend


Import traces:
  Client Component Browser:
    ./frontend/src/components/faculties/faculty-row-actions.tsx [Client Component Browser]
    ./frontend/src/components/faculties/faculty-table-row.tsx [Client Component Browser]
    ./frontend/src/components/faculties/faculty-table.tsx [Client Component Browser]
    ./frontend/src/components/faculties/faculty-listing.tsx [Client Component Browser]
    ./frontend/src/components/faculties/faculty-listing.tsx [Server Component]
    ./frontend/src/app/dashboard/faculties/page.tsx [Server Component]

  Client Component SSR:
    ./frontend/src/components/faculties/faculty-row-actions.tsx [Client Component SSR]
    ./frontend/src/components/faculties/faculty-table-row.tsx [Client Component SSR]
    ./frontend/src/components/faculties/faculty-table.tsx [Client Component SSR]
    ./frontend/src/components/faculties/faculty-listing.tsx [Client Component SSR]
    ./frontend/src/components/faculties/faculty-listing.tsx [Server Component]
    ./frontend/src/app/dashboard/faculties/page.tsx [Server Component]

https://nextjs.org/docs/messages/module-not-found


./frontend/src/components/inbox/inbox-list-empty.tsx:5:1
Module not found: Can't resolve '@/features/ui/components/button'
  [90m3 |[0m [36mimport[0m { useRouter } [36mfrom[0m [32m'next/navigation'[0m
  [90m4 |[0m [36mimport[0m { [33mCompass[0m, [33mMessageSquareDashed[0m } [36mfrom[0m [32m'lucide-react'[0m
[31m[1m>[0m [90m5 |[0m [36mimport[0m { [33mButton[0m } [36mfrom[0m 
[32m'@/features/ui/components/button'[0m
  [90m  |[0m [31m[1m^^^^^^^^^^^^^^^^^^^^^^^^^^^^^^^^^^^^^^^^^^^^^^^^^^^^^^^^[0m
  [90m6 |[0m [36mimport[0m { messagesDiscoverHref } [36mfrom[0m [32m'@/lib/inbox/services/messages-href'[0m
  [90m7 |[0m [36mimport[0m [36mtype[0m { [33mInboxFilter[0m } [36mfrom[0m [32m'./inbox-helpers'[0m
  [90m8 |[0m

Import map: aliased to relative './src/features/ui/components/button' inside of [project]/frontend


Import traces:
  Client Component Browser:
    ./frontend/src/components/inbox/inbox-list-empty.tsx [Client Component Browser]
    ./frontend/src/components/inbox/inbox-list.tsx [Client Component Browser]
    ./frontend/src/app/dashboard/messages/page.tsx [Client Component Browser]
    ./frontend/src/app/dashboard/messages/page.tsx [Server Component]

  Client Component SSR:
    ./frontend/src/components/inbox/inbox-list-empty.tsx [Client Component SSR]
    ./frontend/src/components/inbox/inbox-list.tsx [Client Component SSR]
    ./frontend/src/app/dashboard/messages/page.tsx [Client Component SSR]
    ./frontend/src/app/dashboard/messages/page.tsx [Server Component]

https://nextjs.org/docs/messages/module-not-found


./frontend/src/components/inbox/inbox-list-header.tsx:6:1
Module not found: Can't resolve '@/features/ui/components/button'
  [90m4 |[0m [36mimport[0m { [33mLandmark[0m, [33mPencil[0m, [33mPlus[0m, [33mSearch[0m, [33mUser[0m, 
[33mUsers[0m } [36mfrom[0m [32m'lucide-react'[0m;
  [90m5 |[0m [36mimport[0m { [33mInput[0m } [36mfrom[0m [32m'@/features/ui/components/input'[0m;
[31m[1m>[0m [90m6 |[0m [36mimport[0m { [33mButton[0m } [36mfrom[0m 
[32m'@/features/ui/components/button'[0m;
  [90m  |[0m [31m[1m^^^^^^^^^^^^^^^^^^^^^^^^^^^^^^^^^^^^^^^^^^^^^^^^^^^^^^^^^[0m
  [90m7 |[0m [36mimport[0m {
  [90m8 |[0m   [33mDropdownMenu[0m,
  [90m9 |[0m   [33mDropdownMenuContent[0m,

Import map: aliased to relative './src/features/ui/components/button' inside of [project]/frontend


Import traces:
  Client Component Browser:
    ./frontend/src/components/inbox/inbox-list-header.tsx [Client Component Browser]
    ./frontend/src/components/inbox/inbox-list.tsx [Client Component Browser]
    ./frontend/src/app/dashboard/messages/page.tsx [Client Component Browser]
    ./frontend/src/app/dashboard/messages/page.tsx [Server Component]

  Client Component SSR:
    ./frontend/src/components/inbox/inbox-list-header.tsx [Client Component SSR]
    ./frontend/src/components/inbox/inbox-list.tsx [Client Component SSR]
    ./frontend/src/app/dashboard/messages/page.tsx [Client Component SSR]
    ./frontend/src/app/dashboard/messages/page.tsx [Server Component]

https://nextjs.org/docs/messages/module-not-found


./frontend/src/components/inbox/messages-office-desk-pane.tsx:7:1
Module not found: Can't resolve '@/features/ui/components/button'
  [90m 5 |[0m [36mimport[0m { [33mBuilding2[0m, [33mLoader2[0m, [33mSend[0m } [36mfrom[0m 
[32m'lucide-react'[0m
  [90m 6 |[0m [36mimport[0m { toast } [36mfrom[0m [32m'sonner'[0m
[31m[1m>[0m [90m 7 |[0m [36mimport[0m { [33mButton[0m } [36mfrom[0m 
[32m'@/features/ui/components/button'[0m
  [90m   |[0m [31m[1m^^^^^^^^^^^^^^^^^^^^^^^^^^^^^^^^^^^^^^^^^^^^^^^^^^^^^^^^[0m
  [90m 8 |[0m [36mimport[0m { [33mTextarea[0m } [36mfrom[0m [32m'@/features/ui/components/textarea'[0m
  [90m 9 |[0m [36mimport[0m { useQueryClient } [36mfrom[0m [32m'@/lib/async-query'[0m
  [90m10 |[0m [36mimport[0m { inboxKeys } [36mfrom[0m [32m'@/lib/inbox/inbox-queries'[0m

Import map: aliased to relative './src/features/ui/components/button' inside of [project]/frontend


Import traces:
  Client Component Browser:
    ./frontend/src/components/inbox/messages-office-desk-pane.tsx [Client Component Browser]
    ./frontend/src/app/dashboard/messages/page.tsx [Client Component Browser]
    ./frontend/src/app/dashboard/messages/page.tsx [Server Component]

  Client Component SSR:
    ./frontend/src/components/inbox/messages-office-desk-pane.tsx [Client Component SSR]
    ./frontend/src/app/dashboard/messages/page.tsx [Client Component SSR]
    ./frontend/src/app/dashboard/messages/page.tsx [Server Component]

https://nextjs.org/docs/messages/module-not-found


./frontend/src/components/notifications/notifications-page.tsx:7:1
Module not found: Can't resolve '@/features/ui/components/button'
  [90m 5 |[0m [36mimport[0m { [33mIcons[0m } [36mfrom[0m [32m'@/components/icons'[0m;
  [90m 6 |[0m [36mimport[0m [33mPageContainer[0m [36mfrom[0m 
[32m'@/features/layout/components/page-container'[0m;
[31m[1m>[0m [90m 7 |[0m [36mimport[0m { [33mButton[0m } [36mfrom[0m 
[32m'@/features/ui/components/button'[0m;
  [90m   |[0m [31m[1m^^^^^^^^^^^^^^^^^^^^^^^^^^^^^^^^^^^^^^^^^^^^^^^^^^^^^^^^^[0m
  [90m 8 |[0m [36mimport[0m { [33mInput[0m } [36mfrom[0m [32m'@/features/ui/components/input'[0m;
  [90m 9 |[0m [36mimport[0m { [33mSkeleton[0m } [36mfrom[0m [32m'@/features/ui/components/skeleton'[0m;
  [90m10 |[0m [36mimport[0m { cn } [36mfrom[0m [32m'@/lib/utils'[0m;

Import map: aliased to relative './src/features/ui/components/button' inside of [project]/frontend


Import trace:
  Server Component:
    ./frontend/src/components/notifications/notifications-page.tsx
    ./frontend/src/app/dashboard/notifications/page.tsx

https://nextjs.org/docs/messages/module-not-found


./frontend/src/components/offices/admin/create-office-dialog.tsx:5:1
Module not found: Can't resolve '@/features/ui/components/button'
  [90m3 |[0m [36mimport[0m { useState } [36mfrom[0m [32m'react'[0m;
  [90m4 |[0m [36mimport[0m { [33mLoader2[0m } [36mfrom[0m [32m'lucide-react'[0m;
[31m[1m>[0m [90m5 |[0m [36mimport[0m { [33mButton[0m } [36mfrom[0m 
[32m'@/features/ui/components/button'[0m;
  [90m  |[0m [31m[1m^^^^^^^^^^^^^^^^^^^^^^^^^^^^^^^^^^^^^^^^^^^^^^^^^^^^^^^^^[0m
  [90m6 |[0m [36mimport[0m { [33mInput[0m } [36mfrom[0m [32m'@/features/ui/components/input'[0m;
  [90m7 |[0m [36mimport[0m { [33mLabel[0m } [36mfrom[0m [32m'@/features/ui/components/label'[0m;
  [90m8 |[0m [36mimport[0m { [33mTextarea[0m } [36mfrom[0m [32m'@/features/ui/components/textarea'[0m;

Import map: aliased to relative './src/features/ui/components/button' inside of [project]/frontend


Import traces:
  Client Component Browser:
    ./frontend/src/components/offices/admin/create-office-dialog.tsx [Client Component Browser]
    ./frontend/src/components/offices/admin/offices-admin-page.tsx [Client Component Browser]
    ./frontend/src/components/offices/admin/offices-admin-page.tsx [Server Component]
    ./frontend/src/app/dashboard/admin/offices/page.tsx [Server Component]

  Client Component SSR:
    ./frontend/src/components/offices/admin/create-office-dialog.tsx [Client Component SSR]
    ./frontend/src/components/offices/admin/offices-admin-page.tsx [Client Component SSR]
    ./frontend/src/components/offices/admin/offices-admin-page.tsx [Server Component]
    ./frontend/src/app/dashboard/admin/offices/page.tsx [Server Component]

https://nextjs.org/docs/messages/module-not-found


./frontend/src/components/offices/admin/edit-office-dialog.tsx:5:1
Module not found: Can't resolve '@/features/ui/components/button'
  [90m3 |[0m [36mimport[0m { useEffect, useState } [36mfrom[0m [32m'react'[0m;
  [90m4 |[0m [36mimport[0m { [33mLoader2[0m } [36mfrom[0m [32m'lucide-react'[0m;
[31m[1m>[0m [90m5 |[0m [36mimport[0m { [33mButton[0m } [36mfrom[0m 
[32m'@/features/ui/components/button'[0m;
  [90m  |[0m [31m[1m^^^^^^^^^^^^^^^^^^^^^^^^^^^^^^^^^^^^^^^^^^^^^^^^^^^^^^^^^[0m
  [90m6 |[0m [36mimport[0m { [33mInput[0m } [36mfrom[0m [32m'@/features/ui/components/input'[0m;
  [90m7 |[0m [36mimport[0m { [33mLabel[0m } [36mfrom[0m [32m'@/features/ui/components/label'[0m;
  [90m8 |[0m [36mimport[0m { [33mTextarea[0m } [36mfrom[0m [32m'@/features/ui/components/textarea'[0m;

Import map: aliased to relative './src/features/ui/components/button' inside of [project]/frontend


Import traces:
  Client Component Browser:
    ./frontend/src/components/offices/admin/edit-office-dialog.tsx [Client Component Browser]
    ./frontend/src/components/offices/admin/offices-admin-page.tsx [Client Component Browser]
    ./frontend/src/components/offices/admin/offices-admin-page.tsx [Server Component]
    ./frontend/src/app/dashboard/admin/offices/page.tsx [Server Component]

  Client Component SSR:
    ./frontend/src/components/offices/admin/edit-office-dialog.tsx [Client Component SSR]
    ./frontend/src/components/offices/admin/offices-admin-page.tsx [Client Component SSR]
    ./frontend/src/components/offices/admin/offices-admin-page.tsx [Server Component]
    ./frontend/src/app/dashboard/admin/offices/page.tsx [Server Component]

https://nextjs.org/docs/messages/module-not-found


./frontend/src/components/offices/admin/office-row-actions.tsx:4:1
Module not found: Can't resolve '@/features/ui/components/button'
  [90m2 |[0m
  [90m3 |[0m [36mimport[0m { [33mIcons[0m } [36mfrom[0m [32m'@/components/icons'[0m;
[31m[1m>[0m [90m4 |[0m [36mimport[0m { [33mButton[0m } [36mfrom[0m 
[32m'@/features/ui/components/button'[0m;
  [90m  |[0m [31m[1m^^^^^^^^^^^^^^^^^^^^^^^^^^^^^^^^^^^^^^^^^^^^^^^^^^^^^^^^^[0m
  [90m5 |[0m [36mimport[0m {
  [90m6 |[0m   [33mDropdownMenu[0m,
  [90m7 |[0m   [33mDropdownMenuContent[0m,

Import map: aliased to relative './src/features/ui/components/button' inside of [project]/frontend


Import traces:
  Client Component Browser:
    ./frontend/src/components/offices/admin/office-row-actions.tsx [Client Component Browser]
    ./frontend/src/components/offices/admin/office-table-row.tsx [Client Component Browser]
    ./frontend/src/components/offices/admin/offices-admin-table.tsx [Client Component Browser]
    ./frontend/src/components/offices/admin/offices-admin-page.tsx [Client Component Browser]
    ./frontend/src/components/offices/admin/offices-admin-page.tsx [Server Component]
    ./frontend/src/app/dashboard/admin/offices/page.tsx [Server Component]

  Client Component SSR:
    ./frontend/src/components/offices/admin/office-row-actions.tsx [Client Component SSR]
    ./frontend/src/components/offices/admin/office-table-row.tsx [Client Component SSR]
    ./frontend/src/components/offices/admin/offices-admin-table.tsx [Client Component SSR]
    ./frontend/src/components/offices/admin/offices-admin-page.tsx [Client Component SSR]
    ./frontend/src/components/offices/admin/offices-admin-page.tsx [Server Component]
    ./frontend/src/app/dashboard/admin/offices/page.tsx [Server Component]

https://nextjs.org/docs/messages/module-not-found


./frontend/src/components/offices/admin/office-staff-candidate-row.tsx:4:1
Module not found: Can't resolve '@/features/ui/components/button'
  [90m2 |[0m
  [90m3 |[0m [36mimport[0m { [33mLoader2[0m } [36mfrom[0m [32m'lucide-react'[0m;
[31m[1m>[0m [90m4 |[0m [36mimport[0m { [33mButton[0m } [36mfrom[0m 
[32m'@/features/ui/components/button'[0m;
  [90m  |[0m [31m[1m^^^^^^^^^^^^^^^^^^^^^^^^^^^^^^^^^^^^^^^^^^^^^^^^^^^^^^^^^[0m
  [90m5 |[0m
  [90m6 |[0m [36mexport[0m [36mfunction[0m [33mOfficeStaffCandidateRow[0m({
  [90m7 |[0m   fullName,

Import map: aliased to relative './src/features/ui/components/button' inside of [project]/frontend


Import traces:
  Client Component Browser:
    ./frontend/src/components/offices/admin/office-staff-candidate-row.tsx [Client Component Browser]
    ./frontend/src/components/offices/admin/office-staff-add.tsx [Client Component Browser]
    ./frontend/src/components/offices/admin/office-staff-sheet.tsx [Client Component Browser]
    ./frontend/src/components/offices/admin/offices-admin-page.tsx [Client Component Browser]
    ./frontend/src/components/offices/admin/offices-admin-page.tsx [Server Component]
    ./frontend/src/app/dashboard/admin/offices/page.tsx [Server Component]

  Client Component SSR:
    ./frontend/src/components/offices/admin/office-staff-candidate-row.tsx [Client Component SSR]
    ./frontend/src/components/offices/admin/office-staff-add.tsx [Client Component SSR]
    ./frontend/src/components/offices/admin/office-staff-sheet.tsx [Client Component SSR]
    ./frontend/src/components/offices/admin/offices-admin-page.tsx [Client Component SSR]
    ./frontend/src/components/offices/admin/offices-admin-page.tsx [Server Component]
    ./frontend/src/app/dashboard/admin/offices/page.tsx [Server Component]

https://nextjs.org/docs/messages/module-not-found


./frontend/src/components/offices/admin/office-staff-list.tsx:4:1
Module not found: Can't resolve '@/features/ui/components/button'
  [90m2 |[0m
  [90m3 |[0m [36mimport[0m { [33mLoader2[0m, [33mTrash2[0m } [36mfrom[0m [32m'lucide-react'[0m;
[31m[1m>[0m [90m4 |[0m [36mimport[0m { [33mButton[0m } [36mfrom[0m 
[32m'@/features/ui/components/button'[0m;
  [90m  |[0m [31m[1m^^^^^^^^^^^^^^^^^^^^^^^^^^^^^^^^^^^^^^^^^^^^^^^^^^^^^^^^^[0m
  [90m5 |[0m [36mimport[0m { useRemoveOfficeStaff } [36mfrom[0m [32m'@/lib/offices/queries'[0m;
  [90m6 |[0m [36mimport[0m [36mtype[0m { [33mOfficeStaffMember[0m } [36mfrom[0m 
[32m'@/lib/offices/types'[0m;
  [90m7 |[0m

Import map: aliased to relative './src/features/ui/components/button' inside of [project]/frontend


Import traces:
  Client Component Browser:
    ./frontend/src/components/offices/admin/office-staff-list.tsx [Client Component Browser]
    ./frontend/src/components/offices/admin/office-staff-sheet.tsx [Client Component Browser]
    ./frontend/src/components/offices/admin/offices-admin-page.tsx [Client Component Browser]
    ./frontend/src/components/offices/admin/offices-admin-page.tsx [Server Component]
    ./frontend/src/app/dashboard/admin/offices/page.tsx [Server Component]

  Client Component SSR:
    ./frontend/src/components/offices/admin/office-staff-list.tsx [Client Component SSR]
    ./frontend/src/components/offices/admin/office-staff-sheet.tsx [Client Component SSR]
    ./frontend/src/components/offices/admin/offices-admin-page.tsx [Client Component SSR]
    ./frontend/src/components/offices/admin/offices-admin-page.tsx [Server Component]
    ./frontend/src/app/dashboard/admin/offices/page.tsx [Server Component]

https://nextjs.org/docs/messages/module-not-found


./frontend/src/components/offices/admin/offices-admin-page.tsx:8:1
Module not found: Can't resolve '@/features/ui/components/button'
  [90m 6 |[0m [36mimport[0m { [33mPosPageHeader[0m } [36mfrom[0m 
[32m'@/features/pos/components/pos-page-header'[0m;
  [90m 7 |[0m [36mimport[0m { [33mAlert[0m, [33mAlertDescription[0m } [36mfrom[0m 
[32m'@/features/ui/components/alert'[0m;
[31m[1m>[0m [90m 8 |[0m [36mimport[0m { [33mButton[0m } [36mfrom[0m 
[32m'@/features/ui/components/button'[0m;
  [90m   |[0m [31m[1m^^^^^^^^^^^^^^^^^^^^^^^^^^^^^^^^^^^^^^^^^^^^^^^^^^^^^^^^^[0m
  [90m 9 |[0m [36mimport[0m { useQueryClient } [36mfrom[0m [32m'@/lib/async-query'[0m;
  [90m10 |[0m [36mimport[0m { useAuthStore } [36mfrom[0m [32m'@/lib/auth-store'[0m;
  [90m11 |[0m [36mimport[0m { canEnsureOfficeDefaults, canManageOffices, isDeanRole } [36mfrom[0m 
[32m'@shared/roles'[0m;

Import map: aliased to relative './src/features/ui/components/button' inside of [project]/frontend


Import trace:
  Server Component:
    ./frontend/src/components/offices/admin/offices-admin-page.tsx
    ./frontend/src/app/dashboard/admin/offices/page.tsx

https://nextjs.org/docs/messages/module-not-found


./frontend/src/components/offices/office-chat-view.tsx:6:1
Module not found: Can't resolve '@/features/ui/components/button'
  [90m4 |[0m [36mimport[0m { [33mBuilding2[0m, [33mLoader2[0m, [33mSend[0m } [36mfrom[0m 
[32m'lucide-react'[0m;
  [90m5 |[0m [36mimport[0m { toast } [36mfrom[0m [32m'sonner'[0m;
[31m[1m>[0m [90m6 |[0m [36mimport[0m { [33mButton[0m } [36mfrom[0m 
[32m'@/features/ui/components/button'[0m;
  [90m  |[0m [31m[1m^^^^^^^^^^^^^^^^^^^^^^^^^^^^^^^^^^^^^^^^^^^^^^^^^^^^^^^^^[0m
  [90m7 |[0m [36mimport[0m { [33mTextarea[0m } [36mfrom[0m [32m'@/features/ui/components/textarea'[0m;
  [90m8 |[0m [36mimport[0m { useAuthStore } [36mfrom[0m [32m'@/lib/auth-store'[0m;
  [90m9 |[0m [36mimport[0m { [33mTypingIndicator[0m } [36mfrom[0m 
[32m'@/components/discussions/channel/typing-indicator'[0m;

Import map: aliased to relative './src/features/ui/components/button' inside of [project]/frontend


Import traces:
  Client Component Browser:
    ./frontend/src/components/offices/office-chat-view.tsx [Client Component Browser]
    ./frontend/src/components/offices/office-thread-view.tsx [Client Component Browser]
    ./frontend/src/components/inbox/messages-office-pane.tsx [Client Component Browser]
    ./frontend/src/app/dashboard/messages/page.tsx [Client Component Browser]
    ./frontend/src/app/dashboard/messages/page.tsx [Server Component]

  Client Component SSR:
    ./frontend/src/components/offices/office-chat-view.tsx [Client Component SSR]
    ./frontend/src/components/offices/office-thread-view.tsx [Client Component SSR]
    ./frontend/src/components/inbox/messages-office-pane.tsx [Client Component SSR]
    ./frontend/src/app/dashboard/messages/page.tsx [Client Component SSR]
    ./frontend/src/app/dashboard/messages/page.tsx [Server Component]

https://nextjs.org/docs/messages/module-not-found


./frontend/src/components/offices/office-directory/office-grid.tsx:6:1
Module not found: Can't resolve '@/features/ui/components/button'
  [90m4 |[0m [36mimport[0m { cn } [36mfrom[0m [32m'@/lib/utils'[0m;
  [90m5 |[0m [36mimport[0m { pastelFor } [36mfrom[0m [32m'@/lib/pastel'[0m;
[31m[1m>[0m [90m6 |[0m [36mimport[0m { [33mButton[0m } [36mfrom[0m 
[32m'@/features/ui/components/button'[0m;
  [90m  |[0m [31m[1m^^^^^^^^^^^^^^^^^^^^^^^^^^^^^^^^^^^^^^^^^^^^^^^^^^^^^^^^^[0m
  [90m7 |[0m [36mimport[0m { [33mSkeleton[0m } [36mfrom[0m [32m'@/features/ui/components/skeleton'[0m;
  [90m8 |[0m [36mimport[0m [36mtype[0m { [33mSupportOffice[0m } [36mfrom[0m [32m'@/lib/offices/types'[0m;
  [90m9 |[0m

Import map: aliased to relative './src/features/ui/components/button' inside of [project]/frontend


Import traces:
  Client Component Browser:
    ./frontend/src/components/offices/office-directory/office-grid.tsx [Client Component Browser]
    ./frontend/src/components/offices/office-directory/office-directory.tsx [Client Component Browser]
    ./frontend/src/app/dashboard/offices/page.tsx [Client Component Browser]
    ./frontend/src/app/dashboard/offices/page.tsx [Server Component]

  Client Component SSR:
    ./frontend/src/components/offices/office-directory/office-grid.tsx [Client Component SSR]
    ./frontend/src/components/offices/office-directory/office-directory.tsx [Client Component SSR]
    ./frontend/src/app/dashboard/offices/page.tsx [Client Component SSR]
    ./frontend/src/app/dashboard/offices/page.tsx [Server Component]

https://nextjs.org/docs/messages/module-not-found


./frontend/src/components/offices/office-directory/start-office-dialog.tsx:4:1
Module not found: Can't resolve '@/features/ui/components/button'
  [90m2 |[0m
  [90m3 |[0m [36mimport[0m { [33mLoader2[0m } [36mfrom[0m [32m'lucide-react'[0m;
[31m[1m>[0m [90m4 |[0m [36mimport[0m { [33mButton[0m } [36mfrom[0m 
[32m'@/features/ui/components/button'[0m;
  [90m  |[0m [31m[1m^^^^^^^^^^^^^^^^^^^^^^^^^^^^^^^^^^^^^^^^^^^^^^^^^^^^^^^^^[0m
  [90m5 |[0m [36mimport[0m { [33mInput[0m } [36mfrom[0m [32m'@/features/ui/components/input'[0m;
  [90m6 |[0m [36mimport[0m { [33mTextarea[0m } [36mfrom[0m [32m'@/features/ui/components/textarea'[0m;
  [90m7 |[0m [36mimport[0m { [33mLabel[0m } [36mfrom[0m [32m'@/features/ui/components/label'[0m;

Import map: aliased to relative './src/features/ui/components/button' inside of [project]/frontend


Import traces:
  Client Component Browser:
    ./frontend/src/components/offices/office-directory/start-office-dialog.tsx [Client Component Browser]
    ./frontend/src/components/offices/office-directory/office-directory.tsx [Client Component Browser]
    ./frontend/src/app/dashboard/offices/page.tsx [Client Component Browser]
    ./frontend/src/app/dashboard/offices/page.tsx [Server Component]

  Client Component SSR:
    ./frontend/src/components/offices/office-directory/start-office-dialog.tsx [Client Component SSR]
    ./frontend/src/components/offices/office-directory/office-directory.tsx [Client Component SSR]
    ./frontend/src/app/dashboard/offices/page.tsx [Client Component SSR]
    ./frontend/src/app/dashboard/offices/page.tsx [Server Component]

https://nextjs.org/docs/messages/module-not-found


./frontend/src/components/offices/office-inbox.tsx:7:1
Module not found: Can't resolve '@/features/ui/components/button'
  [90m 5 |[0m [36mimport[0m { cn } [36mfrom[0m [32m'@/lib/utils'[0m;
  [90m 6 |[0m [36mimport[0m { pastelFor } [36mfrom[0m [32m'@/lib/pastel'[0m;
[31m[1m>[0m [90m 7 |[0m [36mimport[0m { [33mButton[0m } [36mfrom[0m 
[32m'@/features/ui/components/button'[0m;
  [90m   |[0m [31m[1m^^^^^^^^^^^^^^^^^^^^^^^^^^^^^^^^^^^^^^^^^^^^^^^^^^^^^^^^^[0m
  [90m 8 |[0m [36mimport[0m { [33mSegmentedControl[0m } [36mfrom[0m 
[32m'@/features/ui/components/segmented-control'[0m;
  [90m 9 |[0m [36mimport[0m { [33mSkeleton[0m } [36mfrom[0m [32m'@/features/ui/components/skeleton'[0m;
  [90m10 |[0m [36mimport[0m { useOfficeInbox } [36mfrom[0m [32m'@/lib/offices/queries'[0m;

Import map: aliased to relative './src/features/ui/components/button' inside of [project]/frontend


Import traces:
  Client Component Browser:
    ./frontend/src/components/offices/office-inbox.tsx [Client Component Browser]
    ./frontend/src/app/dashboard/offices/page.tsx [Client Component Browser]
    ./frontend/src/app/dashboard/offices/page.tsx [Server Component]

  Client Component SSR:
    ./frontend/src/components/offices/office-inbox.tsx [Client Component SSR]
    ./frontend/src/app/dashboard/offices/page.tsx [Client Component SSR]
    ./frontend/src/app/dashboard/offices/page.tsx [Server Component]

https://nextjs.org/docs/messages/module-not-found


./frontend/src/components/offices/office-thread-composer.tsx:5:1
Module not found: Can't resolve '@/features/ui/components/button'
  [90m3 |[0m [36mimport[0m { [33mLoader2[0m, [33mSend[0m } [36mfrom[0m [32m'lucide-react'[0m;
  [90m4 |[0m [36mimport[0m { cn } [36mfrom[0m [32m'@/lib/utils'[0m;
[31m[1m>[0m [90m5 |[0m [36mimport[0m { [33mButton[0m } [36mfrom[0m 
[32m'@/features/ui/components/button'[0m;
  [90m  |[0m [31m[1m^^^^^^^^^^^^^^^^^^^^^^^^^^^^^^^^^^^^^^^^^^^^^^^^^^^^^^^^^[0m
  [90m6 |[0m [36mimport[0m { [33mTextarea[0m } [36mfrom[0m [32m'@/features/ui/components/textarea'[0m;
  [90m7 |[0m [36mimport[0m { [33mCheckbox[0m } [36mfrom[0m [32m'@/features/ui/components/checkbox'[0m;
  [90m8 |[0m [36mimport[0m [36mtype[0m { [33mOfficeThreadDetail[0m } [36mfrom[0m 
[32m'@/lib/offices/types'[0m;

Import map: aliased to relative './src/features/ui/components/button' inside of [project]/frontend


Import traces:
  Client Component Browser:
    ./frontend/src/components/offices/office-thread-composer.tsx [Client Component Browser]
    ./frontend/src/components/offices/office-thread-view.tsx [Client Component Browser]
    ./frontend/src/components/inbox/messages-office-pane.tsx [Client Component Browser]
    ./frontend/src/app/dashboard/messages/page.tsx [Client Component Browser]
    ./frontend/src/app/dashboard/messages/page.tsx [Server Component]

  Client Component SSR:
    ./frontend/src/components/offices/office-thread-composer.tsx [Client Component SSR]
    ./frontend/src/components/offices/office-thread-view.tsx [Client Component SSR]
    ./frontend/src/components/inbox/messages-office-pane.tsx [Client Component SSR]
    ./frontend/src/app/dashboard/messages/page.tsx [Client Component SSR]
    ./frontend/src/app/dashboard/messages/page.tsx [Server Component]

https://nextjs.org/docs/messages/module-not-found


./frontend/src/components/offices/office-thread-staff-actions.tsx:5:1
Module not found: Can't resolve '@/features/ui/components/button'
  [90m3 |[0m [36mimport[0m { [33mCheckCircle2[0m, [33mUserCheck[0m } [36mfrom[0m [32m'lucide-react'[0m;
  [90m4 |[0m [36mimport[0m { toast } [36mfrom[0m [32m'sonner'[0m;
[31m[1m>[0m [90m5 |[0m [36mimport[0m { [33mButton[0m } [36mfrom[0m 
[32m'@/features/ui/components/button'[0m;
  [90m  |[0m [31m[1m^^^^^^^^^^^^^^^^^^^^^^^^^^^^^^^^^^^^^^^^^^^^^^^^^^^^^^^^^[0m
  [90m6 |[0m [36mimport[0m {
  [90m7 |[0m   [33mSelect[0m,
  [90m8 |[0m   [33mSelectContent[0m,

Import map: aliased to relative './src/features/ui/components/button' inside of [project]/frontend


Import traces:
  Client Component Browser:
    ./frontend/src/components/offices/office-thread-staff-actions.tsx [Client Component Browser]
    ./frontend/src/components/offices/office-thread-view.tsx [Client Component Browser]
    ./frontend/src/components/inbox/messages-office-pane.tsx [Client Component Browser]
    ./frontend/src/app/dashboard/messages/page.tsx [Client Component Browser]
    ./frontend/src/app/dashboard/messages/page.tsx [Server Component]

  Client Component SSR:
    ./frontend/src/components/offices/office-thread-staff-actions.tsx [Client Component SSR]
    ./frontend/src/components/offices/office-thread-view.tsx [Client Component SSR]
    ./frontend/src/components/inbox/messages-office-pane.tsx [Client Component SSR]
    ./frontend/src/app/dashboard/messages/page.tsx [Client Component SSR]
    ./frontend/src/app/dashboard/messages/page.tsx [Server Component]

https://nextjs.org/docs/messages/module-not-found


./frontend/src/components/offices/office-thread-view.tsx:8:1
Module not found: Can't resolve '@/features/ui/components/button'
  [90m 6 |[0m [36mimport[0m { cn } [36mfrom[0m [32m'@/lib/utils'[0m;
  [90m 7 |[0m [36mimport[0m { pastelFor } [36mfrom[0m [32m'@/lib/pastel'[0m;
[31m[1m>[0m [90m 8 |[0m [36mimport[0m { [33mButton[0m } [36mfrom[0m 
[32m'@/features/ui/components/button'[0m;
  [90m   |[0m [31m[1m^^^^^^^^^^^^^^^^^^^^^^^^^^^^^^^^^^^^^^^^^^^^^^^^^^^^^^^^^[0m
  [90m 9 |[0m [36mimport[0m { [33mSkeleton[0m } [36mfrom[0m [32m'@/features/ui/components/skeleton'[0m;
  [90m10 |[0m [36mimport[0m { useAuthStore } [36mfrom[0m [32m'@/lib/auth-store'[0m;
  [90m11 |[0m [36mimport[0m { [33mTypingIndicator[0m } [36mfrom[0m 
[32m'@/components/discussions/channel/typing-indicator'[0m;

Import map: aliased to relative './src/features/ui/components/button' inside of [project]/frontend


Import traces:
  Client Component Browser:
    ./frontend/src/components/offices/office-thread-view.tsx [Client Component Browser]
    ./frontend/src/components/inbox/messages-office-pane.tsx [Client Component Browser]
    ./frontend/src/app/dashboard/messages/page.tsx [Client Component Browser]
    ./frontend/src/app/dashboard/messages/page.tsx [Server Component]

  Client Component SSR:
    ./frontend/src/components/offices/office-thread-view.tsx [Client Component SSR]
    ./frontend/src/components/inbox/messages-office-pane.tsx [Client Component SSR]
    ./frontend/src/app/dashboard/messages/page.tsx [Client Component SSR]
    ./frontend/src/app/dashboard/messages/page.tsx [Server Component]

https://nextjs.org/docs/messages/module-not-found


./frontend/src/components/profile/profile-view/profile-avatar-field.tsx:7:1
Module not found: Can't resolve '@/features/ui/components/button'
  [90m 5 |[0m [36mimport[0m { toast } [36mfrom[0m [32m'sonner'[0m;
  [90m 6 |[0m [36mimport[0m { [33mAvatar[0m, [33mAvatarFallback[0m, [33mAvatarImage[0m } [36mfrom[0m 
[32m'@/features/ui/components/avatar'[0m;
[31m[1m>[0m [90m 7 |[0m [36mimport[0m { [33mButton[0m } [36mfrom[0m 
[32m'@/features/ui/components/button'[0m;
  [90m   |[0m [31m[1m^^^^^^^^^^^^^^^^^^^^^^^^^^^^^^^^^^^^^^^^^^^^^^^^^^^^^^^^^[0m
  [90m 8 |[0m [36mimport[0m { resolvePublicAssetUrl } [36mfrom[0m [32m'@/lib/resolve-public-asset-url'[0m;
  [90m 9 |[0m [36mimport[0m {
  [90m10 |[0m   removeProfileAvatar,

Import map: aliased to relative './src/features/ui/components/button' inside of [project]/frontend


Import traces:
  Client Component Browser:
    ./frontend/src/components/profile/profile-view/profile-avatar-field.tsx [Client Component Browser]
    ./frontend/src/components/profile/profile-view/profile-basic-info-card.tsx [Client Component Browser]
    ./frontend/src/components/profile/profile-view-page.tsx [Client Component Browser]
    ./frontend/src/components/profile/profile-view-page.tsx [Server Component]
    ./frontend/src/app/dashboard/profile/[[...profile]]/page.tsx [Server Component]

  Client Component SSR:
    ./frontend/src/components/profile/profile-view/profile-avatar-field.tsx [Client Component SSR]
    ./frontend/src/components/profile/profile-view/profile-basic-info-card.tsx [Client Component SSR]
    ./frontend/src/components/profile/profile-view-page.tsx [Client Component SSR]
    ./frontend/src/components/profile/profile-view-page.tsx [Server Component]
    ./frontend/src/app/dashboard/profile/[[...profile]]/page.tsx [Server Component]

https://nextjs.org/docs/messages/module-not-found


./frontend/src/components/profile/profile-view/profile-password-card.tsx:6:1
Module not found: Can't resolve '@/features/ui/components/button'
  [90m4 |[0m [36mimport[0m { [33mLock[0m, [33mSave[0m } [36mfrom[0m [32m'lucide-react'[0m;
  [90m5 |[0m [36mimport[0m { toast } [36mfrom[0m [32m'sonner'[0m;
[31m[1m>[0m [90m6 |[0m [36mimport[0m { [33mButton[0m } [36mfrom[0m 
[32m'@/features/ui/components/button'[0m;
  [90m  |[0m [31m[1m^^^^^^^^^^^^^^^^^^^^^^^^^^^^^^^^^^^^^^^^^^^^^^^^^^^^^^^^^[0m
  [90m7 |[0m [36mimport[0m { [33mInput[0m } [36mfrom[0m [32m'@/features/ui/components/input'[0m;
  [90m8 |[0m [36mimport[0m { [33mLabel[0m } [36mfrom[0m [32m'@/features/ui/components/label'[0m;
  [90m9 |[0m [36mimport[0m { changeProfilePassword } [36mfrom[0m [32m'@/lib/profile/services'[0m;

Import map: aliased to relative './src/features/ui/components/button' inside of [project]/frontend


Import traces:
  Client Component Browser:
    ./frontend/src/components/profile/profile-view/profile-password-card.tsx [Client Component Browser]
    ./frontend/src/components/profile/profile-view-page.tsx [Client Component Browser]
    ./frontend/src/components/profile/profile-view-page.tsx [Server Component]
    ./frontend/src/app/dashboard/profile/[[...profile]]/page.tsx [Server Component]

  Client Component SSR:
    ./frontend/src/components/profile/profile-view/profile-password-card.tsx [Client Component SSR]
    ./frontend/src/components/profile/profile-view-page.tsx [Client Component SSR]
    ./frontend/src/components/profile/profile-view-page.tsx [Server Component]
    ./frontend/src/app/dashboard/profile/[[...profile]]/page.tsx [Server Component]

https://nextjs.org/docs/messages/module-not-found


./frontend/src/components/programs/program-row-actions.tsx:6:1
Module not found: Can't resolve '@/features/ui/components/button'
  [90m4 |[0m [36mimport[0m { [33mIcons[0m } [36mfrom[0m [32m'@/components/icons'[0m;
  [90m5 |[0m [36mimport[0m { [33mAlertModal[0m } [36mfrom[0m 
[32m'@/features/modal/components/alert-modal'[0m;
[31m[1m>[0m [90m6 |[0m [36mimport[0m { [33mButton[0m } [36mfrom[0m 
[32m'@/features/ui/components/button'[0m;
  [90m  |[0m [31m[1m^^^^^^^^^^^^^^^^^^^^^^^^^^^^^^^^^^^^^^^^^^^^^^^^^^^^^^^^^[0m
  [90m7 |[0m [36mimport[0m {
  [90m8 |[0m   [33mDropdownMenu[0m,
  [90m9 |[0m   [33mDropdownMenuContent[0m,

Import map: aliased to relative './src/features/ui/components/button' inside of [project]/frontend


Import traces:
  Client Component Browser:
    ./frontend/src/components/programs/program-row-actions.tsx [Client Component Browser]
    ./frontend/src/components/programs/program-table-row.tsx [Client Component Browser]
    ./frontend/src/components/programs/programs-table.tsx [Client Component Browser]
    ./frontend/src/components/programs/programs-listing.tsx [Client Component Browser]
    ./frontend/src/components/programs/programs-listing.tsx [Server Component]
    ./frontend/src/app/dashboard/programs/page.tsx [Server Component]

  Client Component SSR:
    ./frontend/src/components/programs/program-row-actions.tsx [Client Component SSR]
    ./frontend/src/components/programs/program-table-row.tsx [Client Component SSR]
    ./frontend/src/components/programs/programs-table.tsx [Client Component SSR]
    ./frontend/src/components/programs/programs-listing.tsx [Client Component SSR]
    ./frontend/src/components/programs/programs-listing.tsx [Server Component]
    ./frontend/src/app/dashboard/programs/page.tsx [Server Component]

https://nextjs.org/docs/messages/module-not-found


./frontend/src/components/roles/create-role-dialog.tsx:5:1
Module not found: Can't resolve '@/features/ui/components/button'
  [90m3 |[0m [36mimport[0m { useState } [36mfrom[0m [32m'react'[0m;
  [90m4 |[0m [36mimport[0m { [33mLoader2[0m } [36mfrom[0m [32m'lucide-react'[0m;
[31m[1m>[0m [90m5 |[0m [36mimport[0m { [33mButton[0m } [36mfrom[0m 
[32m'@/features/ui/components/button'[0m;
  [90m  |[0m [31m[1m^^^^^^^^^^^^^^^^^^^^^^^^^^^^^^^^^^^^^^^^^^^^^^^^^^^^^^^^^[0m
  [90m6 |[0m [36mimport[0m { [33mInput[0m } [36mfrom[0m [32m'@/features/ui/components/input'[0m;
  [90m7 |[0m [36mimport[0m { [33mLabel[0m } [36mfrom[0m [32m'@/features/ui/components/label'[0m;
  [90m8 |[0m [36mimport[0m {

Import map: aliased to relative './src/features/ui/components/button' inside of [project]/frontend


Import traces:
  Client Component Browser:
    ./frontend/src/components/roles/create-role-dialog.tsx [Client Component Browser]
    ./frontend/src/components/roles/roles-admin-page.tsx [Client Component Browser]
    ./frontend/src/components/roles/roles-admin-page.tsx [Server Component]
    ./frontend/src/app/dashboard/admin/roles/page.tsx [Server Component]

  Client Component SSR:
    ./frontend/src/components/roles/create-role-dialog.tsx [Client Component SSR]
    ./frontend/src/components/roles/roles-admin-page.tsx [Client Component SSR]
    ./frontend/src/components/roles/roles-admin-page.tsx [Server Component]
    ./frontend/src/app/dashboard/admin/roles/page.tsx [Server Component]

https://nextjs.org/docs/messages/module-not-found


./frontend/src/components/teacher-courses/course-cover-dialog.tsx:13:1
Module not found: Can't resolve '@/features/ui/components/button'
  [90m11 |[0m   [33mDialogTitle[0m
  [90m12 |[0m } [36mfrom[0m [32m'@/features/ui/components/dialog'[0m;
[31m[1m>[0m [90m13 |[0m [36mimport[0m { [33mButton[0m } [36mfrom[0m 
[32m'@/features/ui/components/button'[0m;
  [90m   |[0m [31m[1m^^^^^^^^^^^^^^^^^^^^^^^^^^^^^^^^^^^^^^^^^^^^^^^^^^^^^^^^^[0m
  [90m14 |[0m [36mimport[0m { useQueryClient } [36mfrom[0m [32m'@/lib/async-query'[0m;
  [90m15 |[0m [36mimport[0m { uploadCourseCover } [36mfrom[0m [32m'@/lib/teacher-courses/services'[0m;
  [90m16 |[0m

Import map: aliased to relative './src/features/ui/components/button' inside of [project]/frontend


Import traces:
  Client Component Browser:
    ./frontend/src/components/teacher-courses/course-cover-dialog.tsx [Client Component Browser]
    ./frontend/src/components/teacher-courses/course-detail-header.tsx [Client Component Browser]
    ./frontend/src/app/dashboard/courses/[id]/page.tsx [Client Component Browser]
    ./frontend/src/app/dashboard/courses/[id]/page.tsx [Server Component]

  Client Component SSR:
    ./frontend/src/components/teacher-courses/course-cover-dialog.tsx [Client Component SSR]
    ./frontend/src/components/teacher-courses/course-detail-header.tsx [Client Component SSR]
    ./frontend/src/app/dashboard/courses/[id]/page.tsx [Client Component SSR]
    ./frontend/src/app/dashboard/courses/[id]/page.tsx [Server Component]

https://nextjs.org/docs/messages/module-not-found


./frontend/src/components/teacher-courses/course-detail-header/course-header-actions.tsx:5:1
Module not found: Can't resolve '@/features/ui/components/button'
  [90m3 |[0m [36mimport[0m { [33mMessageSquare[0m, [33mImagePlus[0m, [33mChevronUp[0m, [33mChevronDown[0m 
} [36mfrom[0m [32m'lucide-react'[0m;
  [90m4 |[0m [36mimport[0m { cn } [36mfrom[0m [32m'@/lib/utils'[0m;
[31m[1m>[0m [90m5 |[0m [36mimport[0m { [33mButton[0m } [36mfrom[0m 
[32m'@/features/ui/components/button'[0m;
  [90m  |[0m [31m[1m^^^^^^^^^^^^^^^^^^^^^^^^^^^^^^^^^^^^^^^^^^^^^^^^^^^^^^^^^[0m
  [90m6 |[0m [36mimport[0m { [33mNotificationToggle[0m } [36mfrom[0m 
[32m'@/components/notifications/notification-toggle'[0m;
  [90m7 |[0m
  [90m8 |[0m [36minterface[0m [33mCourseHeaderActionsProps[0m {

Import map: aliased to relative './src/features/ui/components/button' inside of [project]/frontend


Import traces:
  Client Component Browser:
    ./frontend/src/components/teacher-courses/course-detail-header/course-header-actions.tsx [Client Component Browser]
    ./frontend/src/components/teacher-courses/course-detail-header/course-header-compact.tsx [Client Component Browser]
    ./frontend/src/components/teacher-courses/course-detail-header.tsx [Client Component Browser]
    ./frontend/src/app/dashboard/courses/[id]/page.tsx [Client Component Browser]
    ./frontend/src/app/dashboard/courses/[id]/page.tsx [Server Component]

  Client Component SSR:
    ./frontend/src/components/teacher-courses/course-detail-header/course-header-actions.tsx [Client Component SSR]
    ./frontend/src/components/teacher-courses/course-detail-header/course-header-compact.tsx [Client Component SSR]
    ./frontend/src/components/teacher-courses/course-detail-header.tsx [Client Component SSR]
    ./frontend/src/app/dashboard/courses/[id]/page.tsx [Client Component SSR]
    ./frontend/src/app/dashboard/courses/[id]/page.tsx [Server Component]

https://nextjs.org/docs/messages/module-not-found


./frontend/src/components/teacher-courses/course-overview/overview-activity.tsx:4:1
Module not found: Can't resolve '@/features/ui/components/button'
  [90m2 |[0m
  [90m3 |[0m [36mimport[0m { [33mClipboardCheck[0m, [33mFileText[0m } [36mfrom[0m [32m'lucide-react'[0m;
[31m[1m>[0m [90m4 |[0m [36mimport[0m { [33mButton[0m } [36mfrom[0m 
[32m'@/features/ui/components/button'[0m;
  [90m  |[0m [31m[1m^^^^^^^^^^^^^^^^^^^^^^^^^^^^^^^^^^^^^^^^^^^^^^^^^^^^^^^^^[0m
  [90m5 |[0m [36mimport[0m [36mtype[0m { [33mCourseTabId[0m } [36mfrom[0m 
[32m'@/lib/course-details/queries/types'[0m;
  [90m6 |[0m [36mimport[0m { formatDueLabel, [36mtype[0m [33mToReviewItem[0m } [36mfrom[0m 
[32m'./types'[0m;
  [90m7 |[0m

Import map: aliased to relative './src/features/ui/components/button' inside of [project]/frontend


Import traces:
  Client Component Browser:
    ./frontend/src/components/teacher-courses/course-overview/overview-activity.tsx [Client Component Browser]
    ./frontend/src/components/teacher-courses/course-overview.tsx [Client Component Browser]
    ./frontend/src/components/course-details/course-detail-page/course-tab-panel-content.tsx [Client Component Browser]
    ./frontend/src/app/dashboard/courses/[id]/page.tsx [Client Component Browser]
    ./frontend/src/app/dashboard/courses/[id]/page.tsx [Server Component]

  Client Component SSR:
    ./frontend/src/components/teacher-courses/course-overview/overview-activity.tsx [Client Component SSR]
    ./frontend/src/components/teacher-courses/course-overview.tsx [Client Component SSR]
    ./frontend/src/components/course-details/course-detail-page/course-tab-panel-content.tsx [Client Component SSR]
    ./frontend/src/app/dashboard/courses/[id]/page.tsx [Client Component SSR]
    ./frontend/src/app/dashboard/courses/[id]/page.tsx [Server Component]

https://nextjs.org/docs/messages/module-not-found


./frontend/src/lib/discussions/services/discussion-image-lightbox.tsx:4:1
Module not found: Can't resolve '@/features/ui/components/button'
  [90m2 |[0m
  [90m3 |[0m [36mimport[0m { useEffect, useRef } [36mfrom[0m [32m'react'[0m
[31m[1m>[0m [90m4 |[0m [36mimport[0m { [33mButton[0m } [36mfrom[0m 
[32m'@/features/ui/components/button'[0m
  [90m  |[0m [31m[1m^^^^^^^^^^^^^^^^^^^^^^^^^^^^^^^^^^^^^^^^^^^^^^^^^^^^^^^^[0m
  [90m5 |[0m [36mimport[0m { [33mIcons[0m } [36mfrom[0m [32m'@/components/icons'[0m
  [90m6 |[0m
  [90m7 |[0m [90m/** Full-screen image view (no download) for chat attachments. */[0m

Import map: aliased to relative './src/features/ui/components/button' inside of [project]/frontend


Import traces:
  Client Component Browser:
    ./frontend/src/lib/discussions/services/discussion-image-lightbox.tsx [Client Component Browser]
    ./frontend/src/lib/discussions/services/discussion-attachment-image.tsx [Client Component Browser]
    ./frontend/src/lib/discussions/services/discussion-attachment-cards.tsx [Client Component Browser]
    ./frontend/src/components/discussions/dms/dm-message-bubble.tsx [Client Component Browser]
    ./frontend/src/components/discussions/dms/dm-message-row.tsx [Client Component Browser]
    ./frontend/src/components/discussions/dms/index.ts [Client Component Browser]
    ./frontend/src/app/dashboard/messages/page.tsx [Client Component Browser]
    ./frontend/src/app/dashboard/messages/page.tsx [Server Component]

  Client Component SSR:
    ./frontend/src/lib/discussions/services/discussion-image-lightbox.tsx [Client Component SSR]
    ./frontend/src/lib/discussions/services/discussion-attachment-image.tsx [Client Component SSR]
    ./frontend/src/lib/discussions/services/discussion-attachment-cards.tsx [Client Component SSR]
    ./frontend/src/components/discussions/dms/dm-message-bubble.tsx [Client Component SSR]
    ./frontend/src/components/discussions/dms/dm-message-row.tsx [Client Component SSR]
    ./frontend/src/components/discussions/dms/index.ts [Client Component SSR]
    ./frontend/src/app/dashboard/messages/page.tsx [Client Component SSR]
    ./frontend/src/app/dashboard/messages/page.tsx [Server Component]

https://nextjs.org/docs/messages/module-not-found


./frontend/src/lib/discussions/services/discussion-message-reactions.tsx:4:1
Module not found: Can't resolve '@/features/ui/components/button'
  [90m2 |[0m
  [90m3 |[0m [36mimport[0m * [36mas[0m [33mTooltipPrimitive[0m [36mfrom[0m 
[32m'@radix-ui/react-tooltip'[0m;
[31m[1m>[0m [90m4 |[0m [36mimport[0m { [33mButton[0m } [36mfrom[0m 
[32m'@/features/ui/components/button'[0m;
  [90m  |[0m [31m[1m^^^^^^^^^^^^^^^^^^^^^^^^^^^^^^^^^^^^^^^^^^^^^^^^^^^^^^^^^[0m
  [90m5 |[0m [36mimport[0m { [33mPopover[0m, [33mPopoverContent[0m, [33mPopoverTrigger[0m } [36mfrom[0m 
[32m'@/features/ui/components/popover'[0m;
  [90m6 |[0m [36mimport[0m { cn } [36mfrom[0m [32m'@/lib/utils'[0m;
  [90m7 |[0m

Import map: aliased to relative './src/features/ui/components/button' inside of [project]/frontend


Import traces:
  Client Component Browser:
    ./frontend/src/lib/discussions/services/discussion-message-reactions.tsx [Client Component Browser]
    ./frontend/src/components/discussions/channel/message-row/message-row.tsx [Client Component Browser]
    ./frontend/src/components/discussions/channel/message-row.tsx [Client Component Browser]
    ./frontend/src/components/discussions/channel/index.ts [Client Component Browser]
    ./frontend/src/app/dashboard/messages/page.tsx [Client Component Browser]
    ./frontend/src/app/dashboard/messages/page.tsx [Server Component]

  Client Component SSR:
    ./frontend/src/lib/discussions/services/discussion-message-reactions.tsx [Client Component SSR]
    ./frontend/src/components/discussions/channel/message-row/message-row.tsx [Client Component SSR]
    ./frontend/src/components/discussions/channel/message-row.tsx [Client Component SSR]
    ./frontend/src/components/discussions/channel/index.ts [Client Component SSR]
    ./frontend/src/app/dashboard/messages/page.tsx [Client Component SSR]
    ./frontend/src/app/dashboard/messages/page.tsx [Server Component]

https://nextjs.org/docs/messages/module-not-found


./frontend/src/components/announcements/announcement-card-base.tsx:5:1
Module not found: Can't resolve '@/features/ui/components/card'
  [90m3 |[0m [36mimport[0m { useRef } [36mfrom[0m [32m'react'[0m;
  [90m4 |[0m [36mimport[0m { [33mButton[0m } [36mfrom[0m [32m'@/features/ui/components/button'[0m;
[31m[1m>[0m [90m5 |[0m [36mimport[0m { [33mCard[0m, [33mCardContent[0m } [36mfrom[0m 
[32m'@/features/ui/components/card'[0m;
  [90m  |[0m [31m[1m^^^^^^^^^^^^^^^^^^^^^^^^^^^^^^^^^^^^^^^^^^^^^^^^^^^^^^^^^^^^^^^^^^[0m
  [90m6 |[0m [36mimport[0m {
  [90m7 |[0m   [33mDropdownMenu[0m,
  [90m8 |[0m   [33mDropdownMenuContent[0m,

Import map: aliased to relative './src/features/ui/components/card' inside of [project]/frontend


Import traces:
  Client Component Browser:
    ./frontend/src/components/announcements/announcement-card-base.tsx [Client Component Browser]
    ./frontend/src/components/announcements/announcement-card.tsx [Client Component Browser]
    ./frontend/src/components/announcements/announcement-feed/feed-card-list.tsx [Client Component Browser]
    ./frontend/src/components/announcements/announcement-feed/feed-body.tsx [Client Component Browser]
    ./frontend/src/components/announcements/announcement-feed/announcement-feed.tsx [Client Component Browser]
    ./frontend/src/components/announcements/announcements-view.tsx [Client Component Browser]
    ./frontend/src/components/announcements/announcements-view.tsx [Server Component]
    ./frontend/src/app/dashboard/announcements/page.tsx [Server Component]

  Client Component SSR:
    ./frontend/src/components/announcements/announcement-card-base.tsx [Client Component SSR]
    ./frontend/src/components/announcements/announcement-card.tsx [Client Component SSR]
    ./frontend/src/components/announcements/announcement-feed/feed-card-list.tsx [Client Component SSR]
    ./frontend/src/components/announcements/announcement-feed/feed-body.tsx [Client Component SSR]
    ./frontend/src/components/announcements/announcement-feed/announcement-feed.tsx [Client Component SSR]
    ./frontend/src/components/announcements/announcements-view.tsx [Client Component SSR]
    ./frontend/src/components/announcements/announcements-view.tsx [Server Component]
    ./frontend/src/app/dashboard/announcements/page.tsx [Server Component]

https://nextjs.org/docs/messages/module-not-found


./frontend/src/components/announcements/skeleton.tsx:2:1
Module not found: Can't resolve '@/features/ui/components/card'
  [90m1 |[0m [36mimport[0m [33mReact[0m [36mfrom[0m [32m'react'[0m;
[31m[1m>[0m [90m2 |[0m [36mimport[0m { [33mCard[0m, [33mCardContent[0m } [36mfrom[0m 
[32m'@/features/ui/components/card'[0m;
  [90m  |[0m [31m[1m^^^^^^^^^^^^^^^^^^^^^^^^^^^^^^^^^^^^^^^^^^^^^^^^^^^^^^^^^^^^^^^^^^[0m
  [90m3 |[0m [36mimport[0m { [33mSkeleton[0m } [36mfrom[0m [32m'@/features/ui/components/skeleton'[0m;
  [90m4 |[0m
  [90m5 |[0m [36mexport[0m [36mfunction[0m [33mPostSkeleton[0m() {

Import map: aliased to relative './src/features/ui/components/card' inside of [project]/frontend


Import traces:
  Client Component Browser:
    ./frontend/src/components/announcements/skeleton.tsx [Client Component Browser]
    ./frontend/src/components/announcements/announcement-feed/feed-body.tsx [Client Component Browser]
    ./frontend/src/components/announcements/announcement-feed/announcement-feed.tsx [Client Component Browser]
    ./frontend/src/components/announcements/announcements-view.tsx [Client Component Browser]
    ./frontend/src/components/announcements/announcements-view.tsx [Server Component]
    ./frontend/src/app/dashboard/announcements/page.tsx [Server Component]

  Client Component SSR:
    ./frontend/src/components/announcements/skeleton.tsx [Client Component SSR]
    ./frontend/src/components/announcements/announcement-feed/feed-body.tsx [Client Component SSR]
    ./frontend/src/components/announcements/announcement-feed/announcement-feed.tsx [Client Component SSR]
    ./frontend/src/components/announcements/announcements-view.tsx [Client Component SSR]
    ./frontend/src/components/announcements/announcements-view.tsx [Server Component]
    ./frontend/src/app/dashboard/announcements/page.tsx [Server Component]

https://nextjs.org/docs/messages/module-not-found


./frontend/src/components/admin/audit-logs/audit-log-row.tsx:9:1
Module not found: Can't resolve '@/features/ui/components/checkbox'
  [90m 7 |[0m [36mimport[0m { [33mBadge[0m } [36mfrom[0m [32m'@/features/ui/components/badge'[0m;
  [90m 8 |[0m [36mimport[0m { [33mButton[0m } [36mfrom[0m [32m'@/features/ui/components/button'[0m;
[31m[1m>[0m [90m 9 |[0m [36mimport[0m { [33mCheckbox[0m } [36mfrom[0m 
[32m'@/features/ui/components/checkbox'[0m;
  [90m   |[0m [31m[1m^^^^^^^^^^^^^^^^^^^^^^^^^^^^^^^^^^^^^^^^^^^^^^^^^^^^^^^^^^^^^[0m
  [90m10 |[0m [36mimport[0m {
  [90m11 |[0m   [33mDropdownMenu[0m,
  [90m12 |[0m   [33mDropdownMenuContent[0m,

Import map: aliased to relative './src/features/ui/components/checkbox' inside of [project]/frontend


Import traces:
  Client Component Browser:
    ./frontend/src/components/admin/audit-logs/audit-log-row.tsx [Client Component Browser]
    ./frontend/src/components/admin/audit-logs/audit-logs-table.tsx [Client Component Browser]
    ./frontend/src/components/admin/audit-logs/audit-logs-view.tsx [Client Component Browser]
    ./frontend/src/app/dashboard/audit-logs/page.tsx [Client Component Browser]
    ./frontend/src/app/dashboard/audit-logs/page.tsx [Server Component]

  Client Component SSR:
    ./frontend/src/components/admin/audit-logs/audit-log-row.tsx [Client Component SSR]
    ./frontend/src/components/admin/audit-logs/audit-logs-table.tsx [Client Component SSR]
    ./frontend/src/components/admin/audit-logs/audit-logs-view.tsx [Client Component SSR]
    ./frontend/src/app/dashboard/audit-logs/page.tsx [Client Component SSR]
    ./frontend/src/app/dashboard/audit-logs/page.tsx [Server Component]

https://nextjs.org/docs/messages/module-not-found


./frontend/src/components/admin/audit-logs/audit-logs-table.tsx:5:1
Module not found: Can't resolve '@/features/ui/components/checkbox'
  [90m3 |[0m [36mimport[0m { [33mAlertTriangle[0m } [36mfrom[0m [32m'lucide-react'[0m;
  [90m4 |[0m [36mimport[0m [36mtype[0m { [33mPlatformAuditLogEntry[0m } [36mfrom[0m 
[32m'@/lib/admin/services'[0m;
[31m[1m>[0m [90m5 |[0m [36mimport[0m { [33mCheckbox[0m } [36mfrom[0m 
[32m'@/features/ui/components/checkbox'[0m;
  [90m  |[0m [31m[1m^^^^^^^^^^^^^^^^^^^^^^^^^^^^^^^^^^^^^^^^^^^^^^^^^^^^^^^^^^^^^[0m
  [90m6 |[0m [36mimport[0m { [33mSkeleton[0m } [36mfrom[0m [32m'@/features/ui/components/skeleton'[0m;
  [90m7 |[0m [36mimport[0m {
  [90m8 |[0m   [33mTable[0m,

Import map: aliased to relative './src/features/ui/components/checkbox' inside of [project]/frontend


Import traces:
  Client Component Browser:
    ./frontend/src/components/admin/audit-logs/audit-logs-table.tsx [Client Component Browser]
    ./frontend/src/components/admin/audit-logs/audit-logs-view.tsx [Client Component Browser]
    ./frontend/src/app/dashboard/audit-logs/page.tsx [Client Component Browser]
    ./frontend/src/app/dashboard/audit-logs/page.tsx [Server Component]

  Client Component SSR:
    ./frontend/src/components/admin/audit-logs/audit-logs-table.tsx [Client Component SSR]
    ./frontend/src/components/admin/audit-logs/audit-logs-view.tsx [Client Component SSR]
    ./frontend/src/app/dashboard/audit-logs/page.tsx [Client Component SSR]
    ./frontend/src/app/dashboard/audit-logs/page.tsx [Server Component]

https://nextjs.org/docs/messages/module-not-found


./frontend/src/components/announcements/create-dialog/step-audience.tsx:3:1
Module not found: Can't resolve '@/features/ui/components/checkbox'
  [90m1 |[0m [32m'use client'[0m;
  [90m2 |[0m
[31m[1m>[0m [90m3 |[0m [36mimport[0m { [33mCheckbox[0m } [36mfrom[0m 
[32m'@/features/ui/components/checkbox'[0m;
  [90m  |[0m [31m[1m^^^^^^^^^^^^^^^^^^^^^^^^^^^^^^^^^^^^^^^^^^^^^^^^^^^^^^^^^^^^^[0m
  [90m4 |[0m [36mimport[0m { [33mChipPicker[0m } [36mfrom[0m [32m'../chip-picker'[0m;
  [90m5 |[0m [36mimport[0m { [33mAudiencePreviewCard[0m } [36mfrom[0m [32m'./audience-preview'[0m;
  [90m6 |[0m [36mimport[0m [36mtype[0m { [33mAnnouncementTargetType[0m } [36mfrom[0m 
[32m'@/lib/announcements/types'[0m;

Import map: aliased to relative './src/features/ui/components/checkbox' inside of [project]/frontend


Import traces:
  Client Component Browser:
    ./frontend/src/components/announcements/create-dialog/step-audience.tsx [Client Component Browser]
    ./frontend/src/components/announcements/create-dialog/create-dialog-body.tsx [Client Component Browser]
    ./frontend/src/components/announcements/create-dialog.tsx [Client Component Browser]
    ./frontend/src/components/announcements/announcements-view.tsx [Client Component Browser]
    ./frontend/src/components/announcements/announcements-view.tsx [Server Component]
    ./frontend/src/app/dashboard/announcements/page.tsx [Server Component]

  Client Component SSR:
    ./frontend/src/components/announcements/create-dialog/step-audience.tsx [Client Component SSR]
    ./frontend/src/components/announcements/create-dialog/create-dialog-body.tsx [Client Component SSR]
    ./frontend/src/components/announcements/create-dialog.tsx [Client Component SSR]
    ./frontend/src/components/announcements/announcements-view.tsx [Client Component SSR]
    ./frontend/src/components/announcements/announcements-view.tsx [Server Component]
    ./frontend/src/app/dashboard/announcements/page.tsx [Server Component]

https://nextjs.org/docs/messages/module-not-found


./frontend/src/components/announcements/create-dialog/step-review-options.tsx:5:1
Module not found: Can't resolve '@/features/ui/components/checkbox'
  [90m3 |[0m [36mimport[0m { [33mInput[0m } [36mfrom[0m [32m'@/features/ui/components/input'[0m;
  [90m4 |[0m [36mimport[0m { [33mLabel[0m } [36mfrom[0m [32m'@/features/ui/components/label'[0m;
[31m[1m>[0m [90m5 |[0m [36mimport[0m { [33mCheckbox[0m } [36mfrom[0m 
[32m'@/features/ui/components/checkbox'[0m;
  [90m  |[0m [31m[1m^^^^^^^^^^^^^^^^^^^^^^^^^^^^^^^^^^^^^^^^^^^^^^^^^^^^^^^^^^^^^[0m
  [90m6 |[0m [36mimport[0m { [33mIcons[0m } [36mfrom[0m [32m'@/components/icons'[0m;
  [90m7 |[0m [36mimport[0m [36mtype[0m { [33mAnnouncementPriority[0m } [36mfrom[0m 
[32m'@/lib/announcements/types'[0m;
  [90m8 |[0m [36mimport[0m [36mtype[0m { [33mActiveDaysPreset[0m } [36mfrom[0m [32m'./types'[0m;

Import map: aliased to relative './src/features/ui/components/checkbox' inside of [project]/frontend


Import traces:
  Client Component Browser:
    ./frontend/src/components/announcements/create-dialog/step-review-options.tsx [Client Component Browser]
    ./frontend/src/components/announcements/create-dialog/create-dialog-body.tsx [Client Component Browser]
    ./frontend/src/components/announcements/create-dialog.tsx [Client Component Browser]
    ./frontend/src/components/announcements/announcements-view.tsx [Client Component Browser]
    ./frontend/src/components/announcements/announcements-view.tsx [Server Component]
    ./frontend/src/app/dashboard/announcements/page.tsx [Server Component]

  Client Component SSR:
    ./frontend/src/components/announcements/create-dialog/step-review-options.tsx [Client Component SSR]
    ./frontend/src/components/announcements/create-dialog/create-dialog-body.tsx [Client Component SSR]
    ./frontend/src/components/announcements/create-dialog.tsx [Client Component SSR]
    ./frontend/src/components/announcements/announcements-view.tsx [Client Component SSR]
    ./frontend/src/components/announcements/announcements-view.tsx [Server Component]
    ./frontend/src/app/dashboard/announcements/page.tsx [Server Component]

https://nextjs.org/docs/messages/module-not-found


./frontend/src/components/auth/sign-in-form.tsx:7:1
Module not found: Can't resolve '@/features/ui/components/checkbox'
  [90m 5 |[0m [36mimport[0m { z } [36mfrom[0m [32m'zod'[0m;
  [90m 6 |[0m [36mimport[0m { [33mButton[0m } [36mfrom[0m [32m'@/features/ui/components/button'[0m;
[31m[1m>[0m [90m 7 |[0m [36mimport[0m { [33mCheckbox[0m } [36mfrom[0m 
[32m'@/features/ui/components/checkbox'[0m;
  [90m   |[0m [31m[1m^^^^^^^^^^^^^^^^^^^^^^^^^^^^^^^^^^^^^^^^^^^^^^^^^^^^^^^^^^^^^[0m
  [90m 8 |[0m [36mimport[0m { [33mInput[0m } [36mfrom[0m [32m'@/features/ui/components/input'[0m;
  [90m 9 |[0m [36mimport[0m { [33mLabel[0m } [36mfrom[0m [32m'@/features/ui/components/label'[0m;
  [90m10 |[0m [36mimport[0m { apiClient } [36mfrom[0m [32m'@/lib/api-client'[0m;

Import map: aliased to relative './src/features/ui/components/checkbox' inside of [project]/frontend


Import trace:
  Server Component:
    ./frontend/src/components/auth/sign-in-form.tsx
    ./frontend/src/components/auth/sign-in-view.tsx
    ./frontend/src/app/auth/sign-in/page.tsx

https://nextjs.org/docs/messages/module-not-found


./frontend/src/components/batches-admin/section-add-students-modal.tsx:5:1
Module not found: Can't resolve '@/features/ui/components/checkbox'
  [90m3 |[0m [36mimport[0m { useMemo, useState } [36mfrom[0m [32m'react'[0m;
  [90m4 |[0m [36mimport[0m { [33mButton[0m } [36mfrom[0m [32m'@/features/ui/components/button'[0m;
[31m[1m>[0m [90m5 |[0m [36mimport[0m { [33mCheckbox[0m } [36mfrom[0m 
[32m'@/features/ui/components/checkbox'[0m;
  [90m  |[0m [31m[1m^^^^^^^^^^^^^^^^^^^^^^^^^^^^^^^^^^^^^^^^^^^^^^^^^^^^^^^^^^^^^[0m
  [90m6 |[0m [36mimport[0m { [33mInput[0m } [36mfrom[0m [32m'@/features/ui/components/input'[0m;
  [90m7 |[0m [36mimport[0m {
  [90m8 |[0m   [33mDialog[0m,

Import map: aliased to relative './src/features/ui/components/checkbox' inside of [project]/frontend


Import traces:
  Client Component Browser:
    ./frontend/src/components/batches-admin/section-add-students-modal.tsx [Client Component Browser]
    ./frontend/src/components/batches-admin/section-row-actions.tsx [Client Component Browser]
    ./frontend/src/components/batches-admin/sections-admin-table.tsx [Client Component Browser]
    ./frontend/src/components/batches-admin/batches-sections-tabs.tsx [Client Component Browser]
    ./frontend/src/components/batches-admin/admin-batches-page.tsx [Client Component Browser]
    ./frontend/src/app/dashboard/batches/page.tsx [Client Component Browser]
    ./frontend/src/app/dashboard/batches/page.tsx [Server Component]

  Client Component SSR:
    ./frontend/src/components/batches-admin/section-add-students-modal.tsx [Client Component SSR]
    ./frontend/src/components/batches-admin/section-row-actions.tsx [Client Component SSR]
    ./frontend/src/components/batches-admin/sections-admin-table.tsx [Client Component SSR]
    ./frontend/src/components/batches-admin/batches-sections-tabs.tsx [Client Component SSR]
    ./frontend/src/components/batches-admin/admin-batches-page.tsx [Client Component SSR]
    ./frontend/src/app/dashboard/batches/page.tsx [Client Component SSR]
    ./frontend/src/app/dashboard/batches/page.tsx [Server Component]

https://nextjs.org/docs/messages/module-not-found


./frontend/src/components/offices/office-thread-composer.tsx:7:1
Module not found: Can't resolve '@/features/ui/components/checkbox'
  [90m 5 |[0m [36mimport[0m { [33mButton[0m } [36mfrom[0m [32m'@/features/ui/components/button'[0m;
  [90m 6 |[0m [36mimport[0m { [33mTextarea[0m } [36mfrom[0m [32m'@/features/ui/components/textarea'[0m;
[31m[1m>[0m [90m 7 |[0m [36mimport[0m { [33mCheckbox[0m } [36mfrom[0m 
[32m'@/features/ui/components/checkbox'[0m;
  [90m   |[0m [31m[1m^^^^^^^^^^^^^^^^^^^^^^^^^^^^^^^^^^^^^^^^^^^^^^^^^^^^^^^^^^^^^[0m
  [90m 8 |[0m [36mimport[0m [36mtype[0m { [33mOfficeThreadDetail[0m } [36mfrom[0m 
[32m'@/lib/offices/types'[0m;
  [90m 9 |[0m
  [90m10 |[0m [36mexport[0m [36mfunction[0m [33mOfficeThreadComposer[0m({

Import map: aliased to relative './src/features/ui/components/checkbox' inside of [project]/frontend


Import traces:
  Client Component Browser:
    ./frontend/src/components/offices/office-thread-composer.tsx [Client Component Browser]
    ./frontend/src/components/offices/office-thread-view.tsx [Client Component Browser]
    ./frontend/src/components/inbox/messages-office-pane.tsx [Client Component Browser]
    ./frontend/src/app/dashboard/messages/page.tsx [Client Component Browser]
    ./frontend/src/app/dashboard/messages/page.tsx [Server Component]

  Client Component SSR:
    ./frontend/src/components/offices/office-thread-composer.tsx [Client Component SSR]
    ./frontend/src/components/offices/office-thread-view.tsx [Client Component SSR]
    ./frontend/src/components/inbox/messages-office-pane.tsx [Client Component SSR]
    ./frontend/src/app/dashboard/messages/page.tsx [Client Component SSR]
    ./frontend/src/app/dashboard/messages/page.tsx [Server Component]

https://nextjs.org/docs/messages/module-not-found


./frontend/src/components/announcements/chip-picker.tsx:4:1
Module not found: Can't resolve '@/features/ui/components/command'
  [90m 2 |[0m
  [90m 3 |[0m [36mimport[0m * [36mas[0m [33mReact[0m [36mfrom[0m [32m'react'[0m;
[31m[1m>[0m [90m 4 |[0m [36mimport[0m {
  [90m   |[0m [31m[1m^^^^^^^[0m
[31m[1m>[0m [90m 5 |[0m   [33mCommand[0m,
  [90m   |[0m [31m[1m^^^^^^^^^^[0m
[31m[1m>[0m [90m 6 |[0m   [33mCommandEmpty[0m,
  [90m   |[0m [31m[1m^^^^^^^^^^^^^^^[0m
[31m[1m>[0m [90m 7 |[0m   [33mCommandGroup[0m,
  [90m   |[0m [31m[1m^^^^^^^^^^^^^^^[0m
[31m[1m>[0m [90m 8 |[0m   [33mCommandInput[0m,
  [90m   |[0m [31m[1m^^^^^^^^^^^^^^^[0m
[31m[1m>[0m [90m 9 |[0m   [33mCommandItem[0m,
  [90m   |[0m [31m[1m^^^^^^^^^^^^^^[0m
[31m[1m>[0m [90m10 |[0m   [33mCommandList[0m
  [90m   |[0m [31m[1m^^^^^^^^^^^^^[0m
[31m[1m>[0m [90m11 |[0m } [36mfrom[0m [32m'@/features/ui/components/command'[0m;
  [90m   |[0m [31m[1m^^^^^^^^^^^^^^^^^^^^^^^^^^^^^^^^^^^^^^^^^^[0m
  [90m12 |[0m [36mimport[0m { [33mPopover[0m, [33mPopoverContent[0m, [33mPopoverTrigger[0m } [36mfrom[0m 
[32m'@/features/ui/components/popover'[0m;
  [90m13 |[0m [36mimport[0m { [33mIcons[0m } [36mfrom[0m [32m'@/components/icons'[0m;
  [90m14 |[0m [36mimport[0m { cn } [36mfrom[0m [32m'@/lib/utils'[0m;

Import map: aliased to relative './src/features/ui/components/command' inside of [project]/frontend


Import traces:
  Client Component Browser:
    ./frontend/src/components/announcements/chip-picker.tsx [Client Component Browser]
    ./frontend/src/components/announcements/create-dialog/step-audience.tsx [Client Component Browser]
    ./frontend/src/components/announcements/create-dialog/create-dialog-body.tsx [Client Component Browser]
    ./frontend/src/components/announcements/create-dialog.tsx [Client Component Browser]
    ./frontend/src/components/announcements/announcements-view.tsx [Client Component Browser]
    ./frontend/src/components/announcements/announcements-view.tsx [Server Component]
    ./frontend/src/app/dashboard/announcements/page.tsx [Server Component]

  Client Component SSR:
    ./frontend/src/components/announcements/chip-picker.tsx [Client Component SSR]
    ./frontend/src/components/announcements/create-dialog/step-audience.tsx [Client Component SSR]
    ./frontend/src/components/announcements/create-dialog/create-dialog-body.tsx [Client Component SSR]
    ./frontend/src/components/announcements/create-dialog.tsx [Client Component SSR]
    ./frontend/src/components/announcements/announcements-view.tsx [Client Component SSR]
    ./frontend/src/components/announcements/announcements-view.tsx [Server Component]
    ./frontend/src/app/dashboard/announcements/page.tsx [Server Component]

https://nextjs.org/docs/messages/module-not-found


./frontend/src/components/batches-admin/batch-search-select.tsx:6:1
Module not found: Can't resolve '@/features/ui/components/command'
  [90m 4 |[0m [36mimport[0m { [33mCheck[0m, [33mChevronsUpDown[0m } [36mfrom[0m [32m'lucide-react'[0m;
  [90m 5 |[0m [36mimport[0m { [33mButton[0m } [36mfrom[0m [32m'@/features/ui/components/button'[0m;
[31m[1m>[0m [90m 6 |[0m [36mimport[0m {
  [90m   |[0m [31m[1m^^^^^^^[0m
[31m[1m>[0m [90m 7 |[0m   [33mCommand[0m,
  [90m   |[0m [31m[1m^^^^^^^^^^[0m
[31m[1m>[0m [90m 8 |[0m   [33mCommandEmpty[0m,
  [90m   |[0m [31m[1m^^^^^^^^^^^^^^^[0m
[31m[1m>[0m [90m 9 |[0m   [33mCommandGroup[0m,
  [90m   |[0m [31m[1m^^^^^^^^^^^^^^^[0m
[31m[1m>[0m [90m10 |[0m   [33mCommandInput[0m,
  [90m   |[0m [31m[1m^^^^^^^^^^^^^^^[0m
[31m[1m>[0m [90m11 |[0m   [33mCommandItem[0m,
  [90m   |[0m [31m[1m^^^^^^^^^^^^^^[0m
[31m[1m>[0m [90m12 |[0m   [33mCommandList[0m
  [90m   |[0m [31m[1m^^^^^^^^^^^^^[0m
[31m[1m>[0m [90m13 |[0m } [36mfrom[0m [32m'@/features/ui/components/command'[0m;
  [90m   |[0m [31m[1m^^^^^^^^^^^^^^^^^^^^^^^^^^^^^^^^^^^^^^^^^^[0m
  [90m14 |[0m [36mimport[0m { [33mLabel[0m } [36mfrom[0m [32m'@/features/ui/components/label'[0m;
  [90m15 |[0m [36mimport[0m { [33mPopover[0m, [33mPopoverContent[0m, [33mPopoverTrigger[0m } [36mfrom[0m 
[32m'@/features/ui/components/popover'[0m;
  [90m16 |[0m [36mimport[0m { cn } [36mfrom[0m [32m'@/lib/utils'[0m;

Import map: aliased to relative './src/features/ui/components/command' inside of [project]/frontend


Import traces:
  Client Component Browser:
    ./frontend/src/components/batches-admin/batch-search-select.tsx [Client Component Browser]
    ./frontend/src/components/batches-admin/section-form-sheet.tsx [Client Component Browser]
    ./frontend/src/components/batches-admin/batches-sections-tabs.tsx [Client Component Browser]
    ./frontend/src/components/batches-admin/admin-batches-page.tsx [Client Component Browser]
    ./frontend/src/app/dashboard/batches/page.tsx [Client Component Browser]
    ./frontend/src/app/dashboard/batches/page.tsx [Server Component]

  Client Component SSR:
    ./frontend/src/components/batches-admin/batch-search-select.tsx [Client Component SSR]
    ./frontend/src/components/batches-admin/section-form-sheet.tsx [Client Component SSR]
    ./frontend/src/components/batches-admin/batches-sections-tabs.tsx [Client Component SSR]
    ./frontend/src/components/batches-admin/admin-batches-page.tsx [Client Component SSR]
    ./frontend/src/app/dashboard/batches/page.tsx [Client Component SSR]
    ./frontend/src/app/dashboard/batches/page.tsx [Server Component]

https://nextjs.org/docs/messages/module-not-found


./frontend/src/components/discussions/channel/message-context-wrapper.tsx:4:1
Module not found: Can't resolve '@/features/ui/components/context-menu'
  [90m 2 |[0m
  [90m 3 |[0m [36mimport[0m { [33mFragment[0m, [36mtype[0m [33mReactNode[0m } [36mfrom[0m [32m'react'[0m;
[31m[1m>[0m [90m 4 |[0m [36mimport[0m {
  [90m   |[0m [31m[1m^^^^^^^[0m
[31m[1m>[0m [90m 5 |[0m   [33mContextMenu[0m,
  [90m   |[0m [31m[1m^^^^^^^^^^^^^^[0m
[31m[1m>[0m [90m 6 |[0m   [33mContextMenuContent[0m,
  [90m   |[0m [31m[1m^^^^^^^^^^^^^^^^^^^^^[0m
[31m[1m>[0m [90m 7 |[0m   [33mContextMenuItem[0m,
  [90m   |[0m [31m[1m^^^^^^^^^^^^^^^^^^[0m
[31m[1m>[0m [90m 8 |[0m   [33mContextMenuSeparator[0m,
  [90m   |[0m [31m[1m^^^^^^^^^^^^^^^^^^^^^^^[0m
[31m[1m>[0m [90m 9 |[0m   [33mContextMenuTrigger[0m
  [90m   |[0m [31m[1m^^^^^^^^^^^^^^^^^^^^[0m
[31m[1m>[0m [90m10 |[0m } [36mfrom[0m [32m'@/features/ui/components/context-menu'[0m;
  [90m   |[0m [31m[1m^^^^^^^^^^^^^^^^^^^^^^^^^^^^^^^^^^^^^^^^^^^^^^^[0m
  [90m11 |[0m [36mimport[0m { cn } [36mfrom[0m [32m'@/lib/utils'[0m;
  [90m12 |[0m [36mimport[0m { [33mReactionStrip[0m } [36mfrom[0m [32m'./message-reaction-strip'[0m;
  [90m13 |[0m [36mimport[0m [36mtype[0m { [33mMessageActionsCommonProps[0m } [36mfrom[0m 
[32m'./message-menu-types'[0m;

Import map: aliased to relative './src/features/ui/components/context-menu' inside of [project]/frontend


Import traces:
  Client Component Browser:
    ./frontend/src/components/discussions/channel/message-context-wrapper.tsx [Client Component Browser]
    ./frontend/src/components/discussions/channel/message-row/message-row.tsx [Client Component Browser]
    ./frontend/src/components/discussions/channel/message-row.tsx [Client Component Browser]
    ./frontend/src/components/discussions/channel/index.ts [Client Component Browser]
    ./frontend/src/app/dashboard/messages/page.tsx [Client Component Browser]
    ./frontend/src/app/dashboard/messages/page.tsx [Server Component]

  Client Component SSR:
    ./frontend/src/components/discussions/channel/message-context-wrapper.tsx [Client Component SSR]
    ./frontend/src/components/discussions/channel/message-row/message-row.tsx [Client Component SSR]
    ./frontend/src/components/discussions/channel/message-row.tsx [Client Component SSR]
    ./frontend/src/components/discussions/channel/index.ts [Client Component SSR]
    ./frontend/src/app/dashboard/messages/page.tsx [Client Component SSR]
    ./frontend/src/app/dashboard/messages/page.tsx [Server Component]

https://nextjs.org/docs/messages/module-not-found


./frontend/src/components/academic-years-admin/academic-year-semesters-dialog.tsx:5:1
Module not found: Can't resolve '@/features/ui/components/dialog'
  [90m 3 |[0m [36mimport[0m { useState } [36mfrom[0m [32m'react'[0m;
  [90m 4 |[0m [36mimport[0m { [33mButton[0m } [36mfrom[0m [32m'@/features/ui/components/button'[0m;
[31m[1m>[0m [90m 5 |[0m [36mimport[0m {
  [90m   |[0m [31m[1m^^^^^^^[0m
[31m[1m>[0m [90m 6 |[0m   [33mDialog[0m,
  [90m   |[0m [31m[1m^^^^^^^^^[0m
[31m[1m>[0m [90m 7 |[0m   [33mDialogContent[0m,
  [90m   |[0m [31m[1m^^^^^^^^^^^^^^^^[0m
[31m[1m>[0m [90m 8 |[0m   [33mDialogHeader[0m,
  [90m   |[0m [31m[1m^^^^^^^^^^^^^^^[0m
[31m[1m>[0m [90m 9 |[0m   [33mDialogTitle[0m
  [90m   |[0m [31m[1m^^^^^^^^^^^^^[0m
[31m[1m>[0m [90m10 |[0m } [36mfrom[0m [32m'@/features/ui/components/dialog'[0m;
  [90m   |[0m [31m[1m^^^^^^^^^^^^^^^^^^^^^^^^^^^^^^^^^^^^^^^^^[0m
  [90m11 |[0m [36mimport[0m { [33mAlertModal[0m } [36mfrom[0m 
[32m'@/features/modal/components/alert-modal'[0m;
  [90m12 |[0m [36mimport[0m { useMutation, useQueryClient } [36mfrom[0m [32m'@/lib/async-query'[0m;
  [90m13 |[0m [36mimport[0m { handleApiError, showToast } [36mfrom[0m [32m'@/lib/notifications'[0m;

Import map: aliased to relative './src/features/ui/components/dialog' inside of [project]/frontend


Import traces:
  Client Component Browser:
    ./frontend/src/components/academic-years-admin/academic-year-semesters-dialog.tsx [Client Component Browser]
    ./frontend/src/components/academic-years-admin/academic-year-row-actions.tsx [Client Component Browser]
    ./frontend/src/components/academic-years-admin/academic-year-table-row.tsx [Client Component Browser]
    ./frontend/src/components/academic-years-admin/academic-years-table.tsx [Client Component Browser]
    ./frontend/src/components/academic-years-admin/admin-academic-years-page.tsx [Client Component Browser]
    ./frontend/src/app/dashboard/academic-years/page.tsx [Client Component Browser]
    ./frontend/src/app/dashboard/academic-years/page.tsx [Server Component]

  Client Component SSR:
    ./frontend/src/components/academic-years-admin/academic-year-semesters-dialog.tsx [Client Component SSR]
    ./frontend/src/components/academic-years-admin/academic-year-row-actions.tsx [Client Component SSR]
    ./frontend/src/components/academic-years-admin/academic-year-table-row.tsx [Client Component SSR]
    ./frontend/src/components/academic-years-admin/academic-years-table.tsx [Client Component SSR]
    ./frontend/src/components/academic-years-admin/admin-academic-years-page.tsx [Client Component SSR]
    ./frontend/src/app/dashboard/academic-years/page.tsx [Client Component SSR]
    ./frontend/src/app/dashboard/academic-years/page.tsx [Server Component]

https://nextjs.org/docs/messages/module-not-found


./frontend/src/components/batches-admin/batch-sections-dialog.tsx:7:1
Module not found: Can't resolve '@/features/ui/components/dialog'
  [90m 5 |[0m [36mimport[0m { [33mAlertModal[0m } [36mfrom[0m 
[32m'@/features/modal/components/alert-modal'[0m;
  [90m 6 |[0m [36mimport[0m { [33mButton[0m } [36mfrom[0m [32m'@/features/ui/components/button'[0m;
[31m[1m>[0m [90m 7 |[0m [36mimport[0m {
  [90m   |[0m [31m[1m^^^^^^^[0m
[31m[1m>[0m [90m 8 |[0m   [33mDialog[0m,
  [90m   |[0m [31m[1m^^^^^^^^^[0m
[31m[1m>[0m [90m 9 |[0m   [33mDialogContent[0m,
  [90m   |[0m [31m[1m^^^^^^^^^^^^^^^^[0m
[31m[1m>[0m [90m10 |[0m   [33mDialogHeader[0m,
  [90m   |[0m [31m[1m^^^^^^^^^^^^^^^[0m
[31m[1m>[0m [90m11 |[0m   [33mDialogTitle[0m
  [90m   |[0m [31m[1m^^^^^^^^^^^^^[0m
[31m[1m>[0m [90m12 |[0m } [36mfrom[0m [32m'@/features/ui/components/dialog'[0m;
  [90m   |[0m [31m[1m^^^^^^^^^^^^^^^^^^^^^^^^^^^^^^^^^^^^^^^^^[0m
  [90m13 |[0m [36mimport[0m { useMutation, useQueryClient } [36mfrom[0m [32m'@/lib/async-query'[0m;
  [90m14 |[0m [36mimport[0m { handleApiError, showToast } [36mfrom[0m [32m'@/lib/notifications'[0m;
  [90m15 |[0m [36mimport[0m { adminBatchSectionsQueryKey, adminBatchesQueryKey, useBatchSections } [36mfrom[0m 
[32m'@/lib/...[0m

Import map: aliased to relative './src/features/ui/components/dialog' inside of [project]/frontend


Import traces:
  Client Component Browser:
    ./frontend/src/components/batches-admin/batch-sections-dialog.tsx [Client Component Browser]
    ./frontend/src/components/batches-admin/batch-row-actions.tsx [Client Component Browser]
    ./frontend/src/components/batches-admin/batch-table-row.tsx [Client Component Browser]
    ./frontend/src/components/batches-admin/batches-admin-table.tsx [Client Component Browser]
    ./frontend/src/components/batches-admin/batches-sections-tabs.tsx [Client Component Browser]
    ./frontend/src/components/batches-admin/admin-batches-page.tsx [Client Component Browser]
    ./frontend/src/app/dashboard/batches/page.tsx [Client Component Browser]
    ./frontend/src/app/dashboard/batches/page.tsx [Server Component]

  Client Component SSR:
    ./frontend/src/components/batches-admin/batch-sections-dialog.tsx [Client Component SSR]
    ./frontend/src/components/batches-admin/batch-row-actions.tsx [Client Component SSR]
    ./frontend/src/components/batches-admin/batch-table-row.tsx [Client Component SSR]
    ./frontend/src/components/batches-admin/batches-admin-table.tsx [Client Component SSR]
    ./frontend/src/components/batches-admin/batches-sections-tabs.tsx [Client Component SSR]
    ./frontend/src/components/batches-admin/admin-batches-page.tsx [Client Component SSR]
    ./frontend/src/app/dashboard/batches/page.tsx [Client Component SSR]
    ./frontend/src/app/dashboard/batches/page.tsx [Server Component]

https://nextjs.org/docs/messages/module-not-found


./frontend/src/components/batches-admin/section-add-students-modal.tsx:7:1
Module not found: Can't resolve '@/features/ui/components/dialog'
  [90m 5 |[0m [36mimport[0m { [33mCheckbox[0m } [36mfrom[0m [32m'@/features/ui/components/checkbox'[0m;
  [90m 6 |[0m [36mimport[0m { [33mInput[0m } [36mfrom[0m [32m'@/features/ui/components/input'[0m;
[31m[1m>[0m [90m 7 |[0m [36mimport[0m {
  [90m   |[0m [31m[1m^^^^^^^[0m
[31m[1m>[0m [90m 8 |[0m   [33mDialog[0m,
  [90m   |[0m [31m[1m^^^^^^^^^[0m
[31m[1m>[0m [90m 9 |[0m   [33mDialogContent[0m,
  [90m   |[0m [31m[1m^^^^^^^^^^^^^^^^[0m
[31m[1m>[0m [90m10 |[0m   [33mDialogFooter[0m,
  [90m   |[0m [31m[1m^^^^^^^^^^^^^^^[0m
[31m[1m>[0m [90m11 |[0m   [33mDialogHeader[0m,
  [90m   |[0m [31m[1m^^^^^^^^^^^^^^^[0m
[31m[1m>[0m [90m12 |[0m   [33mDialogTitle[0m
  [90m   |[0m [31m[1m^^^^^^^^^^^^^[0m
[31m[1m>[0m [90m13 |[0m } [36mfrom[0m [32m'@/features/ui/components/dialog'[0m;
  [90m   |[0m [31m[1m^^^^^^^^^^^^^^^^^^^^^^^^^^^^^^^^^^^^^^^^^[0m
  [90m14 |[0m [36mimport[0m { useMutation, useQuery, useQueryClient } [36mfrom[0m [32m'@/lib/async-query'[0m;
  [90m15 |[0m [36mimport[0m { handleApiError, showToast } [36mfrom[0m [32m'@/lib/notifications'[0m;
  [90m16 |[0m [36mimport[0m { fetchUsers } [36mfrom[0m [32m'@/components/users/api/service'[0m;

Import map: aliased to relative './src/features/ui/components/dialog' inside of [project]/frontend


Import traces:
  Client Component Browser:
    ./frontend/src/components/batches-admin/section-add-students-modal.tsx [Client Component Browser]
    ./frontend/src/components/batches-admin/section-row-actions.tsx [Client Component Browser]
    ./frontend/src/components/batches-admin/sections-admin-table.tsx [Client Component Browser]
    ./frontend/src/components/batches-admin/batches-sections-tabs.tsx [Client Component Browser]
    ./frontend/src/components/batches-admin/admin-batches-page.tsx [Client Component Browser]
    ./frontend/src/app/dashboard/batches/page.tsx [Client Component Browser]
    ./frontend/src/app/dashboard/batches/page.tsx [Server Component]

  Client Component SSR:
    ./frontend/src/components/batches-admin/section-add-students-modal.tsx [Client Component SSR]
    ./frontend/src/components/batches-admin/section-row-actions.tsx [Client Component SSR]
    ./frontend/src/components/batches-admin/sections-admin-table.tsx [Client Component SSR]
    ./frontend/src/components/batches-admin/batches-sections-tabs.tsx [Client Component SSR]
    ./frontend/src/components/batches-admin/admin-batches-page.tsx [Client Component SSR]
    ./frontend/src/app/dashboard/batches/page.tsx [Client Component SSR]
    ./frontend/src/app/dashboard/batches/page.tsx [Server Component]

https://nextjs.org/docs/messages/module-not-found


./frontend/src/components/discussions/channel/channel-settings/channel-settings-dialog.tsx:4:1
Module not found: Can't resolve '@/features/ui/components/dialog'
  [90m 2 |[0m
  [90m 3 |[0m [36mimport[0m { useMemo } [36mfrom[0m [32m'react'[0m
[31m[1m>[0m [90m 4 |[0m [36mimport[0m {
  [90m   |[0m [31m[1m^^^^^^^[0m
[31m[1m>[0m [90m 5 |[0m   [33mDialog[0m,
  [90m   |[0m [31m[1m^^^^^^^^^[0m
[31m[1m>[0m [90m 6 |[0m   [33mDialogContent[0m,
  [90m   |[0m [31m[1m^^^^^^^^^^^^^^^^[0m
[31m[1m>[0m [90m 7 |[0m   [33mDialogDescription[0m,
  [90m   |[0m [31m[1m^^^^^^^^^^^^^^^^^^^^[0m
[31m[1m>[0m [90m 8 |[0m   [33mDialogHeader[0m,
  [90m   |[0m [31m[1m^^^^^^^^^^^^^^^[0m
[31m[1m>[0m [90m 9 |[0m   [33mDialogTitle[0m,
  [90m   |[0m [31m[1m^^^^^^^^^^^^^^[0m
[31m[1m>[0m [90m10 |[0m } [36mfrom[0m [32m'@/features/ui/components/dialog'[0m
  [90m   |[0m [31m[1m^^^^^^^^^^^^^^^^^^^^^^^^^^^^^^^^^^^^^^^^[0m
  [90m11 |[0m [36mimport[0m { [33mTabs[0m } [36mfrom[0m [32m'@/features/ui/components/tabs'[0m
  [90m12 |[0m [36mimport[0m { [33mIcons[0m } [36mfrom[0m [32m'@/components/icons'[0m
  [90m13 |[0m [36mimport[0m { cn } [36mfrom[0m [32m'@/lib/utils'[0m

Import map: aliased to relative './src/features/ui/components/dialog' inside of [project]/frontend


Import traces:
  Client Component Browser:
    ./frontend/src/components/discussions/channel/channel-settings/channel-settings-dialog.tsx [Client Component 
Browser]
    ./frontend/src/components/discussions/channel/channel-pane/channel-pane.tsx [Client Component Browser]
    ./frontend/src/app/dashboard/messages/page.tsx [Client Component Browser]
    ./frontend/src/app/dashboard/messages/page.tsx [Server Component]

  Client Component SSR:
    ./frontend/src/components/discussions/channel/channel-settings/channel-settings-dialog.tsx [Client Component SSR]
    ./frontend/src/components/discussions/channel/channel-pane/channel-pane.tsx [Client Component SSR]
    ./frontend/src/app/dashboard/messages/page.tsx [Client Component SSR]
    ./frontend/src/app/dashboard/messages/page.tsx [Server Component]

https://nextjs.org/docs/messages/module-not-found


./frontend/src/components/discussions/dms/dm-add-members/add-members-dialog.tsx:5:1
Module not found: Can't resolve '@/features/ui/components/dialog'
  [90m 3 |[0m [36mimport[0m { useEffect } [36mfrom[0m [32m'react'[0m
  [90m 4 |[0m [36mimport[0m { [33mButton[0m } [36mfrom[0m [32m'@/features/ui/components/button'[0m
[31m[1m>[0m [90m 5 |[0m [36mimport[0m {
  [90m   |[0m [31m[1m^^^^^^^[0m
[31m[1m>[0m [90m 6 |[0m   [33mDialog[0m,
  [90m   |[0m [31m[1m^^^^^^^^^[0m
[31m[1m>[0m [90m 7 |[0m   [33mDialogContent[0m,
  [90m   |[0m [31m[1m^^^^^^^^^^^^^^^^[0m
[31m[1m>[0m [90m 8 |[0m   [33mDialogDescription[0m,
  [90m   |[0m [31m[1m^^^^^^^^^^^^^^^^^^^^[0m
[31m[1m>[0m [90m 9 |[0m   [33mDialogFooter[0m,
  [90m   |[0m [31m[1m^^^^^^^^^^^^^^^[0m
[31m[1m>[0m [90m10 |[0m   [33mDialogHeader[0m,
  [90m   |[0m [31m[1m^^^^^^^^^^^^^^^[0m
[31m[1m>[0m [90m11 |[0m   [33mDialogTitle[0m
  [90m   |[0m [31m[1m^^^^^^^^^^^^^[0m
[31m[1m>[0m [90m12 |[0m } [36mfrom[0m [32m'@/features/ui/components/dialog'[0m
  [90m   |[0m [31m[1m^^^^^^^^^^^^^^^^^^^^^^^^^^^^^^^^^^^^^^^^[0m
  [90m13 |[0m [36mimport[0m { [33mIcons[0m } [36mfrom[0m [32m'@/components/icons'[0m
  [90m14 |[0m [36mimport[0m { [33mDmCandidatePicker[0m } [36mfrom[0m 
[32m'@/components/discussions/dms/dm-create/dm-candidate-pic...[0m
  [90m15 |[0m [36mimport[0m { useAddMembersForm } [36mfrom[0m [32m'./use-add-members-form'[0m

Import map: aliased to relative './src/features/ui/components/dialog' inside of [project]/frontend


Import traces:
  Client Component Browser:
    ./frontend/src/components/discussions/dms/dm-add-members/add-members-dialog.tsx [Client Component Browser]
    ./frontend/src/components/discussions/dms/dm-pane/dm-pane.tsx [Client Component Browser]
    ./frontend/src/app/dashboard/messages/page.tsx [Client Component Browser]
    ./frontend/src/app/dashboard/messages/page.tsx [Server Component]

  Client Component SSR:
    ./frontend/src/components/discussions/dms/dm-add-members/add-members-dialog.tsx [Client Component SSR]
    ./frontend/src/components/discussions/dms/dm-pane/dm-pane.tsx [Client Component SSR]
    ./frontend/src/app/dashboard/messages/page.tsx [Client Component SSR]
    ./frontend/src/app/dashboard/messages/page.tsx [Server Component]

https://nextjs.org/docs/messages/module-not-found


./frontend/src/components/discussions/dms/dm-create/dm-create-dialog.tsx:5:1
Module not found: Can't resolve '@/features/ui/components/dialog'
  [90m 3 |[0m [36mimport[0m { useEffect } [36mfrom[0m [32m'react'[0m
  [90m 4 |[0m [36mimport[0m { [33mButton[0m } [36mfrom[0m [32m'@/features/ui/components/button'[0m
[31m[1m>[0m [90m 5 |[0m [36mimport[0m {
  [90m   |[0m [31m[1m^^^^^^^[0m
[31m[1m>[0m [90m 6 |[0m   [33mDialog[0m,
  [90m   |[0m [31m[1m^^^^^^^^^[0m
[31m[1m>[0m [90m 7 |[0m   [33mDialogContent[0m,
  [90m   |[0m [31m[1m^^^^^^^^^^^^^^^^[0m
[31m[1m>[0m [90m 8 |[0m   [33mDialogDescription[0m,
  [90m   |[0m [31m[1m^^^^^^^^^^^^^^^^^^^^[0m
[31m[1m>[0m [90m 9 |[0m   [33mDialogFooter[0m,
  [90m   |[0m [31m[1m^^^^^^^^^^^^^^^[0m
[31m[1m>[0m [90m10 |[0m   [33mDialogHeader[0m,
  [90m   |[0m [31m[1m^^^^^^^^^^^^^^^[0m
[31m[1m>[0m [90m11 |[0m   [33mDialogTitle[0m,
  [90m   |[0m [31m[1m^^^^^^^^^^^^^^[0m
[31m[1m>[0m [90m12 |[0m } [36mfrom[0m [32m'@/features/ui/components/dialog'[0m
  [90m   |[0m [31m[1m^^^^^^^^^^^^^^^^^^^^^^^^^^^^^^^^^^^^^^^^[0m
  [90m13 |[0m [36mimport[0m { [33mIcons[0m } [36mfrom[0m [32m'@/components/icons'[0m
  [90m14 |[0m [36mimport[0m { cn } [36mfrom[0m [32m'@/lib/utils'[0m
  [90m15 |[0m [36mimport[0m { [33mMAX_OTHER_MEMBERS[0m, [33mMIN_OTHER_MEMBERS[0m } [36mfrom[0m 
[32m'./constants'[0m

Import map: aliased to relative './src/features/ui/components/dialog' inside of [project]/frontend


Import traces:
  Client Component Browser:
    ./frontend/src/components/discussions/dms/dm-create/dm-create-dialog.tsx [Client Component Browser]
    ./frontend/src/components/inbox/inbox-list.tsx [Client Component Browser]
    ./frontend/src/app/dashboard/messages/page.tsx [Client Component Browser]
    ./frontend/src/app/dashboard/messages/page.tsx [Server Component]

  Client Component SSR:
    ./frontend/src/components/discussions/dms/dm-create/dm-create-dialog.tsx [Client Component SSR]
    ./frontend/src/components/inbox/inbox-list.tsx [Client Component SSR]
    ./frontend/src/app/dashboard/messages/page.tsx [Client Component SSR]
    ./frontend/src/app/dashboard/messages/page.tsx [Server Component]

https://nextjs.org/docs/messages/module-not-found


./frontend/src/components/discussions/dms/dm-pane/rename-dm-dialog.tsx:7:1
Module not found: Can't resolve '@/features/ui/components/dialog'
  [90m 5 |[0m [36mimport[0m { [33mAvatar[0m, [33mAvatarFallback[0m, [33mAvatarImage[0m } [36mfrom[0m 
[32m'@/features/ui/components/avatar'[0m
  [90m 6 |[0m [36mimport[0m { [33mButton[0m } [36mfrom[0m [32m'@/features/ui/components/button'[0m
[31m[1m>[0m [90m 7 |[0m [36mimport[0m {
  [90m   |[0m [31m[1m^^^^^^^[0m
[31m[1m>[0m [90m 8 |[0m   [33mDialog[0m,
  [90m   |[0m [31m[1m^^^^^^^^^[0m
[31m[1m>[0m [90m 9 |[0m   [33mDialogContent[0m,
  [90m   |[0m [31m[1m^^^^^^^^^^^^^^^^[0m
[31m[1m>[0m [90m10 |[0m   [33mDialogDescription[0m,
  [90m   |[0m [31m[1m^^^^^^^^^^^^^^^^^^^^[0m
[31m[1m>[0m [90m11 |[0m   [33mDialogFooter[0m,
  [90m   |[0m [31m[1m^^^^^^^^^^^^^^^[0m
[31m[1m>[0m [90m12 |[0m   [33mDialogHeader[0m,
  [90m   |[0m [31m[1m^^^^^^^^^^^^^^^[0m
[31m[1m>[0m [90m13 |[0m   [33mDialogTitle[0m
  [90m   |[0m [31m[1m^^^^^^^^^^^^^[0m
[31m[1m>[0m [90m14 |[0m } [36mfrom[0m [32m'@/features/ui/components/dialog'[0m
  [90m   |[0m [31m[1m^^^^^^^^^^^^^^^^^^^^^^^^^^^^^^^^^^^^^^^^[0m
  [90m15 |[0m [36mimport[0m { [33mInput[0m } [36mfrom[0m [32m'@/features/ui/components/input'[0m
  [90m16 |[0m [36mimport[0m { [33mLabel[0m } [36mfrom[0m [32m'@/features/ui/components/label'[0m
  [90m17 |[0m [36mimport[0m { [33mIcons[0m } [36mfrom[0m [32m'@/components/icons'[0m

Import map: aliased to relative './src/features/ui/components/dialog' inside of [project]/frontend


Import traces:
  Client Component Browser:
    ./frontend/src/components/discussions/dms/dm-pane/rename-dm-dialog.tsx [Client Component Browser]
    ./frontend/src/components/discussions/dms/dm-pane/dm-pane.tsx [Client Component Browser]
    ./frontend/src/app/dashboard/messages/page.tsx [Client Component Browser]
    ./frontend/src/app/dashboard/messages/page.tsx [Server Component]

  Client Component SSR:
    ./frontend/src/components/discussions/dms/dm-pane/rename-dm-dialog.tsx [Client Component SSR]
    ./frontend/src/components/discussions/dms/dm-pane/dm-pane.tsx [Client Component SSR]
    ./frontend/src/app/dashboard/messages/page.tsx [Client Component SSR]
    ./frontend/src/app/dashboard/messages/page.tsx [Server Component]

https://nextjs.org/docs/messages/module-not-found


./frontend/src/components/discussions/dms/dm-pane/view-members-dialog.tsx:5:1
Module not found: Can't resolve '@/features/ui/components/dialog'
  [90m 3 |[0m [36mimport[0m { [33mAvatar[0m, [33mAvatarFallback[0m, [33mAvatarImage[0m } [36mfrom[0m 
[32m'@/features/ui/components/avatar'[0m
  [90m 4 |[0m [36mimport[0m { [33mButton[0m } [36mfrom[0m [32m'@/features/ui/components/button'[0m
[31m[1m>[0m [90m 5 |[0m [36mimport[0m {
  [90m   |[0m [31m[1m^^^^^^^[0m
[31m[1m>[0m [90m 6 |[0m   [33mDialog[0m,
  [90m   |[0m [31m[1m^^^^^^^^^[0m
[31m[1m>[0m [90m 7 |[0m   [33mDialogContent[0m,
  [90m   |[0m [31m[1m^^^^^^^^^^^^^^^^[0m
[31m[1m>[0m [90m 8 |[0m   [33mDialogDescription[0m,
  [90m   |[0m [31m[1m^^^^^^^^^^^^^^^^^^^^[0m
[31m[1m>[0m [90m 9 |[0m   [33mDialogHeader[0m,
  [90m   |[0m [31m[1m^^^^^^^^^^^^^^^[0m
[31m[1m>[0m [90m10 |[0m   [33mDialogTitle[0m
  [90m   |[0m [31m[1m^^^^^^^^^^^^^[0m
[31m[1m>[0m [90m11 |[0m } [36mfrom[0m [32m'@/features/ui/components/dialog'[0m
  [90m   |[0m [31m[1m^^^^^^^^^^^^^^^^^^^^^^^^^^^^^^^^^^^^^^^^[0m
  [90m12 |[0m [36mimport[0m { [33mIcons[0m } [36mfrom[0m [32m'@/components/icons'[0m
  [90m13 |[0m [36mimport[0m { [33mX[0m } [36mfrom[0m [32m'lucide-react'[0m
  [90m14 |[0m [36mimport[0m { [33mSwitch[0m } [36mfrom[0m [32m'@/features/ui/components/switch'[0m

Import map: aliased to relative './src/features/ui/components/dialog' inside of [project]/frontend


Import traces:
  Client Component Browser:
    ./frontend/src/components/discussions/dms/dm-pane/view-members-dialog.tsx [Client Component Browser]
    ./frontend/src/components/discussions/dms/dm-pane/dm-pane.tsx [Client Component Browser]
    ./frontend/src/app/dashboard/messages/page.tsx [Client Component Browser]
    ./frontend/src/app/dashboard/messages/page.tsx [Server Component]

  Client Component SSR:
    ./frontend/src/components/discussions/dms/dm-pane/view-members-dialog.tsx [Client Component SSR]
    ./frontend/src/components/discussions/dms/dm-pane/dm-pane.tsx [Client Component SSR]
    ./frontend/src/app/dashboard/messages/page.tsx [Client Component SSR]
    ./frontend/src/app/dashboard/messages/page.tsx [Server Component]

https://nextjs.org/docs/messages/module-not-found


./frontend/src/components/inbox/messages-contact-office.tsx:6:1
Module not found: Can't resolve '@/features/ui/components/dialog'
  [90m 4 |[0m [36mimport[0m { [33mBuilding2[0m, [33mLoader2[0m } [36mfrom[0m [32m'lucide-react'[0m;
  [90m 5 |[0m [36mimport[0m { toast } [36mfrom[0m [32m'sonner'[0m;
[31m[1m>[0m [90m 6 |[0m [36mimport[0m {
  [90m   |[0m [31m[1m^^^^^^^[0m
[31m[1m>[0m [90m 7 |[0m   [33mDialog[0m,
  [90m   |[0m [31m[1m^^^^^^^^^[0m
[31m[1m>[0m [90m 8 |[0m   [33mDialogContent[0m,
  [90m   |[0m [31m[1m^^^^^^^^^^^^^^^^[0m
[31m[1m>[0m [90m 9 |[0m   [33mDialogDescription[0m,
  [90m   |[0m [31m[1m^^^^^^^^^^^^^^^^^^^^[0m
[31m[1m>[0m [90m10 |[0m   [33mDialogHeader[0m,
  [90m   |[0m [31m[1m^^^^^^^^^^^^^^^[0m
[31m[1m>[0m [90m11 |[0m   [33mDialogTitle[0m
  [90m   |[0m [31m[1m^^^^^^^^^^^^^[0m
[31m[1m>[0m [90m12 |[0m } [36mfrom[0m [32m'@/features/ui/components/dialog'[0m;
  [90m   |[0m [31m[1m^^^^^^^^^^^^^^^^^^^^^^^^^^^^^^^^^^^^^^^^^[0m
  [90m13 |[0m [36mimport[0m { useQueryClient } [36mfrom[0m [32m'@/lib/async-query'[0m;
  [90m14 |[0m [36mimport[0m { inboxKeys } [36mfrom[0m [32m'@/lib/inbox/inbox-queries'[0m;
  [90m15 |[0m [36mimport[0m { messagesOfficeThreadHref } [36mfrom[0m 
[32m'@/lib/inbox/services/messages-href'[0m;

Import map: aliased to relative './src/features/ui/components/dialog' inside of [project]/frontend


Import traces:
  Client Component Browser:
    ./frontend/src/components/inbox/messages-contact-office.tsx [Client Component Browser]
    ./frontend/src/components/inbox/inbox-list.tsx [Client Component Browser]
    ./frontend/src/app/dashboard/messages/page.tsx [Client Component Browser]
    ./frontend/src/app/dashboard/messages/page.tsx [Server Component]

  Client Component SSR:
    ./frontend/src/components/inbox/messages-contact-office.tsx [Client Component SSR]
    ./frontend/src/components/inbox/inbox-list.tsx [Client Component SSR]
    ./frontend/src/app/dashboard/messages/page.tsx [Client Component SSR]
    ./frontend/src/app/dashboard/messages/page.tsx [Server Component]

https://nextjs.org/docs/messages/module-not-found


./frontend/src/components/inbox/new-message-dialog.tsx:6:1
Module not found: Can't resolve '@/features/ui/components/dialog'
  [90m 4 |[0m [36mimport[0m { useRouter } [36mfrom[0m [32m'next/navigation'[0m;
  [90m 5 |[0m [36mimport[0m { [33mSearch[0m } [36mfrom[0m [32m'lucide-react'[0m;
[31m[1m>[0m [90m 6 |[0m [36mimport[0m {
  [90m   |[0m [31m[1m^^^^^^^[0m
[31m[1m>[0m [90m 7 |[0m   [33mDialog[0m,
  [90m   |[0m [31m[1m^^^^^^^^^[0m
[31m[1m>[0m [90m 8 |[0m   [33mDialogContent[0m,
  [90m   |[0m [31m[1m^^^^^^^^^^^^^^^^[0m
[31m[1m>[0m [90m 9 |[0m   [33mDialogHeader[0m,
  [90m   |[0m [31m[1m^^^^^^^^^^^^^^^[0m
[31m[1m>[0m [90m10 |[0m   [33mDialogTitle[0m,
  [90m   |[0m [31m[1m^^^^^^^^^^^^^^[0m
[31m[1m>[0m [90m11 |[0m   [33mDialogDescription[0m
  [90m   |[0m [31m[1m^^^^^^^^^^^^^^^^^^^[0m
[31m[1m>[0m [90m12 |[0m } [36mfrom[0m [32m'@/features/ui/components/dialog'[0m;
  [90m   |[0m [31m[1m^^^^^^^^^^^^^^^^^^^^^^^^^^^^^^^^^^^^^^^^^[0m
  [90m13 |[0m [36mimport[0m { [33mInput[0m } [36mfrom[0m [32m'@/features/ui/components/input'[0m;
  [90m14 |[0m [36mimport[0m { useAuthStore } [36mfrom[0m [32m'@/lib/auth-store'[0m;
  [90m15 |[0m [36mimport[0m { useGroupDmCandidates } [36mfrom[0m [32m'@/lib/discussions/queries'[0m;

Import map: aliased to relative './src/features/ui/components/dialog' inside of [project]/frontend


Import traces:
  Client Component Browser:
    ./frontend/src/components/inbox/new-message-dialog.tsx [Client Component Browser]
    ./frontend/src/components/inbox/inbox-list.tsx [Client Component Browser]
    ./frontend/src/app/dashboard/messages/page.tsx [Client Component Browser]
    ./frontend/src/app/dashboard/messages/page.tsx [Server Component]

  Client Component SSR:
    ./frontend/src/components/inbox/new-message-dialog.tsx [Client Component SSR]
    ./frontend/src/components/inbox/inbox-list.tsx [Client Component SSR]
    ./frontend/src/app/dashboard/messages/page.tsx [Client Component SSR]
    ./frontend/src/app/dashboard/messages/page.tsx [Server Component]

https://nextjs.org/docs/messages/module-not-found


./frontend/src/components/offices/admin/create-office-dialog.tsx:9:1
Module not found: Can't resolve '@/features/ui/components/dialog'
  [90m 7 |[0m [36mimport[0m { [33mLabel[0m } [36mfrom[0m [32m'@/features/ui/components/label'[0m;
  [90m 8 |[0m [36mimport[0m { [33mTextarea[0m } [36mfrom[0m [32m'@/features/ui/components/textarea'[0m;
[31m[1m>[0m [90m 9 |[0m [36mimport[0m {
  [90m   |[0m [31m[1m^^^^^^^[0m
[31m[1m>[0m [90m10 |[0m   [33mDialog[0m,
  [90m   |[0m [31m[1m^^^^^^^^^[0m
[31m[1m>[0m [90m11 |[0m   [33mDialogContent[0m,
  [90m   |[0m [31m[1m^^^^^^^^^^^^^^^^[0m
[31m[1m>[0m [90m12 |[0m   [33mDialogDescription[0m,
  [90m   |[0m [31m[1m^^^^^^^^^^^^^^^^^^^^[0m
[31m[1m>[0m [90m13 |[0m   [33mDialogFooter[0m,
  [90m   |[0m [31m[1m^^^^^^^^^^^^^^^[0m
[31m[1m>[0m [90m14 |[0m   [33mDialogHeader[0m,
  [90m   |[0m [31m[1m^^^^^^^^^^^^^^^[0m
[31m[1m>[0m [90m15 |[0m   [33mDialogTitle[0m
  [90m   |[0m [31m[1m^^^^^^^^^^^^^[0m
[31m[1m>[0m [90m16 |[0m } [36mfrom[0m [32m'@/features/ui/components/dialog'[0m;
  [90m   |[0m [31m[1m^^^^^^^^^^^^^^^^^^^^^^^^^^^^^^^^^^^^^^^^^[0m
  [90m17 |[0m [36mimport[0m { useCreateOffice } [36mfrom[0m [32m'@/lib/offices/queries'[0m;
  [90m18 |[0m [36mimport[0m { slugifyOfficeName } [36mfrom[0m [32m'@/lib/offices/services'[0m;
  [90m19 |[0m

Import map: aliased to relative './src/features/ui/components/dialog' inside of [project]/frontend


Import traces:
  Client Component Browser:
    ./frontend/src/components/offices/admin/create-office-dialog.tsx [Client Component Browser]
    ./frontend/src/components/offices/admin/offices-admin-page.tsx [Client Component Browser]
    ./frontend/src/components/offices/admin/offices-admin-page.tsx [Server Component]
    ./frontend/src/app/dashboard/admin/offices/page.tsx [Server Component]

  Client Component SSR:
    ./frontend/src/components/offices/admin/create-office-dialog.tsx [Client Component SSR]
    ./frontend/src/components/offices/admin/offices-admin-page.tsx [Client Component SSR]
    ./frontend/src/components/offices/admin/offices-admin-page.tsx [Server Component]
    ./frontend/src/app/dashboard/admin/offices/page.tsx [Server Component]

https://nextjs.org/docs/messages/module-not-found


./frontend/src/components/offices/admin/edit-office-dialog.tsx:9:1
Module not found: Can't resolve '@/features/ui/components/dialog'
  [90m 7 |[0m [36mimport[0m { [33mLabel[0m } [36mfrom[0m [32m'@/features/ui/components/label'[0m;
  [90m 8 |[0m [36mimport[0m { [33mTextarea[0m } [36mfrom[0m [32m'@/features/ui/components/textarea'[0m;
[31m[1m>[0m [90m 9 |[0m [36mimport[0m {
  [90m   |[0m [31m[1m^^^^^^^[0m
[31m[1m>[0m [90m10 |[0m   [33mDialog[0m,
  [90m   |[0m [31m[1m^^^^^^^^^[0m
[31m[1m>[0m [90m11 |[0m   [33mDialogContent[0m,
  [90m   |[0m [31m[1m^^^^^^^^^^^^^^^^[0m
[31m[1m>[0m [90m12 |[0m   [33mDialogDescription[0m,
  [90m   |[0m [31m[1m^^^^^^^^^^^^^^^^^^^^[0m
[31m[1m>[0m [90m13 |[0m   [33mDialogFooter[0m,
  [90m   |[0m [31m[1m^^^^^^^^^^^^^^^[0m
[31m[1m>[0m [90m14 |[0m   [33mDialogHeader[0m,
  [90m   |[0m [31m[1m^^^^^^^^^^^^^^^[0m
[31m[1m>[0m [90m15 |[0m   [33mDialogTitle[0m
  [90m   |[0m [31m[1m^^^^^^^^^^^^^[0m
[31m[1m>[0m [90m16 |[0m } [36mfrom[0m [32m'@/features/ui/components/dialog'[0m;
  [90m   |[0m [31m[1m^^^^^^^^^^^^^^^^^^^^^^^^^^^^^^^^^^^^^^^^^[0m
  [90m17 |[0m [36mimport[0m { useUpdateOffice } [36mfrom[0m [32m'@/lib/offices/queries'[0m;
  [90m18 |[0m [36mimport[0m [36mtype[0m { [33mSupportOffice[0m } [36mfrom[0m [32m'@/lib/offices/types'[0m;
  [90m19 |[0m

Import map: aliased to relative './src/features/ui/components/dialog' inside of [project]/frontend


Import traces:
  Client Component Browser:
    ./frontend/src/components/offices/admin/edit-office-dialog.tsx [Client Component Browser]
    ./frontend/src/components/offices/admin/offices-admin-page.tsx [Client Component Browser]
    ./frontend/src/components/offices/admin/offices-admin-page.tsx [Server Component]
    ./frontend/src/app/dashboard/admin/offices/page.tsx [Server Component]

  Client Component SSR:
    ./frontend/src/components/offices/admin/edit-office-dialog.tsx [Client Component SSR]
    ./frontend/src/components/offices/admin/offices-admin-page.tsx [Client Component SSR]
    ./frontend/src/components/offices/admin/offices-admin-page.tsx [Server Component]
    ./frontend/src/app/dashboard/admin/offices/page.tsx [Server Component]

https://nextjs.org/docs/messages/module-not-found


./frontend/src/components/offices/office-directory/start-office-dialog.tsx:8:1
Module not found: Can't resolve '@/features/ui/components/dialog'
  [90m 6 |[0m [36mimport[0m { [33mTextarea[0m } [36mfrom[0m [32m'@/features/ui/components/textarea'[0m;
  [90m 7 |[0m [36mimport[0m { [33mLabel[0m } [36mfrom[0m [32m'@/features/ui/components/label'[0m;
[31m[1m>[0m [90m 8 |[0m [36mimport[0m {
  [90m   |[0m [31m[1m^^^^^^^[0m
[31m[1m>[0m [90m 9 |[0m   [33mDialog[0m,
  [90m   |[0m [31m[1m^^^^^^^^^[0m
[31m[1m>[0m [90m10 |[0m   [33mDialogContent[0m,
  [90m   |[0m [31m[1m^^^^^^^^^^^^^^^^[0m
[31m[1m>[0m [90m11 |[0m   [33mDialogDescription[0m,
  [90m   |[0m [31m[1m^^^^^^^^^^^^^^^^^^^^[0m
[31m[1m>[0m [90m12 |[0m   [33mDialogFooter[0m,
  [90m   |[0m [31m[1m^^^^^^^^^^^^^^^[0m
[31m[1m>[0m [90m13 |[0m   [33mDialogHeader[0m,
  [90m   |[0m [31m[1m^^^^^^^^^^^^^^^[0m
[31m[1m>[0m [90m14 |[0m   [33mDialogTitle[0m,
  [90m   |[0m [31m[1m^^^^^^^^^^^^^^[0m
[31m[1m>[0m [90m15 |[0m } [36mfrom[0m [32m'@/features/ui/components/dialog'[0m;
  [90m   |[0m [31m[1m^^^^^^^^^^^^^^^^^^^^^^^^^^^^^^^^^^^^^^^^^[0m
  [90m16 |[0m [36mimport[0m [36mtype[0m { [33mSupportOffice[0m } [36mfrom[0m [32m'@/lib/offices/types'[0m;
  [90m17 |[0m
  [90m18 |[0m [36mconst[0m [33mSUGGESTED_TOPICS[0m = [

Import map: aliased to relative './src/features/ui/components/dialog' inside of [project]/frontend


Import traces:
  Client Component Browser:
    ./frontend/src/components/offices/office-directory/start-office-dialog.tsx [Client Component Browser]
    ./frontend/src/components/offices/office-directory/office-directory.tsx [Client Component Browser]
    ./frontend/src/app/dashboard/offices/page.tsx [Client Component Browser]
    ./frontend/src/app/dashboard/offices/page.tsx [Server Component]

  Client Component SSR:
    ./frontend/src/components/offices/office-directory/start-office-dialog.tsx [Client Component SSR]
    ./frontend/src/components/offices/office-directory/office-directory.tsx [Client Component SSR]
    ./frontend/src/app/dashboard/offices/page.tsx [Client Component SSR]
    ./frontend/src/app/dashboard/offices/page.tsx [Server Component]

https://nextjs.org/docs/messages/module-not-found


./frontend/src/components/roles/create-role-dialog.tsx:8:1
Module not found: Can't resolve '@/features/ui/components/dialog'
  [90m 6 |[0m [36mimport[0m { [33mInput[0m } [36mfrom[0m [32m'@/features/ui/components/input'[0m;
  [90m 7 |[0m [36mimport[0m { [33mLabel[0m } [36mfrom[0m [32m'@/features/ui/components/label'[0m;
[31m[1m>[0m [90m 8 |[0m [36mimport[0m {
  [90m   |[0m [31m[1m^^^^^^^[0m
[31m[1m>[0m [90m 9 |[0m   [33mDialog[0m,
  [90m   |[0m [31m[1m^^^^^^^^^[0m
[31m[1m>[0m [90m10 |[0m   [33mDialogContent[0m,
  [90m   |[0m [31m[1m^^^^^^^^^^^^^^^^[0m
[31m[1m>[0m [90m11 |[0m   [33mDialogDescription[0m,
  [90m   |[0m [31m[1m^^^^^^^^^^^^^^^^^^^^[0m
[31m[1m>[0m [90m12 |[0m   [33mDialogFooter[0m,
  [90m   |[0m [31m[1m^^^^^^^^^^^^^^^[0m
[31m[1m>[0m [90m13 |[0m   [33mDialogHeader[0m,
  [90m   |[0m [31m[1m^^^^^^^^^^^^^^^[0m
[31m[1m>[0m [90m14 |[0m   [33mDialogTitle[0m
  [90m   |[0m [31m[1m^^^^^^^^^^^^^[0m
[31m[1m>[0m [90m15 |[0m } [36mfrom[0m [32m'@/features/ui/components/dialog'[0m;
  [90m   |[0m [31m[1m^^^^^^^^^^^^^^^^^^^^^^^^^^^^^^^^^^^^^^^^^[0m
  [90m16 |[0m [36mimport[0m { normalizeRoleName } [36mfrom[0m [32m'@/types/auth'[0m;
  [90m17 |[0m [36mimport[0m { useCreateRole } [36mfrom[0m [32m'@/lib/roles/queries'[0m;
  [90m18 |[0m

Import map: aliased to relative './src/features/ui/components/dialog' inside of [project]/frontend


Import traces:
  Client Component Browser:
    ./frontend/src/components/roles/create-role-dialog.tsx [Client Component Browser]
    ./frontend/src/components/roles/roles-admin-page.tsx [Client Component Browser]
    ./frontend/src/components/roles/roles-admin-page.tsx [Server Component]
    ./frontend/src/app/dashboard/admin/roles/page.tsx [Server Component]

  Client Component SSR:
    ./frontend/src/components/roles/create-role-dialog.tsx [Client Component SSR]
    ./frontend/src/components/roles/roles-admin-page.tsx [Client Component SSR]
    ./frontend/src/components/roles/roles-admin-page.tsx [Server Component]
    ./frontend/src/app/dashboard/admin/roles/page.tsx [Server Component]

https://nextjs.org/docs/messages/module-not-found


./frontend/src/components/teacher-courses/course-cover-dialog.tsx:5:1
Module not found: Can't resolve '@/features/ui/components/dialog'
  [90m 3 |[0m [36mimport[0m { useRef, useState } [36mfrom[0m [32m'react'[0m;
  [90m 4 |[0m [36mimport[0m { [33mImagePlus[0m, [33mLoader2[0m, [33mUpload[0m } [36mfrom[0m 
[32m'lucide-react'[0m;
[31m[1m>[0m [90m 5 |[0m [36mimport[0m {
  [90m   |[0m [31m[1m^^^^^^^[0m
[31m[1m>[0m [90m 6 |[0m   [33mDialog[0m,
  [90m   |[0m [31m[1m^^^^^^^^^[0m
[31m[1m>[0m [90m 7 |[0m   [33mDialogContent[0m,
  [90m   |[0m [31m[1m^^^^^^^^^^^^^^^^[0m
[31m[1m>[0m [90m 8 |[0m   [33mDialogDescription[0m,
  [90m   |[0m [31m[1m^^^^^^^^^^^^^^^^^^^^[0m
[31m[1m>[0m [90m 9 |[0m   [33mDialogFooter[0m,
  [90m   |[0m [31m[1m^^^^^^^^^^^^^^^[0m
[31m[1m>[0m [90m10 |[0m   [33mDialogHeader[0m,
  [90m   |[0m [31m[1m^^^^^^^^^^^^^^^[0m
[31m[1m>[0m [90m11 |[0m   [33mDialogTitle[0m
  [90m   |[0m [31m[1m^^^^^^^^^^^^^[0m
[31m[1m>[0m [90m12 |[0m } [36mfrom[0m [32m'@/features/ui/components/dialog'[0m;
  [90m   |[0m [31m[1m^^^^^^^^^^^^^^^^^^^^^^^^^^^^^^^^^^^^^^^^^[0m
  [90m13 |[0m [36mimport[0m { [33mButton[0m } [36mfrom[0m [32m'@/features/ui/components/button'[0m;
  [90m14 |[0m [36mimport[0m { useQueryClient } [36mfrom[0m [32m'@/lib/async-query'[0m;
  [90m15 |[0m [36mimport[0m { uploadCourseCover } [36mfrom[0m [32m'@/lib/teacher-courses/services'[0m;

Import map: aliased to relative './src/features/ui/components/dialog' inside of [project]/frontend


Import traces:
  Client Component Browser:
    ./frontend/src/components/teacher-courses/course-cover-dialog.tsx [Client Component Browser]
    ./frontend/src/components/teacher-courses/course-detail-header.tsx [Client Component Browser]
    ./frontend/src/app/dashboard/courses/[id]/page.tsx [Client Component Browser]
    ./frontend/src/app/dashboard/courses/[id]/page.tsx [Server Component]

  Client Component SSR:
    ./frontend/src/components/teacher-courses/course-cover-dialog.tsx [Client Component SSR]
    ./frontend/src/components/teacher-courses/course-detail-header.tsx [Client Component SSR]
    ./frontend/src/app/dashboard/courses/[id]/page.tsx [Client Component SSR]
    ./frontend/src/app/dashboard/courses/[id]/page.tsx [Server Component]

https://nextjs.org/docs/messages/module-not-found


./frontend/src/components/announcements/acknowledgement-drawer.tsx:4:1
Module not found: Can't resolve '@/features/ui/components/drawer'
  [90m 2 |[0m
  [90m 3 |[0m [36mimport[0m { useState } [36mfrom[0m [32m'react'[0m;
[31m[1m>[0m [90m 4 |[0m [36mimport[0m {
  [90m   |[0m [31m[1m^^^^^^^[0m
[31m[1m>[0m [90m 5 |[0m   [33mDrawer[0m,
  [90m   |[0m [31m[1m^^^^^^^^^[0m
[31m[1m>[0m [90m 6 |[0m   [33mDrawerContent[0m,
  [90m   |[0m [31m[1m^^^^^^^^^^^^^^^^[0m
[31m[1m>[0m [90m 7 |[0m   [33mDrawerDescription[0m,
  [90m   |[0m [31m[1m^^^^^^^^^^^^^^^^^^^^[0m
[31m[1m>[0m [90m 8 |[0m   [33mDrawerHeader[0m,
  [90m   |[0m [31m[1m^^^^^^^^^^^^^^^[0m
[31m[1m>[0m [90m 9 |[0m   [33mDrawerTitle[0m,
  [90m   |[0m [31m[1m^^^^^^^^^^^^^^[0m
[31m[1m>[0m [90m10 |[0m   [33mDrawerClose[0m
  [90m   |[0m [31m[1m^^^^^^^^^^^^^[0m
[31m[1m>[0m [90m11 |[0m } [36mfrom[0m [32m'@/features/ui/components/drawer'[0m;
  [90m   |[0m [31m[1m^^^^^^^^^^^^^^^^^^^^^^^^^^^^^^^^^^^^^^^^^[0m
  [90m12 |[0m [36mimport[0m { [33mButton[0m } [36mfrom[0m [32m'@/features/ui/components/button'[0m;
  [90m13 |[0m [36mimport[0m { [33mBadge[0m } [36mfrom[0m [32m'@/features/ui/components/badge'[0m;
  [90m14 |[0m [36mimport[0m { [33mScrollArea[0m } [36mfrom[0m [32m'@/features/ui/components/scroll-area'[0m;

Import map: aliased to relative './src/features/ui/components/drawer' inside of [project]/frontend


Import traces:
  Client Component Browser:
    ./frontend/src/components/announcements/acknowledgement-drawer.tsx [Client Component Browser]
    ./frontend/src/components/announcements/announcement-analytics-sheet.tsx [Client Component Browser]
    ./frontend/src/components/announcements/announcements-view.tsx [Client Component Browser]
    ./frontend/src/components/announcements/announcements-view.tsx [Server Component]
    ./frontend/src/app/dashboard/announcements/page.tsx [Server Component]

  Client Component SSR:
    ./frontend/src/components/announcements/acknowledgement-drawer.tsx [Client Component SSR]
    ./frontend/src/components/announcements/announcement-analytics-sheet.tsx [Client Component SSR]
    ./frontend/src/components/announcements/announcements-view.tsx [Client Component SSR]
    ./frontend/src/components/announcements/announcements-view.tsx [Server Component]
    ./frontend/src/app/dashboard/announcements/page.tsx [Server Component]

https://nextjs.org/docs/messages/module-not-found


./frontend/src/components/academic-years-admin/academic-year-row-actions.tsx:7:1
Module not found: Can't resolve '@/features/ui/components/dropdown-menu'
  [90m 5 |[0m [36mimport[0m { [33mAlertModal[0m } [36mfrom[0m 
[32m'@/features/modal/components/alert-modal'[0m;
  [90m 6 |[0m [36mimport[0m { [33mButton[0m } [36mfrom[0m [32m'@/features/ui/components/button'[0m;
[31m[1m>[0m [90m 7 |[0m [36mimport[0m {
  [90m   |[0m [31m[1m^^^^^^^[0m
[31m[1m>[0m [90m 8 |[0m   [33mDropdownMenu[0m,
  [90m   |[0m [31m[1m^^^^^^^^^^^^^^^[0m
[31m[1m>[0m [90m 9 |[0m   [33mDropdownMenuContent[0m,
  [90m   |[0m [31m[1m^^^^^^^^^^^^^^^^^^^^^^[0m
[31m[1m>[0m [90m10 |[0m   [33mDropdownMenuItem[0m,
  [90m   |[0m [31m[1m^^^^^^^^^^^^^^^^^^^[0m
[31m[1m>[0m [90m11 |[0m   [33mDropdownMenuTrigger[0m
  [90m   |[0m [31m[1m^^^^^^^^^^^^^^^^^^^^^[0m
[31m[1m>[0m [90m12 |[0m } [36mfrom[0m [32m'@/features/ui/components/dropdown-menu'[0m;
  [90m   |[0m [31m[1m^^^^^^^^^^^^^^^^^^^^^^^^^^^^^^^^^^^^^^^^^^^^^^^^[0m
  [90m13 |[0m [36mimport[0m { useMutation, useQueryClient } [36mfrom[0m [32m'@/lib/async-query'[0m;
  [90m14 |[0m [36mimport[0m { handleApiError, showToast } [36mfrom[0m [32m'@/lib/notifications'[0m;
  [90m15 |[0m [36mimport[0m { adminAcademicYearsQueryKey } [36mfrom[0m 
[32m'@/lib/academic-years-admin/queries'[0m;

Import map: aliased to relative './src/features/ui/components/dropdown-menu' inside of [project]/frontend


Import traces:
  Client Component Browser:
    ./frontend/src/components/academic-years-admin/academic-year-row-actions.tsx [Client Component Browser]
    ./frontend/src/components/academic-years-admin/academic-year-table-row.tsx [Client Component Browser]
    ./frontend/src/components/academic-years-admin/academic-years-table.tsx [Client Component Browser]
    ./frontend/src/components/academic-years-admin/admin-academic-years-page.tsx [Client Component Browser]
    ./frontend/src/app/dashboard/academic-years/page.tsx [Client Component Browser]
    ./frontend/src/app/dashboard/academic-years/page.tsx [Server Component]

  Client Component SSR:
    ./frontend/src/components/academic-years-admin/academic-year-row-actions.tsx [Client Component SSR]
    ./frontend/src/components/academic-years-admin/academic-year-table-row.tsx [Client Component SSR]
    ./frontend/src/components/academic-years-admin/academic-years-table.tsx [Client Component SSR]
    ./frontend/src/components/academic-years-admin/admin-academic-years-page.tsx [Client Component SSR]
    ./frontend/src/app/dashboard/academic-years/page.tsx [Client Component SSR]
    ./frontend/src/app/dashboard/academic-years/page.tsx [Server Component]

https://nextjs.org/docs/messages/module-not-found


./frontend/src/components/academic-years-admin/academic-year-tools-menu.tsx:7:1
Module not found: Can't resolve '@/features/ui/components/dropdown-menu'
  [90m 5 |[0m [36mimport[0m { [33mAlertModal[0m } [36mfrom[0m 
[32m'@/features/modal/components/alert-modal'[0m;
  [90m 6 |[0m [36mimport[0m { [33mButton[0m } [36mfrom[0m [32m'@/features/ui/components/button'[0m;
[31m[1m>[0m [90m 7 |[0m [36mimport[0m {
  [90m   |[0m [31m[1m^^^^^^^[0m
[31m[1m>[0m [90m 8 |[0m   [33mDropdownMenu[0m,
  [90m   |[0m [31m[1m^^^^^^^^^^^^^^^[0m
[31m[1m>[0m [90m 9 |[0m   [33mDropdownMenuContent[0m,
  [90m   |[0m [31m[1m^^^^^^^^^^^^^^^^^^^^^^[0m
[31m[1m>[0m [90m10 |[0m   [33mDropdownMenuItem[0m,
  [90m   |[0m [31m[1m^^^^^^^^^^^^^^^^^^^[0m
[31m[1m>[0m [90m11 |[0m   [33mDropdownMenuTrigger[0m
  [90m   |[0m [31m[1m^^^^^^^^^^^^^^^^^^^^^[0m
[31m[1m>[0m [90m12 |[0m } [36mfrom[0m [32m'@/features/ui/components/dropdown-menu'[0m;
  [90m   |[0m [31m[1m^^^^^^^^^^^^^^^^^^^^^^^^^^^^^^^^^^^^^^^^^^^^^^^^[0m
  [90m13 |[0m [36mimport[0m { useMutation, useQueryClient } [36mfrom[0m [32m'@/lib/async-query'[0m;
  [90m14 |[0m [36mimport[0m { handleApiError, showToast } [36mfrom[0m [32m'@/lib/notifications'[0m;
  [90m15 |[0m [36mimport[0m { adminBatchesQueryKey } [36mfrom[0m [32m'@/lib/batches-admin/queries'[0m;

Import map: aliased to relative './src/features/ui/components/dropdown-menu' inside of [project]/frontend


Import traces:
  Client Component Browser:
    ./frontend/src/components/academic-years-admin/academic-year-tools-menu.tsx [Client Component Browser]
    ./frontend/src/components/academic-years-admin/admin-academic-years-page.tsx [Client Component Browser]
    ./frontend/src/app/dashboard/academic-years/page.tsx [Client Component Browser]
    ./frontend/src/app/dashboard/academic-years/page.tsx [Server Component]

  Client Component SSR:
    ./frontend/src/components/academic-years-admin/academic-year-tools-menu.tsx [Client Component SSR]
    ./frontend/src/components/academic-years-admin/admin-academic-years-page.tsx [Client Component SSR]
    ./frontend/src/app/dashboard/academic-years/page.tsx [Client Component SSR]
    ./frontend/src/app/dashboard/academic-years/page.tsx [Server Component]

https://nextjs.org/docs/messages/module-not-found


./frontend/src/components/admin/admin-reports/reports-header.tsx:12:1
Module not found: Can't resolve '@/features/ui/components/dropdown-menu'
  [90m10 |[0m } [36mfrom[0m [32m'@/components/admin/admin-reports/export-reports'[0m
  [90m11 |[0m [36mimport[0m { [33mButton[0m } [36mfrom[0m [32m'@/features/ui/components/button'[0m
[31m[1m>[0m [90m12 |[0m [36mimport[0m {
  [90m   |[0m [31m[1m^^^^^^^[0m
[31m[1m>[0m [90m13 |[0m   [33mDropdownMenu[0m,
  [90m   |[0m [31m[1m^^^^^^^^^^^^^^^[0m
[31m[1m>[0m [90m14 |[0m   [33mDropdownMenuContent[0m,
  [90m   |[0m [31m[1m^^^^^^^^^^^^^^^^^^^^^^[0m
[31m[1m>[0m [90m15 |[0m   [33mDropdownMenuItem[0m,
  [90m   |[0m [31m[1m^^^^^^^^^^^^^^^^^^^[0m
[31m[1m>[0m [90m16 |[0m   [33mDropdownMenuLabel[0m,
  [90m   |[0m [31m[1m^^^^^^^^^^^^^^^^^^^^[0m
[31m[1m>[0m [90m17 |[0m   [33mDropdownMenuSeparator[0m,
  [90m   |[0m [31m[1m^^^^^^^^^^^^^^^^^^^^^^^^[0m
[31m[1m>[0m [90m18 |[0m   [33mDropdownMenuTrigger[0m,
  [90m   |[0m [31m[1m^^^^^^^^^^^^^^^^^^^^^^[0m
[31m[1m>[0m [90m19 |[0m } [36mfrom[0m [32m'@/features/ui/components/dropdown-menu'[0m
  [90m   |[0m [31m[1m^^^^^^^^^^^^^^^^^^^^^^^^^^^^^^^^^^^^^^^^^^^^^^^[0m
  [90m20 |[0m [36mimport[0m { cn } [36mfrom[0m [32m'@/lib/utils'[0m
  [90m21 |[0m
  [90m22 |[0m [36mtype[0m [33mProps[0m = {

Import map: aliased to relative './src/features/ui/components/dropdown-menu' inside of [project]/frontend


Import traces:
  Client Component Browser:
    ./frontend/src/components/admin/admin-reports/reports-header.tsx [Client Component Browser]
    ./frontend/src/components/admin/admin-reports/admin-reports-dashboard.tsx [Client Component Browser]
    ./frontend/src/app/dashboard/admin/report/page.tsx [Client Component Browser]
    ./frontend/src/app/dashboard/admin/report/page.tsx [Server Component]

  Client Component SSR:
    ./frontend/src/components/admin/admin-reports/reports-header.tsx [Client Component SSR]
    ./frontend/src/components/admin/admin-reports/admin-reports-dashboard.tsx [Client Component SSR]
    ./frontend/src/app/dashboard/admin/report/page.tsx [Client Component SSR]
    ./frontend/src/app/dashboard/admin/report/page.tsx [Server Component]

https://nextjs.org/docs/messages/module-not-found


./frontend/src/components/admin/audit-logs/audit-log-row.tsx:10:1
Module not found: Can't resolve '@/features/ui/components/dropdown-menu'
  [90m 8 |[0m [36mimport[0m { [33mButton[0m } [36mfrom[0m [32m'@/features/ui/components/button'[0m;
  [90m 9 |[0m [36mimport[0m { [33mCheckbox[0m } [36mfrom[0m [32m'@/features/ui/components/checkbox'[0m;
[31m[1m>[0m [90m10 |[0m [36mimport[0m {
  [90m   |[0m [31m[1m^^^^^^^[0m
[31m[1m>[0m [90m11 |[0m   [33mDropdownMenu[0m,
  [90m   |[0m [31m[1m^^^^^^^^^^^^^^^[0m
[31m[1m>[0m [90m12 |[0m   [33mDropdownMenuContent[0m,
  [90m   |[0m [31m[1m^^^^^^^^^^^^^^^^^^^^^^[0m
[31m[1m>[0m [90m13 |[0m   [33mDropdownMenuItem[0m,
  [90m   |[0m [31m[1m^^^^^^^^^^^^^^^^^^^[0m
[31m[1m>[0m [90m14 |[0m   [33mDropdownMenuTrigger[0m,
  [90m   |[0m [31m[1m^^^^^^^^^^^^^^^^^^^^^^[0m
[31m[1m>[0m [90m15 |[0m } [36mfrom[0m [32m'@/features/ui/components/dropdown-menu'[0m;
  [90m   |[0m [31m[1m^^^^^^^^^^^^^^^^^^^^^^^^^^^^^^^^^^^^^^^^^^^^^^^^[0m
  [90m16 |[0m [36mimport[0m { [33mTableCell[0m, [33mTableRow[0m } [36mfrom[0m 
[32m'@/features/ui/components/table'[0m;
  [90m17 |[0m [36mimport[0m { cn } [36mfrom[0m [32m'@/lib/utils'[0m;
  [90m18 |[0m [36mimport[0m {

Import map: aliased to relative './src/features/ui/components/dropdown-menu' inside of [project]/frontend


Import traces:
  Client Component Browser:
    ./frontend/src/components/admin/audit-logs/audit-log-row.tsx [Client Component Browser]
    ./frontend/src/components/admin/audit-logs/audit-logs-table.tsx [Client Component Browser]
    ./frontend/src/components/admin/audit-logs/audit-logs-view.tsx [Client Component Browser]
    ./frontend/src/app/dashboard/audit-logs/page.tsx [Client Component Browser]
    ./frontend/src/app/dashboard/audit-logs/page.tsx [Server Component]

  Client Component SSR:
    ./frontend/src/components/admin/audit-logs/audit-log-row.tsx [Client Component SSR]
    ./frontend/src/components/admin/audit-logs/audit-logs-table.tsx [Client Component SSR]
    ./frontend/src/components/admin/audit-logs/audit-logs-view.tsx [Client Component SSR]
    ./frontend/src/app/dashboard/audit-logs/page.tsx [Client Component SSR]
    ./frontend/src/app/dashboard/audit-logs/page.tsx [Server Component]

https://nextjs.org/docs/messages/module-not-found


./frontend/src/components/admin/audit-logs/audit-logs-toolbar.tsx:17:1
Module not found: Can't resolve '@/features/ui/components/dropdown-menu'
  [90m15 |[0m [36mimport[0m [36mtype[0m { [33mPlatformAuditLogEntry[0m } [36mfrom[0m 
[32m'@/lib/admin/services'[0m;
  [90m16 |[0m [36mimport[0m { [33mButton[0m } [36mfrom[0m [32m'@/features/ui/components/button'[0m;
[31m[1m>[0m [90m17 |[0m [36mimport[0m {
  [90m   |[0m [31m[1m^^^^^^^[0m
[31m[1m>[0m [90m18 |[0m   [33mDropdownMenu[0m,
  [90m   |[0m [31m[1m^^^^^^^^^^^^^^^[0m
[31m[1m>[0m [90m19 |[0m   [33mDropdownMenuContent[0m,
  [90m   |[0m [31m[1m^^^^^^^^^^^^^^^^^^^^^^[0m
[31m[1m>[0m [90m20 |[0m   [33mDropdownMenuItem[0m,
  [90m   |[0m [31m[1m^^^^^^^^^^^^^^^^^^^[0m
[31m[1m>[0m [90m21 |[0m   [33mDropdownMenuLabel[0m,
  [90m   |[0m [31m[1m^^^^^^^^^^^^^^^^^^^^[0m
[31m[1m>[0m [90m22 |[0m   [33mDropdownMenuSeparator[0m,
  [90m   |[0m [31m[1m^^^^^^^^^^^^^^^^^^^^^^^^[0m
[31m[1m>[0m [90m23 |[0m   [33mDropdownMenuTrigger[0m,
  [90m   |[0m [31m[1m^^^^^^^^^^^^^^^^^^^^^^[0m
[31m[1m>[0m [90m24 |[0m } [36mfrom[0m [32m'@/features/ui/components/dropdown-menu'[0m;
  [90m   |[0m [31m[1m^^^^^^^^^^^^^^^^^^^^^^^^^^^^^^^^^^^^^^^^^^^^^^^^[0m
  [90m25 |[0m [36mimport[0m { cn } [36mfrom[0m [32m'@/lib/utils'[0m;
  [90m26 |[0m [36mimport[0m { [33mStatChip[0m } [36mfrom[0m [32m'./audit-stat-chip'[0m;
  [90m27 |[0m

Import map: aliased to relative './src/features/ui/components/dropdown-menu' inside of [project]/frontend


Import traces:
  Client Component Browser:
    ./frontend/src/components/admin/audit-logs/audit-logs-toolbar.tsx [Client Component Browser]
    ./frontend/src/components/admin/audit-logs/audit-logs-view.tsx [Client Component Browser]
    ./frontend/src/app/dashboard/audit-logs/page.tsx [Client Component Browser]
    ./frontend/src/app/dashboard/audit-logs/page.tsx [Server Component]

  Client Component SSR:
    ./frontend/src/components/admin/audit-logs/audit-logs-toolbar.tsx [Client Component SSR]
    ./frontend/src/components/admin/audit-logs/audit-logs-view.tsx [Client Component SSR]
    ./frontend/src/app/dashboard/audit-logs/page.tsx [Client Component SSR]
    ./frontend/src/app/dashboard/audit-logs/page.tsx [Server Component]

https://nextjs.org/docs/messages/module-not-found


./frontend/src/components/announcements/announcement-card-base.tsx:6:1
Module not found: Can't resolve '@/features/ui/components/dropdown-menu'
  [90m 4 |[0m [36mimport[0m { [33mButton[0m } [36mfrom[0m [32m'@/features/ui/components/button'[0m;
  [90m 5 |[0m [36mimport[0m { [33mCard[0m, [33mCardContent[0m } [36mfrom[0m 
[32m'@/features/ui/components/card'[0m;
[31m[1m>[0m [90m 6 |[0m [36mimport[0m {
  [90m   |[0m [31m[1m^^^^^^^[0m
[31m[1m>[0m [90m 7 |[0m   [33mDropdownMenu[0m,
  [90m   |[0m [31m[1m^^^^^^^^^^^^^^^[0m
[31m[1m>[0m [90m 8 |[0m   [33mDropdownMenuContent[0m,
  [90m   |[0m [31m[1m^^^^^^^^^^^^^^^^^^^^^^[0m
[31m[1m>[0m [90m 9 |[0m   [33mDropdownMenuItem[0m,
  [90m   |[0m [31m[1m^^^^^^^^^^^^^^^^^^^[0m
[31m[1m>[0m [90m10 |[0m   [33mDropdownMenuTrigger[0m
  [90m   |[0m [31m[1m^^^^^^^^^^^^^^^^^^^^^[0m
[31m[1m>[0m [90m11 |[0m } [36mfrom[0m [32m'@/features/ui/components/dropdown-menu'[0m;
  [90m   |[0m [31m[1m^^^^^^^^^^^^^^^^^^^^^^^^^^^^^^^^^^^^^^^^^^^^^^^^[0m
  [90m12 |[0m [36mimport[0m { [33mIcons[0m } [36mfrom[0m [32m'@/components/icons'[0m;
  [90m13 |[0m [36mimport[0m { cn } [36mfrom[0m [32m'@/lib/utils'[0m;
  [90m14 |[0m [36mimport[0m { [33mAnnouncementHeader[0m } [36mfrom[0m [32m'./announcement-header'[0m;

Import map: aliased to relative './src/features/ui/components/dropdown-menu' inside of [project]/frontend


Import traces:
  Client Component Browser:
    ./frontend/src/components/announcements/announcement-card-base.tsx [Client Component Browser]
    ./frontend/src/components/announcements/announcement-card.tsx [Client Component Browser]
    ./frontend/src/components/announcements/announcement-feed/feed-card-list.tsx [Client Component Browser]
    ./frontend/src/components/announcements/announcement-feed/feed-body.tsx [Client Component Browser]
    ./frontend/src/components/announcements/announcement-feed/announcement-feed.tsx [Client Component Browser]
    ./frontend/src/components/announcements/announcements-view.tsx [Client Component Browser]
    ./frontend/src/components/announcements/announcements-view.tsx [Server Component]
    ./frontend/src/app/dashboard/announcements/page.tsx [Server Component]

  Client Component SSR:
    ./frontend/src/components/announcements/announcement-card-base.tsx [Client Component SSR]
    ./frontend/src/components/announcements/announcement-card.tsx [Client Component SSR]
    ./frontend/src/components/announcements/announcement-feed/feed-card-list.tsx [Client Component SSR]
    ./frontend/src/components/announcements/announcement-feed/feed-body.tsx [Client Component SSR]
    ./frontend/src/components/announcements/announcement-feed/announcement-feed.tsx [Client Component SSR]
    ./frontend/src/components/announcements/announcements-view.tsx [Client Component SSR]
    ./frontend/src/components/announcements/announcements-view.tsx [Server Component]
    ./frontend/src/app/dashboard/announcements/page.tsx [Server Component]

https://nextjs.org/docs/messages/module-not-found


./frontend/src/components/batches-admin/batch-row-actions.tsx:7:1
Module not found: Can't resolve '@/features/ui/components/dropdown-menu'
  [90m 5 |[0m [36mimport[0m { [33mAlertModal[0m } [36mfrom[0m 
[32m'@/features/modal/components/alert-modal'[0m;
  [90m 6 |[0m [36mimport[0m { [33mButton[0m } [36mfrom[0m [32m'@/features/ui/components/button'[0m;
[31m[1m>[0m [90m 7 |[0m [36mimport[0m {
  [90m   |[0m [31m[1m^^^^^^^[0m
[31m[1m>[0m [90m 8 |[0m   [33mDropdownMenu[0m,
  [90m   |[0m [31m[1m^^^^^^^^^^^^^^^[0m
[31m[1m>[0m [90m 9 |[0m   [33mDropdownMenuContent[0m,
  [90m   |[0m [31m[1m^^^^^^^^^^^^^^^^^^^^^^[0m
[31m[1m>[0m [90m10 |[0m   [33mDropdownMenuItem[0m,
  [90m   |[0m [31m[1m^^^^^^^^^^^^^^^^^^^[0m
[31m[1m>[0m [90m11 |[0m   [33mDropdownMenuTrigger[0m
  [90m   |[0m [31m[1m^^^^^^^^^^^^^^^^^^^^^[0m
[31m[1m>[0m [90m12 |[0m } [36mfrom[0m [32m'@/features/ui/components/dropdown-menu'[0m;
  [90m   |[0m [31m[1m^^^^^^^^^^^^^^^^^^^^^^^^^^^^^^^^^^^^^^^^^^^^^^^^[0m
  [90m13 |[0m [36mimport[0m { useMutation, useQueryClient } [36mfrom[0m [32m'@/lib/async-query'[0m;
  [90m14 |[0m [36mimport[0m { handleApiError, showToast } [36mfrom[0m [32m'@/lib/notifications'[0m;
  [90m15 |[0m [36mimport[0m { adminBatchSectionsQueryKey, adminBatchesQueryKey } [36mfrom[0m 
[32m'@/lib/batches-admin/quer...[0m

Import map: aliased to relative './src/features/ui/components/dropdown-menu' inside of [project]/frontend


Import traces:
  Client Component Browser:
    ./frontend/src/components/batches-admin/batch-row-actions.tsx [Client Component Browser]
    ./frontend/src/components/batches-admin/batch-table-row.tsx [Client Component Browser]
    ./frontend/src/components/batches-admin/batches-admin-table.tsx [Client Component Browser]
    ./frontend/src/components/batches-admin/batches-sections-tabs.tsx [Client Component Browser]
    ./frontend/src/components/batches-admin/admin-batches-page.tsx [Client Component Browser]
    ./frontend/src/app/dashboard/batches/page.tsx [Client Component Browser]
    ./frontend/src/app/dashboard/batches/page.tsx [Server Component]

  Client Component SSR:
    ./frontend/src/components/batches-admin/batch-row-actions.tsx [Client Component SSR]
    ./frontend/src/components/batches-admin/batch-table-row.tsx [Client Component SSR]
    ./frontend/src/components/batches-admin/batches-admin-table.tsx [Client Component SSR]
    ./frontend/src/components/batches-admin/batches-sections-tabs.tsx [Client Component SSR]
    ./frontend/src/components/batches-admin/admin-batches-page.tsx [Client Component SSR]
    ./frontend/src/app/dashboard/batches/page.tsx [Client Component SSR]
    ./frontend/src/app/dashboard/batches/page.tsx [Server Component]

https://nextjs.org/docs/messages/module-not-found


./frontend/src/components/batches-admin/section-row-actions.tsx:7:1
Module not found: Can't resolve '@/features/ui/components/dropdown-menu'
  [90m 5 |[0m [36mimport[0m { [33mAlertModal[0m } [36mfrom[0m 
[32m'@/features/modal/components/alert-modal'[0m;
  [90m 6 |[0m [36mimport[0m { [33mButton[0m } [36mfrom[0m [32m'@/features/ui/components/button'[0m;
[31m[1m>[0m [90m 7 |[0m [36mimport[0m {
  [90m   |[0m [31m[1m^^^^^^^[0m
[31m[1m>[0m [90m 8 |[0m   [33mDropdownMenu[0m,
  [90m   |[0m [31m[1m^^^^^^^^^^^^^^^[0m
[31m[1m>[0m [90m 9 |[0m   [33mDropdownMenuContent[0m,
  [90m   |[0m [31m[1m^^^^^^^^^^^^^^^^^^^^^^[0m
[31m[1m>[0m [90m10 |[0m   [33mDropdownMenuItem[0m,
  [90m   |[0m [31m[1m^^^^^^^^^^^^^^^^^^^[0m
[31m[1m>[0m [90m11 |[0m   [33mDropdownMenuTrigger[0m
  [90m   |[0m [31m[1m^^^^^^^^^^^^^^^^^^^^^[0m
[31m[1m>[0m [90m12 |[0m } [36mfrom[0m [32m'@/features/ui/components/dropdown-menu'[0m;
  [90m   |[0m [31m[1m^^^^^^^^^^^^^^^^^^^^^^^^^^^^^^^^^^^^^^^^^^^^^^^^[0m
  [90m13 |[0m [36mimport[0m { useMutation, useQueryClient } [36mfrom[0m [32m'@/lib/async-query'[0m;
  [90m14 |[0m [36mimport[0m { handleApiError, showToast } [36mfrom[0m [32m'@/lib/notifications'[0m;
  [90m15 |[0m [36mimport[0m { adminBatchSectionsQueryKey, adminBatchesQueryKey } [36mfrom[0m 
[32m'@/lib/batches-admin/quer...[0m

Import map: aliased to relative './src/features/ui/components/dropdown-menu' inside of [project]/frontend


Import traces:
  Client Component Browser:
    ./frontend/src/components/batches-admin/section-row-actions.tsx [Client Component Browser]
    ./frontend/src/components/batches-admin/sections-admin-table.tsx [Client Component Browser]
    ./frontend/src/components/batches-admin/batches-sections-tabs.tsx [Client Component Browser]
    ./frontend/src/components/batches-admin/admin-batches-page.tsx [Client Component Browser]
    ./frontend/src/app/dashboard/batches/page.tsx [Client Component Browser]
    ./frontend/src/app/dashboard/batches/page.tsx [Server Component]

  Client Component SSR:
    ./frontend/src/components/batches-admin/section-row-actions.tsx [Client Component SSR]
    ./frontend/src/components/batches-admin/sections-admin-table.tsx [Client Component SSR]
    ./frontend/src/components/batches-admin/batches-sections-tabs.tsx [Client Component SSR]
    ./frontend/src/components/batches-admin/admin-batches-page.tsx [Client Component SSR]
    ./frontend/src/app/dashboard/batches/page.tsx [Client Component SSR]
    ./frontend/src/app/dashboard/batches/page.tsx [Server Component]

https://nextjs.org/docs/messages/module-not-found


./frontend/src/components/departments/department-row-actions.tsx:7:1
Module not found: Can't resolve '@/features/ui/components/dropdown-menu'
  [90m 5 |[0m [36mimport[0m { [33mAlertModal[0m } [36mfrom[0m 
[32m'@/features/modal/components/alert-modal'[0m;
  [90m 6 |[0m [36mimport[0m { [33mButton[0m } [36mfrom[0m [32m'@/features/ui/components/button'[0m;
[31m[1m>[0m [90m 7 |[0m [36mimport[0m {
  [90m   |[0m [31m[1m^^^^^^^[0m
[31m[1m>[0m [90m 8 |[0m   [33mDropdownMenu[0m,
  [90m   |[0m [31m[1m^^^^^^^^^^^^^^^[0m
[31m[1m>[0m [90m 9 |[0m   [33mDropdownMenuContent[0m,
  [90m   |[0m [31m[1m^^^^^^^^^^^^^^^^^^^^^^[0m
[31m[1m>[0m [90m10 |[0m   [33mDropdownMenuItem[0m,
  [90m   |[0m [31m[1m^^^^^^^^^^^^^^^^^^^[0m
[31m[1m>[0m [90m11 |[0m   [33mDropdownMenuTrigger[0m
  [90m   |[0m [31m[1m^^^^^^^^^^^^^^^^^^^^^[0m
[31m[1m>[0m [90m12 |[0m } [36mfrom[0m [32m'@/features/ui/components/dropdown-menu'[0m;
  [90m   |[0m [31m[1m^^^^^^^^^^^^^^^^^^^^^^^^^^^^^^^^^^^^^^^^^^^^^^^^[0m
  [90m13 |[0m [36mimport[0m { useMutation, useQueryClient } [36mfrom[0m [32m'@/lib/async-query'[0m;
  [90m14 |[0m [36mimport[0m { useAuthStore } [36mfrom[0m [32m'@/lib/auth-store'[0m;
  [90m15 |[0m [36mimport[0m { handleApiError, showToast } [36mfrom[0m [32m'@/lib/notifications'[0m;

Import map: aliased to relative './src/features/ui/components/dropdown-menu' inside of [project]/frontend


Import traces:
  Client Component Browser:
    ./frontend/src/components/departments/department-row-actions.tsx [Client Component Browser]
    ./frontend/src/components/departments/department-table-row.tsx [Client Component Browser]
    ./frontend/src/components/departments/department-table.tsx [Client Component Browser]
    ./frontend/src/components/departments/department-listing.tsx [Client Component Browser]
    ./frontend/src/components/departments/department-listing.tsx [Server Component]
    ./frontend/src/app/dashboard/departments/page.tsx [Server Component]

  Client Component SSR:
    ./frontend/src/components/departments/department-row-actions.tsx [Client Component SSR]
    ./frontend/src/components/departments/department-table-row.tsx [Client Component SSR]
    ./frontend/src/components/departments/department-table.tsx [Client Component SSR]
    ./frontend/src/components/departments/department-listing.tsx [Client Component SSR]
    ./frontend/src/components/departments/department-listing.tsx [Server Component]
    ./frontend/src/app/dashboard/departments/page.tsx [Server Component]

https://nextjs.org/docs/messages/module-not-found


./frontend/src/components/discussions/channel/manage/permissions/add-target-menu.tsx:5:1
Module not found: Can't resolve '@/features/ui/components/dropdown-menu'
  [90m 3 |[0m [36mimport[0m { useMemo, useState } [36mfrom[0m [32m'react'[0m;
  [90m 4 |[0m [36mimport[0m { [33mButton[0m } [36mfrom[0m [32m'@/features/ui/components/button'[0m;
[31m[1m>[0m [90m 5 |[0m [36mimport[0m {
  [90m   |[0m [31m[1m^^^^^^^[0m
[31m[1m>[0m [90m 6 |[0m   [33mDropdownMenu[0m,
  [90m   |[0m [31m[1m^^^^^^^^^^^^^^^[0m
[31m[1m>[0m [90m 7 |[0m   [33mDropdownMenuContent[0m,
  [90m   |[0m [31m[1m^^^^^^^^^^^^^^^^^^^^^^[0m
[31m[1m>[0m [90m 8 |[0m   [33mDropdownMenuItem[0m,
  [90m   |[0m [31m[1m^^^^^^^^^^^^^^^^^^^[0m
[31m[1m>[0m [90m 9 |[0m   [33mDropdownMenuLabel[0m,
  [90m   |[0m [31m[1m^^^^^^^^^^^^^^^^^^^^[0m
[31m[1m>[0m [90m10 |[0m   [33mDropdownMenuSeparator[0m,
  [90m   |[0m [31m[1m^^^^^^^^^^^^^^^^^^^^^^^^[0m
[31m[1m>[0m [90m11 |[0m   [33mDropdownMenuTrigger[0m
  [90m   |[0m [31m[1m^^^^^^^^^^^^^^^^^^^^^[0m
[31m[1m>[0m [90m12 |[0m } [36mfrom[0m [32m'@/features/ui/components/dropdown-menu'[0m;
  [90m   |[0m [31m[1m^^^^^^^^^^^^^^^^^^^^^^^^^^^^^^^^^^^^^^^^^^^^^^^^[0m
  [90m13 |[0m [36mimport[0m { [33mInput[0m } [36mfrom[0m [32m'@/features/ui/components/input'[0m;
  [90m14 |[0m [36mimport[0m { [33mIcons[0m } [36mfrom[0m [32m'@/components/icons'[0m;
  [90m15 |[0m [36mimport[0m [36mtype[0m { [33mDiscussionOverwriteTarget[0m } [36mfrom[0m 
[32m'@/lib/discussions/queries'[0m;

Import map: aliased to relative './src/features/ui/components/dropdown-menu' inside of [project]/frontend


Import traces:
  Client Component Browser:
    ./frontend/src/components/discussions/channel/manage/permissions/add-target-menu.tsx [Client Component Browser]
    ./frontend/src/components/discussions/channel/manage/permissions/overwrite-list.tsx [Client Component Browser]
    ./frontend/src/components/discussions/channel/manage/permissions/permissions-tab.tsx [Client Component Browser]
    ./frontend/src/components/discussions/channel/channel-settings/channel-settings-tabs.tsx [Client Component Browser]
    ./frontend/src/components/discussions/channel/channel-settings/channel-settings-dialog.tsx [Client Component 
Browser]
    ./frontend/src/components/discussions/channel/channel-pane/channel-pane.tsx [Client Component Browser]
    ./frontend/src/app/dashboard/messages/page.tsx [Client Component Browser]
    ./frontend/src/app/dashboard/messages/page.tsx [Server Component]

  Client Component SSR:
    ./frontend/src/components/discussions/channel/manage/permissions/add-target-menu.tsx [Client Component SSR]
    ./frontend/src/components/discussions/channel/manage/permissions/overwrite-list.tsx [Client Component SSR]
    ./frontend/src/components/discussions/channel/manage/permissions/permissions-tab.tsx [Client Component SSR]
    ./frontend/src/components/discussions/channel/channel-settings/channel-settings-tabs.tsx [Client Component SSR]
    ./frontend/src/components/discussions/channel/channel-settings/channel-settings-dialog.tsx [Client Component SSR]
    ./frontend/src/components/discussions/channel/channel-pane/channel-pane.tsx [Client Component SSR]
    ./frontend/src/app/dashboard/messages/page.tsx [Client Component SSR]
    ./frontend/src/app/dashboard/messages/page.tsx [Server Component]

https://nextjs.org/docs/messages/module-not-found


./frontend/src/components/discussions/channel/message-more-menu.tsx:4:1
Module not found: Can't resolve '@/features/ui/components/dropdown-menu'
  [90m 2 |[0m
  [90m 3 |[0m [36mimport[0m { [33mFragment[0m, [36mtype[0m [33mReactNode[0m } [36mfrom[0m [32m'react'[0m;
[31m[1m>[0m [90m 4 |[0m [36mimport[0m {
  [90m   |[0m [31m[1m^^^^^^^[0m
[31m[1m>[0m [90m 5 |[0m   [33mDropdownMenu[0m,
  [90m   |[0m [31m[1m^^^^^^^^^^^^^^^[0m
[31m[1m>[0m [90m 6 |[0m   [33mDropdownMenuContent[0m,
  [90m   |[0m [31m[1m^^^^^^^^^^^^^^^^^^^^^^[0m
[31m[1m>[0m [90m 7 |[0m   [33mDropdownMenuItem[0m,
  [90m   |[0m [31m[1m^^^^^^^^^^^^^^^^^^^[0m
[31m[1m>[0m [90m 8 |[0m   [33mDropdownMenuSeparator[0m,
  [90m   |[0m [31m[1m^^^^^^^^^^^^^^^^^^^^^^^^[0m
[31m[1m>[0m [90m 9 |[0m   [33mDropdownMenuTrigger[0m
  [90m   |[0m [31m[1m^^^^^^^^^^^^^^^^^^^^^[0m
[31m[1m>[0m [90m10 |[0m } [36mfrom[0m [32m'@/features/ui/components/dropdown-menu'[0m;
  [90m   |[0m [31m[1m^^^^^^^^^^^^^^^^^^^^^^^^^^^^^^^^^^^^^^^^^^^^^^^^[0m
  [90m11 |[0m [36mimport[0m { cn } [36mfrom[0m [32m'@/lib/utils'[0m;
  [90m12 |[0m [36mimport[0m { [33mReactionStrip[0m } [36mfrom[0m [32m'./message-reaction-strip'[0m;
  [90m13 |[0m [36mimport[0m [36mtype[0m { [33mMessageActionsCommonProps[0m } [36mfrom[0m 
[32m'./message-menu-types'[0m;

Import map: aliased to relative './src/features/ui/components/dropdown-menu' inside of [project]/frontend


Import traces:
  Client Component Browser:
    ./frontend/src/components/discussions/channel/message-more-menu.tsx [Client Component Browser]
    ./frontend/src/components/discussions/channel/message-actions-menu.tsx [Client Component Browser]
    ./frontend/src/components/discussions/channel/message-row/message-row.tsx [Client Component Browser]
    ./frontend/src/components/discussions/threads/thread-panel.tsx [Client Component Browser]
    ./frontend/src/components/discussions/channel/channel-pane/channel-pane.tsx [Client Component Browser]
    ./frontend/src/app/dashboard/messages/page.tsx [Client Component Browser]
    ./frontend/src/app/dashboard/messages/page.tsx [Server Component]

  Client Component SSR:
    ./frontend/src/components/discussions/channel/message-more-menu.tsx [Client Component SSR]
    ./frontend/src/components/discussions/channel/message-actions-menu.tsx [Client Component SSR]
    ./frontend/src/components/discussions/channel/message-row/message-row.tsx [Client Component SSR]
    ./frontend/src/components/discussions/threads/thread-panel.tsx [Client Component SSR]
    ./frontend/src/components/discussions/channel/channel-pane/channel-pane.tsx [Client Component SSR]
    ./frontend/src/app/dashboard/messages/page.tsx [Client Component SSR]
    ./frontend/src/app/dashboard/messages/page.tsx [Server Component]

https://nextjs.org/docs/messages/module-not-found


./frontend/src/components/discussions/details/member-row.tsx:4:1
Module not found: Can't resolve '@/features/ui/components/dropdown-menu'
  [90m 2 |[0m [36mimport[0m { [33mButton[0m } [36mfrom[0m [32m'@/features/ui/components/button'[0m
  [90m 3 |[0m [36mimport[0m { resolvePublicAssetUrl } [36mfrom[0m [32m'@/lib/resolve-public-asset-url'[0m
[31m[1m>[0m [90m 4 |[0m [36mimport[0m {
  [90m   |[0m [31m[1m^^^^^^^[0m
[31m[1m>[0m [90m 5 |[0m   [33mDropdownMenu[0m,
  [90m   |[0m [31m[1m^^^^^^^^^^^^^^^[0m
[31m[1m>[0m [90m 6 |[0m   [33mDropdownMenuContent[0m,
  [90m   |[0m [31m[1m^^^^^^^^^^^^^^^^^^^^^^[0m
[31m[1m>[0m [90m 7 |[0m   [33mDropdownMenuItem[0m,
  [90m   |[0m [31m[1m^^^^^^^^^^^^^^^^^^^[0m
[31m[1m>[0m [90m 8 |[0m   [33mDropdownMenuTrigger[0m,
  [90m   |[0m [31m[1m^^^^^^^^^^^^^^^^^^^^^^[0m
[31m[1m>[0m [90m 9 |[0m } [36mfrom[0m [32m'@/features/ui/components/dropdown-menu'[0m
  [90m   |[0m [31m[1m^^^^^^^^^^^^^^^^^^^^^^^^^^^^^^^^^^^^^^^^^^^^^^^[0m
  [90m10 |[0m [36mimport[0m { [33mIcons[0m } [36mfrom[0m [32m'@/components/icons'[0m
  [90m11 |[0m [36mimport[0m [36mtype[0m { [33mChannelMember[0m, [33mPresenceState[0m } [36mfrom[0m 
[32m'@/lib/discussions/queries/types'[0m
  [90m12 |[0m [36mimport[0m { avatarGradient } [36mfrom[0m [32m'@/lib/discussions/services/avatar-color'[0m

Import map: aliased to relative './src/features/ui/components/dropdown-menu' inside of [project]/frontend


Import traces:
  Client Component Browser:
    ./frontend/src/components/discussions/details/member-row.tsx [Client Component Browser]
    ./frontend/src/components/discussions/details/details-about-members.tsx [Client Component Browser]
    ./frontend/src/components/discussions/details/details-members-tab.tsx [Client Component Browser]
    ./frontend/src/components/discussions/details/details-panel.tsx [Client Component Browser]
    ./frontend/src/components/discussions/channel/channel-pane/channel-pane.tsx [Client Component Browser]
    ./frontend/src/app/dashboard/messages/page.tsx [Client Component Browser]
    ./frontend/src/app/dashboard/messages/page.tsx [Server Component]

  Client Component SSR:
    ./frontend/src/components/discussions/details/member-row.tsx [Client Component SSR]
    ./frontend/src/components/discussions/details/details-about-members.tsx [Client Component SSR]
    ./frontend/src/components/discussions/details/details-members-tab.tsx [Client Component SSR]
    ./frontend/src/components/discussions/details/details-panel.tsx [Client Component SSR]
    ./frontend/src/components/discussions/channel/channel-pane/channel-pane.tsx [Client Component SSR]
    ./frontend/src/app/dashboard/messages/page.tsx [Client Component SSR]
    ./frontend/src/app/dashboard/messages/page.tsx [Server Component]

https://nextjs.org/docs/messages/module-not-found


./frontend/src/components/discussions/dms/dm-pane/dm-pane-states.tsx:7:1
Module not found: Can't resolve '@/features/ui/components/dropdown-menu'
  [90m 5 |[0m [36mimport[0m { [33mButton[0m } [36mfrom[0m [32m'@/features/ui/components/button'[0m
  [90m 6 |[0m [36mimport[0m { resolvePublicAssetUrl } [36mfrom[0m [32m'@/lib/resolve-public-asset-url'[0m
[31m[1m>[0m [90m 7 |[0m [36mimport[0m {
  [90m   |[0m [31m[1m^^^^^^^[0m
[31m[1m>[0m [90m 8 |[0m   [33mDropdownMenu[0m,
  [90m   |[0m [31m[1m^^^^^^^^^^^^^^^[0m
[31m[1m>[0m [90m 9 |[0m   [33mDropdownMenuContent[0m,
  [90m   |[0m [31m[1m^^^^^^^^^^^^^^^^^^^^^^[0m
[31m[1m>[0m [90m10 |[0m   [33mDropdownMenuItem[0m,
  [90m   |[0m [31m[1m^^^^^^^^^^^^^^^^^^^[0m
[31m[1m>[0m [90m11 |[0m   [33mDropdownMenuTrigger[0m,
  [90m   |[0m [31m[1m^^^^^^^^^^^^^^^^^^^^^^[0m
[31m[1m>[0m [90m12 |[0m } [36mfrom[0m [32m'@/features/ui/components/dropdown-menu'[0m
  [90m   |[0m [31m[1m^^^^^^^^^^^^^^^^^^^^^^^^^^^^^^^^^^^^^^^^^^^^^^^[0m
  [90m13 |[0m [36mimport[0m { [33mIcons[0m } [36mfrom[0m [32m'@/components/icons'[0m
  [90m14 |[0m [36mimport[0m { [33mSkeleton[0m } [36mfrom[0m [32m'@/features/ui/components/skeleton'[0m
  [90m15 |[0m [36mimport[0m { cn } [36mfrom[0m [32m'@/lib/utils'[0m

Import map: aliased to relative './src/features/ui/components/dropdown-menu' inside of [project]/frontend


Import traces:
  Client Component Browser:
    ./frontend/src/components/discussions/dms/dm-pane/dm-pane-states.tsx [Client Component Browser]
    ./frontend/src/components/discussions/dms/dm-pane/dm-pane.tsx [Client Component Browser]
    ./frontend/src/app/dashboard/messages/page.tsx [Client Component Browser]
    ./frontend/src/app/dashboard/messages/page.tsx [Server Component]

  Client Component SSR:
    ./frontend/src/components/discussions/dms/dm-pane/dm-pane-states.tsx [Client Component SSR]
    ./frontend/src/components/discussions/dms/dm-pane/dm-pane.tsx [Client Component SSR]
    ./frontend/src/app/dashboard/messages/page.tsx [Client Component SSR]
    ./frontend/src/app/dashboard/messages/page.tsx [Server Component]

https://nextjs.org/docs/messages/module-not-found


./frontend/src/components/faculties/faculty-row-actions.tsx:7:1
Module not found: Can't resolve '@/features/ui/components/dropdown-menu'
  [90m 5 |[0m [36mimport[0m { [33mAlertModal[0m } [36mfrom[0m 
[32m'@/features/modal/components/alert-modal'[0m;
  [90m 6 |[0m [36mimport[0m { [33mButton[0m } [36mfrom[0m [32m'@/features/ui/components/button'[0m;
[31m[1m>[0m [90m 7 |[0m [36mimport[0m {
  [90m   |[0m [31m[1m^^^^^^^[0m
[31m[1m>[0m [90m 8 |[0m   [33mDropdownMenu[0m,
  [90m   |[0m [31m[1m^^^^^^^^^^^^^^^[0m
[31m[1m>[0m [90m 9 |[0m   [33mDropdownMenuContent[0m,
  [90m   |[0m [31m[1m^^^^^^^^^^^^^^^^^^^^^^[0m
[31m[1m>[0m [90m10 |[0m   [33mDropdownMenuItem[0m,
  [90m   |[0m [31m[1m^^^^^^^^^^^^^^^^^^^[0m
[31m[1m>[0m [90m11 |[0m   [33mDropdownMenuTrigger[0m
  [90m   |[0m [31m[1m^^^^^^^^^^^^^^^^^^^^^[0m
[31m[1m>[0m [90m12 |[0m } [36mfrom[0m [32m'@/features/ui/components/dropdown-menu'[0m;
  [90m   |[0m [31m[1m^^^^^^^^^^^^^^^^^^^^^^^^^^^^^^^^^^^^^^^^^^^^^^^^[0m
  [90m13 |[0m [36mimport[0m { useMutation, useQueryClient } [36mfrom[0m [32m'@/lib/async-query'[0m;
  [90m14 |[0m [36mimport[0m { useAuthStore } [36mfrom[0m [32m'@/lib/auth-store'[0m;
  [90m15 |[0m [36mimport[0m { handleApiError, showToast } [36mfrom[0m [32m'@/lib/notifications'[0m;

Import map: aliased to relative './src/features/ui/components/dropdown-menu' inside of [project]/frontend


Import traces:
  Client Component Browser:
    ./frontend/src/components/faculties/faculty-row-actions.tsx [Client Component Browser]
    ./frontend/src/components/faculties/faculty-table-row.tsx [Client Component Browser]
    ./frontend/src/components/faculties/faculty-table.tsx [Client Component Browser]
    ./frontend/src/components/faculties/faculty-listing.tsx [Client Component Browser]
    ./frontend/src/components/faculties/faculty-listing.tsx [Server Component]
    ./frontend/src/app/dashboard/faculties/page.tsx [Server Component]

  Client Component SSR:
    ./frontend/src/components/faculties/faculty-row-actions.tsx [Client Component SSR]
    ./frontend/src/components/faculties/faculty-table-row.tsx [Client Component SSR]
    ./frontend/src/components/faculties/faculty-table.tsx [Client Component SSR]
    ./frontend/src/components/faculties/faculty-listing.tsx [Client Component SSR]
    ./frontend/src/components/faculties/faculty-listing.tsx [Server Component]
    ./frontend/src/app/dashboard/faculties/page.tsx [Server Component]

https://nextjs.org/docs/messages/module-not-found


./frontend/src/components/inbox/inbox-list-header.tsx:7:1
Module not found: Can't resolve '@/features/ui/components/dropdown-menu'
  [90m 5 |[0m [36mimport[0m { [33mInput[0m } [36mfrom[0m [32m'@/features/ui/components/input'[0m;
  [90m 6 |[0m [36mimport[0m { [33mButton[0m } [36mfrom[0m [32m'@/features/ui/components/button'[0m;
[31m[1m>[0m [90m 7 |[0m [36mimport[0m {
  [90m   |[0m [31m[1m^^^^^^^[0m
[31m[1m>[0m [90m 8 |[0m   [33mDropdownMenu[0m,
  [90m   |[0m [31m[1m^^^^^^^^^^^^^^^[0m
[31m[1m>[0m [90m 9 |[0m   [33mDropdownMenuContent[0m,
  [90m   |[0m [31m[1m^^^^^^^^^^^^^^^^^^^^^^[0m
[31m[1m>[0m [90m10 |[0m   [33mDropdownMenuItem[0m,
  [90m   |[0m [31m[1m^^^^^^^^^^^^^^^^^^^[0m
[31m[1m>[0m [90m11 |[0m   [33mDropdownMenuTrigger[0m
  [90m   |[0m [31m[1m^^^^^^^^^^^^^^^^^^^^^[0m
[31m[1m>[0m [90m12 |[0m } [36mfrom[0m [32m'@/features/ui/components/dropdown-menu'[0m;
  [90m   |[0m [31m[1m^^^^^^^^^^^^^^^^^^^^^^^^^^^^^^^^^^^^^^^^^^^^^^^^[0m
  [90m13 |[0m [36mimport[0m { messagesDiscoverHref } [36mfrom[0m [32m'@/lib/inbox/services/messages-href'[0m;
  [90m14 |[0m [36mimport[0m { [33mInboxFilterChips[0m } [36mfrom[0m [32m'./inbox-filter-chips'[0m;
  [90m15 |[0m [36mimport[0m [36mtype[0m { [33mInboxFilter[0m } [36mfrom[0m [32m'./inbox-helpers'[0m;

Import map: aliased to relative './src/features/ui/components/dropdown-menu' inside of [project]/frontend


Import traces:
  Client Component Browser:
    ./frontend/src/components/inbox/inbox-list-header.tsx [Client Component Browser]
    ./frontend/src/components/inbox/inbox-list.tsx [Client Component Browser]
    ./frontend/src/app/dashboard/messages/page.tsx [Client Component Browser]
    ./frontend/src/app/dashboard/messages/page.tsx [Server Component]

  Client Component SSR:
    ./frontend/src/components/inbox/inbox-list-header.tsx [Client Component SSR]
    ./frontend/src/components/inbox/inbox-list.tsx [Client Component SSR]
    ./frontend/src/app/dashboard/messages/page.tsx [Client Component SSR]
    ./frontend/src/app/dashboard/messages/page.tsx [Server Component]

https://nextjs.org/docs/messages/module-not-found


./frontend/src/components/offices/admin/office-row-actions.tsx:5:1
Module not found: Can't resolve '@/features/ui/components/dropdown-menu'
  [90m 3 |[0m [36mimport[0m { [33mIcons[0m } [36mfrom[0m [32m'@/components/icons'[0m;
  [90m 4 |[0m [36mimport[0m { [33mButton[0m } [36mfrom[0m [32m'@/features/ui/components/button'[0m;
[31m[1m>[0m [90m 5 |[0m [36mimport[0m {
  [90m   |[0m [31m[1m^^^^^^^[0m
[31m[1m>[0m [90m 6 |[0m   [33mDropdownMenu[0m,
  [90m   |[0m [31m[1m^^^^^^^^^^^^^^^[0m
[31m[1m>[0m [90m 7 |[0m   [33mDropdownMenuContent[0m,
  [90m   |[0m [31m[1m^^^^^^^^^^^^^^^^^^^^^^[0m
[31m[1m>[0m [90m 8 |[0m   [33mDropdownMenuItem[0m,
  [90m   |[0m [31m[1m^^^^^^^^^^^^^^^^^^^[0m
[31m[1m>[0m [90m 9 |[0m   [33mDropdownMenuSeparator[0m,
  [90m   |[0m [31m[1m^^^^^^^^^^^^^^^^^^^^^^^^[0m
[31m[1m>[0m [90m10 |[0m   [33mDropdownMenuTrigger[0m
  [90m   |[0m [31m[1m^^^^^^^^^^^^^^^^^^^^^[0m
[31m[1m>[0m [90m11 |[0m } [36mfrom[0m [32m'@/features/ui/components/dropdown-menu'[0m;
  [90m   |[0m [31m[1m^^^^^^^^^^^^^^^^^^^^^^^^^^^^^^^^^^^^^^^^^^^^^^^^[0m
  [90m12 |[0m [36mimport[0m { useUpdateOffice } [36mfrom[0m [32m'@/lib/offices/queries'[0m;
  [90m13 |[0m [36mimport[0m [36mtype[0m { [33mSupportOffice[0m } [36mfrom[0m [32m'@/lib/offices/types'[0m;
  [90m14 |[0m

Import map: aliased to relative './src/features/ui/components/dropdown-menu' inside of [project]/frontend


Import traces:
  Client Component Browser:
    ./frontend/src/components/offices/admin/office-row-actions.tsx [Client Component Browser]
    ./frontend/src/components/offices/admin/office-table-row.tsx [Client Component Browser]
    ./frontend/src/components/offices/admin/offices-admin-table.tsx [Client Component Browser]
    ./frontend/src/components/offices/admin/offices-admin-page.tsx [Client Component Browser]
    ./frontend/src/components/offices/admin/offices-admin-page.tsx [Server Component]
    ./frontend/src/app/dashboard/admin/offices/page.tsx [Server Component]

  Client Component SSR:
    ./frontend/src/components/offices/admin/office-row-actions.tsx [Client Component SSR]
    ./frontend/src/components/offices/admin/office-table-row.tsx [Client Component SSR]
    ./frontend/src/components/offices/admin/offices-admin-table.tsx [Client Component SSR]
    ./frontend/src/components/offices/admin/offices-admin-page.tsx [Client Component SSR]
    ./frontend/src/components/offices/admin/offices-admin-page.tsx [Server Component]
    ./frontend/src/app/dashboard/admin/offices/page.tsx [Server Component]

https://nextjs.org/docs/messages/module-not-found


./frontend/src/components/programs/program-row-actions.tsx:7:1
Module not found: Can't resolve '@/features/ui/components/dropdown-menu'
  [90m 5 |[0m [36mimport[0m { [33mAlertModal[0m } [36mfrom[0m 
[32m'@/features/modal/components/alert-modal'[0m;
  [90m 6 |[0m [36mimport[0m { [33mButton[0m } [36mfrom[0m [32m'@/features/ui/components/button'[0m;
[31m[1m>[0m [90m 7 |[0m [36mimport[0m {
  [90m   |[0m [31m[1m^^^^^^^[0m
[31m[1m>[0m [90m 8 |[0m   [33mDropdownMenu[0m,
  [90m   |[0m [31m[1m^^^^^^^^^^^^^^^[0m
[31m[1m>[0m [90m 9 |[0m   [33mDropdownMenuContent[0m,
  [90m   |[0m [31m[1m^^^^^^^^^^^^^^^^^^^^^^[0m
[31m[1m>[0m [90m10 |[0m   [33mDropdownMenuItem[0m,
  [90m   |[0m [31m[1m^^^^^^^^^^^^^^^^^^^[0m
[31m[1m>[0m [90m11 |[0m   [33mDropdownMenuTrigger[0m
  [90m   |[0m [31m[1m^^^^^^^^^^^^^^^^^^^^^[0m
[31m[1m>[0m [90m12 |[0m } [36mfrom[0m [32m'@/features/ui/components/dropdown-menu'[0m;
  [90m   |[0m [31m[1m^^^^^^^^^^^^^^^^^^^^^^^^^^^^^^^^^^^^^^^^^^^^^^^^[0m
  [90m13 |[0m [36mimport[0m { useMutation, useQueryClient } [36mfrom[0m [32m'@/lib/async-query'[0m;
  [90m14 |[0m [36mimport[0m { useAuthStore } [36mfrom[0m [32m'@/lib/auth-store'[0m;
  [90m15 |[0m [36mimport[0m { handleApiError, showToast } [36mfrom[0m [32m'@/lib/notifications'[0m;

Import map: aliased to relative './src/features/ui/components/dropdown-menu' inside of [project]/frontend


Import traces:
  Client Component Browser:
    ./frontend/src/components/programs/program-row-actions.tsx [Client Component Browser]
    ./frontend/src/components/programs/program-table-row.tsx [Client Component Browser]
    ./frontend/src/components/programs/programs-table.tsx [Client Component Browser]
    ./frontend/src/components/programs/programs-listing.tsx [Client Component Browser]
    ./frontend/src/components/programs/programs-listing.tsx [Server Component]
    ./frontend/src/app/dashboard/programs/page.tsx [Server Component]

  Client Component SSR:
    ./frontend/src/components/programs/program-row-actions.tsx [Client Component SSR]
    ./frontend/src/components/programs/program-table-row.tsx [Client Component SSR]
    ./frontend/src/components/programs/programs-table.tsx [Client Component SSR]
    ./frontend/src/components/programs/programs-listing.tsx [Client Component SSR]
    ./frontend/src/components/programs/programs-listing.tsx [Server Component]
    ./frontend/src/app/dashboard/programs/page.tsx [Server Component]

https://nextjs.org/docs/messages/module-not-found


./frontend/src/app/dashboard/layout.tsx:7:92
Module not found: Can't resolve '@/features/ui/components/infobar'
  [90m 5 |[0m [36mimport[0m { [33mRoleGuard[0m } [36mfrom[0m [32m'@/components/auth/role-guard'[0m;
  [90m 6 |[0m [36mimport[0m { usePathname } [36mfrom[0m [32m'next/navigation'[0m;
[31m[1m>[0m [90m 7 |[0m [36mimport[0m { useAnnouncementSocket } [36mfrom[0m 
[32m'@/lib/announcements/queries/use-announcement-socket'[0m;
  [90m   |[0m                                                                                            
[31m[1m^[0m
[31m[1m>[0m [90m 8 |[0m
  [90m   |[0m [31m[1m^[0m
[31m[1m>[0m [90m 9 |[0m [36mimport[0m { [33mInfobarProvider[0m } [36mfrom[0m 
[32m'@/features/ui/components/infobar'[0m;
  [90m   |[0m [31m[1m^^^^^^^^^^^^^^^^^^^^^^^^^^^^^^^^^^^^^^^^^^^^^^^^^^^^^^^^^^^^^^^^[0m
  [90m10 |[0m [36mexport[0m [36mdefault[0m [36mfunction[0m [33mDashboardLayout[0m({ children }: { children: 
[33mReact[0m.[33mReactNode[0m }) {
  [90m11 |[0m   [36mconst[0m pathname = usePathname();
  [90m12 |[0m   [36mconst[0m isMessagesRoute = pathname === [32m'/dashboard/messages'[0m;

Import map: aliased to relative './src/features/ui/components/infobar' inside of [project]/frontend


Import traces:
  Client Component Browser:
    ./frontend/src/app/dashboard/layout.tsx [Client Component Browser]
    ./frontend/src/app/dashboard/layout.tsx [Server Component]

  Client Component SSR:
    ./frontend/src/app/dashboard/layout.tsx [Client Component SSR]
    ./frontend/src/app/dashboard/layout.tsx [Server Component]

https://nextjs.org/docs/messages/module-not-found


./frontend/src/components/academic-years-admin/academic-year-form-sheet.tsx:5:1
Module not found: Can't resolve '@/features/ui/components/input'
  [90m3 |[0m [36mimport[0m { useEffect, useState, [36mtype[0m [33mFormEvent[0m } [36mfrom[0m 
[32m'react'[0m;
  [90m4 |[0m [36mimport[0m { [33mPosFormModal[0m } [36mfrom[0m 
[32m'@/features/pos/components/pos-form-modal'[0m;
[31m[1m>[0m [90m5 |[0m [36mimport[0m { [33mInput[0m } [36mfrom[0m [32m'@/features/ui/components/input'[0m;
  [90m  |[0m [31m[1m^^^^^^^^^^^^^^^^^^^^^^^^^^^^^^^^^^^^^^^^^^^^^^^^^^^^^^^[0m
  [90m6 |[0m [36mimport[0m { [33mLabel[0m } [36mfrom[0m [32m'@/features/ui/components/label'[0m;
  [90m7 |[0m [36mimport[0m { useMutation, useQuery, useQueryClient } [36mfrom[0m [32m'@/lib/async-query'[0m;
  [90m8 |[0m [36mimport[0m { handleApiError, showToast } [36mfrom[0m [32m'@/lib/notifications'[0m;

Import map: aliased to relative './src/features/ui/components/input' inside of [project]/frontend


Import traces:
  Client Component Browser:
    ./frontend/src/components/academic-years-admin/academic-year-form-sheet.tsx [Client Component Browser]
    ./frontend/src/components/academic-years-admin/admin-academic-years-page.tsx [Client Component Browser]
    ./frontend/src/app/dashboard/academic-years/page.tsx [Client Component Browser]
    ./frontend/src/app/dashboard/academic-years/page.tsx [Server Component]

  Client Component SSR:
    ./frontend/src/components/academic-years-admin/academic-year-form-sheet.tsx [Client Component SSR]
    ./frontend/src/components/academic-years-admin/admin-academic-years-page.tsx [Client Component SSR]
    ./frontend/src/app/dashboard/academic-years/page.tsx [Client Component SSR]
    ./frontend/src/app/dashboard/academic-years/page.tsx [Server Component]

https://nextjs.org/docs/messages/module-not-found


./frontend/src/components/academic-years-admin/semester-form-sheet.tsx:5:1
Module not found: Can't resolve '@/features/ui/components/input'
  [90m3 |[0m [36mimport[0m { useEffect, useState, [36mtype[0m [33mFormEvent[0m } [36mfrom[0m 
[32m'react'[0m;
  [90m4 |[0m [36mimport[0m { [33mPosFormModal[0m } [36mfrom[0m 
[32m'@/features/pos/components/pos-form-modal'[0m;
[31m[1m>[0m [90m5 |[0m [36mimport[0m { [33mInput[0m } [36mfrom[0m [32m'@/features/ui/components/input'[0m;
  [90m  |[0m [31m[1m^^^^^^^^^^^^^^^^^^^^^^^^^^^^^^^^^^^^^^^^^^^^^^^^^^^^^^^[0m
  [90m6 |[0m [36mimport[0m { [33mLabel[0m } [36mfrom[0m [32m'@/features/ui/components/label'[0m;
  [90m7 |[0m [36mimport[0m { useMutation, useQueryClient } [36mfrom[0m [32m'@/lib/async-query'[0m;
  [90m8 |[0m [36mimport[0m { handleApiError, showToast } [36mfrom[0m [32m'@/lib/notifications'[0m;

Import map: aliased to relative './src/features/ui/components/input' inside of [project]/frontend


Import traces:
  Client Component Browser:
    ./frontend/src/components/academic-years-admin/semester-form-sheet.tsx [Client Component Browser]
    ./frontend/src/components/academic-years-admin/academic-year-row-actions.tsx [Client Component Browser]
    ./frontend/src/components/academic-years-admin/academic-year-table-row.tsx [Client Component Browser]
    ./frontend/src/components/academic-years-admin/academic-years-table.tsx [Client Component Browser]
    ./frontend/src/components/academic-years-admin/admin-academic-years-page.tsx [Client Component Browser]
    ./frontend/src/app/dashboard/academic-years/page.tsx [Client Component Browser]
    ./frontend/src/app/dashboard/academic-years/page.tsx [Server Component]

  Client Component SSR:
    ./frontend/src/components/academic-years-admin/semester-form-sheet.tsx [Client Component SSR]
    ./frontend/src/components/academic-years-admin/academic-year-row-actions.tsx [Client Component SSR]
    ./frontend/src/components/academic-years-admin/academic-year-table-row.tsx [Client Component SSR]
    ./frontend/src/components/academic-years-admin/academic-years-table.tsx [Client Component SSR]
    ./frontend/src/components/academic-years-admin/admin-academic-years-page.tsx [Client Component SSR]
    ./frontend/src/app/dashboard/academic-years/page.tsx [Client Component SSR]
    ./frontend/src/app/dashboard/academic-years/page.tsx [Server Component]

https://nextjs.org/docs/messages/module-not-found


./frontend/src/components/admin/audit-logs/audit-logs-filters-bar.tsx:10:1
Module not found: Can't resolve '@/features/ui/components/input'
  [90m 8 |[0m } [36mfrom[0m [32m'@/lib/admin/services'[0m;
  [90m 9 |[0m [36mimport[0m { [33mButton[0m } [36mfrom[0m [32m'@/features/ui/components/button'[0m;
[31m[1m>[0m [90m10 |[0m [36mimport[0m { [33mInput[0m } [36mfrom[0m 
[32m'@/features/ui/components/input'[0m;
  [90m   |[0m [31m[1m^^^^^^^^^^^^^^^^^^^^^^^^^^^^^^^^^^^^^^^^^^^^^^^^^^^^^^^[0m
  [90m11 |[0m [36mimport[0m {
  [90m12 |[0m   [33mSelect[0m,
  [90m13 |[0m   [33mSelectContent[0m,

Import map: aliased to relative './src/features/ui/components/input' inside of [project]/frontend


Import traces:
  Client Component Browser:
    ./frontend/src/components/admin/audit-logs/audit-logs-filters-bar.tsx [Client Component Browser]
    ./frontend/src/components/admin/audit-logs/audit-logs-view.tsx [Client Component Browser]
    ./frontend/src/app/dashboard/audit-logs/page.tsx [Client Component Browser]
    ./frontend/src/app/dashboard/audit-logs/page.tsx [Server Component]

  Client Component SSR:
    ./frontend/src/components/admin/audit-logs/audit-logs-filters-bar.tsx [Client Component SSR]
    ./frontend/src/components/admin/audit-logs/audit-logs-view.tsx [Client Component SSR]
    ./frontend/src/app/dashboard/audit-logs/page.tsx [Client Component SSR]
    ./frontend/src/app/dashboard/audit-logs/page.tsx [Server Component]

https://nextjs.org/docs/messages/module-not-found


./frontend/src/components/admin/audit-logs/audit-logs-view.tsx:3:1
Module not found: Can't resolve '@/features/ui/components/input'
  [90m1 |[0m [32m'use client'[0m;
  [90m2 |[0m
[31m[1m>[0m [90m3 |[0m [36mimport[0m { [33mInput[0m } [36mfrom[0m [32m'@/features/ui/components/input'[0m;
  [90m  |[0m [31m[1m^^^^^^^^^^^^^^^^^^^^^^^^^^^^^^^^^^^^^^^^^^^^^^^^^^^^^^^[0m
  [90m4 |[0m [36mimport[0m { [33mAuditLogDetailSheet[0m } [36mfrom[0m 
[32m'@/components/admin/audit-logs/audit-log-detail-sheet'[0m;
  [90m5 |[0m [36mimport[0m { [33mAuditLogsFiltersBar[0m } [36mfrom[0m [32m'./audit-logs-filters-bar'[0m;
  [90m6 |[0m [36mimport[0m { [33mAuditLogsPagination[0m } [36mfrom[0m [32m'./audit-logs-pagination'[0m;

Import map: aliased to relative './src/features/ui/components/input' inside of [project]/frontend


Import traces:
  Client Component Browser:
    ./frontend/src/components/admin/audit-logs/audit-logs-view.tsx [Client Component Browser]
    ./frontend/src/app/dashboard/audit-logs/page.tsx [Client Component Browser]
    ./frontend/src/app/dashboard/audit-logs/page.tsx [Server Component]

  Client Component SSR:
    ./frontend/src/components/admin/audit-logs/audit-logs-view.tsx [Client Component SSR]
    ./frontend/src/app/dashboard/audit-logs/page.tsx [Client Component SSR]
    ./frontend/src/app/dashboard/audit-logs/page.tsx [Server Component]

https://nextjs.org/docs/messages/module-not-found


./frontend/src/components/announcements/announcement-feed/feed-filters-bar.tsx:5:1
Module not found: Can't resolve '@/features/ui/components/input'
  [90m3 |[0m [36mimport[0m { useMemo } [36mfrom[0m [32m'react'[0m;
  [90m4 |[0m [36mimport[0m { [33mSearch[0m, [33mX[0m } [36mfrom[0m [32m'lucide-react'[0m;
[31m[1m>[0m [90m5 |[0m [36mimport[0m { [33mInput[0m } [36mfrom[0m [32m'@/features/ui/components/input'[0m;
  [90m  |[0m [31m[1m^^^^^^^^^^^^^^^^^^^^^^^^^^^^^^^^^^^^^^^^^^^^^^^^^^^^^^^[0m
  [90m6 |[0m [36mimport[0m { [33mChipGroup[0m } [36mfrom[0m [32m'./chip-group'[0m;
  [90m7 |[0m [36mimport[0m [36mtype[0m { [33mFeedI18n[0m } [36mfrom[0m [32m'./feed-i18n'[0m;
  [90m8 |[0m [36mimport[0m [36mtype[0m { [33mDateFilter[0m, [33mReadFilter[0m, [33mSortMode[0m } 
[36mfrom[0m [32m'./types'[0m;

Import map: aliased to relative './src/features/ui/components/input' inside of [project]/frontend


Import traces:
  Client Component Browser:
    ./frontend/src/components/announcements/announcement-feed/feed-filters-bar.tsx [Client Component Browser]
    ./frontend/src/components/announcements/announcement-feed/feed-header.tsx [Client Component Browser]
    ./frontend/src/components/announcements/announcement-feed/announcement-feed.tsx [Client Component Browser]
    ./frontend/src/components/announcements/announcements-view.tsx [Client Component Browser]
    ./frontend/src/components/announcements/announcements-view.tsx [Server Component]
    ./frontend/src/app/dashboard/announcements/page.tsx [Server Component]

  Client Component SSR:
    ./frontend/src/components/announcements/announcement-feed/feed-filters-bar.tsx [Client Component SSR]
    ./frontend/src/components/announcements/announcement-feed/feed-header.tsx [Client Component SSR]
    ./frontend/src/components/announcements/announcement-feed/announcement-feed.tsx [Client Component SSR]
    ./frontend/src/components/announcements/announcements-view.tsx [Client Component SSR]
    ./frontend/src/components/announcements/announcements-view.tsx [Server Component]
    ./frontend/src/app/dashboard/announcements/page.tsx [Server Component]

https://nextjs.org/docs/messages/module-not-found


./frontend/src/components/announcements/create-dialog/step-compose.tsx:3:1
Module not found: Can't resolve '@/features/ui/components/input'
  [90m1 |[0m [32m'use client'[0m;
  [90m2 |[0m
[31m[1m>[0m [90m3 |[0m [36mimport[0m { [33mInput[0m } [36mfrom[0m [32m'@/features/ui/components/input'[0m;
  [90m  |[0m [31m[1m^^^^^^^^^^^^^^^^^^^^^^^^^^^^^^^^^^^^^^^^^^^^^^^^^^^^^^^[0m
  [90m4 |[0m [36mimport[0m { [33mLabel[0m } [36mfrom[0m [32m'@/features/ui/components/label'[0m;
  [90m5 |[0m [36mimport[0m { [33mIcons[0m } [36mfrom[0m [32m'@/components/icons'[0m;
  [90m6 |[0m [36mimport[0m { cn } [36mfrom[0m [32m'@/lib/utils'[0m;

Import map: aliased to relative './src/features/ui/components/input' inside of [project]/frontend


Import traces:
  Client Component Browser:
    ./frontend/src/components/announcements/create-dialog/step-compose.tsx [Client Component Browser]
    ./frontend/src/components/announcements/create-dialog/create-dialog-body.tsx [Client Component Browser]
    ./frontend/src/components/announcements/create-dialog.tsx [Client Component Browser]
    ./frontend/src/components/announcements/announcements-view.tsx [Client Component Browser]
    ./frontend/src/components/announcements/announcements-view.tsx [Server Component]
    ./frontend/src/app/dashboard/announcements/page.tsx [Server Component]

  Client Component SSR:
    ./frontend/src/components/announcements/create-dialog/step-compose.tsx [Client Component SSR]
    ./frontend/src/components/announcements/create-dialog/create-dialog-body.tsx [Client Component SSR]
    ./frontend/src/components/announcements/create-dialog.tsx [Client Component SSR]
    ./frontend/src/components/announcements/announcements-view.tsx [Client Component SSR]
    ./frontend/src/components/announcements/announcements-view.tsx [Server Component]
    ./frontend/src/app/dashboard/announcements/page.tsx [Server Component]

https://nextjs.org/docs/messages/module-not-found


./frontend/src/components/announcements/create-dialog/step-review-options.tsx:3:1
Module not found: Can't resolve '@/features/ui/components/input'
  [90m1 |[0m [32m'use client'[0m;
  [90m2 |[0m
[31m[1m>[0m [90m3 |[0m [36mimport[0m { [33mInput[0m } [36mfrom[0m [32m'@/features/ui/components/input'[0m;
  [90m  |[0m [31m[1m^^^^^^^^^^^^^^^^^^^^^^^^^^^^^^^^^^^^^^^^^^^^^^^^^^^^^^^[0m
  [90m4 |[0m [36mimport[0m { [33mLabel[0m } [36mfrom[0m [32m'@/features/ui/components/label'[0m;
  [90m5 |[0m [36mimport[0m { [33mCheckbox[0m } [36mfrom[0m [32m'@/features/ui/components/checkbox'[0m;
  [90m6 |[0m [36mimport[0m { [33mIcons[0m } [36mfrom[0m [32m'@/components/icons'[0m;

Import map: aliased to relative './src/features/ui/components/input' inside of [project]/frontend


Import traces:
  Client Component Browser:
    ./frontend/src/components/announcements/create-dialog/step-review-options.tsx [Client Component Browser]
    ./frontend/src/components/announcements/create-dialog/create-dialog-body.tsx [Client Component Browser]
    ./frontend/src/components/announcements/create-dialog.tsx [Client Component Browser]
    ./frontend/src/components/announcements/announcements-view.tsx [Client Component Browser]
    ./frontend/src/components/announcements/announcements-view.tsx [Server Component]
    ./frontend/src/app/dashboard/announcements/page.tsx [Server Component]

  Client Component SSR:
    ./frontend/src/components/announcements/create-dialog/step-review-options.tsx [Client Component SSR]
    ./frontend/src/components/announcements/create-dialog/create-dialog-body.tsx [Client Component SSR]
    ./frontend/src/components/announcements/create-dialog.tsx [Client Component SSR]
    ./frontend/src/components/announcements/announcements-view.tsx [Client Component SSR]
    ./frontend/src/components/announcements/announcements-view.tsx [Server Component]
    ./frontend/src/app/dashboard/announcements/page.tsx [Server Component]

https://nextjs.org/docs/messages/module-not-found


./frontend/src/components/auth/sign-in-form.tsx:8:1
Module not found: Can't resolve '@/features/ui/components/input'
  [90m 6 |[0m [36mimport[0m { [33mButton[0m } [36mfrom[0m [32m'@/features/ui/components/button'[0m;
  [90m 7 |[0m [36mimport[0m { [33mCheckbox[0m } [36mfrom[0m [32m'@/features/ui/components/checkbox'[0m;
[31m[1m>[0m [90m 8 |[0m [36mimport[0m { [33mInput[0m } [36mfrom[0m 
[32m'@/features/ui/components/input'[0m;
  [90m   |[0m [31m[1m^^^^^^^^^^^^^^^^^^^^^^^^^^^^^^^^^^^^^^^^^^^^^^^^^^^^^^^[0m
  [90m 9 |[0m [36mimport[0m { [33mLabel[0m } [36mfrom[0m [32m'@/features/ui/components/label'[0m;
  [90m10 |[0m [36mimport[0m { apiClient } [36mfrom[0m [32m'@/lib/api-client'[0m;
  [90m11 |[0m [36mimport[0m { useAuthStore, [36mtype[0m [33mUser[0m } [36mfrom[0m 
[32m'@/lib/auth-store'[0m;

Import map: aliased to relative './src/features/ui/components/input' inside of [project]/frontend


Import trace:
  Server Component:
    ./frontend/src/components/auth/sign-in-form.tsx
    ./frontend/src/components/auth/sign-in-view.tsx
    ./frontend/src/app/auth/sign-in/page.tsx

https://nextjs.org/docs/messages/module-not-found


./frontend/src/components/auth/sign-in-password-field.tsx:4:1
Module not found: Can't resolve '@/features/ui/components/input'
  [90m2 |[0m
  [90m3 |[0m [36mimport[0m { [33mIcons[0m } [36mfrom[0m [32m'@/components/icons'[0m;
[31m[1m>[0m [90m4 |[0m [36mimport[0m { [33mInput[0m } [36mfrom[0m [32m'@/features/ui/components/input'[0m;
  [90m  |[0m [31m[1m^^^^^^^^^^^^^^^^^^^^^^^^^^^^^^^^^^^^^^^^^^^^^^^^^^^^^^^[0m
  [90m5 |[0m [36mimport[0m { [33mLabel[0m } [36mfrom[0m [32m'@/features/ui/components/label'[0m;
  [90m6 |[0m [36mimport[0m { cn } [36mfrom[0m [32m'@/lib/utils'[0m;
  [90m7 |[0m

Import map: aliased to relative './src/features/ui/components/input' inside of [project]/frontend


Import traces:
  Client Component Browser:
    ./frontend/src/components/auth/sign-in-password-field.tsx [Client Component Browser]
    ./frontend/src/components/auth/sign-in-form.tsx [Client Component Browser]
    ./frontend/src/components/auth/sign-in-form.tsx [Server Component]
    ./frontend/src/components/auth/sign-in-view.tsx [Server Component]
    ./frontend/src/app/auth/sign-in/page.tsx [Server Component]

  Client Component SSR:
    ./frontend/src/components/auth/sign-in-password-field.tsx [Client Component SSR]
    ./frontend/src/components/auth/sign-in-form.tsx [Client Component SSR]
    ./frontend/src/components/auth/sign-in-form.tsx [Server Component]
    ./frontend/src/components/auth/sign-in-view.tsx [Server Component]
    ./frontend/src/app/auth/sign-in/page.tsx [Server Component]

https://nextjs.org/docs/messages/module-not-found


./frontend/src/components/batches-admin/batch-form-fields.tsx:4:1
Module not found: Can't resolve '@/features/ui/components/input'
  [90m2 |[0m
  [90m3 |[0m [36mimport[0m [36mtype[0m { [33mDispatch[0m, [33mSetStateAction[0m } [36mfrom[0m 
[32m'react'[0m;
[31m[1m>[0m [90m4 |[0m [36mimport[0m { [33mInput[0m } [36mfrom[0m [32m'@/features/ui/components/input'[0m;
  [90m  |[0m [31m[1m^^^^^^^^^^^^^^^^^^^^^^^^^^^^^^^^^^^^^^^^^^^^^^^^^^^^^^^[0m
  [90m5 |[0m [36mimport[0m { [33mLabel[0m } [36mfrom[0m [32m'@/features/ui/components/label'[0m;
  [90m6 |[0m [36mimport[0m { [33mBatchSearchSelect[0m } [36mfrom[0m [32m'./batch-search-select'[0m;
  [90m7 |[0m

Import map: aliased to relative './src/features/ui/components/input' inside of [project]/frontend


Import traces:
  Client Component Browser:
    ./frontend/src/components/batches-admin/batch-form-fields.tsx [Client Component Browser]
    ./frontend/src/components/batches-admin/batch-form-sheet.tsx [Client Component Browser]
    ./frontend/src/components/batches-admin/batches-sections-tabs.tsx [Client Component Browser]
    ./frontend/src/components/batches-admin/admin-batches-page.tsx [Client Component Browser]
    ./frontend/src/app/dashboard/batches/page.tsx [Client Component Browser]
    ./frontend/src/app/dashboard/batches/page.tsx [Server Component]

  Client Component SSR:
    ./frontend/src/components/batches-admin/batch-form-fields.tsx [Client Component SSR]
    ./frontend/src/components/batches-admin/batch-form-sheet.tsx [Client Component SSR]
    ./frontend/src/components/batches-admin/batches-sections-tabs.tsx [Client Component SSR]
    ./frontend/src/components/batches-admin/admin-batches-page.tsx [Client Component SSR]
    ./frontend/src/app/dashboard/batches/page.tsx [Client Component SSR]
    ./frontend/src/app/dashboard/batches/page.tsx [Server Component]

https://nextjs.org/docs/messages/module-not-found


./frontend/src/components/batches-admin/section-add-students-modal.tsx:6:1
Module not found: Can't resolve '@/features/ui/components/input'
  [90m4 |[0m [36mimport[0m { [33mButton[0m } [36mfrom[0m [32m'@/features/ui/components/button'[0m;
  [90m5 |[0m [36mimport[0m { [33mCheckbox[0m } [36mfrom[0m [32m'@/features/ui/components/checkbox'[0m;
[31m[1m>[0m [90m6 |[0m [36mimport[0m { [33mInput[0m } [36mfrom[0m [32m'@/features/ui/components/input'[0m;
  [90m  |[0m [31m[1m^^^^^^^^^^^^^^^^^^^^^^^^^^^^^^^^^^^^^^^^^^^^^^^^^^^^^^^[0m
  [90m7 |[0m [36mimport[0m {
  [90m8 |[0m   [33mDialog[0m,
  [90m9 |[0m   [33mDialogContent[0m,

Import map: aliased to relative './src/features/ui/components/input' inside of [project]/frontend


Import traces:
  Client Component Browser:
    ./frontend/src/components/batches-admin/section-add-students-modal.tsx [Client Component Browser]
    ./frontend/src/components/batches-admin/section-row-actions.tsx [Client Component Browser]
    ./frontend/src/components/batches-admin/sections-admin-table.tsx [Client Component Browser]
    ./frontend/src/components/batches-admin/batches-sections-tabs.tsx [Client Component Browser]
    ./frontend/src/components/batches-admin/admin-batches-page.tsx [Client Component Browser]
    ./frontend/src/app/dashboard/batches/page.tsx [Client Component Browser]
    ./frontend/src/app/dashboard/batches/page.tsx [Server Component]

  Client Component SSR:
    ./frontend/src/components/batches-admin/section-add-students-modal.tsx [Client Component SSR]
    ./frontend/src/components/batches-admin/section-row-actions.tsx [Client Component SSR]
    ./frontend/src/components/batches-admin/sections-admin-table.tsx [Client Component SSR]
    ./frontend/src/components/batches-admin/batches-sections-tabs.tsx [Client Component SSR]
    ./frontend/src/components/batches-admin/admin-batches-page.tsx [Client Component SSR]
    ./frontend/src/app/dashboard/batches/page.tsx [Client Component SSR]
    ./frontend/src/app/dashboard/batches/page.tsx [Server Component]

https://nextjs.org/docs/messages/module-not-found


./frontend/src/components/batches-admin/section-form-sheet.tsx:5:1
Module not found: Can't resolve '@/features/ui/components/input'
  [90m3 |[0m [36mimport[0m { useEffect, useMemo, useState, [36mtype[0m [33mFormEvent[0m } [36mfrom[0m 
[32m'react'[0m;
  [90m4 |[0m [36mimport[0m { [33mPosFormModal[0m } [36mfrom[0m 
[32m'@/features/pos/components/pos-form-modal'[0m;
[31m[1m>[0m [90m5 |[0m [36mimport[0m { [33mInput[0m } [36mfrom[0m [32m'@/features/ui/components/input'[0m;
  [90m  |[0m [31m[1m^^^^^^^^^^^^^^^^^^^^^^^^^^^^^^^^^^^^^^^^^^^^^^^^^^^^^^^[0m
  [90m6 |[0m [36mimport[0m { [33mLabel[0m } [36mfrom[0m [32m'@/features/ui/components/label'[0m;
  [90m7 |[0m [36mimport[0m { useMutation, useQueryClient } [36mfrom[0m [32m'@/lib/async-query'[0m;
  [90m8 |[0m [36mimport[0m { handleApiError, showToast } [36mfrom[0m [32m'@/lib/notifications'[0m;

Import map: aliased to relative './src/features/ui/components/input' inside of [project]/frontend


Import traces:
  Client Component Browser:
    ./frontend/src/components/batches-admin/section-form-sheet.tsx [Client Component Browser]
    ./frontend/src/components/batches-admin/batches-sections-tabs.tsx [Client Component Browser]
    ./frontend/src/components/batches-admin/admin-batches-page.tsx [Client Component Browser]
    ./frontend/src/app/dashboard/batches/page.tsx [Client Component Browser]
    ./frontend/src/app/dashboard/batches/page.tsx [Server Component]

  Client Component SSR:
    ./frontend/src/components/batches-admin/section-form-sheet.tsx [Client Component SSR]
    ./frontend/src/components/batches-admin/batches-sections-tabs.tsx [Client Component SSR]
    ./frontend/src/components/batches-admin/admin-batches-page.tsx [Client Component SSR]
    ./frontend/src/app/dashboard/batches/page.tsx [Client Component SSR]
    ./frontend/src/app/dashboard/batches/page.tsx [Server Component]

https://nextjs.org/docs/messages/module-not-found


./frontend/src/components/discussions/channel/channel-search-popover-header.tsx:5:1
Module not found: Can't resolve '@/features/ui/components/input'
  [90m3 |[0m [36mimport[0m [36mtype[0m { [33mRefObject[0m } [36mfrom[0m [32m'react'[0m;
  [90m4 |[0m [36mimport[0m { [33mIcons[0m } [36mfrom[0m [32m'@/components/icons'[0m;
[31m[1m>[0m [90m5 |[0m [36mimport[0m { [33mInput[0m } [36mfrom[0m [32m'@/features/ui/components/input'[0m;
  [90m  |[0m [31m[1m^^^^^^^^^^^^^^^^^^^^^^^^^^^^^^^^^^^^^^^^^^^^^^^^^^^^^^^[0m
  [90m6 |[0m [36mimport[0m { cn } [36mfrom[0m [32m'@/lib/utils'[0m;
  [90m7 |[0m [36mimport[0m [36mtype[0m { [33mSearchFilterParams[0m } [36mfrom[0m 
[32m'@/lib/discussions/queries/queries'[0m;
  [90m8 |[0m [36mimport[0m { [33mFilterChips[0m } [36mfrom[0m [32m'./channel-search-filter-chips'[0m;

Import map: aliased to relative './src/features/ui/components/input' inside of [project]/frontend


Import traces:
  Client Component Browser:
    ./frontend/src/components/discussions/channel/channel-search-popover-header.tsx [Client Component Browser]
    ./frontend/src/components/discussions/channel/channel-search-popover.tsx [Client Component Browser]
    ./frontend/src/components/discussions/channel/channel-pane/channel-pane-header.tsx [Client Component Browser]
    ./frontend/src/components/discussions/channel/channel-pane/channel-pane.tsx [Client Component Browser]
    ./frontend/src/app/dashboard/messages/page.tsx [Client Component Browser]
    ./frontend/src/app/dashboard/messages/page.tsx [Server Component]

  Client Component SSR:
    ./frontend/src/components/discussions/channel/channel-search-popover-header.tsx [Client Component SSR]
    ./frontend/src/components/discussions/channel/channel-search-popover.tsx [Client Component SSR]
    ./frontend/src/components/discussions/channel/channel-pane/channel-pane-header.tsx [Client Component SSR]
    ./frontend/src/components/discussions/channel/channel-pane/channel-pane.tsx [Client Component SSR]
    ./frontend/src/app/dashboard/messages/page.tsx [Client Component SSR]
    ./frontend/src/app/dashboard/messages/page.tsx [Server Component]

https://nextjs.org/docs/messages/module-not-found


./frontend/src/components/discussions/channel/manage/danger-zone-tab.tsx:15:1
Module not found: Can't resolve '@/features/ui/components/input'
  [90m13 |[0m   [33mAlertDialogTitle[0m
  [90m14 |[0m } [36mfrom[0m [32m'@/features/ui/components/alert-dialog'[0m;
[31m[1m>[0m [90m15 |[0m [36mimport[0m { [33mInput[0m } [36mfrom[0m 
[32m'@/features/ui/components/input'[0m;
  [90m   |[0m [31m[1m^^^^^^^^^^^^^^^^^^^^^^^^^^^^^^^^^^^^^^^^^^^^^^^^^^^^^^^[0m
  [90m16 |[0m [36mimport[0m { [33mLabel[0m } [36mfrom[0m [32m'@/features/ui/components/label'[0m;
  [90m17 |[0m [36mimport[0m { [33mIcons[0m } [36mfrom[0m [32m'@/components/icons'[0m;
  [90m18 |[0m [36mimport[0m { confirmAction } [36mfrom[0m [32m'@/lib/notifications'[0m;

Import map: aliased to relative './src/features/ui/components/input' inside of [project]/frontend


Import traces:
  Client Component Browser:
    ./frontend/src/components/discussions/channel/manage/danger-zone-tab.tsx [Client Component Browser]
    ./frontend/src/components/discussions/channel/channel-settings/channel-settings-tabs.tsx [Client Component Browser]
    ./frontend/src/components/discussions/channel/channel-settings/channel-settings-dialog.tsx [Client Component 
Browser]
    ./frontend/src/components/discussions/channel/channel-pane/channel-pane.tsx [Client Component Browser]
    ./frontend/src/app/dashboard/messages/page.tsx [Client Component Browser]
    ./frontend/src/app/dashboard/messages/page.tsx [Server Component]

  Client Component SSR:
    ./frontend/src/components/discussions/channel/manage/danger-zone-tab.tsx [Client Component SSR]
    ./frontend/src/components/discussions/channel/channel-settings/channel-settings-tabs.tsx [Client Component SSR]
    ./frontend/src/components/discussions/channel/channel-settings/channel-settings-dialog.tsx [Client Component SSR]
    ./frontend/src/components/discussions/channel/channel-pane/channel-pane.tsx [Client Component SSR]
    ./frontend/src/app/dashboard/messages/page.tsx [Client Component SSR]
    ./frontend/src/app/dashboard/messages/page.tsx [Server Component]

https://nextjs.org/docs/messages/module-not-found


./frontend/src/components/discussions/channel/manage/members/members-tab.tsx:3:1
Module not found: Can't resolve '@/features/ui/components/input'
  [90m1 |[0m [32m'use client'[0m
  [90m2 |[0m
[31m[1m>[0m [90m3 |[0m [36mimport[0m { [33mInput[0m } [36mfrom[0m [32m'@/features/ui/components/input'[0m
  [90m  |[0m [31m[1m^^^^^^^^^^^^^^^^^^^^^^^^^^^^^^^^^^^^^^^^^^^^^^^^^^^^^^[0m
  [90m4 |[0m [36mimport[0m { [33mSkeleton[0m } [36mfrom[0m [32m'@/features/ui/components/skeleton'[0m
  [90m5 |[0m [36mimport[0m { [33mIcons[0m } [36mfrom[0m [32m'@/components/icons'[0m
  [90m6 |[0m [36mimport[0m [36mtype[0m { [33mDiscussionChannel[0m } [36mfrom[0m 
[32m'@/lib/discussions/queries'[0m

Import map: aliased to relative './src/features/ui/components/input' inside of [project]/frontend


Import traces:
  Client Component Browser:
    ./frontend/src/components/discussions/channel/manage/members/members-tab.tsx [Client Component Browser]
    ./frontend/src/components/discussions/channel/channel-settings/channel-settings-tabs.tsx [Client Component Browser]
    ./frontend/src/components/discussions/channel/channel-settings/channel-settings-dialog.tsx [Client Component 
Browser]
    ./frontend/src/components/discussions/channel/channel-pane/channel-pane.tsx [Client Component Browser]
    ./frontend/src/app/dashboard/messages/page.tsx [Client Component Browser]
    ./frontend/src/app/dashboard/messages/page.tsx [Server Component]

  Client Component SSR:
    ./frontend/src/components/discussions/channel/manage/members/members-tab.tsx [Client Component SSR]
    ./frontend/src/components/discussions/channel/channel-settings/channel-settings-tabs.tsx [Client Component SSR]
    ./frontend/src/components/discussions/channel/channel-settings/channel-settings-dialog.tsx [Client Component SSR]
    ./frontend/src/components/discussions/channel/channel-pane/channel-pane.tsx [Client Component SSR]
    ./frontend/src/app/dashboard/messages/page.tsx [Client Component SSR]
    ./frontend/src/app/dashboard/messages/page.tsx [Server Component]

https://nextjs.org/docs/messages/module-not-found


./frontend/src/components/discussions/channel/manage/overview/overview-fields.tsx:3:1
Module not found: Can't resolve '@/features/ui/components/input'
  [90m1 |[0m [32m'use client'[0m
  [90m2 |[0m
[31m[1m>[0m [90m3 |[0m [36mimport[0m { [33mInput[0m } [36mfrom[0m [32m'@/features/ui/components/input'[0m
  [90m  |[0m [31m[1m^^^^^^^^^^^^^^^^^^^^^^^^^^^^^^^^^^^^^^^^^^^^^^^^^^^^^^[0m
  [90m4 |[0m [36mimport[0m { [33mLabel[0m } [36mfrom[0m [32m'@/features/ui/components/label'[0m
  [90m5 |[0m [36mimport[0m { [33mTextarea[0m } [36mfrom[0m [32m'@/features/ui/components/textarea'[0m
  [90m6 |[0m [36mimport[0m { [33mNAME_MAX[0m, [33mTOPIC_MAX[0m } [36mfrom[0m [32m'./constants'[0m

Import map: aliased to relative './src/features/ui/components/input' inside of [project]/frontend


Import traces:
  Client Component Browser:
    ./frontend/src/components/discussions/channel/manage/overview/overview-fields.tsx [Client Component Browser]
    ./frontend/src/components/discussions/channel/manage/overview/overview-tab.tsx [Client Component Browser]
    ./frontend/src/components/discussions/channel/channel-settings/channel-settings-tabs.tsx [Client Component Browser]
    ./frontend/src/components/discussions/channel/channel-settings/channel-settings-dialog.tsx [Client Component 
Browser]
    ./frontend/src/components/discussions/channel/channel-pane/channel-pane.tsx [Client Component Browser]
    ./frontend/src/app/dashboard/messages/page.tsx [Client Component Browser]
    ./frontend/src/app/dashboard/messages/page.tsx [Server Component]

  Client Component SSR:
    ./frontend/src/components/discussions/channel/manage/overview/overview-fields.tsx [Client Component SSR]
    ./frontend/src/components/discussions/channel/manage/overview/overview-tab.tsx [Client Component SSR]
    ./frontend/src/components/discussions/channel/channel-settings/channel-settings-tabs.tsx [Client Component SSR]
    ./frontend/src/components/discussions/channel/channel-settings/channel-settings-dialog.tsx [Client Component SSR]
    ./frontend/src/components/discussions/channel/channel-pane/channel-pane.tsx [Client Component SSR]
    ./frontend/src/app/dashboard/messages/page.tsx [Client Component SSR]
    ./frontend/src/app/dashboard/messages/page.tsx [Server Component]

https://nextjs.org/docs/messages/module-not-found


./frontend/src/components/discussions/channel/manage/permissions/add-target-menu.tsx:13:1
Module not found: Can't resolve '@/features/ui/components/input'
  [90m11 |[0m   [33mDropdownMenuTrigger[0m
  [90m12 |[0m } [36mfrom[0m [32m'@/features/ui/components/dropdown-menu'[0m;
[31m[1m>[0m [90m13 |[0m [36mimport[0m { [33mInput[0m } [36mfrom[0m 
[32m'@/features/ui/components/input'[0m;
  [90m   |[0m [31m[1m^^^^^^^^^^^^^^^^^^^^^^^^^^^^^^^^^^^^^^^^^^^^^^^^^^^^^^^[0m
  [90m14 |[0m [36mimport[0m { [33mIcons[0m } [36mfrom[0m [32m'@/components/icons'[0m;
  [90m15 |[0m [36mimport[0m [36mtype[0m { [33mDiscussionOverwriteTarget[0m } [36mfrom[0m 
[32m'@/lib/discussions/queries'[0m;
  [90m16 |[0m

Import map: aliased to relative './src/features/ui/components/input' inside of [project]/frontend


Import traces:
  Client Component Browser:
    ./frontend/src/components/discussions/channel/manage/permissions/add-target-menu.tsx [Client Component Browser]
    ./frontend/src/components/discussions/channel/manage/permissions/overwrite-list.tsx [Client Component Browser]
    ./frontend/src/components/discussions/channel/manage/permissions/permissions-tab.tsx [Client Component Browser]
    ./frontend/src/components/discussions/channel/channel-settings/channel-settings-tabs.tsx [Client Component Browser]
    ./frontend/src/components/discussions/channel/channel-settings/channel-settings-dialog.tsx [Client Component 
Browser]
    ./frontend/src/components/discussions/channel/channel-pane/channel-pane.tsx [Client Component Browser]
    ./frontend/src/app/dashboard/messages/page.tsx [Client Component Browser]
    ./frontend/src/app/dashboard/messages/page.tsx [Server Component]

  Client Component SSR:
    ./frontend/src/components/discussions/channel/manage/permissions/add-target-menu.tsx [Client Component SSR]
    ./frontend/src/components/discussions/channel/manage/permissions/overwrite-list.tsx [Client Component SSR]
    ./frontend/src/components/discussions/channel/manage/permissions/permissions-tab.tsx [Client Component SSR]
    ./frontend/src/components/discussions/channel/channel-settings/channel-settings-tabs.tsx [Client Component SSR]
    ./frontend/src/components/discussions/channel/channel-settings/channel-settings-dialog.tsx [Client Component SSR]
    ./frontend/src/components/discussions/channel/channel-pane/channel-pane.tsx [Client Component SSR]
    ./frontend/src/app/dashboard/messages/page.tsx [Client Component SSR]
    ./frontend/src/app/dashboard/messages/page.tsx [Server Component]

https://nextjs.org/docs/messages/module-not-found


./frontend/src/components/discussions/details/details-about-members.tsx:7:1
Module not found: Can't resolve '@/features/ui/components/input'
  [90m 5 |[0m   [33mAccordionTrigger[0m,
  [90m 6 |[0m } [36mfrom[0m [32m'@/features/ui/components/accordion'[0m
[31m[1m>[0m [90m 7 |[0m [36mimport[0m { [33mInput[0m } [36mfrom[0m [32m'@/features/ui/components/input'[0m
  [90m   |[0m [31m[1m^^^^^^^^^^^^^^^^^^^^^^^^^^^^^^^^^^^^^^^^^^^^^^^^^^^^^^[0m
  [90m 8 |[0m [36mimport[0m { [33mIcons[0m } [36mfrom[0m [32m'@/components/icons'[0m
  [90m 9 |[0m [36mimport[0m [36mtype[0m { [33mChannelMember[0m, [33mPresenceState[0m } [36mfrom[0m 
[32m'@/lib/discussions/queries/types'[0m
  [90m10 |[0m [36mimport[0m { [33mMemberRow[0m } [36mfrom[0m [32m'./member-row'[0m

Import map: aliased to relative './src/features/ui/components/input' inside of [project]/frontend


Import traces:
  Client Component Browser:
    ./frontend/src/components/discussions/details/details-about-members.tsx [Client Component Browser]
    ./frontend/src/components/discussions/details/details-members-tab.tsx [Client Component Browser]
    ./frontend/src/components/discussions/details/details-panel.tsx [Client Component Browser]
    ./frontend/src/components/discussions/channel/channel-pane/channel-pane.tsx [Client Component Browser]
    ./frontend/src/app/dashboard/messages/page.tsx [Client Component Browser]
    ./frontend/src/app/dashboard/messages/page.tsx [Server Component]

  Client Component SSR:
    ./frontend/src/components/discussions/details/details-about-members.tsx [Client Component SSR]
    ./frontend/src/components/discussions/details/details-members-tab.tsx [Client Component SSR]
    ./frontend/src/components/discussions/details/details-panel.tsx [Client Component SSR]
    ./frontend/src/components/discussions/channel/channel-pane/channel-pane.tsx [Client Component SSR]
    ./frontend/src/app/dashboard/messages/page.tsx [Client Component SSR]
    ./frontend/src/app/dashboard/messages/page.tsx [Server Component]

https://nextjs.org/docs/messages/module-not-found


./frontend/src/components/discussions/details/details-files-tab.tsx:4:1
Module not found: Can't resolve '@/features/ui/components/input'
  [90m2 |[0m
  [90m3 |[0m [36mimport[0m { [33mPaperclip[0m, [33mSearch[0m } [36mfrom[0m [32m'lucide-react'[0m;
[31m[1m>[0m [90m4 |[0m [36mimport[0m { [33mInput[0m } [36mfrom[0m [32m'@/features/ui/components/input'[0m;
  [90m  |[0m [31m[1m^^^^^^^^^^^^^^^^^^^^^^^^^^^^^^^^^^^^^^^^^^^^^^^^^^^^^^^[0m
  [90m5 |[0m [36mimport[0m { fileNameFromUrl } [36mfrom[0m [32m'./details-helpers'[0m;
  [90m6 |[0m [36mimport[0m [36mtype[0m { [33mAggregatedAttachment[0m } [36mfrom[0m 
[32m'./attachment-row'[0m;
  [90m7 |[0m

Import map: aliased to relative './src/features/ui/components/input' inside of [project]/frontend


Import traces:
  Client Component Browser:
    ./frontend/src/components/discussions/details/details-files-tab.tsx [Client Component Browser]
    ./frontend/src/components/discussions/details/details-panel.tsx [Client Component Browser]
    ./frontend/src/components/discussions/channel/channel-pane/channel-pane.tsx [Client Component Browser]
    ./frontend/src/app/dashboard/messages/page.tsx [Client Component Browser]
    ./frontend/src/app/dashboard/messages/page.tsx [Server Component]

  Client Component SSR:
    ./frontend/src/components/discussions/details/details-files-tab.tsx [Client Component SSR]
    ./frontend/src/components/discussions/details/details-panel.tsx [Client Component SSR]
    ./frontend/src/components/discussions/channel/channel-pane/channel-pane.tsx [Client Component SSR]
    ./frontend/src/app/dashboard/messages/page.tsx [Client Component SSR]
    ./frontend/src/app/dashboard/messages/page.tsx [Server Component]

https://nextjs.org/docs/messages/module-not-found


./frontend/src/components/discussions/details/details-members-tab.tsx:4:1
Module not found: Can't resolve '@/features/ui/components/input'
  [90m2 |[0m
  [90m3 |[0m [36mimport[0m { [33mSearch[0m } [36mfrom[0m [32m'lucide-react'[0m;
[31m[1m>[0m [90m4 |[0m [36mimport[0m { [33mInput[0m } [36mfrom[0m [32m'@/features/ui/components/input'[0m;
  [90m  |[0m [31m[1m^^^^^^^^^^^^^^^^^^^^^^^^^^^^^^^^^^^^^^^^^^^^^^^^^^^^^^^[0m
  [90m5 |[0m [36mimport[0m { [33mDetailsAboutMembers[0m } [36mfrom[0m [32m'./details-about-members'[0m;
  [90m6 |[0m [36mimport[0m [36mtype[0m { [33mChannelMember[0m, [33mPresenceState[0m } [36mfrom[0m 
[32m'@/lib/discussions/queries/types'[0m;
  [90m7 |[0m [36mimport[0m [36mtype[0m { [33mAggregatedAttachment[0m } [36mfrom[0m 
[32m'./attachment-row'[0m;

Import map: aliased to relative './src/features/ui/components/input' inside of [project]/frontend


Import traces:
  Client Component Browser:
    ./frontend/src/components/discussions/details/details-members-tab.tsx [Client Component Browser]
    ./frontend/src/components/discussions/details/details-panel.tsx [Client Component Browser]
    ./frontend/src/components/discussions/channel/channel-pane/channel-pane.tsx [Client Component Browser]
    ./frontend/src/app/dashboard/messages/page.tsx [Client Component Browser]
    ./frontend/src/app/dashboard/messages/page.tsx [Server Component]

  Client Component SSR:
    ./frontend/src/components/discussions/details/details-members-tab.tsx [Client Component SSR]
    ./frontend/src/components/discussions/details/details-panel.tsx [Client Component SSR]
    ./frontend/src/components/discussions/channel/channel-pane/channel-pane.tsx [Client Component SSR]
    ./frontend/src/app/dashboard/messages/page.tsx [Client Component SSR]
    ./frontend/src/app/dashboard/messages/page.tsx [Server Component]

https://nextjs.org/docs/messages/module-not-found


./frontend/src/components/discussions/dms/dm-create/dm-candidate-picker.tsx:6:1
Module not found: Can't resolve '@/features/ui/components/input'
  [90m4 |[0m [36mimport[0m { useMemo, useState } [36mfrom[0m [32m'react'[0m
  [90m5 |[0m [36mimport[0m { [33mButton[0m } [36mfrom[0m [32m'@/features/ui/components/button'[0m
[31m[1m>[0m [90m6 |[0m [36mimport[0m { [33mInput[0m } [36mfrom[0m [32m'@/features/ui/components/input'[0m
  [90m  |[0m [31m[1m^^^^^^^^^^^^^^^^^^^^^^^^^^^^^^^^^^^^^^^^^^^^^^^^^^^^^^[0m
  [90m7 |[0m [36mimport[0m { [33mIcons[0m } [36mfrom[0m [32m'@/components/icons'[0m
  [90m8 |[0m [36mimport[0m [36mtype[0m { [33mGroupDmCandidate[0m } [36mfrom[0m 
[32m'@/lib/discussions/queries/types'[0m
  [90m9 |[0m [36mimport[0m { [33mMAX_OTHER_MEMBERS[0m } [36mfrom[0m [32m'./constants'[0m

Import map: aliased to relative './src/features/ui/components/input' inside of [project]/frontend


Import traces:
  Client Component Browser:
    ./frontend/src/components/discussions/dms/dm-create/dm-candidate-picker.tsx [Client Component Browser]
    ./frontend/src/components/discussions/dms/dm-add-members/add-members-dialog.tsx [Client Component Browser]
    ./frontend/src/components/discussions/dms/dm-pane/dm-pane.tsx [Client Component Browser]
    ./frontend/src/app/dashboard/messages/page.tsx [Client Component Browser]
    ./frontend/src/app/dashboard/messages/page.tsx [Server Component]

  Client Component SSR:
    ./frontend/src/components/discussions/dms/dm-create/dm-candidate-picker.tsx [Client Component SSR]
    ./frontend/src/components/discussions/dms/dm-add-members/add-members-dialog.tsx [Client Component SSR]
    ./frontend/src/components/discussions/dms/dm-pane/dm-pane.tsx [Client Component SSR]
    ./frontend/src/app/dashboard/messages/page.tsx [Client Component SSR]
    ./frontend/src/app/dashboard/messages/page.tsx [Server Component]

https://nextjs.org/docs/messages/module-not-found


./frontend/src/components/discussions/dms/dm-pane/rename-dm-dialog.tsx:15:1
Module not found: Can't resolve '@/features/ui/components/input'
  [90m13 |[0m   [33mDialogTitle[0m
  [90m14 |[0m } [36mfrom[0m [32m'@/features/ui/components/dialog'[0m
[31m[1m>[0m [90m15 |[0m [36mimport[0m { [33mInput[0m } [36mfrom[0m [32m'@/features/ui/components/input'[0m
  [90m   |[0m [31m[1m^^^^^^^^^^^^^^^^^^^^^^^^^^^^^^^^^^^^^^^^^^^^^^^^^^^^^^[0m
  [90m16 |[0m [36mimport[0m { [33mLabel[0m } [36mfrom[0m [32m'@/features/ui/components/label'[0m
  [90m17 |[0m [36mimport[0m { [33mIcons[0m } [36mfrom[0m [32m'@/components/icons'[0m
  [90m18 |[0m [36mimport[0m { [33mImageIcon[0m, [33mLoader2[0m, [33mRefreshCcw[0m, [33mTrash2[0m } 
[36mfrom[0m [32m'lucide-react'[0m

Import map: aliased to relative './src/features/ui/components/input' inside of [project]/frontend


Import traces:
  Client Component Browser:
    ./frontend/src/components/discussions/dms/dm-pane/rename-dm-dialog.tsx [Client Component Browser]
    ./frontend/src/components/discussions/dms/dm-pane/dm-pane.tsx [Client Component Browser]
    ./frontend/src/app/dashboard/messages/page.tsx [Client Component Browser]
    ./frontend/src/app/dashboard/messages/page.tsx [Server Component]

  Client Component SSR:
    ./frontend/src/components/discussions/dms/dm-pane/rename-dm-dialog.tsx [Client Component SSR]
    ./frontend/src/components/discussions/dms/dm-pane/dm-pane.tsx [Client Component SSR]
    ./frontend/src/app/dashboard/messages/page.tsx [Client Component SSR]
    ./frontend/src/app/dashboard/messages/page.tsx [Server Component]

https://nextjs.org/docs/messages/module-not-found


./frontend/src/components/inbox/inbox-list-header.tsx:5:1
Module not found: Can't resolve '@/features/ui/components/input'
  [90m3 |[0m [36mimport[0m { useRouter } [36mfrom[0m [32m'next/navigation'[0m;
  [90m4 |[0m [36mimport[0m { [33mLandmark[0m, [33mPencil[0m, [33mPlus[0m, [33mSearch[0m, [33mUser[0m, 
[33mUsers[0m } [36mfrom[0m [32m'lucide-react'[0m;
[31m[1m>[0m [90m5 |[0m [36mimport[0m { [33mInput[0m } [36mfrom[0m [32m'@/features/ui/components/input'[0m;
  [90m  |[0m [31m[1m^^^^^^^^^^^^^^^^^^^^^^^^^^^^^^^^^^^^^^^^^^^^^^^^^^^^^^^[0m
  [90m6 |[0m [36mimport[0m { [33mButton[0m } [36mfrom[0m [32m'@/features/ui/components/button'[0m;
  [90m7 |[0m [36mimport[0m {
  [90m8 |[0m   [33mDropdownMenu[0m,

Import map: aliased to relative './src/features/ui/components/input' inside of [project]/frontend


Import traces:
  Client Component Browser:
    ./frontend/src/components/inbox/inbox-list-header.tsx [Client Component Browser]
    ./frontend/src/components/inbox/inbox-list.tsx [Client Component Browser]
    ./frontend/src/app/dashboard/messages/page.tsx [Client Component Browser]
    ./frontend/src/app/dashboard/messages/page.tsx [Server Component]

  Client Component SSR:
    ./frontend/src/components/inbox/inbox-list-header.tsx [Client Component SSR]
    ./frontend/src/components/inbox/inbox-list.tsx [Client Component SSR]
    ./frontend/src/app/dashboard/messages/page.tsx [Client Component SSR]
    ./frontend/src/app/dashboard/messages/page.tsx [Server Component]

https://nextjs.org/docs/messages/module-not-found


./frontend/src/components/inbox/messages-discover-pane.tsx:4:37
Module not found: Can't resolve '@/features/ui/components/input'
  [90m2 |[0m
  [90m3 |[0m [36mimport[0m { useMemo, useState } [36mfrom[0m [32m'react'[0m
[31m[1m>[0m [90m4 |[0m [36mimport[0m { [33mCompass[0m } [36mfrom[0m [32m'lucide-react'[0m
  [90m  |[0m                                     [31m[1m^[0m
[31m[1m>[0m [90m5 |[0m [36mimport[0m { [33mInput[0m } [36mfrom[0m [32m'@/features/ui/components/input'[0m
  [90m  |[0m [31m[1m^^^^^^^^^^^^^^^^^^^^^^^^^^^^^^^^^^^^^^^^^^^^^^^^^^^[0m
  [90m6 |[0m [36mimport[0m { [33mScrollArea[0m } [36mfrom[0m [32m'@/features/ui/components/scroll-area'[0m
  [90m7 |[0m [36mimport[0m { [33mIcons[0m } [36mfrom[0m [32m'@/components/icons'[0m
  [90m8 |[0m [36mimport[0m {

Import map: aliased to relative './src/features/ui/components/input' inside of [project]/frontend


Import traces:
  Client Component Browser:
    ./frontend/src/components/inbox/messages-discover-pane.tsx [Client Component Browser]
    ./frontend/src/app/dashboard/messages/page.tsx [Client Component Browser]
    ./frontend/src/app/dashboard/messages/page.tsx [Server Component]

  Client Component SSR:
    ./frontend/src/components/inbox/messages-discover-pane.tsx [Client Component SSR]
    ./frontend/src/app/dashboard/messages/page.tsx [Client Component SSR]
    ./frontend/src/app/dashboard/messages/page.tsx [Server Component]

https://nextjs.org/docs/messages/module-not-found


./frontend/src/components/inbox/new-message-dialog.tsx:13:1
Module not found: Can't resolve '@/features/ui/components/input'
  [90m11 |[0m   [33mDialogDescription[0m
  [90m12 |[0m } [36mfrom[0m [32m'@/features/ui/components/dialog'[0m;
[31m[1m>[0m [90m13 |[0m [36mimport[0m { [33mInput[0m } [36mfrom[0m 
[32m'@/features/ui/components/input'[0m;
  [90m   |[0m [31m[1m^^^^^^^^^^^^^^^^^^^^^^^^^^^^^^^^^^^^^^^^^^^^^^^^^^^^^^^[0m
  [90m14 |[0m [36mimport[0m { useAuthStore } [36mfrom[0m [32m'@/lib/auth-store'[0m;
  [90m15 |[0m [36mimport[0m { useGroupDmCandidates } [36mfrom[0m [32m'@/lib/discussions/queries'[0m;
  [90m16 |[0m [36mimport[0m { canDirectMessage, isOfficeStaffRole } [36mfrom[0m [32m'@shared/roles'[0m;

Import map: aliased to relative './src/features/ui/components/input' inside of [project]/frontend


Import traces:
  Client Component Browser:
    ./frontend/src/components/inbox/new-message-dialog.tsx [Client Component Browser]
    ./frontend/src/components/inbox/inbox-list.tsx [Client Component Browser]
    ./frontend/src/app/dashboard/messages/page.tsx [Client Component Browser]
    ./frontend/src/app/dashboard/messages/page.tsx [Server Component]

  Client Component SSR:
    ./frontend/src/components/inbox/new-message-dialog.tsx [Client Component SSR]
    ./frontend/src/components/inbox/inbox-list.tsx [Client Component SSR]
    ./frontend/src/app/dashboard/messages/page.tsx [Client Component SSR]
    ./frontend/src/app/dashboard/messages/page.tsx [Server Component]

https://nextjs.org/docs/messages/module-not-found


./frontend/src/components/notifications/notifications-page.tsx:8:1
Module not found: Can't resolve '@/features/ui/components/input'
  [90m 6 |[0m [36mimport[0m [33mPageContainer[0m [36mfrom[0m 
[32m'@/features/layout/components/page-container'[0m;
  [90m 7 |[0m [36mimport[0m { [33mButton[0m } [36mfrom[0m [32m'@/features/ui/components/button'[0m;
[31m[1m>[0m [90m 8 |[0m [36mimport[0m { [33mInput[0m } [36mfrom[0m 
[32m'@/features/ui/components/input'[0m;
  [90m   |[0m [31m[1m^^^^^^^^^^^^^^^^^^^^^^^^^^^^^^^^^^^^^^^^^^^^^^^^^^^^^^^[0m
  [90m 9 |[0m [36mimport[0m { [33mSkeleton[0m } [36mfrom[0m [32m'@/features/ui/components/skeleton'[0m;
  [90m10 |[0m [36mimport[0m { cn } [36mfrom[0m [32m'@/lib/utils'[0m;
  [90m11 |[0m [36mimport[0m { useNotificationFeed, [36mtype[0m [33mNotifItem[0m } [36mfrom[0m 
[32m'@/lib/notifications/services'[0m;

Import map: aliased to relative './src/features/ui/components/input' inside of [project]/frontend


Import trace:
  Server Component:
    ./frontend/src/components/notifications/notifications-page.tsx
    ./frontend/src/app/dashboard/notifications/page.tsx

https://nextjs.org/docs/messages/module-not-found


./frontend/src/components/offices/admin/create-office-dialog.tsx:6:1
Module not found: Can't resolve '@/features/ui/components/input'
  [90m4 |[0m [36mimport[0m { [33mLoader2[0m } [36mfrom[0m [32m'lucide-react'[0m;
  [90m5 |[0m [36mimport[0m { [33mButton[0m } [36mfrom[0m [32m'@/features/ui/components/button'[0m;
[31m[1m>[0m [90m6 |[0m [36mimport[0m { [33mInput[0m } [36mfrom[0m [32m'@/features/ui/components/input'[0m;
  [90m  |[0m [31m[1m^^^^^^^^^^^^^^^^^^^^^^^^^^^^^^^^^^^^^^^^^^^^^^^^^^^^^^^[0m
  [90m7 |[0m [36mimport[0m { [33mLabel[0m } [36mfrom[0m [32m'@/features/ui/components/label'[0m;
  [90m8 |[0m [36mimport[0m { [33mTextarea[0m } [36mfrom[0m [32m'@/features/ui/components/textarea'[0m;
  [90m9 |[0m [36mimport[0m {

Import map: aliased to relative './src/features/ui/components/input' inside of [project]/frontend


Import traces:
  Client Component Browser:
    ./frontend/src/components/offices/admin/create-office-dialog.tsx [Client Component Browser]
    ./frontend/src/components/offices/admin/offices-admin-page.tsx [Client Component Browser]
    ./frontend/src/components/offices/admin/offices-admin-page.tsx [Server Component]
    ./frontend/src/app/dashboard/admin/offices/page.tsx [Server Component]

  Client Component SSR:
    ./frontend/src/components/offices/admin/create-office-dialog.tsx [Client Component SSR]
    ./frontend/src/components/offices/admin/offices-admin-page.tsx [Client Component SSR]
    ./frontend/src/components/offices/admin/offices-admin-page.tsx [Server Component]
    ./frontend/src/app/dashboard/admin/offices/page.tsx [Server Component]

https://nextjs.org/docs/messages/module-not-found


./frontend/src/components/offices/admin/edit-office-dialog.tsx:6:1
Module not found: Can't resolve '@/features/ui/components/input'
  [90m4 |[0m [36mimport[0m { [33mLoader2[0m } [36mfrom[0m [32m'lucide-react'[0m;
  [90m5 |[0m [36mimport[0m { [33mButton[0m } [36mfrom[0m [32m'@/features/ui/components/button'[0m;
[31m[1m>[0m [90m6 |[0m [36mimport[0m { [33mInput[0m } [36mfrom[0m [32m'@/features/ui/components/input'[0m;
  [90m  |[0m [31m[1m^^^^^^^^^^^^^^^^^^^^^^^^^^^^^^^^^^^^^^^^^^^^^^^^^^^^^^^[0m
  [90m7 |[0m [36mimport[0m { [33mLabel[0m } [36mfrom[0m [32m'@/features/ui/components/label'[0m;
  [90m8 |[0m [36mimport[0m { [33mTextarea[0m } [36mfrom[0m [32m'@/features/ui/components/textarea'[0m;
  [90m9 |[0m [36mimport[0m {

Import map: aliased to relative './src/features/ui/components/input' inside of [project]/frontend


Import traces:
  Client Component Browser:
    ./frontend/src/components/offices/admin/edit-office-dialog.tsx [Client Component Browser]
    ./frontend/src/components/offices/admin/offices-admin-page.tsx [Client Component Browser]
    ./frontend/src/components/offices/admin/offices-admin-page.tsx [Server Component]
    ./frontend/src/app/dashboard/admin/offices/page.tsx [Server Component]

  Client Component SSR:
    ./frontend/src/components/offices/admin/edit-office-dialog.tsx [Client Component SSR]
    ./frontend/src/components/offices/admin/offices-admin-page.tsx [Client Component SSR]
    ./frontend/src/components/offices/admin/offices-admin-page.tsx [Server Component]
    ./frontend/src/app/dashboard/admin/offices/page.tsx [Server Component]

https://nextjs.org/docs/messages/module-not-found


./frontend/src/components/offices/admin/office-staff-add.tsx:5:1
Module not found: Can't resolve '@/features/ui/components/input'
  [90m3 |[0m [36mimport[0m [33mLink[0m [36mfrom[0m [32m'next/link'[0m;
  [90m4 |[0m [36mimport[0m { useDeferredValue, useMemo, useState } [36mfrom[0m [32m'react'[0m;
[31m[1m>[0m [90m5 |[0m [36mimport[0m { [33mInput[0m } [36mfrom[0m [32m'@/features/ui/components/input'[0m;
  [90m  |[0m [31m[1m^^^^^^^^^^^^^^^^^^^^^^^^^^^^^^^^^^^^^^^^^^^^^^^^^^^^^^^[0m
  [90m6 |[0m [36mimport[0m { [33mLabel[0m } [36mfrom[0m [32m'@/features/ui/components/label'[0m;
  [90m7 |[0m [36mimport[0m {
  [90m8 |[0m   [33mSelect[0m,

Import map: aliased to relative './src/features/ui/components/input' inside of [project]/frontend


Import traces:
  Client Component Browser:
    ./frontend/src/components/offices/admin/office-staff-add.tsx [Client Component Browser]
    ./frontend/src/components/offices/admin/office-staff-sheet.tsx [Client Component Browser]
    ./frontend/src/components/offices/admin/offices-admin-page.tsx [Client Component Browser]
    ./frontend/src/components/offices/admin/offices-admin-page.tsx [Server Component]
    ./frontend/src/app/dashboard/admin/offices/page.tsx [Server Component]

  Client Component SSR:
    ./frontend/src/components/offices/admin/office-staff-add.tsx [Client Component SSR]
    ./frontend/src/components/offices/admin/office-staff-sheet.tsx [Client Component SSR]
    ./frontend/src/components/offices/admin/offices-admin-page.tsx [Client Component SSR]
    ./frontend/src/components/offices/admin/offices-admin-page.tsx [Server Component]
    ./frontend/src/app/dashboard/admin/offices/page.tsx [Server Component]

https://nextjs.org/docs/messages/module-not-found


./frontend/src/components/offices/office-directory/start-office-dialog.tsx:5:1
Module not found: Can't resolve '@/features/ui/components/input'
  [90m3 |[0m [36mimport[0m { [33mLoader2[0m } [36mfrom[0m [32m'lucide-react'[0m;
  [90m4 |[0m [36mimport[0m { [33mButton[0m } [36mfrom[0m [32m'@/features/ui/components/button'[0m;
[31m[1m>[0m [90m5 |[0m [36mimport[0m { [33mInput[0m } [36mfrom[0m [32m'@/features/ui/components/input'[0m;
  [90m  |[0m [31m[1m^^^^^^^^^^^^^^^^^^^^^^^^^^^^^^^^^^^^^^^^^^^^^^^^^^^^^^^[0m
  [90m6 |[0m [36mimport[0m { [33mTextarea[0m } [36mfrom[0m [32m'@/features/ui/components/textarea'[0m;
  [90m7 |[0m [36mimport[0m { [33mLabel[0m } [36mfrom[0m [32m'@/features/ui/components/label'[0m;
  [90m8 |[0m [36mimport[0m {

Import map: aliased to relative './src/features/ui/components/input' inside of [project]/frontend


Import traces:
  Client Component Browser:
    ./frontend/src/components/offices/office-directory/start-office-dialog.tsx [Client Component Browser]
    ./frontend/src/components/offices/office-directory/office-directory.tsx [Client Component Browser]
    ./frontend/src/app/dashboard/offices/page.tsx [Client Component Browser]
    ./frontend/src/app/dashboard/offices/page.tsx [Server Component]

  Client Component SSR:
    ./frontend/src/components/offices/office-directory/start-office-dialog.tsx [Client Component SSR]
    ./frontend/src/components/offices/office-directory/office-directory.tsx [Client Component SSR]
    ./frontend/src/app/dashboard/offices/page.tsx [Client Component SSR]
    ./frontend/src/app/dashboard/offices/page.tsx [Server Component]

https://nextjs.org/docs/messages/module-not-found


./frontend/src/components/profile/profile-view/profile-password-card.tsx:7:1
Module not found: Can't resolve '@/features/ui/components/input'
  [90m 5 |[0m [36mimport[0m { toast } [36mfrom[0m [32m'sonner'[0m;
  [90m 6 |[0m [36mimport[0m { [33mButton[0m } [36mfrom[0m [32m'@/features/ui/components/button'[0m;
[31m[1m>[0m [90m 7 |[0m [36mimport[0m { [33mInput[0m } [36mfrom[0m 
[32m'@/features/ui/components/input'[0m;
  [90m   |[0m [31m[1m^^^^^^^^^^^^^^^^^^^^^^^^^^^^^^^^^^^^^^^^^^^^^^^^^^^^^^^[0m
  [90m 8 |[0m [36mimport[0m { [33mLabel[0m } [36mfrom[0m [32m'@/features/ui/components/label'[0m;
  [90m 9 |[0m [36mimport[0m { changeProfilePassword } [36mfrom[0m [32m'@/lib/profile/services'[0m;
  [90m10 |[0m [36mimport[0m { [33mProfileSectionHeading[0m } [36mfrom[0m [32m'./profile-section-heading'[0m;

Import map: aliased to relative './src/features/ui/components/input' inside of [project]/frontend


Import traces:
  Client Component Browser:
    ./frontend/src/components/profile/profile-view/profile-password-card.tsx [Client Component Browser]
    ./frontend/src/components/profile/profile-view-page.tsx [Client Component Browser]
    ./frontend/src/components/profile/profile-view-page.tsx [Server Component]
    ./frontend/src/app/dashboard/profile/[[...profile]]/page.tsx [Server Component]

  Client Component SSR:
    ./frontend/src/components/profile/profile-view/profile-password-card.tsx [Client Component SSR]
    ./frontend/src/components/profile/profile-view-page.tsx [Client Component SSR]
    ./frontend/src/components/profile/profile-view-page.tsx [Server Component]
    ./frontend/src/app/dashboard/profile/[[...profile]]/page.tsx [Server Component]

https://nextjs.org/docs/messages/module-not-found


./frontend/src/components/programs/program-form-fields.tsx:3:1
Module not found: Can't resolve '@/features/ui/components/input'
  [90m1 |[0m [32m'use client'[0m;
  [90m2 |[0m
[31m[1m>[0m [90m3 |[0m [36mimport[0m { [33mInput[0m } [36mfrom[0m [32m'@/features/ui/components/input'[0m;
  [90m  |[0m [31m[1m^^^^^^^^^^^^^^^^^^^^^^^^^^^^^^^^^^^^^^^^^^^^^^^^^^^^^^^[0m
  [90m4 |[0m [36mimport[0m { [33mLabel[0m } [36mfrom[0m [32m'@/features/ui/components/label'[0m;
  [90m5 |[0m [36mimport[0m { [33mSearchSelect[0m } [36mfrom[0m 
[32m'@/features/ui/components/search-select'[0m;
  [90m6 |[0m [36mimport[0m [36mtype[0m { [33mProgramInput[0m } [36mfrom[0m 
[32m'@/lib/programs/services'[0m;

Import map: aliased to relative './src/features/ui/components/input' inside of [project]/frontend


Import traces:
  Client Component Browser:
    ./frontend/src/components/programs/program-form-fields.tsx [Client Component Browser]
    ./frontend/src/components/programs/program-form-sheet.tsx [Client Component Browser]
    ./frontend/src/components/programs/programs-listing.tsx [Client Component Browser]
    ./frontend/src/components/programs/programs-listing.tsx [Server Component]
    ./frontend/src/app/dashboard/programs/page.tsx [Server Component]

  Client Component SSR:
    ./frontend/src/components/programs/program-form-fields.tsx [Client Component SSR]
    ./frontend/src/components/programs/program-form-sheet.tsx [Client Component SSR]
    ./frontend/src/components/programs/programs-listing.tsx [Client Component SSR]
    ./frontend/src/components/programs/programs-listing.tsx [Server Component]
    ./frontend/src/app/dashboard/programs/page.tsx [Server Component]

https://nextjs.org/docs/messages/module-not-found


./frontend/src/components/roles/create-role-dialog.tsx:6:1
Module not found: Can't resolve '@/features/ui/components/input'
  [90m4 |[0m [36mimport[0m { [33mLoader2[0m } [36mfrom[0m [32m'lucide-react'[0m;
  [90m5 |[0m [36mimport[0m { [33mButton[0m } [36mfrom[0m [32m'@/features/ui/components/button'[0m;
[31m[1m>[0m [90m6 |[0m [36mimport[0m { [33mInput[0m } [36mfrom[0m [32m'@/features/ui/components/input'[0m;
  [90m  |[0m [31m[1m^^^^^^^^^^^^^^^^^^^^^^^^^^^^^^^^^^^^^^^^^^^^^^^^^^^^^^^[0m
  [90m7 |[0m [36mimport[0m { [33mLabel[0m } [36mfrom[0m [32m'@/features/ui/components/label'[0m;
  [90m8 |[0m [36mimport[0m {
  [90m9 |[0m   [33mDialog[0m,

Import map: aliased to relative './src/features/ui/components/input' inside of [project]/frontend


Import traces:
  Client Component Browser:
    ./frontend/src/components/roles/create-role-dialog.tsx [Client Component Browser]
    ./frontend/src/components/roles/roles-admin-page.tsx [Client Component Browser]
    ./frontend/src/components/roles/roles-admin-page.tsx [Server Component]
    ./frontend/src/app/dashboard/admin/roles/page.tsx [Server Component]

  Client Component SSR:
    ./frontend/src/components/roles/create-role-dialog.tsx [Client Component SSR]
    ./frontend/src/components/roles/roles-admin-page.tsx [Client Component SSR]
    ./frontend/src/components/roles/roles-admin-page.tsx [Server Component]
    ./frontend/src/app/dashboard/admin/roles/page.tsx [Server Component]

https://nextjs.org/docs/messages/module-not-found


./frontend/src/components/academic-years-admin/academic-year-form-sheet.tsx:6:1
Module not found: Can't resolve '@/features/ui/components/label'
  [90m4 |[0m [36mimport[0m { [33mPosFormModal[0m } [36mfrom[0m 
[32m'@/features/pos/components/pos-form-modal'[0m;
  [90m5 |[0m [36mimport[0m { [33mInput[0m } [36mfrom[0m [32m'@/features/ui/components/input'[0m;
[31m[1m>[0m [90m6 |[0m [36mimport[0m { [33mLabel[0m } [36mfrom[0m [32m'@/features/ui/components/label'[0m;
  [90m  |[0m [31m[1m^^^^^^^^^^^^^^^^^^^^^^^^^^^^^^^^^^^^^^^^^^^^^^^^^^^^^^^[0m
  [90m7 |[0m [36mimport[0m { useMutation, useQuery, useQueryClient } [36mfrom[0m [32m'@/lib/async-query'[0m;
  [90m8 |[0m [36mimport[0m { handleApiError, showToast } [36mfrom[0m [32m'@/lib/notifications'[0m;
  [90m9 |[0m [36mimport[0m { adminAcademicYearsQueryKey } [36mfrom[0m 
[32m'@/lib/academic-years-admin/queries'[0m;

Import map: aliased to relative './src/features/ui/components/label' inside of [project]/frontend


Import traces:
  Client Component Browser:
    ./frontend/src/components/academic-years-admin/academic-year-form-sheet.tsx [Client Component Browser]
    ./frontend/src/components/academic-years-admin/admin-academic-years-page.tsx [Client Component Browser]
    ./frontend/src/app/dashboard/academic-years/page.tsx [Client Component Browser]
    ./frontend/src/app/dashboard/academic-years/page.tsx [Server Component]

  Client Component SSR:
    ./frontend/src/components/academic-years-admin/academic-year-form-sheet.tsx [Client Component SSR]
    ./frontend/src/components/academic-years-admin/admin-academic-years-page.tsx [Client Component SSR]
    ./frontend/src/app/dashboard/academic-years/page.tsx [Client Component SSR]
    ./frontend/src/app/dashboard/academic-years/page.tsx [Server Component]

https://nextjs.org/docs/messages/module-not-found


./frontend/src/components/academic-years-admin/semester-form-sheet.tsx:6:1
Module not found: Can't resolve '@/features/ui/components/label'
  [90m4 |[0m [36mimport[0m { [33mPosFormModal[0m } [36mfrom[0m 
[32m'@/features/pos/components/pos-form-modal'[0m;
  [90m5 |[0m [36mimport[0m { [33mInput[0m } [36mfrom[0m [32m'@/features/ui/components/input'[0m;
[31m[1m>[0m [90m6 |[0m [36mimport[0m { [33mLabel[0m } [36mfrom[0m [32m'@/features/ui/components/label'[0m;
  [90m  |[0m [31m[1m^^^^^^^^^^^^^^^^^^^^^^^^^^^^^^^^^^^^^^^^^^^^^^^^^^^^^^^[0m
  [90m7 |[0m [36mimport[0m { useMutation, useQueryClient } [36mfrom[0m [32m'@/lib/async-query'[0m;
  [90m8 |[0m [36mimport[0m { handleApiError, showToast } [36mfrom[0m [32m'@/lib/notifications'[0m;
  [90m9 |[0m [36mimport[0m { adminAcademicYearsQueryKey } [36mfrom[0m 
[32m'@/lib/academic-years-admin/queries'[0m;

Import map: aliased to relative './src/features/ui/components/label' inside of [project]/frontend


Import traces:
  Client Component Browser:
    ./frontend/src/components/academic-years-admin/semester-form-sheet.tsx [Client Component Browser]
    ./frontend/src/components/academic-years-admin/academic-year-row-actions.tsx [Client Component Browser]
    ./frontend/src/components/academic-years-admin/academic-year-table-row.tsx [Client Component Browser]
    ./frontend/src/components/academic-years-admin/academic-years-table.tsx [Client Component Browser]
    ./frontend/src/components/academic-years-admin/admin-academic-years-page.tsx [Client Component Browser]
    ./frontend/src/app/dashboard/academic-years/page.tsx [Client Component Browser]
    ./frontend/src/app/dashboard/academic-years/page.tsx [Server Component]

  Client Component SSR:
    ./frontend/src/components/academic-years-admin/semester-form-sheet.tsx [Client Component SSR]
    ./frontend/src/components/academic-years-admin/academic-year-row-actions.tsx [Client Component SSR]
    ./frontend/src/components/academic-years-admin/academic-year-table-row.tsx [Client Component SSR]
    ./frontend/src/components/academic-years-admin/academic-years-table.tsx [Client Component SSR]
    ./frontend/src/components/academic-years-admin/admin-academic-years-page.tsx [Client Component SSR]
    ./frontend/src/app/dashboard/academic-years/page.tsx [Client Component SSR]
    ./frontend/src/app/dashboard/academic-years/page.tsx [Server Component]

https://nextjs.org/docs/messages/module-not-found


./frontend/src/components/announcements/create-dialog/step-compose.tsx:4:1
Module not found: Can't resolve '@/features/ui/components/label'
  [90m2 |[0m
  [90m3 |[0m [36mimport[0m { [33mInput[0m } [36mfrom[0m [32m'@/features/ui/components/input'[0m;
[31m[1m>[0m [90m4 |[0m [36mimport[0m { [33mLabel[0m } [36mfrom[0m [32m'@/features/ui/components/label'[0m;
  [90m  |[0m [31m[1m^^^^^^^^^^^^^^^^^^^^^^^^^^^^^^^^^^^^^^^^^^^^^^^^^^^^^^^[0m
  [90m5 |[0m [36mimport[0m { [33mIcons[0m } [36mfrom[0m [32m'@/components/icons'[0m;
  [90m6 |[0m [36mimport[0m { cn } [36mfrom[0m [32m'@/lib/utils'[0m;
  [90m7 |[0m [36mimport[0m { [33mAnnouncementRichEditor[0m, computeReadability } [36mfrom[0m 
[32m'../announcement-rich-editor'[0m;

Import map: aliased to relative './src/features/ui/components/label' inside of [project]/frontend


Import traces:
  Client Component Browser:
    ./frontend/src/components/announcements/create-dialog/step-compose.tsx [Client Component Browser]
    ./frontend/src/components/announcements/create-dialog/create-dialog-body.tsx [Client Component Browser]
    ./frontend/src/components/announcements/create-dialog.tsx [Client Component Browser]
    ./frontend/src/components/announcements/announcements-view.tsx [Client Component Browser]
    ./frontend/src/components/announcements/announcements-view.tsx [Server Component]
    ./frontend/src/app/dashboard/announcements/page.tsx [Server Component]

  Client Component SSR:
    ./frontend/src/components/announcements/create-dialog/step-compose.tsx [Client Component SSR]
    ./frontend/src/components/announcements/create-dialog/create-dialog-body.tsx [Client Component SSR]
    ./frontend/src/components/announcements/create-dialog.tsx [Client Component SSR]
    ./frontend/src/components/announcements/announcements-view.tsx [Client Component SSR]
    ./frontend/src/components/announcements/announcements-view.tsx [Server Component]
    ./frontend/src/app/dashboard/announcements/page.tsx [Server Component]

https://nextjs.org/docs/messages/module-not-found


./frontend/src/components/announcements/create-dialog/step-review-options.tsx:4:1
Module not found: Can't resolve '@/features/ui/components/label'
  [90m2 |[0m
  [90m3 |[0m [36mimport[0m { [33mInput[0m } [36mfrom[0m [32m'@/features/ui/components/input'[0m;
[31m[1m>[0m [90m4 |[0m [36mimport[0m { [33mLabel[0m } [36mfrom[0m [32m'@/features/ui/components/label'[0m;
  [90m  |[0m [31m[1m^^^^^^^^^^^^^^^^^^^^^^^^^^^^^^^^^^^^^^^^^^^^^^^^^^^^^^^[0m
  [90m5 |[0m [36mimport[0m { [33mCheckbox[0m } [36mfrom[0m [32m'@/features/ui/components/checkbox'[0m;
  [90m6 |[0m [36mimport[0m { [33mIcons[0m } [36mfrom[0m [32m'@/components/icons'[0m;
  [90m7 |[0m [36mimport[0m [36mtype[0m { [33mAnnouncementPriority[0m } [36mfrom[0m 
[32m'@/lib/announcements/types'[0m;

Import map: aliased to relative './src/features/ui/components/label' inside of [project]/frontend


Import traces:
  Client Component Browser:
    ./frontend/src/components/announcements/create-dialog/step-review-options.tsx [Client Component Browser]
    ./frontend/src/components/announcements/create-dialog/create-dialog-body.tsx [Client Component Browser]
    ./frontend/src/components/announcements/create-dialog.tsx [Client Component Browser]
    ./frontend/src/components/announcements/announcements-view.tsx [Client Component Browser]
    ./frontend/src/components/announcements/announcements-view.tsx [Server Component]
    ./frontend/src/app/dashboard/announcements/page.tsx [Server Component]

  Client Component SSR:
    ./frontend/src/components/announcements/create-dialog/step-review-options.tsx [Client Component SSR]
    ./frontend/src/components/announcements/create-dialog/create-dialog-body.tsx [Client Component SSR]
    ./frontend/src/components/announcements/create-dialog.tsx [Client Component SSR]
    ./frontend/src/components/announcements/announcements-view.tsx [Client Component SSR]
    ./frontend/src/components/announcements/announcements-view.tsx [Server Component]
    ./frontend/src/app/dashboard/announcements/page.tsx [Server Component]

https://nextjs.org/docs/messages/module-not-found


./frontend/src/components/auth/sign-in-form.tsx:9:1
Module not found: Can't resolve '@/features/ui/components/label'
  [90m 7 |[0m [36mimport[0m { [33mCheckbox[0m } [36mfrom[0m [32m'@/features/ui/components/checkbox'[0m;
  [90m 8 |[0m [36mimport[0m { [33mInput[0m } [36mfrom[0m [32m'@/features/ui/components/input'[0m;
[31m[1m>[0m [90m 9 |[0m [36mimport[0m { [33mLabel[0m } [36mfrom[0m 
[32m'@/features/ui/components/label'[0m;
  [90m   |[0m [31m[1m^^^^^^^^^^^^^^^^^^^^^^^^^^^^^^^^^^^^^^^^^^^^^^^^^^^^^^^[0m
  [90m10 |[0m [36mimport[0m { apiClient } [36mfrom[0m [32m'@/lib/api-client'[0m;
  [90m11 |[0m [36mimport[0m { useAuthStore, [36mtype[0m [33mUser[0m } [36mfrom[0m 
[32m'@/lib/auth-store'[0m;
  [90m12 |[0m [36mimport[0m { handleApiError, showToast } [36mfrom[0m [32m'@/lib/notifications'[0m;

Import map: aliased to relative './src/features/ui/components/label' inside of [project]/frontend


Import trace:
  Server Component:
    ./frontend/src/components/auth/sign-in-form.tsx
    ./frontend/src/components/auth/sign-in-view.tsx
    ./frontend/src/app/auth/sign-in/page.tsx

https://nextjs.org/docs/messages/module-not-found


./frontend/src/components/auth/sign-in-password-field.tsx:5:1
Module not found: Can't resolve '@/features/ui/components/label'
  [90m3 |[0m [36mimport[0m { [33mIcons[0m } [36mfrom[0m [32m'@/components/icons'[0m;
  [90m4 |[0m [36mimport[0m { [33mInput[0m } [36mfrom[0m [32m'@/features/ui/components/input'[0m;
[31m[1m>[0m [90m5 |[0m [36mimport[0m { [33mLabel[0m } [36mfrom[0m [32m'@/features/ui/components/label'[0m;
  [90m  |[0m [31m[1m^^^^^^^^^^^^^^^^^^^^^^^^^^^^^^^^^^^^^^^^^^^^^^^^^^^^^^^[0m
  [90m6 |[0m [36mimport[0m { cn } [36mfrom[0m [32m'@/lib/utils'[0m;
  [90m7 |[0m
  [90m8 |[0m [36mtype[0m [33mSignInPasswordFieldProps[0m = {

Import map: aliased to relative './src/features/ui/components/label' inside of [project]/frontend


Import traces:
  Client Component Browser:
    ./frontend/src/components/auth/sign-in-password-field.tsx [Client Component Browser]
    ./frontend/src/components/auth/sign-in-form.tsx [Client Component Browser]
    ./frontend/src/components/auth/sign-in-form.tsx [Server Component]
    ./frontend/src/components/auth/sign-in-view.tsx [Server Component]
    ./frontend/src/app/auth/sign-in/page.tsx [Server Component]

  Client Component SSR:
    ./frontend/src/components/auth/sign-in-password-field.tsx [Client Component SSR]
    ./frontend/src/components/auth/sign-in-form.tsx [Client Component SSR]
    ./frontend/src/components/auth/sign-in-form.tsx [Server Component]
    ./frontend/src/components/auth/sign-in-view.tsx [Server Component]
    ./frontend/src/app/auth/sign-in/page.tsx [Server Component]

https://nextjs.org/docs/messages/module-not-found


./frontend/src/components/batches-admin/batch-form-fields.tsx:5:1
Module not found: Can't resolve '@/features/ui/components/label'
  [90m3 |[0m [36mimport[0m [36mtype[0m { [33mDispatch[0m, [33mSetStateAction[0m } [36mfrom[0m 
[32m'react'[0m;
  [90m4 |[0m [36mimport[0m { [33mInput[0m } [36mfrom[0m [32m'@/features/ui/components/input'[0m;
[31m[1m>[0m [90m5 |[0m [36mimport[0m { [33mLabel[0m } [36mfrom[0m [32m'@/features/ui/components/label'[0m;
  [90m  |[0m [31m[1m^^^^^^^^^^^^^^^^^^^^^^^^^^^^^^^^^^^^^^^^^^^^^^^^^^^^^^^[0m
  [90m6 |[0m [36mimport[0m { [33mBatchSearchSelect[0m } [36mfrom[0m [32m'./batch-search-select'[0m;
  [90m7 |[0m
  [90m8 |[0m [36mexport[0m [36mtype[0m [33mBatchFormState[0m = {

Import map: aliased to relative './src/features/ui/components/label' inside of [project]/frontend


Import traces:
  Client Component Browser:
    ./frontend/src/components/batches-admin/batch-form-fields.tsx [Client Component Browser]
    ./frontend/src/components/batches-admin/batch-form-sheet.tsx [Client Component Browser]
    ./frontend/src/components/batches-admin/batches-sections-tabs.tsx [Client Component Browser]
    ./frontend/src/components/batches-admin/admin-batches-page.tsx [Client Component Browser]
    ./frontend/src/app/dashboard/batches/page.tsx [Client Component Browser]
    ./frontend/src/app/dashboard/batches/page.tsx [Server Component]

  Client Component SSR:
    ./frontend/src/components/batches-admin/batch-form-fields.tsx [Client Component SSR]
    ./frontend/src/components/batches-admin/batch-form-sheet.tsx [Client Component SSR]
    ./frontend/src/components/batches-admin/batches-sections-tabs.tsx [Client Component SSR]
    ./frontend/src/components/batches-admin/admin-batches-page.tsx [Client Component SSR]
    ./frontend/src/app/dashboard/batches/page.tsx [Client Component SSR]
    ./frontend/src/app/dashboard/batches/page.tsx [Server Component]

https://nextjs.org/docs/messages/module-not-found


./frontend/src/components/batches-admin/batch-search-select.tsx:14:1
Module not found: Can't resolve '@/features/ui/components/label'
  [90m12 |[0m   [33mCommandList[0m
  [90m13 |[0m } [36mfrom[0m [32m'@/features/ui/components/command'[0m;
[31m[1m>[0m [90m14 |[0m [36mimport[0m { [33mLabel[0m } [36mfrom[0m 
[32m'@/features/ui/components/label'[0m;
  [90m   |[0m [31m[1m^^^^^^^^^^^^^^^^^^^^^^^^^^^^^^^^^^^^^^^^^^^^^^^^^^^^^^^[0m
  [90m15 |[0m [36mimport[0m { [33mPopover[0m, [33mPopoverContent[0m, [33mPopoverTrigger[0m } [36mfrom[0m 
[32m'@/features/ui/components/popover'[0m;
  [90m16 |[0m [36mimport[0m { cn } [36mfrom[0m [32m'@/lib/utils'[0m;
  [90m17 |[0m

Import map: aliased to relative './src/features/ui/components/label' inside of [project]/frontend


Import traces:
  Client Component Browser:
    ./frontend/src/components/batches-admin/batch-search-select.tsx [Client Component Browser]
    ./frontend/src/components/batches-admin/section-form-sheet.tsx [Client Component Browser]
    ./frontend/src/components/batches-admin/batches-sections-tabs.tsx [Client Component Browser]
    ./frontend/src/components/batches-admin/admin-batches-page.tsx [Client Component Browser]
    ./frontend/src/app/dashboard/batches/page.tsx [Client Component Browser]
    ./frontend/src/app/dashboard/batches/page.tsx [Server Component]

  Client Component SSR:
    ./frontend/src/components/batches-admin/batch-search-select.tsx [Client Component SSR]
    ./frontend/src/components/batches-admin/section-form-sheet.tsx [Client Component SSR]
    ./frontend/src/components/batches-admin/batches-sections-tabs.tsx [Client Component SSR]
    ./frontend/src/components/batches-admin/admin-batches-page.tsx [Client Component SSR]
    ./frontend/src/app/dashboard/batches/page.tsx [Client Component SSR]
    ./frontend/src/app/dashboard/batches/page.tsx [Server Component]

https://nextjs.org/docs/messages/module-not-found


./frontend/src/components/batches-admin/section-form-sheet.tsx:6:1
Module not found: Can't resolve '@/features/ui/components/label'
  [90m4 |[0m [36mimport[0m { [33mPosFormModal[0m } [36mfrom[0m 
[32m'@/features/pos/components/pos-form-modal'[0m;
  [90m5 |[0m [36mimport[0m { [33mInput[0m } [36mfrom[0m [32m'@/features/ui/components/input'[0m;
[31m[1m>[0m [90m6 |[0m [36mimport[0m { [33mLabel[0m } [36mfrom[0m [32m'@/features/ui/components/label'[0m;
  [90m  |[0m [31m[1m^^^^^^^^^^^^^^^^^^^^^^^^^^^^^^^^^^^^^^^^^^^^^^^^^^^^^^^[0m
  [90m7 |[0m [36mimport[0m { useMutation, useQueryClient } [36mfrom[0m [32m'@/lib/async-query'[0m;
  [90m8 |[0m [36mimport[0m { handleApiError, showToast } [36mfrom[0m [32m'@/lib/notifications'[0m;
  [90m9 |[0m [36mimport[0m { adminBatchSectionsQueryKey, adminBatchesQueryKey, useAdminBatches } [36mfrom[0m 
[32m'@/lib/ba...[0m

Import map: aliased to relative './src/features/ui/components/label' inside of [project]/frontend


Import traces:
  Client Component Browser:
    ./frontend/src/components/batches-admin/section-form-sheet.tsx [Client Component Browser]
    ./frontend/src/components/batches-admin/batches-sections-tabs.tsx [Client Component Browser]
    ./frontend/src/components/batches-admin/admin-batches-page.tsx [Client Component Browser]
    ./frontend/src/app/dashboard/batches/page.tsx [Client Component Browser]
    ./frontend/src/app/dashboard/batches/page.tsx [Server Component]

  Client Component SSR:
    ./frontend/src/components/batches-admin/section-form-sheet.tsx [Client Component SSR]
    ./frontend/src/components/batches-admin/batches-sections-tabs.tsx [Client Component SSR]
    ./frontend/src/components/batches-admin/admin-batches-page.tsx [Client Component SSR]
    ./frontend/src/app/dashboard/batches/page.tsx [Client Component SSR]
    ./frontend/src/app/dashboard/batches/page.tsx [Server Component]

https://nextjs.org/docs/messages/module-not-found


./frontend/src/components/discussions/channel/manage/danger-zone-tab.tsx:16:1
Module not found: Can't resolve '@/features/ui/components/label'
  [90m14 |[0m } [36mfrom[0m [32m'@/features/ui/components/alert-dialog'[0m;
  [90m15 |[0m [36mimport[0m { [33mInput[0m } [36mfrom[0m [32m'@/features/ui/components/input'[0m;
[31m[1m>[0m [90m16 |[0m [36mimport[0m { [33mLabel[0m } [36mfrom[0m 
[32m'@/features/ui/components/label'[0m;
  [90m   |[0m [31m[1m^^^^^^^^^^^^^^^^^^^^^^^^^^^^^^^^^^^^^^^^^^^^^^^^^^^^^^^[0m
  [90m17 |[0m [36mimport[0m { [33mIcons[0m } [36mfrom[0m [32m'@/components/icons'[0m;
  [90m18 |[0m [36mimport[0m { confirmAction } [36mfrom[0m [32m'@/lib/notifications'[0m;
  [90m19 |[0m [36mimport[0m { useArchiveChannel, useHardDeleteChannel } [36mfrom[0m 
[32m'@/lib/discussions/queries/queries'[0m;

Import map: aliased to relative './src/features/ui/components/label' inside of [project]/frontend


Import traces:
  Client Component Browser:
    ./frontend/src/components/discussions/channel/manage/danger-zone-tab.tsx [Client Component Browser]
    ./frontend/src/components/discussions/channel/channel-settings/channel-settings-tabs.tsx [Client Component Browser]
    ./frontend/src/components/discussions/channel/channel-settings/channel-settings-dialog.tsx [Client Component 
Browser]
    ./frontend/src/components/discussions/channel/channel-pane/channel-pane.tsx [Client Component Browser]
    ./frontend/src/app/dashboard/messages/page.tsx [Client Component Browser]
    ./frontend/src/app/dashboard/messages/page.tsx [Server Component]

  Client Component SSR:
    ./frontend/src/components/discussions/channel/manage/danger-zone-tab.tsx [Client Component SSR]
    ./frontend/src/components/discussions/channel/channel-settings/channel-settings-tabs.tsx [Client Component SSR]
    ./frontend/src/components/discussions/channel/channel-settings/channel-settings-dialog.tsx [Client Component SSR]
    ./frontend/src/components/discussions/channel/channel-pane/channel-pane.tsx [Client Component SSR]
    ./frontend/src/app/dashboard/messages/page.tsx [Client Component SSR]
    ./frontend/src/app/dashboard/messages/page.tsx [Server Component]

https://nextjs.org/docs/messages/module-not-found


./frontend/src/components/discussions/channel/manage/overview/channel-toggles.tsx:3:1
Module not found: Can't resolve '@/features/ui/components/label'
  [90m1 |[0m [32m'use client'[0m
  [90m2 |[0m
[31m[1m>[0m [90m3 |[0m [36mimport[0m { [33mLabel[0m } [36mfrom[0m [32m'@/features/ui/components/label'[0m
  [90m  |[0m [31m[1m^^^^^^^^^^^^^^^^^^^^^^^^^^^^^^^^^^^^^^^^^^^^^^^^^^^^^^[0m
  [90m4 |[0m [36mimport[0m { [33mSwitch[0m } [36mfrom[0m [32m'@/features/ui/components/switch'[0m
  [90m5 |[0m
  [90m6 |[0m [36mfunction[0m [33mAccessRow[0m({

Import map: aliased to relative './src/features/ui/components/label' inside of [project]/frontend


Import traces:
  Client Component Browser:
    ./frontend/src/components/discussions/channel/manage/overview/channel-toggles.tsx [Client Component Browser]
    ./frontend/src/components/discussions/channel/manage/overview/overview-tab.tsx [Client Component Browser]
    ./frontend/src/components/discussions/channel/channel-settings/channel-settings-tabs.tsx [Client Component Browser]
    ./frontend/src/components/discussions/channel/channel-settings/channel-settings-dialog.tsx [Client Component 
Browser]
    ./frontend/src/components/discussions/channel/channel-pane/channel-pane.tsx [Client Component Browser]
    ./frontend/src/app/dashboard/messages/page.tsx [Client Component Browser]
    ./frontend/src/app/dashboard/messages/page.tsx [Server Component]

  Client Component SSR:
    ./frontend/src/components/discussions/channel/manage/overview/channel-toggles.tsx [Client Component SSR]
    ./frontend/src/components/discussions/channel/manage/overview/overview-tab.tsx [Client Component SSR]
    ./frontend/src/components/discussions/channel/channel-settings/channel-settings-tabs.tsx [Client Component SSR]
    ./frontend/src/components/discussions/channel/channel-settings/channel-settings-dialog.tsx [Client Component SSR]
    ./frontend/src/components/discussions/channel/channel-pane/channel-pane.tsx [Client Component SSR]
    ./frontend/src/app/dashboard/messages/page.tsx [Client Component SSR]
    ./frontend/src/app/dashboard/messages/page.tsx [Server Component]

https://nextjs.org/docs/messages/module-not-found


./frontend/src/components/discussions/channel/manage/overview/overview-fields.tsx:4:1
Module not found: Can't resolve '@/features/ui/components/label'
  [90m2 |[0m
  [90m3 |[0m [36mimport[0m { [33mInput[0m } [36mfrom[0m [32m'@/features/ui/components/input'[0m
[31m[1m>[0m [90m4 |[0m [36mimport[0m { [33mLabel[0m } [36mfrom[0m [32m'@/features/ui/components/label'[0m
  [90m  |[0m [31m[1m^^^^^^^^^^^^^^^^^^^^^^^^^^^^^^^^^^^^^^^^^^^^^^^^^^^^^^[0m
  [90m5 |[0m [36mimport[0m { [33mTextarea[0m } [36mfrom[0m [32m'@/features/ui/components/textarea'[0m
  [90m6 |[0m [36mimport[0m { [33mNAME_MAX[0m, [33mTOPIC_MAX[0m } [36mfrom[0m [32m'./constants'[0m
  [90m7 |[0m

Import map: aliased to relative './src/features/ui/components/label' inside of [project]/frontend


Import traces:
  Client Component Browser:
    ./frontend/src/components/discussions/channel/manage/overview/overview-fields.tsx [Client Component Browser]
    ./frontend/src/components/discussions/channel/manage/overview/overview-tab.tsx [Client Component Browser]
    ./frontend/src/components/discussions/channel/channel-settings/channel-settings-tabs.tsx [Client Component Browser]
    ./frontend/src/components/discussions/channel/channel-settings/channel-settings-dialog.tsx [Client Component 
Browser]
    ./frontend/src/components/discussions/channel/channel-pane/channel-pane.tsx [Client Component Browser]
    ./frontend/src/app/dashboard/messages/page.tsx [Client Component Browser]
    ./frontend/src/app/dashboard/messages/page.tsx [Server Component]

  Client Component SSR:
    ./frontend/src/components/discussions/channel/manage/overview/overview-fields.tsx [Client Component SSR]
    ./frontend/src/components/discussions/channel/manage/overview/overview-tab.tsx [Client Component SSR]
    ./frontend/src/components/discussions/channel/channel-settings/channel-settings-tabs.tsx [Client Component SSR]
    ./frontend/src/components/discussions/channel/channel-settings/channel-settings-dialog.tsx [Client Component SSR]
    ./frontend/src/components/discussions/channel/channel-pane/channel-pane.tsx [Client Component SSR]
    ./frontend/src/app/dashboard/messages/page.tsx [Client Component SSR]
    ./frontend/src/app/dashboard/messages/page.tsx [Server Component]

https://nextjs.org/docs/messages/module-not-found


./frontend/src/components/discussions/dms/dm-pane/rename-dm-dialog.tsx:16:1
Module not found: Can't resolve '@/features/ui/components/label'
  [90m14 |[0m } [36mfrom[0m [32m'@/features/ui/components/dialog'[0m
  [90m15 |[0m [36mimport[0m { [33mInput[0m } [36mfrom[0m [32m'@/features/ui/components/input'[0m
[31m[1m>[0m [90m16 |[0m [36mimport[0m { [33mLabel[0m } [36mfrom[0m [32m'@/features/ui/components/label'[0m
  [90m   |[0m [31m[1m^^^^^^^^^^^^^^^^^^^^^^^^^^^^^^^^^^^^^^^^^^^^^^^^^^^^^^[0m
  [90m17 |[0m [36mimport[0m { [33mIcons[0m } [36mfrom[0m [32m'@/components/icons'[0m
  [90m18 |[0m [36mimport[0m { [33mImageIcon[0m, [33mLoader2[0m, [33mRefreshCcw[0m, [33mTrash2[0m } 
[36mfrom[0m [32m'lucide-react'[0m
  [90m19 |[0m [36mimport[0m { resolvePublicAssetUrl } [36mfrom[0m [32m'@/lib/resolve-public-asset-url'[0m

Import map: aliased to relative './src/features/ui/components/label' inside of [project]/frontend


Import traces:
  Client Component Browser:
    ./frontend/src/components/discussions/dms/dm-pane/rename-dm-dialog.tsx [Client Component Browser]
    ./frontend/src/components/discussions/dms/dm-pane/dm-pane.tsx [Client Component Browser]
    ./frontend/src/app/dashboard/messages/page.tsx [Client Component Browser]
    ./frontend/src/app/dashboard/messages/page.tsx [Server Component]

  Client Component SSR:
    ./frontend/src/components/discussions/dms/dm-pane/rename-dm-dialog.tsx [Client Component SSR]
    ./frontend/src/components/discussions/dms/dm-pane/dm-pane.tsx [Client Component SSR]
    ./frontend/src/app/dashboard/messages/page.tsx [Client Component SSR]
    ./frontend/src/app/dashboard/messages/page.tsx [Server Component]

https://nextjs.org/docs/messages/module-not-found


./frontend/src/components/offices/admin/create-office-dialog.tsx:7:1
Module not found: Can't resolve '@/features/ui/components/label'
  [90m 5 |[0m [36mimport[0m { [33mButton[0m } [36mfrom[0m [32m'@/features/ui/components/button'[0m;
  [90m 6 |[0m [36mimport[0m { [33mInput[0m } [36mfrom[0m [32m'@/features/ui/components/input'[0m;
[31m[1m>[0m [90m 7 |[0m [36mimport[0m { [33mLabel[0m } [36mfrom[0m 
[32m'@/features/ui/components/label'[0m;
  [90m   |[0m [31m[1m^^^^^^^^^^^^^^^^^^^^^^^^^^^^^^^^^^^^^^^^^^^^^^^^^^^^^^^[0m
  [90m 8 |[0m [36mimport[0m { [33mTextarea[0m } [36mfrom[0m [32m'@/features/ui/components/textarea'[0m;
  [90m 9 |[0m [36mimport[0m {
  [90m10 |[0m   [33mDialog[0m,

Import map: aliased to relative './src/features/ui/components/label' inside of [project]/frontend


Import traces:
  Client Component Browser:
    ./frontend/src/components/offices/admin/create-office-dialog.tsx [Client Component Browser]
    ./frontend/src/components/offices/admin/offices-admin-page.tsx [Client Component Browser]
    ./frontend/src/components/offices/admin/offices-admin-page.tsx [Server Component]
    ./frontend/src/app/dashboard/admin/offices/page.tsx [Server Component]

  Client Component SSR:
    ./frontend/src/components/offices/admin/create-office-dialog.tsx [Client Component SSR]
    ./frontend/src/components/offices/admin/offices-admin-page.tsx [Client Component SSR]
    ./frontend/src/components/offices/admin/offices-admin-page.tsx [Server Component]
    ./frontend/src/app/dashboard/admin/offices/page.tsx [Server Component]

https://nextjs.org/docs/messages/module-not-found


./frontend/src/components/offices/admin/edit-office-dialog.tsx:7:1
Module not found: Can't resolve '@/features/ui/components/label'
  [90m 5 |[0m [36mimport[0m { [33mButton[0m } [36mfrom[0m [32m'@/features/ui/components/button'[0m;
  [90m 6 |[0m [36mimport[0m { [33mInput[0m } [36mfrom[0m [32m'@/features/ui/components/input'[0m;
[31m[1m>[0m [90m 7 |[0m [36mimport[0m { [33mLabel[0m } [36mfrom[0m 
[32m'@/features/ui/components/label'[0m;
  [90m   |[0m [31m[1m^^^^^^^^^^^^^^^^^^^^^^^^^^^^^^^^^^^^^^^^^^^^^^^^^^^^^^^[0m
  [90m 8 |[0m [36mimport[0m { [33mTextarea[0m } [36mfrom[0m [32m'@/features/ui/components/textarea'[0m;
  [90m 9 |[0m [36mimport[0m {
  [90m10 |[0m   [33mDialog[0m,

Import map: aliased to relative './src/features/ui/components/label' inside of [project]/frontend


Import traces:
  Client Component Browser:
    ./frontend/src/components/offices/admin/edit-office-dialog.tsx [Client Component Browser]
    ./frontend/src/components/offices/admin/offices-admin-page.tsx [Client Component Browser]
    ./frontend/src/components/offices/admin/offices-admin-page.tsx [Server Component]
    ./frontend/src/app/dashboard/admin/offices/page.tsx [Server Component]

  Client Component SSR:
    ./frontend/src/components/offices/admin/edit-office-dialog.tsx [Client Component SSR]
    ./frontend/src/components/offices/admin/offices-admin-page.tsx [Client Component SSR]
    ./frontend/src/components/offices/admin/offices-admin-page.tsx [Server Component]
    ./frontend/src/app/dashboard/admin/offices/page.tsx [Server Component]

https://nextjs.org/docs/messages/module-not-found


./frontend/src/components/offices/admin/office-staff-add.tsx:6:1
Module not found: Can't resolve '@/features/ui/components/label'
  [90m4 |[0m [36mimport[0m { useDeferredValue, useMemo, useState } [36mfrom[0m [32m'react'[0m;
  [90m5 |[0m [36mimport[0m { [33mInput[0m } [36mfrom[0m [32m'@/features/ui/components/input'[0m;
[31m[1m>[0m [90m6 |[0m [36mimport[0m { [33mLabel[0m } [36mfrom[0m [32m'@/features/ui/components/label'[0m;
  [90m  |[0m [31m[1m^^^^^^^^^^^^^^^^^^^^^^^^^^^^^^^^^^^^^^^^^^^^^^^^^^^^^^^[0m
  [90m7 |[0m [36mimport[0m {
  [90m8 |[0m   [33mSelect[0m,
  [90m9 |[0m   [33mSelectContent[0m,

Import map: aliased to relative './src/features/ui/components/label' inside of [project]/frontend


Import traces:
  Client Component Browser:
    ./frontend/src/components/offices/admin/office-staff-add.tsx [Client Component Browser]
    ./frontend/src/components/offices/admin/office-staff-sheet.tsx [Client Component Browser]
    ./frontend/src/components/offices/admin/offices-admin-page.tsx [Client Component Browser]
    ./frontend/src/components/offices/admin/offices-admin-page.tsx [Server Component]
    ./frontend/src/app/dashboard/admin/offices/page.tsx [Server Component]

  Client Component SSR:
    ./frontend/src/components/offices/admin/office-staff-add.tsx [Client Component SSR]
    ./frontend/src/components/offices/admin/office-staff-sheet.tsx [Client Component SSR]
    ./frontend/src/components/offices/admin/offices-admin-page.tsx [Client Component SSR]
    ./frontend/src/components/offices/admin/offices-admin-page.tsx [Server Component]
    ./frontend/src/app/dashboard/admin/offices/page.tsx [Server Component]

https://nextjs.org/docs/messages/module-not-found


./frontend/src/components/offices/admin/office-staff-sheet.tsx:4:1
Module not found: Can't resolve '@/features/ui/components/label'
  [90m2 |[0m
  [90m3 |[0m [36mimport[0m [33mLink[0m [36mfrom[0m [32m'next/link'[0m;
[31m[1m>[0m [90m4 |[0m [36mimport[0m { [33mLabel[0m } [36mfrom[0m [32m'@/features/ui/components/label'[0m;
  [90m  |[0m [31m[1m^^^^^^^^^^^^^^^^^^^^^^^^^^^^^^^^^^^^^^^^^^^^^^^^^^^^^^^[0m
  [90m5 |[0m [36mimport[0m {
  [90m6 |[0m   [33mSheet[0m,
  [90m7 |[0m   [33mSheetContent[0m,

Import map: aliased to relative './src/features/ui/components/label' inside of [project]/frontend


Import traces:
  Client Component Browser:
    ./frontend/src/components/offices/admin/office-staff-sheet.tsx [Client Component Browser]
    ./frontend/src/components/offices/admin/offices-admin-page.tsx [Client Component Browser]
    ./frontend/src/components/offices/admin/offices-admin-page.tsx [Server Component]
    ./frontend/src/app/dashboard/admin/offices/page.tsx [Server Component]

  Client Component SSR:
    ./frontend/src/components/offices/admin/office-staff-sheet.tsx [Client Component SSR]
    ./frontend/src/components/offices/admin/offices-admin-page.tsx [Client Component SSR]
    ./frontend/src/components/offices/admin/offices-admin-page.tsx [Server Component]
    ./frontend/src/app/dashboard/admin/offices/page.tsx [Server Component]

https://nextjs.org/docs/messages/module-not-found


./frontend/src/components/offices/office-directory/start-office-dialog.tsx:7:1
Module not found: Can't resolve '@/features/ui/components/label'
  [90m 5 |[0m [36mimport[0m { [33mInput[0m } [36mfrom[0m [32m'@/features/ui/components/input'[0m;
  [90m 6 |[0m [36mimport[0m { [33mTextarea[0m } [36mfrom[0m [32m'@/features/ui/components/textarea'[0m;
[31m[1m>[0m [90m 7 |[0m [36mimport[0m { [33mLabel[0m } [36mfrom[0m 
[32m'@/features/ui/components/label'[0m;
  [90m   |[0m [31m[1m^^^^^^^^^^^^^^^^^^^^^^^^^^^^^^^^^^^^^^^^^^^^^^^^^^^^^^^[0m
  [90m 8 |[0m [36mimport[0m {
  [90m 9 |[0m   [33mDialog[0m,
  [90m10 |[0m   [33mDialogContent[0m,

Import map: aliased to relative './src/features/ui/components/label' inside of [project]/frontend


Import traces:
  Client Component Browser:
    ./frontend/src/components/offices/office-directory/start-office-dialog.tsx [Client Component Browser]
    ./frontend/src/components/offices/office-directory/office-directory.tsx [Client Component Browser]
    ./frontend/src/app/dashboard/offices/page.tsx [Client Component Browser]
    ./frontend/src/app/dashboard/offices/page.tsx [Server Component]

  Client Component SSR:
    ./frontend/src/components/offices/office-directory/start-office-dialog.tsx [Client Component SSR]
    ./frontend/src/components/offices/office-directory/office-directory.tsx [Client Component SSR]
    ./frontend/src/app/dashboard/offices/page.tsx [Client Component SSR]
    ./frontend/src/app/dashboard/offices/page.tsx [Server Component]

https://nextjs.org/docs/messages/module-not-found


./frontend/src/components/profile/profile-view/profile-password-card.tsx:8:1
Module not found: Can't resolve '@/features/ui/components/label'
  [90m 6 |[0m [36mimport[0m { [33mButton[0m } [36mfrom[0m [32m'@/features/ui/components/button'[0m;
  [90m 7 |[0m [36mimport[0m { [33mInput[0m } [36mfrom[0m [32m'@/features/ui/components/input'[0m;
[31m[1m>[0m [90m 8 |[0m [36mimport[0m { [33mLabel[0m } [36mfrom[0m 
[32m'@/features/ui/components/label'[0m;
  [90m   |[0m [31m[1m^^^^^^^^^^^^^^^^^^^^^^^^^^^^^^^^^^^^^^^^^^^^^^^^^^^^^^^[0m
  [90m 9 |[0m [36mimport[0m { changeProfilePassword } [36mfrom[0m [32m'@/lib/profile/services'[0m;
  [90m10 |[0m [36mimport[0m { [33mProfileSectionHeading[0m } [36mfrom[0m [32m'./profile-section-heading'[0m;
  [90m11 |[0m

Import map: aliased to relative './src/features/ui/components/label' inside of [project]/frontend


Import traces:
  Client Component Browser:
    ./frontend/src/components/profile/profile-view/profile-password-card.tsx [Client Component Browser]
    ./frontend/src/components/profile/profile-view-page.tsx [Client Component Browser]
    ./frontend/src/components/profile/profile-view-page.tsx [Server Component]
    ./frontend/src/app/dashboard/profile/[[...profile]]/page.tsx [Server Component]

  Client Component SSR:
    ./frontend/src/components/profile/profile-view/profile-password-card.tsx [Client Component SSR]
    ./frontend/src/components/profile/profile-view-page.tsx [Client Component SSR]
    ./frontend/src/components/profile/profile-view-page.tsx [Server Component]
    ./frontend/src/app/dashboard/profile/[[...profile]]/page.tsx [Server Component]

https://nextjs.org/docs/messages/module-not-found


./frontend/src/components/profile/profile-view/profile-read-only-field.tsx:1:1
Module not found: Can't resolve '@/features/ui/components/label'
[31m[1m>[0m [90m1 |[0m [36mimport[0m { [33mLabel[0m } [36mfrom[0m [32m'@/features/ui/components/label'[0m;
  [90m  |[0m [31m[1m^^^^^^^^^^^^^^^^^^^^^^^^^^^^^^^^^^^^^^^^^^^^^^^^^^^^^^^[0m
  [90m2 |[0m
  [90m3 |[0m [90m/** Template-looking control that is not focusable or clickable. */[0m
  [90m4 |[0m [36mexport[0m [36mfunction[0m [33mProfileReadOnlyField[0m({

Import map: aliased to relative './src/features/ui/components/label' inside of [project]/frontend


Import traces:
  Client Component Browser:
    ./frontend/src/components/profile/profile-view/profile-read-only-field.tsx [Client Component Browser]
    ./frontend/src/components/profile/profile-view/profile-office-card.tsx [Client Component Browser]
    ./frontend/src/components/profile/profile-view-page.tsx [Client Component Browser]
    ./frontend/src/components/profile/profile-view-page.tsx [Server Component]
    ./frontend/src/app/dashboard/profile/[[...profile]]/page.tsx [Server Component]

  Client Component SSR:
    ./frontend/src/components/profile/profile-view/profile-read-only-field.tsx [Client Component SSR]
    ./frontend/src/components/profile/profile-view/profile-office-card.tsx [Client Component SSR]
    ./frontend/src/components/profile/profile-view-page.tsx [Client Component SSR]
    ./frontend/src/components/profile/profile-view-page.tsx [Server Component]
    ./frontend/src/app/dashboard/profile/[[...profile]]/page.tsx [Server Component]

https://nextjs.org/docs/messages/module-not-found


./frontend/src/components/profile/profile-view/profile-rows.tsx:1:1
Module not found: Can't resolve '@/features/ui/components/label'
[31m[1m>[0m [90m1 |[0m [36mimport[0m { [33mLabel[0m } [36mfrom[0m [32m'@/features/ui/components/label'[0m;
  [90m  |[0m [31m[1m^^^^^^^^^^^^^^^^^^^^^^^^^^^^^^^^^^^^^^^^^^^^^^^^^^^^^^^[0m
  [90m2 |[0m [36mimport[0m { cn } [36mfrom[0m [32m'@/lib/utils'[0m;
  [90m3 |[0m
  [90m4 |[0m [36mexport[0m [36mfunction[0m [33mProfileRow[0m({

Import map: aliased to relative './src/features/ui/components/label' inside of [project]/frontend


Import traces:
  Client Component Browser:
    ./frontend/src/components/profile/profile-view/profile-rows.tsx [Client Component Browser]
    ./frontend/src/components/profile/profile-view/profile-notifications-card.tsx [Client Component Browser]
    ./frontend/src/components/profile/profile-view-page.tsx [Client Component Browser]
    ./frontend/src/components/profile/profile-view-page.tsx [Server Component]
    ./frontend/src/app/dashboard/profile/[[...profile]]/page.tsx [Server Component]

  Client Component SSR:
    ./frontend/src/components/profile/profile-view/profile-rows.tsx [Client Component SSR]
    ./frontend/src/components/profile/profile-view/profile-notifications-card.tsx [Client Component SSR]
    ./frontend/src/components/profile/profile-view-page.tsx [Client Component SSR]
    ./frontend/src/components/profile/profile-view-page.tsx [Server Component]
    ./frontend/src/app/dashboard/profile/[[...profile]]/page.tsx [Server Component]

https://nextjs.org/docs/messages/module-not-found


./frontend/src/components/programs/program-form-fields.tsx:4:1
Module not found: Can't resolve '@/features/ui/components/label'
  [90m2 |[0m
  [90m3 |[0m [36mimport[0m { [33mInput[0m } [36mfrom[0m [32m'@/features/ui/components/input'[0m;
[31m[1m>[0m [90m4 |[0m [36mimport[0m { [33mLabel[0m } [36mfrom[0m [32m'@/features/ui/components/label'[0m;
  [90m  |[0m [31m[1m^^^^^^^^^^^^^^^^^^^^^^^^^^^^^^^^^^^^^^^^^^^^^^^^^^^^^^^[0m
  [90m5 |[0m [36mimport[0m { [33mSearchSelect[0m } [36mfrom[0m 
[32m'@/features/ui/components/search-select'[0m;
  [90m6 |[0m [36mimport[0m [36mtype[0m { [33mProgramInput[0m } [36mfrom[0m 
[32m'@/lib/programs/services'[0m;
  [90m7 |[0m [36mimport[0m { buildDefaultProgramCode, [33mLEVEL_CODE_PREFIX[0m } [36mfrom[0m 
[32m'@/lib/programs/services'[0m;

Import map: aliased to relative './src/features/ui/components/label' inside of [project]/frontend


Import traces:
  Client Component Browser:
    ./frontend/src/components/programs/program-form-fields.tsx [Client Component Browser]
    ./frontend/src/components/programs/program-form-sheet.tsx [Client Component Browser]
    ./frontend/src/components/programs/programs-listing.tsx [Client Component Browser]
    ./frontend/src/components/programs/programs-listing.tsx [Server Component]
    ./frontend/src/app/dashboard/programs/page.tsx [Server Component]

  Client Component SSR:
    ./frontend/src/components/programs/program-form-fields.tsx [Client Component SSR]
    ./frontend/src/components/programs/program-form-sheet.tsx [Client Component SSR]
    ./frontend/src/components/programs/programs-listing.tsx [Client Component SSR]
    ./frontend/src/components/programs/programs-listing.tsx [Server Component]
    ./frontend/src/app/dashboard/programs/page.tsx [Server Component]

https://nextjs.org/docs/messages/module-not-found


./frontend/src/components/roles/create-role-dialog.tsx:7:1
Module not found: Can't resolve '@/features/ui/components/label'
  [90m 5 |[0m [36mimport[0m { [33mButton[0m } [36mfrom[0m [32m'@/features/ui/components/button'[0m;
  [90m 6 |[0m [36mimport[0m { [33mInput[0m } [36mfrom[0m [32m'@/features/ui/components/input'[0m;
[31m[1m>[0m [90m 7 |[0m [36mimport[0m { [33mLabel[0m } [36mfrom[0m 
[32m'@/features/ui/components/label'[0m;
  [90m   |[0m [31m[1m^^^^^^^^^^^^^^^^^^^^^^^^^^^^^^^^^^^^^^^^^^^^^^^^^^^^^^^[0m
  [90m 8 |[0m [36mimport[0m {
  [90m 9 |[0m   [33mDialog[0m,
  [90m10 |[0m   [33mDialogContent[0m,

Import map: aliased to relative './src/features/ui/components/label' inside of [project]/frontend


Import traces:
  Client Component Browser:
    ./frontend/src/components/roles/create-role-dialog.tsx [Client Component Browser]
    ./frontend/src/components/roles/roles-admin-page.tsx [Client Component Browser]
    ./frontend/src/components/roles/roles-admin-page.tsx [Server Component]
    ./frontend/src/app/dashboard/admin/roles/page.tsx [Server Component]

  Client Component SSR:
    ./frontend/src/components/roles/create-role-dialog.tsx [Client Component SSR]
    ./frontend/src/components/roles/roles-admin-page.tsx [Client Component SSR]
    ./frontend/src/components/roles/roles-admin-page.tsx [Server Component]
    ./frontend/src/app/dashboard/admin/roles/page.tsx [Server Component]

https://nextjs.org/docs/messages/module-not-found


./frontend/src/components/announcements/chip-picker.tsx:12:1
Module not found: Can't resolve '@/features/ui/components/popover'
  [90m10 |[0m   [33mCommandList[0m
  [90m11 |[0m } [36mfrom[0m [32m'@/features/ui/components/command'[0m;
[31m[1m>[0m [90m12 |[0m [36mimport[0m { [33mPopover[0m, [33mPopoverContent[0m, [33mPopoverTrigger[0m } 
[36mfrom[0m [32m'@/features/ui/components/popover'[0m;
  [90m   |[0m 
[31m[1m^^^^^^^^^^^^^^^^^^^^^^^^^^^^^^^^^^^^^^^^^^^^^^^^^^^^^^^^^^^^^^^^^^^^^^^^^^^^^^^^^^^^^^^^^^^[0m
  [90m13 |[0m [36mimport[0m { [33mIcons[0m } [36mfrom[0m [32m'@/components/icons'[0m;
  [90m14 |[0m [36mimport[0m { cn } [36mfrom[0m [32m'@/lib/utils'[0m;
  [90m15 |[0m

Import map: aliased to relative './src/features/ui/components/popover' inside of [project]/frontend


Import traces:
  Client Component Browser:
    ./frontend/src/components/announcements/chip-picker.tsx [Client Component Browser]
    ./frontend/src/components/announcements/create-dialog/step-audience.tsx [Client Component Browser]
    ./frontend/src/components/announcements/create-dialog/create-dialog-body.tsx [Client Component Browser]
    ./frontend/src/components/announcements/create-dialog.tsx [Client Component Browser]
    ./frontend/src/components/announcements/announcements-view.tsx [Client Component Browser]
    ./frontend/src/components/announcements/announcements-view.tsx [Server Component]
    ./frontend/src/app/dashboard/announcements/page.tsx [Server Component]

  Client Component SSR:
    ./frontend/src/components/announcements/chip-picker.tsx [Client Component SSR]
    ./frontend/src/components/announcements/create-dialog/step-audience.tsx [Client Component SSR]
    ./frontend/src/components/announcements/create-dialog/create-dialog-body.tsx [Client Component SSR]
    ./frontend/src/components/announcements/create-dialog.tsx [Client Component SSR]
    ./frontend/src/components/announcements/announcements-view.tsx [Client Component SSR]
    ./frontend/src/components/announcements/announcements-view.tsx [Server Component]
    ./frontend/src/app/dashboard/announcements/page.tsx [Server Component]

https://nextjs.org/docs/messages/module-not-found


./frontend/src/components/batches-admin/batch-search-select.tsx:15:1
Module not found: Can't resolve '@/features/ui/components/popover'
  [90m13 |[0m } [36mfrom[0m [32m'@/features/ui/components/command'[0m;
  [90m14 |[0m [36mimport[0m { [33mLabel[0m } [36mfrom[0m [32m'@/features/ui/components/label'[0m;
[31m[1m>[0m [90m15 |[0m [36mimport[0m { [33mPopover[0m, [33mPopoverContent[0m, [33mPopoverTrigger[0m } 
[36mfrom[0m [32m'@/features/ui/components/popover'[0m;
  [90m   |[0m 
[31m[1m^^^^^^^^^^^^^^^^^^^^^^^^^^^^^^^^^^^^^^^^^^^^^^^^^^^^^^^^^^^^^^^^^^^^^^^^^^^^^^^^^^^^^^^^^^^[0m
  [90m16 |[0m [36mimport[0m { cn } [36mfrom[0m [32m'@/lib/utils'[0m;
  [90m17 |[0m
  [90m18 |[0m [36mexport[0m [36mtype[0m [33mBatchSearchOption[0m = {

Import map: aliased to relative './src/features/ui/components/popover' inside of [project]/frontend


Import traces:
  Client Component Browser:
    ./frontend/src/components/batches-admin/batch-search-select.tsx [Client Component Browser]
    ./frontend/src/components/batches-admin/section-form-sheet.tsx [Client Component Browser]
    ./frontend/src/components/batches-admin/batches-sections-tabs.tsx [Client Component Browser]
    ./frontend/src/components/batches-admin/admin-batches-page.tsx [Client Component Browser]
    ./frontend/src/app/dashboard/batches/page.tsx [Client Component Browser]
    ./frontend/src/app/dashboard/batches/page.tsx [Server Component]

  Client Component SSR:
    ./frontend/src/components/batches-admin/batch-search-select.tsx [Client Component SSR]
    ./frontend/src/components/batches-admin/section-form-sheet.tsx [Client Component SSR]
    ./frontend/src/components/batches-admin/batches-sections-tabs.tsx [Client Component SSR]
    ./frontend/src/components/batches-admin/admin-batches-page.tsx [Client Component SSR]
    ./frontend/src/app/dashboard/batches/page.tsx [Client Component SSR]
    ./frontend/src/app/dashboard/batches/page.tsx [Server Component]

https://nextjs.org/docs/messages/module-not-found


./frontend/src/components/discussions/channel/channel-search-popover.tsx:5:1
Module not found: Can't resolve '@/features/ui/components/popover'
  [90m3 |[0m [36mimport[0m { [33mButton[0m } [36mfrom[0m [32m'@/features/ui/components/button'[0m;
  [90m4 |[0m [36mimport[0m { [33mIcons[0m } [36mfrom[0m [32m'@/components/icons'[0m;
[31m[1m>[0m [90m5 |[0m [36mimport[0m { [33mPopover[0m, [33mPopoverContent[0m, [33mPopoverTrigger[0m } 
[36mfrom[0m [32m'@/features/ui/components/popover'[0m;
  [90m  |[0m [31m[1m^^^^^^^^^^^^^^^^^^^^^^^^^^^^^^^^^^^^^^^^^^^^^^^^^^^^^^^^^^^^^^^^^^^^^^^^^^^^^^^^^^^^^^^^^^^[0m
  [90m6 |[0m [36mimport[0m { [33mChannelSearchPopoverHeader[0m } [36mfrom[0m 
[32m'./channel-search-popover-header'[0m;
  [90m7 |[0m [36mimport[0m { [33mChannelSearchResults[0m } [36mfrom[0m [32m'./channel-search-results'[0m;
  [90m8 |[0m [36mimport[0m { useChannelSearchPopover } [36mfrom[0m [32m'./use-channel-search-popover'[0m;

Import map: aliased to relative './src/features/ui/components/popover' inside of [project]/frontend


Import traces:
  Client Component Browser:
    ./frontend/src/components/discussions/channel/channel-search-popover.tsx [Client Component Browser]
    ./frontend/src/components/discussions/channel/channel-pane/channel-pane-header.tsx [Client Component Browser]
    ./frontend/src/components/discussions/channel/channel-pane/channel-pane.tsx [Client Component Browser]
    ./frontend/src/app/dashboard/messages/page.tsx [Client Component Browser]
    ./frontend/src/app/dashboard/messages/page.tsx [Server Component]

  Client Component SSR:
    ./frontend/src/components/discussions/channel/channel-search-popover.tsx [Client Component SSR]
    ./frontend/src/components/discussions/channel/channel-pane/channel-pane-header.tsx [Client Component SSR]
    ./frontend/src/components/discussions/channel/channel-pane/channel-pane.tsx [Client Component SSR]
    ./frontend/src/app/dashboard/messages/page.tsx [Client Component SSR]
    ./frontend/src/app/dashboard/messages/page.tsx [Server Component]

https://nextjs.org/docs/messages/module-not-found


./frontend/src/components/discussions/channel/message-row/message-actions-toolbar.tsx:6:1
Module not found: Can't resolve '@/features/ui/components/popover'
  [90m4 |[0m ...[36mmport[0m { [33mButton[0m } [36mfrom[0m [32m'@/features/ui/components/button'[0m;
  [90m5 |[0m ...[36mmport[0m { [33mIcons[0m } [36mfrom[0m [32m'@/components/icons'[0m;
[31m[1m>[0m [90m6 |[0m ...[36mmport[0m { [33mPopover[0m, [33mPopoverContent[0m, [33mPopoverTrigger[0m } 
[36mfrom[0m [32m'@/features/ui/components/popover'[0m;
  [90m  |[0m    
[31m[1m^^^^^^^^^^^^^^^^^^^^^^^^^^^^^^^^^^^^^^^^^^^^^^^^^^^^^^^^^^^^^^^^^^^^^^^^^^^^^^^^^^^^^^^^^^^[0m
  [90m7 |[0m ...[36mmport[0m { cn } [36mfrom[0m [32m'@/lib/utils'[0m;
  [90m8 |[0m ...[36mmport[0m [36mtype[0m { [33mDiscussionMessage[0m } [36mfrom[0m 
[32m'@/lib/discussions/queries/types'[0m;
  [90m9 |[0m ...[36mmport[0m [36mtype[0m { [33mDiscussionPermissions[0m } [36mfrom[0m 
[32m'@/lib/discussions/services/use-discussion-per...[0m

Import map: aliased to relative './src/features/ui/components/popover' inside of [project]/frontend


Import traces:
  Client Component Browser:
    ./frontend/src/components/discussions/channel/message-row/message-actions-toolbar.tsx [Client Component Browser]
    ./frontend/src/components/discussions/channel/message-row/message-bubble.tsx [Client Component Browser]
    ./frontend/src/components/discussions/channel/message-row/message-row.tsx [Client Component Browser]
    ./frontend/src/components/discussions/threads/thread-panel.tsx [Client Component Browser]
    ./frontend/src/components/discussions/channel/channel-pane/channel-pane.tsx [Client Component Browser]
    ./frontend/src/app/dashboard/messages/page.tsx [Client Component Browser]
    ./frontend/src/app/dashboard/messages/page.tsx [Server Component]

  Client Component SSR:
    ./frontend/src/components/discussions/channel/message-row/message-actions-toolbar.tsx [Client Component SSR]
    ./frontend/src/components/discussions/channel/message-row/message-bubble.tsx [Client Component SSR]
    ./frontend/src/components/discussions/channel/message-row/message-row.tsx [Client Component SSR]
    ./frontend/src/components/discussions/threads/thread-panel.tsx [Client Component SSR]
    ./frontend/src/components/discussions/channel/channel-pane/channel-pane.tsx [Client Component SSR]
    ./frontend/src/app/dashboard/messages/page.tsx [Client Component SSR]
    ./frontend/src/app/dashboard/messages/page.tsx [Server Component]

https://nextjs.org/docs/messages/module-not-found


./frontend/src/components/discussions/channel/pinned-strip.tsx:6:1
Module not found: Can't resolve '@/features/ui/components/popover'
  [90m 4 |[0m [36mimport[0m { [33mButton[0m } [36mfrom[0m [32m'@/features/ui/components/button'[0m;
  [90m 5 |[0m [36mimport[0m { [33mIcons[0m } [36mfrom[0m [32m'@/components/icons'[0m;
[31m[1m>[0m [90m 6 |[0m [36mimport[0m {
  [90m   |[0m [31m[1m^^^^^^^[0m
[31m[1m>[0m [90m 7 |[0m   [33mPopover[0m,
  [90m   |[0m [31m[1m^^^^^^^^^^[0m
[31m[1m>[0m [90m 8 |[0m   [33mPopoverContent[0m,
  [90m   |[0m [31m[1m^^^^^^^^^^^^^^^^^[0m
[31m[1m>[0m [90m 9 |[0m   [33mPopoverTrigger[0m
  [90m   |[0m [31m[1m^^^^^^^^^^^^^^^^[0m
[31m[1m>[0m [90m10 |[0m } [36mfrom[0m [32m'@/features/ui/components/popover'[0m;
  [90m   |[0m [31m[1m^^^^^^^^^^^^^^^^^^^^^^^^^^^^^^^^^^^^^^^^^^[0m
  [90m11 |[0m [36mimport[0m { [33mScrollArea[0m } [36mfrom[0m [32m'@/features/ui/components/scroll-area'[0m;
  [90m12 |[0m [36mimport[0m { cn } [36mfrom[0m [32m'@/lib/utils'[0m;
  [90m13 |[0m [36mimport[0m { useChannelPins, useUnpinMessage } [36mfrom[0m 
[32m'@/lib/discussions/queries/queries'[0m;

Import map: aliased to relative './src/features/ui/components/popover' inside of [project]/frontend


Import traces:
  Client Component Browser:
    ./frontend/src/components/discussions/channel/pinned-strip.tsx [Client Component Browser]
    ./frontend/src/components/discussions/channel/channel-pane/channel-pane.tsx [Client Component Browser]
    ./frontend/src/app/dashboard/messages/page.tsx [Client Component Browser]
    ./frontend/src/app/dashboard/messages/page.tsx [Server Component]

  Client Component SSR:
    ./frontend/src/components/discussions/channel/pinned-strip.tsx [Client Component SSR]
    ./frontend/src/components/discussions/channel/channel-pane/channel-pane.tsx [Client Component SSR]
    ./frontend/src/app/dashboard/messages/page.tsx [Client Component SSR]
    ./frontend/src/app/dashboard/messages/page.tsx [Server Component]

https://nextjs.org/docs/messages/module-not-found


./frontend/src/components/discussions/composer/message-composer/composer-media-actions.tsx:5:1
Module not found: Can't resolve '@/features/ui/components/popover'
  [90m3 |[0m [36mimport[0m { [33mSmile[0m } [36mfrom[0m [32m'lucide-react'[0m
  [90m4 |[0m [36mimport[0m { [33mButton[0m } [36mfrom[0m [32m'@/features/ui/components/button'[0m
[31m[1m>[0m [90m5 |[0m [36mimport[0m { [33mPopover[0m, [33mPopoverContent[0m, [33mPopoverTrigger[0m } 
[36mfrom[0m [32m'@/features/ui/components/popover'[0m
  [90m  |[0m [31m[1m^^^^^^^^^^^^^^^^^^^^^^^^^^^^^^^^^^^^^^^^^^^^^^^^^^^^^^^^^^^^^^^^^^^^^^^^^^^^^^^^^^^^^^^^^^[0m
  [90m6 |[0m [36mimport[0m { [33mTooltip[0m, [33mTooltipContent[0m, [33mTooltipTrigger[0m } [36mfrom[0m 
[32m'@/features/ui/components/tooltip'[0m
  [90m7 |[0m [36mimport[0m { [33mIcons[0m } [36mfrom[0m [32m'@/components/icons'[0m
  [90m8 |[0m [36mimport[0m { [33mCOMPOSER_EMOJIS[0m } [36mfrom[0m [32m'./types'[0m

Import map: aliased to relative './src/features/ui/components/popover' inside of [project]/frontend


Import traces:
  Client Component Browser:
    ./frontend/src/components/discussions/composer/message-composer/composer-media-actions.tsx [Client Component 
Browser]
    ./frontend/src/components/discussions/composer/message-composer/composer-toolbar.tsx [Client Component Browser]
    ./frontend/src/components/discussions/composer/message-composer/message-composer.tsx [Client Component Browser]
    ./frontend/src/components/discussions/channel/channel-pane/channel-pane.tsx [Client Component Browser]
    ./frontend/src/app/dashboard/messages/page.tsx [Client Component Browser]
    ./frontend/src/app/dashboard/messages/page.tsx [Server Component]

  Client Component SSR:
    ./frontend/src/components/discussions/composer/message-composer/composer-media-actions.tsx [Client Component SSR]
    ./frontend/src/components/discussions/composer/message-composer/composer-toolbar.tsx [Client Component SSR]
    ./frontend/src/components/discussions/composer/message-composer/message-composer.tsx [Client Component SSR]
    ./frontend/src/components/discussions/channel/channel-pane/channel-pane.tsx [Client Component SSR]
    ./frontend/src/app/dashboard/messages/page.tsx [Client Component SSR]
    ./frontend/src/app/dashboard/messages/page.tsx [Server Component]

https://nextjs.org/docs/messages/module-not-found


./frontend/src/components/discussions/dms/dm-composer.tsx:7:1
Module not found: Can't resolve '@/features/ui/components/popover'
  [90m 5 |[0m [36mimport[0m { [33mButton[0m } [36mfrom[0m [32m'@/features/ui/components/button'[0m
  [90m 6 |[0m [36mimport[0m { [33mTextarea[0m } [36mfrom[0m [32m'@/features/ui/components/textarea'[0m
[31m[1m>[0m [90m 7 |[0m [36mimport[0m { [33mPopover[0m, [33mPopoverContent[0m, [33mPopoverTrigger[0m } 
[36mfrom[0m [32m'@/features/ui/components/popover'[0m
  [90m   |[0m [31m[1m^^^^^^^^^^^^^^^^^^^^^^^^^^^^^^^^^^^^^^^^^^^^^^^^^^^^^^^^^^^^^^^^^^^^^^^^^^^^^^^^^^^^^^^^^^[0m
  [90m 8 |[0m [36mimport[0m { [33mTooltip[0m, [33mTooltipContent[0m, [33mTooltipTrigger[0m } [36mfrom[0m 
[32m'@/features/ui/components/tooltip'[0m
  [90m 9 |[0m [36mimport[0m { [33mIcons[0m } [36mfrom[0m [32m'@/components/icons'[0m
  [90m10 |[0m [36mimport[0m { cn } [36mfrom[0m [32m'@/lib/utils'[0m

Import map: aliased to relative './src/features/ui/components/popover' inside of [project]/frontend


Import traces:
  Client Component Browser:
    ./frontend/src/components/discussions/dms/dm-composer.tsx [Client Component Browser]
    ./frontend/src/components/discussions/dms/dm-pane/dm-pane.tsx [Client Component Browser]
    ./frontend/src/app/dashboard/messages/page.tsx [Client Component Browser]
    ./frontend/src/app/dashboard/messages/page.tsx [Server Component]

  Client Component SSR:
    ./frontend/src/components/discussions/dms/dm-composer.tsx [Client Component SSR]
    ./frontend/src/components/discussions/dms/dm-pane/dm-pane.tsx [Client Component SSR]
    ./frontend/src/app/dashboard/messages/page.tsx [Client Component SSR]
    ./frontend/src/app/dashboard/messages/page.tsx [Server Component]

https://nextjs.org/docs/messages/module-not-found


./frontend/src/lib/discussions/services/discussion-message-reactions.tsx:5:1
Module not found: Can't resolve '@/features/ui/components/popover'
  [90m3 |[0m [36mimport[0m * [36mas[0m [33mTooltipPrimitive[0m [36mfrom[0m 
[32m'@radix-ui/react-tooltip'[0m;
  [90m4 |[0m [36mimport[0m { [33mButton[0m } [36mfrom[0m [32m'@/features/ui/components/button'[0m;
[31m[1m>[0m [90m5 |[0m [36mimport[0m { [33mPopover[0m, [33mPopoverContent[0m, [33mPopoverTrigger[0m } 
[36mfrom[0m [32m'@/features/ui/components/popover'[0m;
  [90m  |[0m [31m[1m^^^^^^^^^^^^^^^^^^^^^^^^^^^^^^^^^^^^^^^^^^^^^^^^^^^^^^^^^^^^^^^^^^^^^^^^^^^^^^^^^^^^^^^^^^^[0m
  [90m6 |[0m [36mimport[0m { cn } [36mfrom[0m [32m'@/lib/utils'[0m;
  [90m7 |[0m
  [90m8 |[0m [36mexport[0m [36mtype[0m [33mDiscussionMessageReactionRow[0m = {

Import map: aliased to relative './src/features/ui/components/popover' inside of [project]/frontend


Import traces:
  Client Component Browser:
    ./frontend/src/lib/discussions/services/discussion-message-reactions.tsx [Client Component Browser]
    ./frontend/src/components/discussions/channel/message-row/message-row.tsx [Client Component Browser]
    ./frontend/src/components/discussions/channel/message-row.tsx [Client Component Browser]
    ./frontend/src/components/discussions/channel/index.ts [Client Component Browser]
    ./frontend/src/app/dashboard/messages/page.tsx [Client Component Browser]
    ./frontend/src/app/dashboard/messages/page.tsx [Server Component]

  Client Component SSR:
    ./frontend/src/lib/discussions/services/discussion-message-reactions.tsx [Client Component SSR]
    ./frontend/src/components/discussions/channel/message-row/message-row.tsx [Client Component SSR]
    ./frontend/src/components/discussions/channel/message-row.tsx [Client Component SSR]
    ./frontend/src/components/discussions/channel/index.ts [Client Component SSR]
    ./frontend/src/app/dashboard/messages/page.tsx [Client Component SSR]
    ./frontend/src/app/dashboard/messages/page.tsx [Server Component]

https://nextjs.org/docs/messages/module-not-found


./frontend/src/app/dashboard/me/interests/page.tsx:9:1
Module not found: Can't resolve '@/features/ui/components/scroll-area'
  [90m 7 |[0m [36mimport[0m { [33mSkeleton[0m } [36mfrom[0m [32m'@/features/ui/components/skeleton'[0m
  [90m 8 |[0m [36mimport[0m { [33mIcons[0m } [36mfrom[0m [32m'@/components/icons'[0m
[31m[1m>[0m [90m 9 |[0m [36mimport[0m { [33mScrollArea[0m } [36mfrom[0m 
[32m'@/features/ui/components/scroll-area'[0m
  [90m   |[0m [31m[1m^^^^^^^^^^^^^^^^^^^^^^^^^^^^^^^^^^^^^^^^^^^^^^^^^^^^^^^^^^^^^^^^^[0m
  [90m10 |[0m [36mimport[0m {
  [90m11 |[0m   useInterestTags,
  [90m12 |[0m   useMyInterests,

Import map: aliased to relative './src/features/ui/components/scroll-area' inside of [project]/frontend


Import traces:
  Client Component Browser:
    ./frontend/src/app/dashboard/me/interests/page.tsx [Client Component Browser]
    ./frontend/src/app/dashboard/me/interests/page.tsx [Server Component]

  Client Component SSR:
    ./frontend/src/app/dashboard/me/interests/page.tsx [Client Component SSR]
    ./frontend/src/app/dashboard/me/interests/page.tsx [Server Component]

https://nextjs.org/docs/messages/module-not-found


./frontend/src/components/announcements/acknowledgement-drawer.tsx:14:1
Module not found: Can't resolve '@/features/ui/components/scroll-area'
  [90m12 |[0m [36mimport[0m { [33mButton[0m } [36mfrom[0m [32m'@/features/ui/components/button'[0m;
  [90m13 |[0m [36mimport[0m { [33mBadge[0m } [36mfrom[0m [32m'@/features/ui/components/badge'[0m;
[31m[1m>[0m [90m14 |[0m [36mimport[0m { [33mScrollArea[0m } [36mfrom[0m 
[32m'@/features/ui/components/scroll-area'[0m;
  [90m   |[0m [31m[1m^^^^^^^^^^^^^^^^^^^^^^^^^^^^^^^^^^^^^^^^^^^^^^^^^^^^^^^^^^^^^^^^^^[0m
  [90m15 |[0m [36mimport[0m {
  [90m16 |[0m   [33mSelect[0m,
  [90m17 |[0m   [33mSelectContent[0m,

Import map: aliased to relative './src/features/ui/components/scroll-area' inside of [project]/frontend


Import traces:
  Client Component Browser:
    ./frontend/src/components/announcements/acknowledgement-drawer.tsx [Client Component Browser]
    ./frontend/src/components/announcements/announcement-analytics-sheet.tsx [Client Component Browser]
    ./frontend/src/components/announcements/announcements-view.tsx [Client Component Browser]
    ./frontend/src/components/announcements/announcements-view.tsx [Server Component]
    ./frontend/src/app/dashboard/announcements/page.tsx [Server Component]

  Client Component SSR:
    ./frontend/src/components/announcements/acknowledgement-drawer.tsx [Client Component SSR]
    ./frontend/src/components/announcements/announcement-analytics-sheet.tsx [Client Component SSR]
    ./frontend/src/components/announcements/announcements-view.tsx [Client Component SSR]
    ./frontend/src/components/announcements/announcements-view.tsx [Server Component]
    ./frontend/src/app/dashboard/announcements/page.tsx [Server Component]

https://nextjs.org/docs/messages/module-not-found


./frontend/src/components/discussions/channel/channel-search-results.tsx:2:1
Module not found: Can't resolve '@/features/ui/components/scroll-area'
  [90m1 |[0m [36mimport[0m { [33mIcons[0m } [36mfrom[0m [32m'@/components/icons'[0m;
[31m[1m>[0m [90m2 |[0m [36mimport[0m { [33mScrollArea[0m } [36mfrom[0m 
[32m'@/features/ui/components/scroll-area'[0m;
  [90m  |[0m [31m[1m^^^^^^^^^^^^^^^^^^^^^^^^^^^^^^^^^^^^^^^^^^^^^^^^^^^^^^^^^^^^^^^^^^[0m
  [90m3 |[0m [36mimport[0m { cn } [36mfrom[0m [32m'@/lib/utils'[0m;
  [90m4 |[0m [36mimport[0m [36mtype[0m { [33mDiscussionMessage[0m } [36mfrom[0m 
[32m'@/lib/discussions/queries/types'[0m;
  [90m5 |[0m [36mimport[0m { [33mSearchResultRow[0m } [36mfrom[0m [32m'./channel-search-result-row'[0m;

Import map: aliased to relative './src/features/ui/components/scroll-area' inside of [project]/frontend


Import traces:
  Client Component Browser:
    ./frontend/src/components/discussions/channel/channel-search-results.tsx [Client Component Browser]
    ./frontend/src/components/discussions/channel/channel-search-popover.tsx [Client Component Browser]
    ./frontend/src/components/discussions/channel/channel-pane/channel-pane-header.tsx [Client Component Browser]
    ./frontend/src/components/discussions/channel/channel-pane/channel-pane.tsx [Client Component Browser]
    ./frontend/src/app/dashboard/messages/page.tsx [Client Component Browser]
    ./frontend/src/app/dashboard/messages/page.tsx [Server Component]

  Client Component SSR:
    ./frontend/src/components/discussions/channel/channel-search-results.tsx [Client Component SSR]
    ./frontend/src/components/discussions/channel/channel-search-popover.tsx [Client Component SSR]
    ./frontend/src/components/discussions/channel/channel-pane/channel-pane-header.tsx [Client Component SSR]
    ./frontend/src/components/discussions/channel/channel-pane/channel-pane.tsx [Client Component SSR]
    ./frontend/src/app/dashboard/messages/page.tsx [Client Component SSR]
    ./frontend/src/app/dashboard/messages/page.tsx [Server Component]

https://nextjs.org/docs/messages/module-not-found


./frontend/src/components/discussions/channel/pinned-strip.tsx:11:1
Module not found: Can't resolve '@/features/ui/components/scroll-area'
  [90m 9 |[0m   [33mPopoverTrigger[0m
  [90m10 |[0m } [36mfrom[0m [32m'@/features/ui/components/popover'[0m;
[31m[1m>[0m [90m11 |[0m [36mimport[0m { [33mScrollArea[0m } [36mfrom[0m 
[32m'@/features/ui/components/scroll-area'[0m;
  [90m   |[0m [31m[1m^^^^^^^^^^^^^^^^^^^^^^^^^^^^^^^^^^^^^^^^^^^^^^^^^^^^^^^^^^^^^^^^^^[0m
  [90m12 |[0m [36mimport[0m { cn } [36mfrom[0m [32m'@/lib/utils'[0m;
  [90m13 |[0m [36mimport[0m { useChannelPins, useUnpinMessage } [36mfrom[0m 
[32m'@/lib/discussions/queries/queries'[0m;
  [90m14 |[0m [36mimport[0m { formatChannelPinPreview } [36mfrom[0m 
[32m'@/lib/discussions/services/format-channel-pin-pre...[0m

Import map: aliased to relative './src/features/ui/components/scroll-area' inside of [project]/frontend


Import traces:
  Client Component Browser:
    ./frontend/src/components/discussions/channel/pinned-strip.tsx [Client Component Browser]
    ./frontend/src/components/discussions/channel/channel-pane/channel-pane.tsx [Client Component Browser]
    ./frontend/src/app/dashboard/messages/page.tsx [Client Component Browser]
    ./frontend/src/app/dashboard/messages/page.tsx [Server Component]

  Client Component SSR:
    ./frontend/src/components/discussions/channel/pinned-strip.tsx [Client Component SSR]
    ./frontend/src/components/discussions/channel/channel-pane/channel-pane.tsx [Client Component SSR]
    ./frontend/src/app/dashboard/messages/page.tsx [Client Component SSR]
    ./frontend/src/app/dashboard/messages/page.tsx [Server Component]

https://nextjs.org/docs/messages/module-not-found


./frontend/src/components/discussions/composer/mention-popover.tsx:5:1
Module not found: Can't resolve '@/features/ui/components/scroll-area'
  [90m3 |[0m [36mimport[0m { useEffect, useRef } [36mfrom[0m [32m'react'[0m;
  [90m4 |[0m [36mimport[0m { [33mAvatar[0m, [33mAvatarFallback[0m } [36mfrom[0m 
[32m'@/features/ui/components/avatar'[0m;
[31m[1m>[0m [90m5 |[0m [36mimport[0m { [33mScrollArea[0m } [36mfrom[0m 
[32m'@/features/ui/components/scroll-area'[0m;
  [90m  |[0m [31m[1m^^^^^^^^^^^^^^^^^^^^^^^^^^^^^^^^^^^^^^^^^^^^^^^^^^^^^^^^^^^^^^^^^^[0m
  [90m6 |[0m [36mimport[0m { cn } [36mfrom[0m [32m'@/lib/utils'[0m;
  [90m7 |[0m [36mimport[0m [36mtype[0m { [33mChannelMember[0m } [36mfrom[0m 
[32m'@/lib/discussions/queries/types'[0m;
  [90m8 |[0m [36mimport[0m { avatarGradient } [36mfrom[0m [32m'@/lib/discussions/services/avatar-color'[0m;

Import map: aliased to relative './src/features/ui/components/scroll-area' inside of [project]/frontend


Import traces:
  Client Component Browser:
    ./frontend/src/components/discussions/composer/mention-popover.tsx [Client Component Browser]
    ./frontend/src/components/discussions/composer/message-composer/composer-input.tsx [Client Component Browser]
    ./frontend/src/components/discussions/composer/message-composer/message-composer.tsx [Client Component Browser]
    ./frontend/src/components/discussions/channel/channel-pane/channel-pane.tsx [Client Component Browser]
    ./frontend/src/app/dashboard/messages/page.tsx [Client Component Browser]
    ./frontend/src/app/dashboard/messages/page.tsx [Server Component]

  Client Component SSR:
    ./frontend/src/components/discussions/composer/mention-popover.tsx [Client Component SSR]
    ./frontend/src/components/discussions/composer/message-composer/composer-input.tsx [Client Component SSR]
    ./frontend/src/components/discussions/composer/message-composer/message-composer.tsx [Client Component SSR]
    ./frontend/src/components/discussions/channel/channel-pane/channel-pane.tsx [Client Component SSR]
    ./frontend/src/app/dashboard/messages/page.tsx [Client Component SSR]
    ./frontend/src/app/dashboard/messages/page.tsx [Server Component]

https://nextjs.org/docs/messages/module-not-found


./frontend/src/components/discussions/details/details-panel.tsx:5:1
Module not found: Can't resolve '@/features/ui/components/scroll-area'
  [90m3 |[0m [36mimport[0m { [33mX[0m, [33mUsers[0m, [33mPaperclip[0m, [33mPin[0m } [36mfrom[0m 
[32m'lucide-react'[0m;
  [90m4 |[0m [36mimport[0m { [33mButton[0m } [36mfrom[0m [32m'@/features/ui/components/button'[0m;
[31m[1m>[0m [90m5 |[0m [36mimport[0m { [33mScrollArea[0m } [36mfrom[0m 
[32m'@/features/ui/components/scroll-area'[0m;
  [90m  |[0m [31m[1m^^^^^^^^^^^^^^^^^^^^^^^^^^^^^^^^^^^^^^^^^^^^^^^^^^^^^^^^^^^^^^^^^^[0m
  [90m6 |[0m [36mimport[0m { cn } [36mfrom[0m [32m'@/lib/utils'[0m;
  [90m7 |[0m [36mimport[0m { [33mDetailsMembersTab[0m } [36mfrom[0m [32m'./details-members-tab'[0m;
  [90m8 |[0m [36mimport[0m { [33mDetailsFilesTab[0m } [36mfrom[0m [32m'./details-files-tab'[0m;

Import map: aliased to relative './src/features/ui/components/scroll-area' inside of [project]/frontend


Import traces:
  Client Component Browser:
    ./frontend/src/components/discussions/details/details-panel.tsx [Client Component Browser]
    ./frontend/src/components/discussions/channel/channel-pane/channel-pane.tsx [Client Component Browser]
    ./frontend/src/app/dashboard/messages/page.tsx [Client Component Browser]
    ./frontend/src/app/dashboard/messages/page.tsx [Server Component]

  Client Component SSR:
    ./frontend/src/components/discussions/details/details-panel.tsx [Client Component SSR]
    ./frontend/src/components/discussions/channel/channel-pane/channel-pane.tsx [Client Component SSR]
    ./frontend/src/app/dashboard/messages/page.tsx [Client Component SSR]
    ./frontend/src/app/dashboard/messages/page.tsx [Server Component]

https://nextjs.org/docs/messages/module-not-found


./frontend/src/components/discussions/dms/dm-create/dm-candidate-people-list.tsx:5:1
Module not found: Can't resolve '@/features/ui/components/scroll-area'
  [90m3 |[0m [36mimport[0m { [33mAvatar[0m, [33mAvatarFallback[0m } [36mfrom[0m 
[32m'@/features/ui/components/avatar'[0m
  [90m4 |[0m [36mimport[0m { [33mIcons[0m } [36mfrom[0m [32m'@/components/icons'[0m
[31m[1m>[0m [90m5 |[0m [36mimport[0m { [33mScrollArea[0m } [36mfrom[0m 
[32m'@/features/ui/components/scroll-area'[0m
  [90m  |[0m [31m[1m^^^^^^^^^^^^^^^^^^^^^^^^^^^^^^^^^^^^^^^^^^^^^^^^^^^^^^^^^^^^^^^^^[0m
  [90m6 |[0m [36mimport[0m { cn } [36mfrom[0m [32m'@/lib/utils'[0m
  [90m7 |[0m [36mimport[0m { avatarGradient } [36mfrom[0m [32m'@/lib/discussions/services/avatar-color'[0m
  [90m8 |[0m [36mimport[0m [36mtype[0m { [33mGroupDmCandidate[0m } [36mfrom[0m 
[32m'@/lib/discussions/queries/types'[0m

Import map: aliased to relative './src/features/ui/components/scroll-area' inside of [project]/frontend


Import traces:
  Client Component Browser:
    ./frontend/src/components/discussions/dms/dm-create/dm-candidate-people-list.tsx [Client Component Browser]
    ./frontend/src/components/discussions/dms/dm-create/dm-candidate-picker.tsx [Client Component Browser]
    ./frontend/src/components/discussions/dms/dm-add-members/add-members-dialog.tsx [Client Component Browser]
    ./frontend/src/components/discussions/dms/dm-pane/dm-pane.tsx [Client Component Browser]
    ./frontend/src/app/dashboard/messages/page.tsx [Client Component Browser]
    ./frontend/src/app/dashboard/messages/page.tsx [Server Component]

  Client Component SSR:
    ./frontend/src/components/discussions/dms/dm-create/dm-candidate-people-list.tsx [Client Component SSR]
    ./frontend/src/components/discussions/dms/dm-create/dm-candidate-picker.tsx [Client Component SSR]
    ./frontend/src/components/discussions/dms/dm-add-members/add-members-dialog.tsx [Client Component SSR]
    ./frontend/src/components/discussions/dms/dm-pane/dm-pane.tsx [Client Component SSR]
    ./frontend/src/app/dashboard/messages/page.tsx [Client Component SSR]
    ./frontend/src/app/dashboard/messages/page.tsx [Server Component]

https://nextjs.org/docs/messages/module-not-found


./frontend/src/components/discussions/dms/dm-create/dm-hierarchy-nav-list.tsx:4:1
Module not found: Can't resolve '@/features/ui/components/scroll-area'
  [90m2 |[0m
  [90m3 |[0m [36mimport[0m { [33mIcons[0m } [36mfrom[0m [32m'@/components/icons'[0m
[31m[1m>[0m [90m4 |[0m [36mimport[0m { [33mScrollArea[0m } [36mfrom[0m 
[32m'@/features/ui/components/scroll-area'[0m
  [90m  |[0m [31m[1m^^^^^^^^^^^^^^^^^^^^^^^^^^^^^^^^^^^^^^^^^^^^^^^^^^^^^^^^^^^^^^^^^[0m
  [90m5 |[0m [36mimport[0m [36mtype[0m { [33mHierarchyNode[0m } [36mfrom[0m [32m'./candidate-hierarchy'[0m
  [90m6 |[0m
  [90m7 |[0m [36mexport[0m [36mfunction[0m [33mDmHierarchyNavList[0m({

Import map: aliased to relative './src/features/ui/components/scroll-area' inside of [project]/frontend


Import traces:
  Client Component Browser:
    ./frontend/src/components/discussions/dms/dm-create/dm-hierarchy-nav-list.tsx [Client Component Browser]
    ./frontend/src/components/inbox/new-message-browse.tsx [Client Component Browser]
    ./frontend/src/components/inbox/new-message-dialog.tsx [Client Component Browser]
    ./frontend/src/components/inbox/inbox-list.tsx [Client Component Browser]
    ./frontend/src/app/dashboard/messages/page.tsx [Client Component Browser]
    ./frontend/src/app/dashboard/messages/page.tsx [Server Component]

  Client Component SSR:
    ./frontend/src/components/discussions/dms/dm-create/dm-hierarchy-nav-list.tsx [Client Component SSR]
    ./frontend/src/components/inbox/new-message-browse.tsx [Client Component SSR]
    ./frontend/src/components/inbox/new-message-dialog.tsx [Client Component SSR]
    ./frontend/src/components/inbox/inbox-list.tsx [Client Component SSR]
    ./frontend/src/app/dashboard/messages/page.tsx [Client Component SSR]
    ./frontend/src/app/dashboard/messages/page.tsx [Server Component]

https://nextjs.org/docs/messages/module-not-found


./frontend/src/components/inbox/messages-discover-pane.tsx:5:53
Module not found: Can't resolve '@/features/ui/components/scroll-area'
  [90m3 |[0m [36mimport[0m { useMemo, useState } [36mfrom[0m [32m'react'[0m
  [90m4 |[0m [36mimport[0m { [33mCompass[0m } [36mfrom[0m [32m'lucide-react'[0m
[31m[1m>[0m [90m5 |[0m [36mimport[0m { [33mInput[0m } [36mfrom[0m [32m'@/features/ui/components/input'[0m
  [90m  |[0m                                                     [31m[1m^[0m
[31m[1m>[0m [90m6 |[0m [36mimport[0m { [33mScrollArea[0m } [36mfrom[0m 
[32m'@/features/ui/components/scroll-area'[0m
  [90m  |[0m [31m[1m^^^^^^^^^^^^^^^^^^^^^^^^^^^^^^^^^^^^^^^^^^^^^^^^^^^^^^^^^^^^^^[0m
  [90m7 |[0m [36mimport[0m { [33mIcons[0m } [36mfrom[0m [32m'@/components/icons'[0m
  [90m8 |[0m [36mimport[0m {
  [90m9 |[0m   useClubs,

Import map: aliased to relative './src/features/ui/components/scroll-area' inside of [project]/frontend


Import traces:
  Client Component Browser:
    ./frontend/src/components/inbox/messages-discover-pane.tsx [Client Component Browser]
    ./frontend/src/app/dashboard/messages/page.tsx [Client Component Browser]
    ./frontend/src/app/dashboard/messages/page.tsx [Server Component]

  Client Component SSR:
    ./frontend/src/components/inbox/messages-discover-pane.tsx [Client Component SSR]
    ./frontend/src/app/dashboard/messages/page.tsx [Client Component SSR]
    ./frontend/src/app/dashboard/messages/page.tsx [Server Component]

https://nextjs.org/docs/messages/module-not-found


./frontend/src/components/programs/program-form-fields.tsx:5:1
Module not found: Can't resolve '@/features/ui/components/search-select'
  [90m3 |[0m [36mimport[0m { [33mInput[0m } [36mfrom[0m [32m'@/features/ui/components/input'[0m;
  [90m4 |[0m [36mimport[0m { [33mLabel[0m } [36mfrom[0m [32m'@/features/ui/components/label'[0m;
[31m[1m>[0m [90m5 |[0m [36mimport[0m { [33mSearchSelect[0m } [36mfrom[0m 
[32m'@/features/ui/components/search-select'[0m;
  [90m  |[0m [31m[1m^^^^^^^^^^^^^^^^^^^^^^^^^^^^^^^^^^^^^^^^^^^^^^^^^^^^^^^^^^^^^^^^^^^^^^[0m
  [90m6 |[0m [36mimport[0m [36mtype[0m { [33mProgramInput[0m } [36mfrom[0m 
[32m'@/lib/programs/services'[0m;
  [90m7 |[0m [36mimport[0m { buildDefaultProgramCode, [33mLEVEL_CODE_PREFIX[0m } [36mfrom[0m 
[32m'@/lib/programs/services'[0m;
  [90m8 |[0m

Import map: aliased to relative './src/features/ui/components/search-select' inside of [project]/frontend


Import traces:
  Client Component Browser:
    ./frontend/src/components/programs/program-form-fields.tsx [Client Component Browser]
    ./frontend/src/components/programs/program-form-sheet.tsx [Client Component Browser]
    ./frontend/src/components/programs/programs-listing.tsx [Client Component Browser]
    ./frontend/src/components/programs/programs-listing.tsx [Server Component]
    ./frontend/src/app/dashboard/programs/page.tsx [Server Component]

  Client Component SSR:
    ./frontend/src/components/programs/program-form-fields.tsx [Client Component SSR]
    ./frontend/src/components/programs/program-form-sheet.tsx [Client Component SSR]
    ./frontend/src/components/programs/programs-listing.tsx [Client Component SSR]
    ./frontend/src/components/programs/programs-listing.tsx [Server Component]
    ./frontend/src/app/dashboard/programs/page.tsx [Server Component]

https://nextjs.org/docs/messages/module-not-found


./frontend/src/components/offices/office-inbox.tsx:8:1
Module not found: Can't resolve '@/features/ui/components/segmented-control'
  [90m 6 |[0m [36mimport[0m { pastelFor } [36mfrom[0m [32m'@/lib/pastel'[0m;
  [90m 7 |[0m [36mimport[0m { [33mButton[0m } [36mfrom[0m [32m'@/features/ui/components/button'[0m;
[31m[1m>[0m [90m 8 |[0m [36mimport[0m { [33mSegmentedControl[0m } [36mfrom[0m 
[32m'@/features/ui/components/segmented-control'[0m;
  [90m   |[0m [31m[1m^^^^^^^^^^^^^^^^^^^^^^^^^^^^^^^^^^^^^^^^^^^^^^^^^^^^^^^^^^^^^^^^^^^^^^^^^^^^^^[0m
  [90m 9 |[0m [36mimport[0m { [33mSkeleton[0m } [36mfrom[0m [32m'@/features/ui/components/skeleton'[0m;
  [90m10 |[0m [36mimport[0m { useOfficeInbox } [36mfrom[0m [32m'@/lib/offices/queries'[0m;
  [90m11 |[0m [36mimport[0m { [33mStatusChip[0m, timeAgo } [36mfrom[0m [32m'./office-bits'[0m;

Import map: aliased to relative './src/features/ui/components/segmented-control' inside of [project]/frontend


Import traces:
  Client Component Browser:
    ./frontend/src/components/offices/office-inbox.tsx [Client Component Browser]
    ./frontend/src/app/dashboard/offices/page.tsx [Client Component Browser]
    ./frontend/src/app/dashboard/offices/page.tsx [Server Component]

  Client Component SSR:
    ./frontend/src/components/offices/office-inbox.tsx [Client Component SSR]
    ./frontend/src/app/dashboard/offices/page.tsx [Client Component SSR]
    ./frontend/src/app/dashboard/offices/page.tsx [Server Component]

https://nextjs.org/docs/messages/module-not-found


./frontend/src/components/admin/admin-report-filters.tsx:5:1
Module not found: Can't resolve '@/features/ui/components/select'
  [90m 3 |[0m [36mimport[0m { [33mRotateCcw[0m } [36mfrom[0m [32m'lucide-react'[0m;
  [90m 4 |[0m [36mimport[0m { [33mButton[0m } [36mfrom[0m [32m'@/features/ui/components/button'[0m;
[31m[1m>[0m [90m 5 |[0m [36mimport[0m {
  [90m   |[0m [31m[1m^^^^^^^[0m
[31m[1m>[0m [90m 6 |[0m   [33mSelect[0m,
  [90m   |[0m [31m[1m^^^^^^^^^[0m
[31m[1m>[0m [90m 7 |[0m   [33mSelectContent[0m,
  [90m   |[0m [31m[1m^^^^^^^^^^^^^^^^[0m
[31m[1m>[0m [90m 8 |[0m   [33mSelectItem[0m,
  [90m   |[0m [31m[1m^^^^^^^^^^^^^[0m
[31m[1m>[0m [90m 9 |[0m   [33mSelectTrigger[0m,
  [90m   |[0m [31m[1m^^^^^^^^^^^^^^^^[0m
[31m[1m>[0m [90m10 |[0m   [33mSelectValue[0m,
  [90m   |[0m [31m[1m^^^^^^^^^^^^^^[0m
[31m[1m>[0m [90m11 |[0m } [36mfrom[0m [32m'@/features/ui/components/select'[0m;
  [90m   |[0m [31m[1m^^^^^^^^^^^^^^^^^^^^^^^^^^^^^^^^^^^^^^^^^[0m
  [90m12 |[0m [36mimport[0m [36mtype[0m {
  [90m13 |[0m   [33mAdminFaculty[0m,
  [90m14 |[0m   [33mAdminReportPeriod[0m,

Import map: aliased to relative './src/features/ui/components/select' inside of [project]/frontend


Import traces:
  Client Component Browser:
    ./frontend/src/components/admin/admin-report-filters.tsx [Client Component Browser]
    ./frontend/src/components/admin/admin-reports/admin-reports-dashboard.tsx [Client Component Browser]
    ./frontend/src/app/dashboard/admin/report/page.tsx [Client Component Browser]
    ./frontend/src/app/dashboard/admin/report/page.tsx [Server Component]

  Client Component SSR:
    ./frontend/src/components/admin/admin-report-filters.tsx [Client Component SSR]
    ./frontend/src/components/admin/admin-reports/admin-reports-dashboard.tsx [Client Component SSR]
    ./frontend/src/app/dashboard/admin/report/page.tsx [Client Component SSR]
    ./frontend/src/app/dashboard/admin/report/page.tsx [Server Component]

https://nextjs.org/docs/messages/module-not-found


./frontend/src/components/admin/audit-logs/audit-filter-fields.tsx:4:1
Module not found: Can't resolve '@/features/ui/components/select'
  [90m 2 |[0m
  [90m 3 |[0m [36mimport[0m [36mtype[0m { [33mReactNode[0m } [36mfrom[0m [32m'react'[0m;
[31m[1m>[0m [90m 4 |[0m [36mimport[0m {
  [90m   |[0m [31m[1m^^^^^^^[0m
[31m[1m>[0m [90m 5 |[0m   [33mSelect[0m,
  [90m   |[0m [31m[1m^^^^^^^^^[0m
[31m[1m>[0m [90m 6 |[0m   [33mSelectContent[0m,
  [90m   |[0m [31m[1m^^^^^^^^^^^^^^^^[0m
[31m[1m>[0m [90m 7 |[0m   [33mSelectItem[0m,
  [90m   |[0m [31m[1m^^^^^^^^^^^^^[0m
[31m[1m>[0m [90m 8 |[0m   [33mSelectTrigger[0m,
  [90m   |[0m [31m[1m^^^^^^^^^^^^^^^^[0m
[31m[1m>[0m [90m 9 |[0m   [33mSelectValue[0m,
  [90m   |[0m [31m[1m^^^^^^^^^^^^^^[0m
[31m[1m>[0m [90m10 |[0m } [36mfrom[0m [32m'@/features/ui/components/select'[0m;
  [90m   |[0m [31m[1m^^^^^^^^^^^^^^^^^^^^^^^^^^^^^^^^^^^^^^^^^[0m
  [90m11 |[0m
  [90m12 |[0m [36mexport[0m [36mfunction[0m [33mFilterField[0m({
  [90m13 |[0m   label,

Import map: aliased to relative './src/features/ui/components/select' inside of [project]/frontend


Import traces:
  Client Component Browser:
    ./frontend/src/components/admin/audit-logs/audit-filter-fields.tsx [Client Component Browser]
    ./frontend/src/components/admin/audit-logs/audit-logs-filters-bar.tsx [Client Component Browser]
    ./frontend/src/components/admin/audit-logs/audit-logs-view.tsx [Client Component Browser]
    ./frontend/src/app/dashboard/audit-logs/page.tsx [Client Component Browser]
    ./frontend/src/app/dashboard/audit-logs/page.tsx [Server Component]

  Client Component SSR:
    ./frontend/src/components/admin/audit-logs/audit-filter-fields.tsx [Client Component SSR]
    ./frontend/src/components/admin/audit-logs/audit-logs-filters-bar.tsx [Client Component SSR]
    ./frontend/src/components/admin/audit-logs/audit-logs-view.tsx [Client Component SSR]
    ./frontend/src/app/dashboard/audit-logs/page.tsx [Client Component SSR]
    ./frontend/src/app/dashboard/audit-logs/page.tsx [Server Component]

https://nextjs.org/docs/messages/module-not-found


./frontend/src/components/admin/audit-logs/audit-logs-filters-bar.tsx:11:1
Module not found: Can't resolve '@/features/ui/components/select'
  [90m 9 |[0m [36mimport[0m { [33mButton[0m } [36mfrom[0m [32m'@/features/ui/components/button'[0m;
  [90m10 |[0m [36mimport[0m { [33mInput[0m } [36mfrom[0m [32m'@/features/ui/components/input'[0m;
[31m[1m>[0m [90m11 |[0m [36mimport[0m {
  [90m   |[0m [31m[1m^^^^^^^[0m
[31m[1m>[0m [90m12 |[0m   [33mSelect[0m,
  [90m   |[0m [31m[1m^^^^^^^^^[0m
[31m[1m>[0m [90m13 |[0m   [33mSelectContent[0m,
  [90m   |[0m [31m[1m^^^^^^^^^^^^^^^^[0m
[31m[1m>[0m [90m14 |[0m   [33mSelectItem[0m,
  [90m   |[0m [31m[1m^^^^^^^^^^^^^[0m
[31m[1m>[0m [90m15 |[0m   [33mSelectTrigger[0m,
  [90m   |[0m [31m[1m^^^^^^^^^^^^^^^^[0m
[31m[1m>[0m [90m16 |[0m   [33mSelectValue[0m,
  [90m   |[0m [31m[1m^^^^^^^^^^^^^^[0m
[31m[1m>[0m [90m17 |[0m } [36mfrom[0m [32m'@/features/ui/components/select'[0m;
  [90m   |[0m [31m[1m^^^^^^^^^^^^^^^^^^^^^^^^^^^^^^^^^^^^^^^^^[0m
  [90m18 |[0m [36mimport[0m [36mtype[0m { [33mAuditLogFilterState[0m } [36mfrom[0m 
[32m'./audit-filters'[0m;
  [90m19 |[0m [36mimport[0m {
  [90m20 |[0m   [33mACTION_OPTIONS[0m,

Import map: aliased to relative './src/features/ui/components/select' inside of [project]/frontend


Import traces:
  Client Component Browser:
    ./frontend/src/components/admin/audit-logs/audit-logs-filters-bar.tsx [Client Component Browser]
    ./frontend/src/components/admin/audit-logs/audit-logs-view.tsx [Client Component Browser]
    ./frontend/src/app/dashboard/audit-logs/page.tsx [Client Component Browser]
    ./frontend/src/app/dashboard/audit-logs/page.tsx [Server Component]

  Client Component SSR:
    ./frontend/src/components/admin/audit-logs/audit-logs-filters-bar.tsx [Client Component SSR]
    ./frontend/src/components/admin/audit-logs/audit-logs-view.tsx [Client Component SSR]
    ./frontend/src/app/dashboard/audit-logs/page.tsx [Client Component SSR]
    ./frontend/src/app/dashboard/audit-logs/page.tsx [Server Component]

https://nextjs.org/docs/messages/module-not-found


./frontend/src/components/admin/audit-logs/audit-logs-pagination.tsx:5:1
Module not found: Can't resolve '@/features/ui/components/select'
  [90m 3 |[0m [36mimport[0m { [33mChevronLeft[0m, [33mChevronRight[0m } [36mfrom[0m [32m'lucide-react'[0m;
  [90m 4 |[0m [36mimport[0m { [33mButton[0m } [36mfrom[0m [32m'@/features/ui/components/button'[0m;
[31m[1m>[0m [90m 5 |[0m [36mimport[0m {
  [90m   |[0m [31m[1m^^^^^^^[0m
[31m[1m>[0m [90m 6 |[0m   [33mSelect[0m,
  [90m   |[0m [31m[1m^^^^^^^^^[0m
[31m[1m>[0m [90m 7 |[0m   [33mSelectContent[0m,
  [90m   |[0m [31m[1m^^^^^^^^^^^^^^^^[0m
[31m[1m>[0m [90m 8 |[0m   [33mSelectItem[0m,
  [90m   |[0m [31m[1m^^^^^^^^^^^^^[0m
[31m[1m>[0m [90m 9 |[0m   [33mSelectTrigger[0m,
  [90m   |[0m [31m[1m^^^^^^^^^^^^^^^^[0m
[31m[1m>[0m [90m10 |[0m   [33mSelectValue[0m,
  [90m   |[0m [31m[1m^^^^^^^^^^^^^^[0m
[31m[1m>[0m [90m11 |[0m } [36mfrom[0m [32m'@/features/ui/components/select'[0m;
  [90m   |[0m [31m[1m^^^^^^^^^^^^^^^^^^^^^^^^^^^^^^^^^^^^^^^^^[0m
  [90m12 |[0m
  [90m13 |[0m [36minterface[0m [33mAuditLogsPaginationProps[0m {
  [90m14 |[0m   selectedCount: number;

Import map: aliased to relative './src/features/ui/components/select' inside of [project]/frontend


Import traces:
  Client Component Browser:
    ./frontend/src/components/admin/audit-logs/audit-logs-pagination.tsx [Client Component Browser]
    ./frontend/src/components/admin/audit-logs/audit-logs-view.tsx [Client Component Browser]
    ./frontend/src/app/dashboard/audit-logs/page.tsx [Client Component Browser]
    ./frontend/src/app/dashboard/audit-logs/page.tsx [Server Component]

  Client Component SSR:
    ./frontend/src/components/admin/audit-logs/audit-logs-pagination.tsx [Client Component SSR]
    ./frontend/src/components/admin/audit-logs/audit-logs-view.tsx [Client Component SSR]
    ./frontend/src/app/dashboard/audit-logs/page.tsx [Client Component SSR]
    ./frontend/src/app/dashboard/audit-logs/page.tsx [Server Component]

https://nextjs.org/docs/messages/module-not-found


./frontend/src/components/announcements/acknowledgement-drawer.tsx:15:1
Module not found: Can't resolve '@/features/ui/components/select'
  [90m13 |[0m [36mimport[0m { [33mBadge[0m } [36mfrom[0m [32m'@/features/ui/components/badge'[0m;
  [90m14 |[0m [36mimport[0m { [33mScrollArea[0m } [36mfrom[0m [32m'@/features/ui/components/scroll-area'[0m;
[31m[1m>[0m [90m15 |[0m [36mimport[0m {
  [90m   |[0m [31m[1m^^^^^^^[0m
[31m[1m>[0m [90m16 |[0m   [33mSelect[0m,
  [90m   |[0m [31m[1m^^^^^^^^^[0m
[31m[1m>[0m [90m17 |[0m   [33mSelectContent[0m,
  [90m   |[0m [31m[1m^^^^^^^^^^^^^^^^[0m
[31m[1m>[0m [90m18 |[0m   [33mSelectItem[0m,
  [90m   |[0m [31m[1m^^^^^^^^^^^^^[0m
[31m[1m>[0m [90m19 |[0m   [33mSelectTrigger[0m,
  [90m   |[0m [31m[1m^^^^^^^^^^^^^^^^[0m
[31m[1m>[0m [90m20 |[0m   [33mSelectValue[0m
  [90m   |[0m [31m[1m^^^^^^^^^^^^^[0m
[31m[1m>[0m [90m21 |[0m } [36mfrom[0m [32m'@/features/ui/components/select'[0m;
  [90m   |[0m [31m[1m^^^^^^^^^^^^^^^^^^^^^^^^^^^^^^^^^^^^^^^^^[0m
  [90m22 |[0m [36mimport[0m {
  [90m23 |[0m   [33mTable[0m,
  [90m24 |[0m   [33mTableBody[0m,

Import map: aliased to relative './src/features/ui/components/select' inside of [project]/frontend


Import traces:
  Client Component Browser:
    ./frontend/src/components/announcements/acknowledgement-drawer.tsx [Client Component Browser]
    ./frontend/src/components/announcements/announcement-analytics-sheet.tsx [Client Component Browser]
    ./frontend/src/components/announcements/announcements-view.tsx [Client Component Browser]
    ./frontend/src/components/announcements/announcements-view.tsx [Server Component]
    ./frontend/src/app/dashboard/announcements/page.tsx [Server Component]

  Client Component SSR:
    ./frontend/src/components/announcements/acknowledgement-drawer.tsx [Client Component SSR]
    ./frontend/src/components/announcements/announcement-analytics-sheet.tsx [Client Component SSR]
    ./frontend/src/components/announcements/announcements-view.tsx [Client Component SSR]
    ./frontend/src/components/announcements/announcements-view.tsx [Server Component]
    ./frontend/src/app/dashboard/announcements/page.tsx [Server Component]

https://nextjs.org/docs/messages/module-not-found


./frontend/src/components/offices/admin/office-staff-add.tsx:7:1
Module not found: Can't resolve '@/features/ui/components/select'
  [90m 5 |[0m [36mimport[0m { [33mInput[0m } [36mfrom[0m [32m'@/features/ui/components/input'[0m;
  [90m 6 |[0m [36mimport[0m { [33mLabel[0m } [36mfrom[0m [32m'@/features/ui/components/label'[0m;
[31m[1m>[0m [90m 7 |[0m [36mimport[0m {
  [90m   |[0m [31m[1m^^^^^^^[0m
[31m[1m>[0m [90m 8 |[0m   [33mSelect[0m,
  [90m   |[0m [31m[1m^^^^^^^^^[0m
[31m[1m>[0m [90m 9 |[0m   [33mSelectContent[0m,
  [90m   |[0m [31m[1m^^^^^^^^^^^^^^^^[0m
[31m[1m>[0m [90m10 |[0m   [33mSelectItem[0m,
  [90m   |[0m [31m[1m^^^^^^^^^^^^^[0m
[31m[1m>[0m [90m11 |[0m   [33mSelectTrigger[0m,
  [90m   |[0m [31m[1m^^^^^^^^^^^^^^^^[0m
[31m[1m>[0m [90m12 |[0m   [33mSelectValue[0m
  [90m   |[0m [31m[1m^^^^^^^^^^^^^[0m
[31m[1m>[0m [90m13 |[0m } [36mfrom[0m [32m'@/features/ui/components/select'[0m;
  [90m   |[0m [31m[1m^^^^^^^^^^^^^^^^^^^^^^^^^^^^^^^^^^^^^^^^^[0m
  [90m14 |[0m [36mimport[0m { useUsers } [36mfrom[0m [32m'@/lib/users/queries'[0m;
  [90m15 |[0m [36mimport[0m { useAddOfficeStaff } [36mfrom[0m [32m'@/lib/offices/queries'[0m;
  [90m16 |[0m [36mimport[0m [36mtype[0m { [33mOfficeStaffMember[0m, [33mOfficeStaffRole[0m } [36mfrom[0m 
[32m'@/lib/offices/types'[0m;

Import map: aliased to relative './src/features/ui/components/select' inside of [project]/frontend


Import traces:
  Client Component Browser:
    ./frontend/src/components/offices/admin/office-staff-add.tsx [Client Component Browser]
    ./frontend/src/components/offices/admin/office-staff-sheet.tsx [Client Component Browser]
    ./frontend/src/components/offices/admin/offices-admin-page.tsx [Client Component Browser]
    ./frontend/src/components/offices/admin/offices-admin-page.tsx [Server Component]
    ./frontend/src/app/dashboard/admin/offices/page.tsx [Server Component]

  Client Component SSR:
    ./frontend/src/components/offices/admin/office-staff-add.tsx [Client Component SSR]
    ./frontend/src/components/offices/admin/office-staff-sheet.tsx [Client Component SSR]
    ./frontend/src/components/offices/admin/offices-admin-page.tsx [Client Component SSR]
    ./frontend/src/components/offices/admin/offices-admin-page.tsx [Server Component]
    ./frontend/src/app/dashboard/admin/offices/page.tsx [Server Component]

https://nextjs.org/docs/messages/module-not-found


./frontend/src/components/offices/office-thread-staff-actions.tsx:6:1
Module not found: Can't resolve '@/features/ui/components/select'
  [90m 4 |[0m [36mimport[0m { toast } [36mfrom[0m [32m'sonner'[0m;
  [90m 5 |[0m [36mimport[0m { [33mButton[0m } [36mfrom[0m [32m'@/features/ui/components/button'[0m;
[31m[1m>[0m [90m 6 |[0m [36mimport[0m {
  [90m   |[0m [31m[1m^^^^^^^[0m
[31m[1m>[0m [90m 7 |[0m   [33mSelect[0m,
  [90m   |[0m [31m[1m^^^^^^^^^[0m
[31m[1m>[0m [90m 8 |[0m   [33mSelectContent[0m,
  [90m   |[0m [31m[1m^^^^^^^^^^^^^^^^[0m
[31m[1m>[0m [90m 9 |[0m   [33mSelectItem[0m,
  [90m   |[0m [31m[1m^^^^^^^^^^^^^[0m
[31m[1m>[0m [90m10 |[0m   [33mSelectTrigger[0m,
  [90m   |[0m [31m[1m^^^^^^^^^^^^^^^^[0m
[31m[1m>[0m [90m11 |[0m   [33mSelectValue[0m
  [90m   |[0m [31m[1m^^^^^^^^^^^^^[0m
[31m[1m>[0m [90m12 |[0m } [36mfrom[0m [32m'@/features/ui/components/select'[0m;
  [90m   |[0m [31m[1m^^^^^^^^^^^^^^^^^^^^^^^^^^^^^^^^^^^^^^^^^[0m
  [90m13 |[0m [36mimport[0m { useAuthStore } [36mfrom[0m [32m'@/lib/auth-store'[0m;
  [90m14 |[0m [36mimport[0m { useOfficeStaff } [36mfrom[0m [32m'@/lib/offices/queries'[0m;
  [90m15 |[0m [36mimport[0m {

Import map: aliased to relative './src/features/ui/components/select' inside of [project]/frontend


Import traces:
  Client Component Browser:
    ./frontend/src/components/offices/office-thread-staff-actions.tsx [Client Component Browser]
    ./frontend/src/components/offices/office-thread-view.tsx [Client Component Browser]
    ./frontend/src/components/inbox/messages-office-pane.tsx [Client Component Browser]
    ./frontend/src/app/dashboard/messages/page.tsx [Client Component Browser]
    ./frontend/src/app/dashboard/messages/page.tsx [Server Component]

  Client Component SSR:
    ./frontend/src/components/offices/office-thread-staff-actions.tsx [Client Component SSR]
    ./frontend/src/components/offices/office-thread-view.tsx [Client Component SSR]
    ./frontend/src/components/inbox/messages-office-pane.tsx [Client Component SSR]
    ./frontend/src/app/dashboard/messages/page.tsx [Client Component SSR]
    ./frontend/src/app/dashboard/messages/page.tsx [Server Component]

https://nextjs.org/docs/messages/module-not-found


./frontend/src/components/admin/audit-logs/audit-log-detail-sheet.tsx:12:1
Module not found: Can't resolve '@/features/ui/components/separator'
  [90m10 |[0m   [33mSheetTitle[0m,
  [90m11 |[0m } [36mfrom[0m [32m'@/features/ui/components/sheet'[0m;
[31m[1m>[0m [90m12 |[0m [36mimport[0m { [33mSeparator[0m } [36mfrom[0m 
[32m'@/features/ui/components/separator'[0m;
  [90m   |[0m [31m[1m^^^^^^^^^^^^^^^^^^^^^^^^^^^^^^^^^^^^^^^^^^^^^^^^^^^^^^^^^^^^^^^[0m
  [90m13 |[0m [36mimport[0m { cn } [36mfrom[0m [32m'@/lib/utils'[0m;
  [90m14 |[0m
  [90m15 |[0m [36mfunction[0m [33mDetailBlock[0m({ label, value }: { label: string; value: 
[33mReact[0m.[33mReactNode[0m }) {

Import map: aliased to relative './src/features/ui/components/separator' inside of [project]/frontend


Import traces:
  Client Component Browser:
    ./frontend/src/components/admin/audit-logs/audit-log-detail-sheet.tsx [Client Component Browser]
    ./frontend/src/components/admin/audit-logs/audit-logs-view.tsx [Client Component Browser]
    ./frontend/src/app/dashboard/audit-logs/page.tsx [Client Component Browser]
    ./frontend/src/app/dashboard/audit-logs/page.tsx [Server Component]

  Client Component SSR:
    ./frontend/src/components/admin/audit-logs/audit-log-detail-sheet.tsx [Client Component SSR]
    ./frontend/src/components/admin/audit-logs/audit-logs-view.tsx [Client Component SSR]
    ./frontend/src/app/dashboard/audit-logs/page.tsx [Client Component SSR]
    ./frontend/src/app/dashboard/audit-logs/page.tsx [Server Component]

https://nextjs.org/docs/messages/module-not-found


./frontend/src/components/admin/audit-logs/audit-log-detail-sheet.tsx:5:1
Module not found: Can't resolve '@/features/ui/components/sheet'
  [90m 3 |[0m [36mimport[0m [36mtype[0m { [33mPlatformAuditLogEntry[0m } [36mfrom[0m 
[32m'@/lib/admin/services'[0m;
  [90m 4 |[0m [36mimport[0m { [33mBadge[0m } [36mfrom[0m [32m'@/features/ui/components/badge'[0m;
[31m[1m>[0m [90m 5 |[0m [36mimport[0m {
  [90m   |[0m [31m[1m^^^^^^^[0m
[31m[1m>[0m [90m 6 |[0m   [33mSheet[0m,
  [90m   |[0m [31m[1m^^^^^^^^[0m
[31m[1m>[0m [90m 7 |[0m   [33mSheetContent[0m,
  [90m   |[0m [31m[1m^^^^^^^^^^^^^^^[0m
[31m[1m>[0m [90m 8 |[0m   [33mSheetDescription[0m,
  [90m   |[0m [31m[1m^^^^^^^^^^^^^^^^^^^[0m
[31m[1m>[0m [90m 9 |[0m   [33mSheetHeader[0m,
  [90m   |[0m [31m[1m^^^^^^^^^^^^^^[0m
[31m[1m>[0m [90m10 |[0m   [33mSheetTitle[0m,
  [90m   |[0m [31m[1m^^^^^^^^^^^^^[0m
[31m[1m>[0m [90m11 |[0m } [36mfrom[0m [32m'@/features/ui/components/sheet'[0m;
  [90m   |[0m [31m[1m^^^^^^^^^^^^^^^^^^^^^^^^^^^^^^^^^^^^^^^^[0m
  [90m12 |[0m [36mimport[0m { [33mSeparator[0m } [36mfrom[0m [32m'@/features/ui/components/separator'[0m;
  [90m13 |[0m [36mimport[0m { cn } [36mfrom[0m [32m'@/lib/utils'[0m;
  [90m14 |[0m

Import map: aliased to relative './src/features/ui/components/sheet' inside of [project]/frontend


Import traces:
  Client Component Browser:
    ./frontend/src/components/admin/audit-logs/audit-log-detail-sheet.tsx [Client Component Browser]
    ./frontend/src/components/admin/audit-logs/audit-logs-view.tsx [Client Component Browser]
    ./frontend/src/app/dashboard/audit-logs/page.tsx [Client Component Browser]
    ./frontend/src/app/dashboard/audit-logs/page.tsx [Server Component]

  Client Component SSR:
    ./frontend/src/components/admin/audit-logs/audit-log-detail-sheet.tsx [Client Component SSR]
    ./frontend/src/components/admin/audit-logs/audit-logs-view.tsx [Client Component SSR]
    ./frontend/src/app/dashboard/audit-logs/page.tsx [Client Component SSR]
    ./frontend/src/app/dashboard/audit-logs/page.tsx [Server Component]

https://nextjs.org/docs/messages/module-not-found


./frontend/src/components/announcements/announcement-analytics-sheet.tsx:4:1
Module not found: Can't resolve '@/features/ui/components/sheet'
  [90m 2 |[0m
  [90m 3 |[0m [36mimport[0m { useState } [36mfrom[0m [32m'react'[0m;
[31m[1m>[0m [90m 4 |[0m [36mimport[0m {
  [90m   |[0m [31m[1m^^^^^^^[0m
[31m[1m>[0m [90m 5 |[0m   [33mSheet[0m,
  [90m   |[0m [31m[1m^^^^^^^^[0m
[31m[1m>[0m [90m 6 |[0m   [33mSheetContent[0m,
  [90m   |[0m [31m[1m^^^^^^^^^^^^^^^[0m
[31m[1m>[0m [90m 7 |[0m   [33mSheetDescription[0m,
  [90m   |[0m [31m[1m^^^^^^^^^^^^^^^^^^^[0m
[31m[1m>[0m [90m 8 |[0m   [33mSheetHeader[0m,
  [90m   |[0m [31m[1m^^^^^^^^^^^^^^[0m
[31m[1m>[0m [90m 9 |[0m   [33mSheetTitle[0m
  [90m   |[0m [31m[1m^^^^^^^^^^^^[0m
[31m[1m>[0m [90m10 |[0m } [36mfrom[0m [32m'@/features/ui/components/sheet'[0m;
  [90m   |[0m [31m[1m^^^^^^^^^^^^^^^^^^^^^^^^^^^^^^^^^^^^^^^^[0m
  [90m11 |[0m [36mimport[0m { [33mButton[0m } [36mfrom[0m [32m'@/features/ui/components/button'[0m;
  [90m12 |[0m [36mimport[0m { [33mIcons[0m } [36mfrom[0m [32m'@/components/icons'[0m;
  [90m13 |[0m [36mimport[0m [36mtype[0m { [33mAnnouncement[0m } [36mfrom[0m 
[32m'@/lib/announcements/types'[0m;

Import map: aliased to relative './src/features/ui/components/sheet' inside of [project]/frontend


Import traces:
  Client Component Browser:
    ./frontend/src/components/announcements/announcement-analytics-sheet.tsx [Client Component Browser]
    ./frontend/src/components/announcements/announcements-view.tsx [Client Component Browser]
    ./frontend/src/components/announcements/announcements-view.tsx [Server Component]
    ./frontend/src/app/dashboard/announcements/page.tsx [Server Component]

  Client Component SSR:
    ./frontend/src/components/announcements/announcement-analytics-sheet.tsx [Client Component SSR]
    ./frontend/src/components/announcements/announcements-view.tsx [Client Component SSR]
    ./frontend/src/components/announcements/announcements-view.tsx [Server Component]
    ./frontend/src/app/dashboard/announcements/page.tsx [Server Component]

https://nextjs.org/docs/messages/module-not-found


./frontend/src/components/announcements/create-dialog.tsx:4:1
Module not found: Can't resolve '@/features/ui/components/sheet'
  [90m2 |[0m
  [90m3 |[0m [36mimport[0m { useCallback, useEffect, useRef } [36mfrom[0m [32m'react'[0m;
[31m[1m>[0m [90m4 |[0m [36mimport[0m { [33mSheet[0m, [33mSheetContent[0m } [36mfrom[0m 
[32m'@/features/ui/components/sheet'[0m;
  [90m  |[0m [31m[1m^^^^^^^^^^^^^^^^^^^^^^^^^^^^^^^^^^^^^^^^^^^^^^^^^^^^^^^^^^^^^^^^^^^^^[0m
  [90m5 |[0m [36mimport[0m { useAuthStore } [36mfrom[0m [32m'@/lib/auth-store'[0m;
  [90m6 |[0m [36mimport[0m { toast } [36mfrom[0m [32m'sonner'[0m;
  [90m7 |[0m [36mimport[0m { useQueryClient } [36mfrom[0m [32m'@/lib/async-query'[0m;

Import map: aliased to relative './src/features/ui/components/sheet' inside of [project]/frontend


Import traces:
  Client Component Browser:
    ./frontend/src/components/announcements/create-dialog.tsx [Client Component Browser]
    ./frontend/src/components/announcements/announcements-view.tsx [Client Component Browser]
    ./frontend/src/components/announcements/announcements-view.tsx [Server Component]
    ./frontend/src/app/dashboard/announcements/page.tsx [Server Component]

  Client Component SSR:
    ./frontend/src/components/announcements/create-dialog.tsx [Client Component SSR]
    ./frontend/src/components/announcements/announcements-view.tsx [Client Component SSR]
    ./frontend/src/components/announcements/announcements-view.tsx [Server Component]
    ./frontend/src/app/dashboard/announcements/page.tsx [Server Component]

https://nextjs.org/docs/messages/module-not-found


./frontend/src/components/announcements/create-dialog/dialog-progress-header.tsx:4:1
Module not found: Can't resolve '@/features/ui/components/sheet'
  [90m 2 |[0m
  [90m 3 |[0m [36mimport[0m { [33mIcons[0m } [36mfrom[0m [32m'@/components/icons'[0m;
[31m[1m>[0m [90m 4 |[0m [36mimport[0m {
  [90m   |[0m [31m[1m^^^^^^^[0m
[31m[1m>[0m [90m 5 |[0m   [33mSheetDescription[0m,
  [90m   |[0m [31m[1m^^^^^^^^^^^^^^^^^^^[0m
[31m[1m>[0m [90m 6 |[0m   [33mSheetHeader[0m,
  [90m   |[0m [31m[1m^^^^^^^^^^^^^^[0m
[31m[1m>[0m [90m 7 |[0m   [33mSheetTitle[0m,
  [90m   |[0m [31m[1m^^^^^^^^^^^^^[0m
[31m[1m>[0m [90m 8 |[0m } [36mfrom[0m [32m'@/features/ui/components/sheet'[0m;
  [90m   |[0m [31m[1m^^^^^^^^^^^^^^^^^^^^^^^^^^^^^^^^^^^^^^^^[0m
  [90m 9 |[0m [36mimport[0m { cn } [36mfrom[0m [32m'@/lib/utils'[0m;
  [90m10 |[0m
  [90m11 |[0m [36mtype[0m [33mProps[0m = {

Import map: aliased to relative './src/features/ui/components/sheet' inside of [project]/frontend


Import traces:
  Client Component Browser:
    ./frontend/src/components/announcements/create-dialog/dialog-progress-header.tsx [Client Component Browser]
    ./frontend/src/components/announcements/create-dialog.tsx [Client Component Browser]
    ./frontend/src/components/announcements/announcements-view.tsx [Client Component Browser]
    ./frontend/src/components/announcements/announcements-view.tsx [Server Component]
    ./frontend/src/app/dashboard/announcements/page.tsx [Server Component]

  Client Component SSR:
    ./frontend/src/components/announcements/create-dialog/dialog-progress-header.tsx [Client Component SSR]
    ./frontend/src/components/announcements/create-dialog.tsx [Client Component SSR]
    ./frontend/src/components/announcements/announcements-view.tsx [Client Component SSR]
    ./frontend/src/components/announcements/announcements-view.tsx [Server Component]
    ./frontend/src/app/dashboard/announcements/page.tsx [Server Component]

https://nextjs.org/docs/messages/module-not-found


./frontend/src/components/announcements/create-dialog/dialog-step-footer.tsx:4:1
Module not found: Can't resolve '@/features/ui/components/sheet'
  [90m2 |[0m
  [90m3 |[0m [36mimport[0m { [33mButton[0m } [36mfrom[0m [32m'@/features/ui/components/button'[0m;
[31m[1m>[0m [90m4 |[0m [36mimport[0m { [33mSheetFooter[0m } [36mfrom[0m 
[32m'@/features/ui/components/sheet'[0m;
  [90m  |[0m [31m[1m^^^^^^^^^^^^^^^^^^^^^^^^^^^^^^^^^^^^^^^^^^^^^^^^^^^^^^^^^^^^^[0m
  [90m5 |[0m [36mimport[0m { [33mIcons[0m } [36mfrom[0m [32m'@/components/icons'[0m;
  [90m6 |[0m [36mimport[0m { htmlToPlain } [36mfrom[0m [32m'./utils'[0m;
  [90m7 |[0m

Import map: aliased to relative './src/features/ui/components/sheet' inside of [project]/frontend


Import traces:
  Client Component Browser:
    ./frontend/src/components/announcements/create-dialog/dialog-step-footer.tsx [Client Component Browser]
    ./frontend/src/components/announcements/create-dialog.tsx [Client Component Browser]
    ./frontend/src/components/announcements/announcements-view.tsx [Client Component Browser]
    ./frontend/src/components/announcements/announcements-view.tsx [Server Component]
    ./frontend/src/app/dashboard/announcements/page.tsx [Server Component]

  Client Component SSR:
    ./frontend/src/components/announcements/create-dialog/dialog-step-footer.tsx [Client Component SSR]
    ./frontend/src/components/announcements/create-dialog.tsx [Client Component SSR]
    ./frontend/src/components/announcements/announcements-view.tsx [Client Component SSR]
    ./frontend/src/components/announcements/announcements-view.tsx [Server Component]
    ./frontend/src/app/dashboard/announcements/page.tsx [Server Component]

https://nextjs.org/docs/messages/module-not-found


./frontend/src/components/offices/admin/office-staff-sheet.tsx:5:1
Module not found: Can't resolve '@/features/ui/components/sheet'
  [90m 3 |[0m [36mimport[0m [33mLink[0m [36mfrom[0m [32m'next/link'[0m;
  [90m 4 |[0m [36mimport[0m { [33mLabel[0m } [36mfrom[0m [32m'@/features/ui/components/label'[0m;
[31m[1m>[0m [90m 5 |[0m [36mimport[0m {
  [90m   |[0m [31m[1m^^^^^^^[0m
[31m[1m>[0m [90m 6 |[0m   [33mSheet[0m,
  [90m   |[0m [31m[1m^^^^^^^^[0m
[31m[1m>[0m [90m 7 |[0m   [33mSheetContent[0m,
  [90m   |[0m [31m[1m^^^^^^^^^^^^^^^[0m
[31m[1m>[0m [90m 8 |[0m   [33mSheetDescription[0m,
  [90m   |[0m [31m[1m^^^^^^^^^^^^^^^^^^^[0m
[31m[1m>[0m [90m 9 |[0m   [33mSheetHeader[0m,
  [90m   |[0m [31m[1m^^^^^^^^^^^^^^[0m
[31m[1m>[0m [90m10 |[0m   [33mSheetTitle[0m
  [90m   |[0m [31m[1m^^^^^^^^^^^^[0m
[31m[1m>[0m [90m11 |[0m } [36mfrom[0m [32m'@/features/ui/components/sheet'[0m;
  [90m   |[0m [31m[1m^^^^^^^^^^^^^^^^^^^^^^^^^^^^^^^^^^^^^^^^[0m
  [90m12 |[0m [36mimport[0m { useOfficeStaff } [36mfrom[0m [32m'@/lib/offices/queries'[0m;
  [90m13 |[0m [36mimport[0m [36mtype[0m { [33mSupportOffice[0m } [36mfrom[0m [32m'@/lib/offices/types'[0m;
  [90m14 |[0m [36mimport[0m { [33mOfficeStaffAdd[0m } [36mfrom[0m [32m'./office-staff-add'[0m;

Import map: aliased to relative './src/features/ui/components/sheet' inside of [project]/frontend


Import traces:
  Client Component Browser:
    ./frontend/src/components/offices/admin/office-staff-sheet.tsx [Client Component Browser]
    ./frontend/src/components/offices/admin/offices-admin-page.tsx [Client Component Browser]
    ./frontend/src/components/offices/admin/offices-admin-page.tsx [Server Component]
    ./frontend/src/app/dashboard/admin/offices/page.tsx [Server Component]

  Client Component SSR:
    ./frontend/src/components/offices/admin/office-staff-sheet.tsx [Client Component SSR]
    ./frontend/src/components/offices/admin/offices-admin-page.tsx [Client Component SSR]
    ./frontend/src/components/offices/admin/offices-admin-page.tsx [Server Component]
    ./frontend/src/app/dashboard/admin/offices/page.tsx [Server Component]

https://nextjs.org/docs/messages/module-not-found


./frontend/src/components/teacher-courses/course-detail-header.tsx:5:1
Module not found: Can't resolve '@/features/ui/components/sheet'
  [90m 3 |[0m [36mimport[0m { useState } [36mfrom[0m [32m'react'[0m;
  [90m 4 |[0m [36mimport[0m { cn } [36mfrom[0m [32m'@/lib/utils'[0m;
[31m[1m>[0m [90m 5 |[0m [36mimport[0m {
  [90m   |[0m [31m[1m^^^^^^^[0m
[31m[1m>[0m [90m 6 |[0m   [33mSheet[0m,
  [90m   |[0m [31m[1m^^^^^^^^[0m
[31m[1m>[0m [90m 7 |[0m   [33mSheetContent[0m,
  [90m   |[0m [31m[1m^^^^^^^^^^^^^^^[0m
[31m[1m>[0m [90m 8 |[0m   [33mSheetHeader[0m,
  [90m   |[0m [31m[1m^^^^^^^^^^^^^^[0m
[31m[1m>[0m [90m 9 |[0m   [33mSheetTitle[0m,
  [90m   |[0m [31m[1m^^^^^^^^^^^^^[0m
[31m[1m>[0m [90m10 |[0m   [33mSheetDescription[0m,
  [90m   |[0m [31m[1m^^^^^^^^^^^^^^^^^^^[0m
[31m[1m>[0m [90m11 |[0m } [36mfrom[0m [32m'@/features/ui/components/sheet'[0m;
  [90m   |[0m [31m[1m^^^^^^^^^^^^^^^^^^^^^^^^^^^^^^^^^^^^^^^^[0m
  [90m12 |[0m [36mimport[0m { [33mCourseCoverDialog[0m } [36mfrom[0m [32m'./course-cover-dialog'[0m;
  [90m13 |[0m [36mimport[0m { [33mCourseTabNav[0m } [36mfrom[0m 
[32m'@/components/course-details/_shared/course-tab-nav'[0m;
  [90m14 |[0m [36mimport[0m { [33mCourseChat[0m } [36mfrom[0m 
[32m'@/components/course-details/course-chat'[0m;

Import map: aliased to relative './src/features/ui/components/sheet' inside of [project]/frontend


Import traces:
  Client Component Browser:
    ./frontend/src/components/teacher-courses/course-detail-header.tsx [Client Component Browser]
    ./frontend/src/app/dashboard/courses/[id]/page.tsx [Client Component Browser]
    ./frontend/src/app/dashboard/courses/[id]/page.tsx [Server Component]

  Client Component SSR:
    ./frontend/src/components/teacher-courses/course-detail-header.tsx [Client Component SSR]
    ./frontend/src/app/dashboard/courses/[id]/page.tsx [Client Component SSR]
    ./frontend/src/app/dashboard/courses/[id]/page.tsx [Server Component]

https://nextjs.org/docs/messages/module-not-found


./frontend/src/app/dashboard/courses/[id]/page.tsx:5:1
Module not found: Can't resolve '@/features/ui/components/skeleton'
  [90m3 |[0m [36mimport[0m { useParams } [36mfrom[0m [32m'next/navigation'[0m;
  [90m4 |[0m [36mimport[0m { [33mCourseDetailHeader[0m } [36mfrom[0m 
[32m'@/components/teacher-courses/course-detail-header'[0m;
[31m[1m>[0m [90m5 |[0m [36mimport[0m { [33mSkeleton[0m } [36mfrom[0m 
[32m'@/features/ui/components/skeleton'[0m;
  [90m  |[0m [31m[1m^^^^^^^^^^^^^^^^^^^^^^^^^^^^^^^^^^^^^^^^^^^^^^^^^^^^^^^^^^^^^[0m
  [90m6 |[0m [36mimport[0m { [33mCourseTabsPrefetch[0m } [36mfrom[0m 
[32m'@/components/course-details/course-tabs-prefetch'[0m;
  [90m7 |[0m [36mimport[0m { [33mCourseNotFoundState[0m } [36mfrom[0m 
[32m'@/components/course-details/course-detail-page/course-...[0m
  [90m8 |[0m [36mimport[0m { [33mCourseTabPanelContent[0m } [36mfrom[0m 
[32m'@/components/course-details/course-detail-page/cours...[0m

Import map: aliased to relative './src/features/ui/components/skeleton' inside of [project]/frontend


Import traces:
  Client Component Browser:
    ./frontend/src/app/dashboard/courses/[id]/page.tsx [Client Component Browser]
    ./frontend/src/app/dashboard/courses/[id]/page.tsx [Server Component]

  Client Component SSR:
    ./frontend/src/app/dashboard/courses/[id]/page.tsx [Client Component SSR]
    ./frontend/src/app/dashboard/courses/[id]/page.tsx [Server Component]

https://nextjs.org/docs/messages/module-not-found


./frontend/src/app/dashboard/loading.tsx:1:1
Module not found: Can't resolve '@/features/ui/components/skeleton'
[31m[1m>[0m [90m1 |[0m [36mimport[0m { [33mSkeleton[0m } [36mfrom[0m 
[32m'@/features/ui/components/skeleton'[0m;
  [90m  |[0m [31m[1m^^^^^^^^^^^^^^^^^^^^^^^^^^^^^^^^^^^^^^^^^^^^^^^^^^^^^^^^^^^^^[0m
  [90m2 |[0m
  [90m3 |[0m /**
  [90m4 |[0m  * [33mRoute[0m-level loading fallback [36mfor[0m dashboard segments that don[32m't define 
their[0m

Import map: aliased to relative './src/features/ui/components/skeleton' inside of [project]/frontend


https://nextjs.org/docs/messages/module-not-found


./frontend/src/app/dashboard/me/interests/page.tsx:7:1
Module not found: Can't resolve '@/features/ui/components/skeleton'
  [90m 5 |[0m [36mimport[0m { [33mButton[0m } [36mfrom[0m [32m'@/features/ui/components/button'[0m
  [90m 6 |[0m [36mimport[0m { [33mBadge[0m } [36mfrom[0m [32m'@/features/ui/components/badge'[0m
[31m[1m>[0m [90m 7 |[0m [36mimport[0m { [33mSkeleton[0m } [36mfrom[0m 
[32m'@/features/ui/components/skeleton'[0m
  [90m   |[0m [31m[1m^^^^^^^^^^^^^^^^^^^^^^^^^^^^^^^^^^^^^^^^^^^^^^^^^^^^^^^^^^^^[0m
  [90m 8 |[0m [36mimport[0m { [33mIcons[0m } [36mfrom[0m [32m'@/components/icons'[0m
  [90m 9 |[0m [36mimport[0m { [33mScrollArea[0m } [36mfrom[0m [32m'@/features/ui/components/scroll-area'[0m
  [90m10 |[0m [36mimport[0m {

Import map: aliased to relative './src/features/ui/components/skeleton' inside of [project]/frontend


Import traces:
  Client Component Browser:
    ./frontend/src/app/dashboard/me/interests/page.tsx [Client Component Browser]
    ./frontend/src/app/dashboard/me/interests/page.tsx [Server Component]

  Client Component SSR:
    ./frontend/src/app/dashboard/me/interests/page.tsx [Client Component SSR]
    ./frontend/src/app/dashboard/me/interests/page.tsx [Server Component]

https://nextjs.org/docs/messages/module-not-found


./frontend/src/components/admin/admin-reports/report-cards.tsx:6:1
Module not found: Can't resolve '@/features/ui/components/skeleton'
  [90m4 |[0m [36mimport[0m { [33mTrendingDown[0m, [33mTrendingUp[0m } [36mfrom[0m [32m'lucide-react'[0m
  [90m5 |[0m [36mimport[0m [36mtype[0m { [33mLucideIcon[0m } [36mfrom[0m [32m'lucide-react'[0m
[31m[1m>[0m [90m6 |[0m [36mimport[0m { [33mSkeleton[0m } [36mfrom[0m 
[32m'@/features/ui/components/skeleton'[0m
  [90m  |[0m [31m[1m^^^^^^^^^^^^^^^^^^^^^^^^^^^^^^^^^^^^^^^^^^^^^^^^^^^^^^^^^^^^[0m
  [90m7 |[0m [36mimport[0m { cn } [36mfrom[0m [32m'@/lib/utils'[0m
  [90m8 |[0m
  [90m9 |[0m [36mexport[0m [36mconst[0m [33mPIE_COLORS[0m = [[32m'#22c55e'[0m, [32m'#f59e0b'[0m, 
[32m'#ef4444'[0m]

Import map: aliased to relative './src/features/ui/components/skeleton' inside of [project]/frontend


Import traces:
  Client Component Browser:
    ./frontend/src/components/admin/admin-reports/report-cards.tsx [Client Component Browser]
    ./frontend/src/components/admin/admin-reports/reports-kpi-grid.tsx [Client Component Browser]
    ./frontend/src/components/admin/admin-reports/admin-reports-dashboard.tsx [Client Component Browser]
    ./frontend/src/app/dashboard/admin/report/page.tsx [Client Component Browser]
    ./frontend/src/app/dashboard/admin/report/page.tsx [Server Component]

  Client Component SSR:
    ./frontend/src/components/admin/admin-reports/report-cards.tsx [Client Component SSR]
    ./frontend/src/components/admin/admin-reports/reports-kpi-grid.tsx [Client Component SSR]
    ./frontend/src/components/admin/admin-reports/admin-reports-dashboard.tsx [Client Component SSR]
    ./frontend/src/app/dashboard/admin/report/page.tsx [Client Component SSR]
    ./frontend/src/app/dashboard/admin/report/page.tsx [Server Component]

https://nextjs.org/docs/messages/module-not-found


./frontend/src/components/admin/admin-reports/reports-charts.tsx:4:1
Module not found: Can't resolve '@/features/ui/components/skeleton'
  [90m2 |[0m
  [90m3 |[0m [36mimport[0m [36mtype[0m { [33mPlatformAnalytics[0m } [36mfrom[0m 
[32m'@/lib/admin/services'[0m;
[31m[1m>[0m [90m4 |[0m [36mimport[0m { [33mSkeleton[0m } [36mfrom[0m 
[32m'@/features/ui/components/skeleton'[0m;
  [90m  |[0m [31m[1m^^^^^^^^^^^^^^^^^^^^^^^^^^^^^^^^^^^^^^^^^^^^^^^^^^^^^^^^^^^^^[0m
  [90m5 |[0m [36mimport[0m { [33mReportsGrowthCharts[0m } [36mfrom[0m [32m'./reports-growth-charts'[0m;
  [90m6 |[0m [36mimport[0m { [33mReportsPerformanceCharts[0m } [36mfrom[0m 
[32m'./reports-performance-charts'[0m;
  [90m7 |[0m

Import map: aliased to relative './src/features/ui/components/skeleton' inside of [project]/frontend


Import traces:
  Client Component Browser:
    ./frontend/src/components/admin/admin-reports/reports-charts.tsx [Client Component Browser]
    ./frontend/src/components/admin/admin-reports/admin-reports-dashboard.tsx [Client Component Browser]
    ./frontend/src/app/dashboard/admin/report/page.tsx [Client Component Browser]
    ./frontend/src/app/dashboard/admin/report/page.tsx [Server Component]

  Client Component SSR:
    ./frontend/src/components/admin/admin-reports/reports-charts.tsx [Client Component SSR]
    ./frontend/src/components/admin/admin-reports/admin-reports-dashboard.tsx [Client Component SSR]
    ./frontend/src/app/dashboard/admin/report/page.tsx [Client Component SSR]
    ./frontend/src/app/dashboard/admin/report/page.tsx [Server Component]

https://nextjs.org/docs/messages/module-not-found


./frontend/src/components/admin/audit-logs/audit-logs-table.tsx:6:1
Module not found: Can't resolve '@/features/ui/components/skeleton'
  [90m4 |[0m [36mimport[0m [36mtype[0m { [33mPlatformAuditLogEntry[0m } [36mfrom[0m 
[32m'@/lib/admin/services'[0m;
  [90m5 |[0m [36mimport[0m { [33mCheckbox[0m } [36mfrom[0m [32m'@/features/ui/components/checkbox'[0m;
[31m[1m>[0m [90m6 |[0m [36mimport[0m { [33mSkeleton[0m } [36mfrom[0m 
[32m'@/features/ui/components/skeleton'[0m;
  [90m  |[0m [31m[1m^^^^^^^^^^^^^^^^^^^^^^^^^^^^^^^^^^^^^^^^^^^^^^^^^^^^^^^^^^^^^[0m
  [90m7 |[0m [36mimport[0m {
  [90m8 |[0m   [33mTable[0m,
  [90m9 |[0m   [33mTableBody[0m,

Import map: aliased to relative './src/features/ui/components/skeleton' inside of [project]/frontend


Import traces:
  Client Component Browser:
    ./frontend/src/components/admin/audit-logs/audit-logs-table.tsx [Client Component Browser]
    ./frontend/src/components/admin/audit-logs/audit-logs-view.tsx [Client Component Browser]
    ./frontend/src/app/dashboard/audit-logs/page.tsx [Client Component Browser]
    ./frontend/src/app/dashboard/audit-logs/page.tsx [Server Component]

  Client Component SSR:
    ./frontend/src/components/admin/audit-logs/audit-logs-table.tsx [Client Component SSR]
    ./frontend/src/components/admin/audit-logs/audit-logs-view.tsx [Client Component SSR]
    ./frontend/src/app/dashboard/audit-logs/page.tsx [Client Component SSR]
    ./frontend/src/app/dashboard/audit-logs/page.tsx [Server Component]

https://nextjs.org/docs/messages/module-not-found


./frontend/src/components/admin/audit-logs/audit-stat-chip.tsx:3:1
Module not found: Can't resolve '@/features/ui/components/skeleton'
  [90m1 |[0m [32m'use client'[0m;
  [90m2 |[0m
[31m[1m>[0m [90m3 |[0m [36mimport[0m { [33mSkeleton[0m } [36mfrom[0m 
[32m'@/features/ui/components/skeleton'[0m;
  [90m  |[0m [31m[1m^^^^^^^^^^^^^^^^^^^^^^^^^^^^^^^^^^^^^^^^^^^^^^^^^^^^^^^^^^^^^[0m
  [90m4 |[0m
  [90m5 |[0m [36mexport[0m [36mfunction[0m [33mStatChip[0m({
  [90m6 |[0m   label,

Import map: aliased to relative './src/features/ui/components/skeleton' inside of [project]/frontend


Import traces:
  Client Component Browser:
    ./frontend/src/components/admin/audit-logs/audit-stat-chip.tsx [Client Component Browser]
    ./frontend/src/components/admin/audit-logs/audit-logs-toolbar.tsx [Client Component Browser]
    ./frontend/src/components/admin/audit-logs/audit-logs-view.tsx [Client Component Browser]
    ./frontend/src/app/dashboard/audit-logs/page.tsx [Client Component Browser]
    ./frontend/src/app/dashboard/audit-logs/page.tsx [Server Component]

  Client Component SSR:
    ./frontend/src/components/admin/audit-logs/audit-stat-chip.tsx [Client Component SSR]
    ./frontend/src/components/admin/audit-logs/audit-logs-toolbar.tsx [Client Component SSR]
    ./frontend/src/components/admin/audit-logs/audit-logs-view.tsx [Client Component SSR]
    ./frontend/src/app/dashboard/audit-logs/page.tsx [Client Component SSR]
    ./frontend/src/app/dashboard/audit-logs/page.tsx [Server Component]

https://nextjs.org/docs/messages/module-not-found


./frontend/src/components/announcements/skeleton.tsx:3:1
Module not found: Can't resolve '@/features/ui/components/skeleton'
  [90m1 |[0m [36mimport[0m [33mReact[0m [36mfrom[0m [32m'react'[0m;
  [90m2 |[0m [36mimport[0m { [33mCard[0m, [33mCardContent[0m } [36mfrom[0m 
[32m'@/features/ui/components/card'[0m;
[31m[1m>[0m [90m3 |[0m [36mimport[0m { [33mSkeleton[0m } [36mfrom[0m 
[32m'@/features/ui/components/skeleton'[0m;
  [90m  |[0m [31m[1m^^^^^^^^^^^^^^^^^^^^^^^^^^^^^^^^^^^^^^^^^^^^^^^^^^^^^^^^^^^^^[0m
  [90m4 |[0m
  [90m5 |[0m [36mexport[0m [36mfunction[0m [33mPostSkeleton[0m() {
  [90m6 |[0m   [36mreturn[0m (

Import map: aliased to relative './src/features/ui/components/skeleton' inside of [project]/frontend


Import traces:
  Client Component Browser:
    ./frontend/src/components/announcements/skeleton.tsx [Client Component Browser]
    ./frontend/src/components/announcements/announcement-feed/feed-body.tsx [Client Component Browser]
    ./frontend/src/components/announcements/announcement-feed/announcement-feed.tsx [Client Component Browser]
    ./frontend/src/components/announcements/announcements-view.tsx [Client Component Browser]
    ./frontend/src/components/announcements/announcements-view.tsx [Server Component]
    ./frontend/src/app/dashboard/announcements/page.tsx [Server Component]

  Client Component SSR:
    ./frontend/src/components/announcements/skeleton.tsx [Client Component SSR]
    ./frontend/src/components/announcements/announcement-feed/feed-body.tsx [Client Component SSR]
    ./frontend/src/components/announcements/announcement-feed/announcement-feed.tsx [Client Component SSR]
    ./frontend/src/components/announcements/announcements-view.tsx [Client Component SSR]
    ./frontend/src/components/announcements/announcements-view.tsx [Server Component]
    ./frontend/src/app/dashboard/announcements/page.tsx [Server Component]

https://nextjs.org/docs/messages/module-not-found


./frontend/src/components/discussions/channel/channel-pane/channel-pane-header.tsx:7:1
Module not found: Can't resolve '@/features/ui/components/skeleton'
  [90m 5 |[0m [36mimport[0m { [33mButton[0m } [36mfrom[0m [32m'@/features/ui/components/button'[0m
  [90m 6 |[0m [36mimport[0m { [33mIcons[0m } [36mfrom[0m [32m'@/components/icons'[0m
[31m[1m>[0m [90m 7 |[0m [36mimport[0m { [33mSkeleton[0m } [36mfrom[0m 
[32m'@/features/ui/components/skeleton'[0m
  [90m   |[0m [31m[1m^^^^^^^^^^^^^^^^^^^^^^^^^^^^^^^^^^^^^^^^^^^^^^^^^^^^^^^^^^^^[0m
  [90m 8 |[0m [36mimport[0m { cn } [36mfrom[0m [32m'@/lib/utils'[0m
  [90m 9 |[0m [36mimport[0m {
  [90m10 |[0m   [33mChatIdentityAvatar[0m,

Import map: aliased to relative './src/features/ui/components/skeleton' inside of [project]/frontend


Import traces:
  Client Component Browser:
    ./frontend/src/components/discussions/channel/channel-pane/channel-pane-header.tsx [Client Component Browser]
    ./frontend/src/components/discussions/channel/channel-pane/channel-pane.tsx [Client Component Browser]
    ./frontend/src/app/dashboard/messages/page.tsx [Client Component Browser]
    ./frontend/src/app/dashboard/messages/page.tsx [Server Component]

  Client Component SSR:
    ./frontend/src/components/discussions/channel/channel-pane/channel-pane-header.tsx [Client Component SSR]
    ./frontend/src/components/discussions/channel/channel-pane/channel-pane.tsx [Client Component SSR]
    ./frontend/src/app/dashboard/messages/page.tsx [Client Component SSR]
    ./frontend/src/app/dashboard/messages/page.tsx [Server Component]

https://nextjs.org/docs/messages/module-not-found


./frontend/src/components/discussions/channel/manage/members/members-tab.tsx:4:1
Module not found: Can't resolve '@/features/ui/components/skeleton'
  [90m2 |[0m
  [90m3 |[0m [36mimport[0m { [33mInput[0m } [36mfrom[0m [32m'@/features/ui/components/input'[0m
[31m[1m>[0m [90m4 |[0m [36mimport[0m { [33mSkeleton[0m } [36mfrom[0m 
[32m'@/features/ui/components/skeleton'[0m
  [90m  |[0m [31m[1m^^^^^^^^^^^^^^^^^^^^^^^^^^^^^^^^^^^^^^^^^^^^^^^^^^^^^^^^^^^^[0m
  [90m5 |[0m [36mimport[0m { [33mIcons[0m } [36mfrom[0m [32m'@/components/icons'[0m
  [90m6 |[0m [36mimport[0m [36mtype[0m { [33mDiscussionChannel[0m } [36mfrom[0m 
[32m'@/lib/discussions/queries'[0m
  [90m7 |[0m [36mimport[0m { [33mKickConfirmDialog[0m } [36mfrom[0m [32m'./kick-confirm-dialog'[0m

Import map: aliased to relative './src/features/ui/components/skeleton' inside of [project]/frontend


Import traces:
  Client Component Browser:
    ./frontend/src/components/discussions/channel/manage/members/members-tab.tsx [Client Component Browser]
    ./frontend/src/components/discussions/channel/channel-settings/channel-settings-tabs.tsx [Client Component Browser]
    ./frontend/src/components/discussions/channel/channel-settings/channel-settings-dialog.tsx [Client Component 
Browser]
    ./frontend/src/components/discussions/channel/channel-pane/channel-pane.tsx [Client Component Browser]
    ./frontend/src/app/dashboard/messages/page.tsx [Client Component Browser]
    ./frontend/src/app/dashboard/messages/page.tsx [Server Component]

  Client Component SSR:
    ./frontend/src/components/discussions/channel/manage/members/members-tab.tsx [Client Component SSR]
    ./frontend/src/components/discussions/channel/channel-settings/channel-settings-tabs.tsx [Client Component SSR]
    ./frontend/src/components/discussions/channel/channel-settings/channel-settings-dialog.tsx [Client Component SSR]
    ./frontend/src/components/discussions/channel/channel-pane/channel-pane.tsx [Client Component SSR]
    ./frontend/src/app/dashboard/messages/page.tsx [Client Component SSR]
    ./frontend/src/app/dashboard/messages/page.tsx [Server Component]

https://nextjs.org/docs/messages/module-not-found


./frontend/src/components/discussions/channel/manage/permissions/permissions-tab.tsx:4:1
Module not found: Can't resolve '@/features/ui/components/skeleton'
  [90m2 |[0m
  [90m3 |[0m [36mimport[0m { [33mBadge[0m } [36mfrom[0m [32m'@/features/ui/components/badge'[0m;
[31m[1m>[0m [90m4 |[0m [36mimport[0m { [33mSkeleton[0m } [36mfrom[0m 
[32m'@/features/ui/components/skeleton'[0m;
  [90m  |[0m [31m[1m^^^^^^^^^^^^^^^^^^^^^^^^^^^^^^^^^^^^^^^^^^^^^^^^^^^^^^^^^^^^^[0m
  [90m5 |[0m [36mimport[0m { [33mTabs[0m, [33mTabsContent[0m, [33mTabsList[0m, [33mTabsTrigger[0m } 
[36mfrom[0m [32m'@/features/ui/components/tabs'[0m;
  [90m6 |[0m [36mimport[0m { [33mIcons[0m } [36mfrom[0m [32m'@/components/icons'[0m;
  [90m7 |[0m [36mimport[0m [36mtype[0m { [33mDiscussionChannel[0m } [36mfrom[0m 
[32m'@/lib/discussions/queries'[0m;

Import map: aliased to relative './src/features/ui/components/skeleton' inside of [project]/frontend


Import traces:
  Client Component Browser:
    ./frontend/src/components/discussions/channel/manage/permissions/permissions-tab.tsx [Client Component Browser]
    ./frontend/src/components/discussions/channel/channel-settings/channel-settings-tabs.tsx [Client Component Browser]
    ./frontend/src/components/discussions/channel/channel-settings/channel-settings-dialog.tsx [Client Component 
Browser]
    ./frontend/src/components/discussions/channel/channel-pane/channel-pane.tsx [Client Component Browser]
    ./frontend/src/app/dashboard/messages/page.tsx [Client Component Browser]
    ./frontend/src/app/dashboard/messages/page.tsx [Server Component]

  Client Component SSR:
    ./frontend/src/components/discussions/channel/manage/permissions/permissions-tab.tsx [Client Component SSR]
    ./frontend/src/components/discussions/channel/channel-settings/channel-settings-tabs.tsx [Client Component SSR]
    ./frontend/src/components/discussions/channel/channel-settings/channel-settings-dialog.tsx [Client Component SSR]
    ./frontend/src/components/discussions/channel/channel-pane/channel-pane.tsx [Client Component SSR]
    ./frontend/src/app/dashboard/messages/page.tsx [Client Component SSR]
    ./frontend/src/app/dashboard/messages/page.tsx [Server Component]

https://nextjs.org/docs/messages/module-not-found


./frontend/src/components/discussions/channel/message-list/message-list-states.tsx:4:1
Module not found: Can't resolve '@/features/ui/components/skeleton'
  [90m2 |[0m
  [90m3 |[0m [36mimport[0m { [33mIcons[0m } [36mfrom[0m [32m'@/components/icons'[0m
[31m[1m>[0m [90m4 |[0m [36mimport[0m { [33mSkeleton[0m } [36mfrom[0m 
[32m'@/features/ui/components/skeleton'[0m
  [90m  |[0m [31m[1m^^^^^^^^^^^^^^^^^^^^^^^^^^^^^^^^^^^^^^^^^^^^^^^^^^^^^^^^^^^^[0m
  [90m5 |[0m [36mimport[0m { cn } [36mfrom[0m [32m'@/lib/utils'[0m
  [90m6 |[0m
  [90m7 |[0m [36mexport[0m [36mfunction[0m [33mMessageListLoading[0m() {

Import map: aliased to relative './src/features/ui/components/skeleton' inside of [project]/frontend


Import traces:
  Client Component Browser:
    ./frontend/src/components/discussions/channel/message-list/message-list-states.tsx [Client Component Browser]
    ./frontend/src/components/discussions/channel/message-list/message-list.tsx [Client Component Browser]
    ./frontend/src/components/discussions/channel/channel-pane/channel-pane.tsx [Client Component Browser]
    ./frontend/src/app/dashboard/messages/page.tsx [Client Component Browser]
    ./frontend/src/app/dashboard/messages/page.tsx [Server Component]

  Client Component SSR:
    ./frontend/src/components/discussions/channel/message-list/message-list-states.tsx [Client Component SSR]
    ./frontend/src/components/discussions/channel/message-list/message-list.tsx [Client Component SSR]
    ./frontend/src/components/discussions/channel/channel-pane/channel-pane.tsx [Client Component SSR]
    ./frontend/src/app/dashboard/messages/page.tsx [Client Component SSR]
    ./frontend/src/app/dashboard/messages/page.tsx [Server Component]

https://nextjs.org/docs/messages/module-not-found


./frontend/src/components/discussions/details/details-pinned-tab.tsx:5:1
Module not found: Can't resolve '@/features/ui/components/skeleton'
  [90m3 |[0m [36mimport[0m { [33mPin[0m } [36mfrom[0m [32m'lucide-react'[0m
  [90m4 |[0m [36mimport[0m { [33mButton[0m } [36mfrom[0m [32m'@/features/ui/components/button'[0m
[31m[1m>[0m [90m5 |[0m [36mimport[0m { [33mSkeleton[0m } [36mfrom[0m 
[32m'@/features/ui/components/skeleton'[0m
  [90m  |[0m [31m[1m^^^^^^^^^^^^^^^^^^^^^^^^^^^^^^^^^^^^^^^^^^^^^^^^^^^^^^^^^^^^[0m
  [90m6 |[0m [36mimport[0m {
  [90m7 |[0m   useChannel,
  [90m8 |[0m   useChannelPins,

Import map: aliased to relative './src/features/ui/components/skeleton' inside of [project]/frontend


Import traces:
  Client Component Browser:
    ./frontend/src/components/discussions/details/details-pinned-tab.tsx [Client Component Browser]
    ./frontend/src/components/discussions/details/details-panel.tsx [Client Component Browser]
    ./frontend/src/components/discussions/channel/channel-pane/channel-pane.tsx [Client Component Browser]
    ./frontend/src/app/dashboard/messages/page.tsx [Client Component Browser]
    ./frontend/src/app/dashboard/messages/page.tsx [Server Component]

  Client Component SSR:
    ./frontend/src/components/discussions/details/details-pinned-tab.tsx [Client Component SSR]
    ./frontend/src/components/discussions/details/details-panel.tsx [Client Component SSR]
    ./frontend/src/components/discussions/channel/channel-pane/channel-pane.tsx [Client Component SSR]
    ./frontend/src/app/dashboard/messages/page.tsx [Client Component SSR]
    ./frontend/src/app/dashboard/messages/page.tsx [Server Component]

https://nextjs.org/docs/messages/module-not-found


./frontend/src/components/discussions/dms/dm-message-list/dm-message-list-states.tsx:4:1
Module not found: Can't resolve '@/features/ui/components/skeleton'
  [90m2 |[0m
  [90m3 |[0m [36mimport[0m { [33mIcons[0m } [36mfrom[0m [32m'@/components/icons'[0m
[31m[1m>[0m [90m4 |[0m [36mimport[0m { [33mSkeleton[0m } [36mfrom[0m 
[32m'@/features/ui/components/skeleton'[0m
  [90m  |[0m [31m[1m^^^^^^^^^^^^^^^^^^^^^^^^^^^^^^^^^^^^^^^^^^^^^^^^^^^^^^^^^^^^[0m
  [90m5 |[0m [36mimport[0m { cn } [36mfrom[0m [32m'@/lib/utils'[0m
  [90m6 |[0m
  [90m7 |[0m [36mexport[0m [36mfunction[0m [33mDmMessageListLoading[0m() {

Import map: aliased to relative './src/features/ui/components/skeleton' inside of [project]/frontend


Import traces:
  Client Component Browser:
    ./frontend/src/components/discussions/dms/dm-message-list/dm-message-list-states.tsx [Client Component Browser]
    ./frontend/src/components/discussions/dms/dm-message-list/dm-message-list.tsx [Client Component Browser]
    ./frontend/src/components/discussions/dms/dm-pane/dm-pane.tsx [Client Component Browser]
    ./frontend/src/app/dashboard/messages/page.tsx [Client Component Browser]
    ./frontend/src/app/dashboard/messages/page.tsx [Server Component]

  Client Component SSR:
    ./frontend/src/components/discussions/dms/dm-message-list/dm-message-list-states.tsx [Client Component SSR]
    ./frontend/src/components/discussions/dms/dm-message-list/dm-message-list.tsx [Client Component SSR]
    ./frontend/src/components/discussions/dms/dm-pane/dm-pane.tsx [Client Component SSR]
    ./frontend/src/app/dashboard/messages/page.tsx [Client Component SSR]
    ./frontend/src/app/dashboard/messages/page.tsx [Server Component]

https://nextjs.org/docs/messages/module-not-found


./frontend/src/components/discussions/dms/dm-pane/dm-pane-states.tsx:14:1
Module not found: Can't resolve '@/features/ui/components/skeleton'
  [90m12 |[0m } [36mfrom[0m [32m'@/features/ui/components/dropdown-menu'[0m
  [90m13 |[0m [36mimport[0m { [33mIcons[0m } [36mfrom[0m [32m'@/components/icons'[0m
[31m[1m>[0m [90m14 |[0m [36mimport[0m { [33mSkeleton[0m } [36mfrom[0m 
[32m'@/features/ui/components/skeleton'[0m
  [90m   |[0m [31m[1m^^^^^^^^^^^^^^^^^^^^^^^^^^^^^^^^^^^^^^^^^^^^^^^^^^^^^^^^^^^^[0m
  [90m15 |[0m [36mimport[0m { cn } [36mfrom[0m [32m'@/lib/utils'[0m
  [90m16 |[0m [36mimport[0m {
  [90m17 |[0m   [33mChatIdentityAvatar[0m,

Import map: aliased to relative './src/features/ui/components/skeleton' inside of [project]/frontend


Import traces:
  Client Component Browser:
    ./frontend/src/components/discussions/dms/dm-pane/dm-pane-states.tsx [Client Component Browser]
    ./frontend/src/components/discussions/dms/dm-pane/dm-pane.tsx [Client Component Browser]
    ./frontend/src/app/dashboard/messages/page.tsx [Client Component Browser]
    ./frontend/src/app/dashboard/messages/page.tsx [Server Component]

  Client Component SSR:
    ./frontend/src/components/discussions/dms/dm-pane/dm-pane-states.tsx [Client Component SSR]
    ./frontend/src/components/discussions/dms/dm-pane/dm-pane.tsx [Client Component SSR]
    ./frontend/src/app/dashboard/messages/page.tsx [Client Component SSR]
    ./frontend/src/app/dashboard/messages/page.tsx [Server Component]

https://nextjs.org/docs/messages/module-not-found


./frontend/src/components/discussions/threads/thread-panel.tsx:5:1
Module not found: Can't resolve '@/features/ui/components/skeleton'
  [90m3 |[0m [36mimport[0m { [33mButton[0m } [36mfrom[0m [32m'@/features/ui/components/button'[0m;
  [90m4 |[0m [36mimport[0m { [33mIcons[0m } [36mfrom[0m [32m'@/components/icons'[0m;
[31m[1m>[0m [90m5 |[0m [36mimport[0m { [33mSkeleton[0m } [36mfrom[0m 
[32m'@/features/ui/components/skeleton'[0m;
  [90m  |[0m [31m[1m^^^^^^^^^^^^^^^^^^^^^^^^^^^^^^^^^^^^^^^^^^^^^^^^^^^^^^^^^^^^^[0m
  [90m6 |[0m [36mimport[0m { useThreadMessages } [36mfrom[0m 
[32m'@/lib/discussions/services/use-thread-messages'[0m;
  [90m7 |[0m [36mimport[0m { useChannelRoom } [36mfrom[0m 
[32m'@/lib/discussions/services/use-discussion-room'[0m;
  [90m8 |[0m [36mimport[0m { [33mMessageRow[0m } [36mfrom[0m 
[32m'@/components/discussions/channel/message-row'[0m;

Import map: aliased to relative './src/features/ui/components/skeleton' inside of [project]/frontend


Import traces:
  Client Component Browser:
    ./frontend/src/components/discussions/threads/thread-panel.tsx [Client Component Browser]
    ./frontend/src/components/discussions/channel/channel-pane/channel-pane.tsx [Client Component Browser]
    ./frontend/src/app/dashboard/messages/page.tsx [Client Component Browser]
    ./frontend/src/app/dashboard/messages/page.tsx [Server Component]

  Client Component SSR:
    ./frontend/src/components/discussions/threads/thread-panel.tsx [Client Component SSR]
    ./frontend/src/components/discussions/channel/channel-pane/channel-pane.tsx [Client Component SSR]
    ./frontend/src/app/dashboard/messages/page.tsx [Client Component SSR]
    ./frontend/src/app/dashboard/messages/page.tsx [Server Component]

https://nextjs.org/docs/messages/module-not-found


./frontend/src/components/notifications/notifications-page.tsx:9:1
Module not found: Can't resolve '@/features/ui/components/skeleton'
  [90m 7 |[0m [36mimport[0m { [33mButton[0m } [36mfrom[0m [32m'@/features/ui/components/button'[0m;
  [90m 8 |[0m [36mimport[0m { [33mInput[0m } [36mfrom[0m [32m'@/features/ui/components/input'[0m;
[31m[1m>[0m [90m 9 |[0m [36mimport[0m { [33mSkeleton[0m } [36mfrom[0m 
[32m'@/features/ui/components/skeleton'[0m;
  [90m   |[0m [31m[1m^^^^^^^^^^^^^^^^^^^^^^^^^^^^^^^^^^^^^^^^^^^^^^^^^^^^^^^^^^^^^[0m
  [90m10 |[0m [36mimport[0m { cn } [36mfrom[0m [32m'@/lib/utils'[0m;
  [90m11 |[0m [36mimport[0m { useNotificationFeed, [36mtype[0m [33mNotifItem[0m } [36mfrom[0m 
[32m'@/lib/notifications/services'[0m;
  [90m12 |[0m [36mimport[0m { [33mNotificationTimeline[0m } [36mfrom[0m [32m'./notification-timeline'[0m;

Import map: aliased to relative './src/features/ui/components/skeleton' inside of [project]/frontend


Import trace:
  Server Component:
    ./frontend/src/components/notifications/notifications-page.tsx
    ./frontend/src/app/dashboard/notifications/page.tsx

https://nextjs.org/docs/messages/module-not-found


./frontend/src/components/offices/office-directory/my-conversations-list.tsx:6:1
Module not found: Can't resolve '@/features/ui/components/skeleton'
  [90m4 |[0m [36mimport[0m { cn } [36mfrom[0m [32m'@/lib/utils'[0m;
  [90m5 |[0m [36mimport[0m { pastelFor } [36mfrom[0m [32m'@/lib/pastel'[0m;
[31m[1m>[0m [90m6 |[0m [36mimport[0m { [33mSkeleton[0m } [36mfrom[0m 
[32m'@/features/ui/components/skeleton'[0m;
  [90m  |[0m [31m[1m^^^^^^^^^^^^^^^^^^^^^^^^^^^^^^^^^^^^^^^^^^^^^^^^^^^^^^^^^^^^^[0m
  [90m7 |[0m [36mimport[0m { [33mStatusChip[0m, timeAgo } [36mfrom[0m 
[32m'@/components/offices/office-bits'[0m;
  [90m8 |[0m [36mimport[0m [36mtype[0m { [33mOfficeThreadSummary[0m } [36mfrom[0m 
[32m'@/lib/offices/types'[0m;
  [90m9 |[0m

Import map: aliased to relative './src/features/ui/components/skeleton' inside of [project]/frontend


Import traces:
  Client Component Browser:
    ./frontend/src/components/offices/office-directory/my-conversations-list.tsx [Client Component Browser]
    ./frontend/src/components/offices/office-directory/office-directory.tsx [Client Component Browser]
    ./frontend/src/app/dashboard/offices/page.tsx [Client Component Browser]
    ./frontend/src/app/dashboard/offices/page.tsx [Server Component]

  Client Component SSR:
    ./frontend/src/components/offices/office-directory/my-conversations-list.tsx [Client Component SSR]
    ./frontend/src/components/offices/office-directory/office-directory.tsx [Client Component SSR]
    ./frontend/src/app/dashboard/offices/page.tsx [Client Component SSR]
    ./frontend/src/app/dashboard/offices/page.tsx [Server Component]

https://nextjs.org/docs/messages/module-not-found


./frontend/src/components/offices/office-directory/office-grid.tsx:7:1
Module not found: Can't resolve '@/features/ui/components/skeleton'
  [90m 5 |[0m [36mimport[0m { pastelFor } [36mfrom[0m [32m'@/lib/pastel'[0m;
  [90m 6 |[0m [36mimport[0m { [33mButton[0m } [36mfrom[0m [32m'@/features/ui/components/button'[0m;
[31m[1m>[0m [90m 7 |[0m [36mimport[0m { [33mSkeleton[0m } [36mfrom[0m 
[32m'@/features/ui/components/skeleton'[0m;
  [90m   |[0m [31m[1m^^^^^^^^^^^^^^^^^^^^^^^^^^^^^^^^^^^^^^^^^^^^^^^^^^^^^^^^^^^^^[0m
  [90m 8 |[0m [36mimport[0m [36mtype[0m { [33mSupportOffice[0m } [36mfrom[0m [32m'@/lib/offices/types'[0m;
  [90m 9 |[0m
  [90m10 |[0m [36mexport[0m [36mfunction[0m [33mOfficeGrid[0m({

Import map: aliased to relative './src/features/ui/components/skeleton' inside of [project]/frontend


Import traces:
  Client Component Browser:
    ./frontend/src/components/offices/office-directory/office-grid.tsx [Client Component Browser]
    ./frontend/src/components/offices/office-directory/office-directory.tsx [Client Component Browser]
    ./frontend/src/app/dashboard/offices/page.tsx [Client Component Browser]
    ./frontend/src/app/dashboard/offices/page.tsx [Server Component]

  Client Component SSR:
    ./frontend/src/components/offices/office-directory/office-grid.tsx [Client Component SSR]
    ./frontend/src/components/offices/office-directory/office-directory.tsx [Client Component SSR]
    ./frontend/src/app/dashboard/offices/page.tsx [Client Component SSR]
    ./frontend/src/app/dashboard/offices/page.tsx [Server Component]

https://nextjs.org/docs/messages/module-not-found


./frontend/src/components/offices/office-inbox.tsx:9:1
Module not found: Can't resolve '@/features/ui/components/skeleton'
  [90m 7 |[0m [36mimport[0m { [33mButton[0m } [36mfrom[0m [32m'@/features/ui/components/button'[0m;
  [90m 8 |[0m [36mimport[0m { [33mSegmentedControl[0m } [36mfrom[0m 
[32m'@/features/ui/components/segmented-control'[0m;
[31m[1m>[0m [90m 9 |[0m [36mimport[0m { [33mSkeleton[0m } [36mfrom[0m 
[32m'@/features/ui/components/skeleton'[0m;
  [90m   |[0m [31m[1m^^^^^^^^^^^^^^^^^^^^^^^^^^^^^^^^^^^^^^^^^^^^^^^^^^^^^^^^^^^^^[0m
  [90m10 |[0m [36mimport[0m { useOfficeInbox } [36mfrom[0m [32m'@/lib/offices/queries'[0m;
  [90m11 |[0m [36mimport[0m { [33mStatusChip[0m, timeAgo } [36mfrom[0m [32m'./office-bits'[0m;
  [90m12 |[0m

Import map: aliased to relative './src/features/ui/components/skeleton' inside of [project]/frontend


Import traces:
  Client Component Browser:
    ./frontend/src/components/offices/office-inbox.tsx [Client Component Browser]
    ./frontend/src/app/dashboard/offices/page.tsx [Client Component Browser]
    ./frontend/src/app/dashboard/offices/page.tsx [Server Component]

  Client Component SSR:
    ./frontend/src/components/offices/office-inbox.tsx [Client Component SSR]
    ./frontend/src/app/dashboard/offices/page.tsx [Client Component SSR]
    ./frontend/src/app/dashboard/offices/page.tsx [Server Component]

https://nextjs.org/docs/messages/module-not-found


./frontend/src/components/offices/office-thread-view.tsx:9:1
Module not found: Can't resolve '@/features/ui/components/skeleton'
  [90m 7 |[0m [36mimport[0m { pastelFor } [36mfrom[0m [32m'@/lib/pastel'[0m;
  [90m 8 |[0m [36mimport[0m { [33mButton[0m } [36mfrom[0m [32m'@/features/ui/components/button'[0m;
[31m[1m>[0m [90m 9 |[0m [36mimport[0m { [33mSkeleton[0m } [36mfrom[0m 
[32m'@/features/ui/components/skeleton'[0m;
  [90m   |[0m [31m[1m^^^^^^^^^^^^^^^^^^^^^^^^^^^^^^^^^^^^^^^^^^^^^^^^^^^^^^^^^^^^^[0m
  [90m10 |[0m [36mimport[0m { useAuthStore } [36mfrom[0m [32m'@/lib/auth-store'[0m;
  [90m11 |[0m [36mimport[0m { [33mTypingIndicator[0m } [36mfrom[0m 
[32m'@/components/discussions/channel/typing-indicator'[0m;
  [90m12 |[0m [90m// TODO: useOfficeThreadRoom not found in discussions/services - uncomment when implemented[0m

Import map: aliased to relative './src/features/ui/components/skeleton' inside of [project]/frontend


Import traces:
  Client Component Browser:
    ./frontend/src/components/offices/office-thread-view.tsx [Client Component Browser]
    ./frontend/src/components/inbox/messages-office-pane.tsx [Client Component Browser]
    ./frontend/src/app/dashboard/messages/page.tsx [Client Component Browser]
    ./frontend/src/app/dashboard/messages/page.tsx [Server Component]

  Client Component SSR:
    ./frontend/src/components/offices/office-thread-view.tsx [Client Component SSR]
    ./frontend/src/components/inbox/messages-office-pane.tsx [Client Component SSR]
    ./frontend/src/app/dashboard/messages/page.tsx [Client Component SSR]
    ./frontend/src/app/dashboard/messages/page.tsx [Server Component]

https://nextjs.org/docs/messages/module-not-found


./frontend/src/components/teacher-courses/course-list.tsx:3:1
Module not found: Can't resolve '@/features/ui/components/skeleton'
  [90m1 |[0m [32m'use client'[0m
  [90m2 |[0m
[31m[1m>[0m [90m3 |[0m [36mimport[0m { [33mSkeleton[0m } [36mfrom[0m 
[32m'@/features/ui/components/skeleton'[0m
  [90m  |[0m [31m[1m^^^^^^^^^^^^^^^^^^^^^^^^^^^^^^^^^^^^^^^^^^^^^^^^^^^^^^^^^^^^[0m
  [90m4 |[0m [36mimport[0m { [33mIcons[0m } [36mfrom[0m [32m'@/components/icons'[0m
  [90m5 |[0m [36mimport[0m { [33mCourseCard[0m, [36mtype[0m [33mTeacherCourseCardData[0m } [36mfrom[0m 
[32m'./course-card'[0m
  [90m6 |[0m

Import map: aliased to relative './src/features/ui/components/skeleton' inside of [project]/frontend


Import traces:
  Client Component Browser:
    ./frontend/src/components/teacher-courses/course-list.tsx [Client Component Browser]
    ./frontend/src/app/dashboard/courses/page.tsx [Client Component Browser]
    ./frontend/src/app/dashboard/courses/page.tsx [Server Component]

  Client Component SSR:
    ./frontend/src/components/teacher-courses/course-list.tsx [Client Component SSR]
    ./frontend/src/app/dashboard/courses/page.tsx [Client Component SSR]
    ./frontend/src/app/dashboard/courses/page.tsx [Server Component]

https://nextjs.org/docs/messages/module-not-found


./frontend/src/app/layout.tsx:2:1
Module not found: Can't resolve '@/features/ui/components/sonner'
  [90m1 |[0m [36mimport[0m [33mProviders[0m [36mfrom[0m [32m'@/features/layout/components/providers'[0m;
[31m[1m>[0m [90m2 |[0m [36mimport[0m { [33mToaster[0m } [36mfrom[0m 
[32m'@/features/ui/components/sonner'[0m;
  [90m  |[0m [31m[1m^^^^^^^^^^^^^^^^^^^^^^^^^^^^^^^^^^^^^^^^^^^^^^^^^^^^^^^^^^[0m
  [90m3 |[0m [36mimport[0m { fontVariables } [36mfrom[0m [32m'@/features/themes/components/font.config'[0m;
  [90m4 |[0m [36mimport[0m { [33mDEFAULT_THEME[0m, [33mTHEMES[0m } [36mfrom[0m 
[32m'@/features/themes/components/theme.config'[0m;
  [90m5 |[0m [36mimport[0m [33mThemeProvider[0m [36mfrom[0m 
[32m'@/features/themes/components/theme-provider'[0m;

Import map: aliased to relative './src/features/ui/components/sonner' inside of [project]/frontend


https://nextjs.org/docs/messages/module-not-found


./frontend/src/components/ui/button.tsx:6:1
Module not found: Can't resolve '@/features/ui/components/spinner'
  [90m4 |[0m
  [90m5 |[0m [36mimport[0m { cn } [36mfrom[0m [32m'@/lib/utils'[0m;
[31m[1m>[0m [90m6 |[0m [36mimport[0m { [33mSpinner[0m } [36mfrom[0m 
[32m'@/features/ui/components/spinner'[0m;
  [90m  |[0m [31m[1m^^^^^^^^^^^^^^^^^^^^^^^^^^^^^^^^^^^^^^^^^^^^^^^^^^^^^^^^^^^[0m
  [90m7 |[0m
  [90m8 |[0m [36mconst[0m buttonVariants = cva(
  [90m9 |[0m   [32m"inline-flex items-center justify-center gap-2 whitespace-nowrap rounded-md text-sm font-...[0m

Import map: aliased to relative './src/features/ui/components/spinner' inside of [project]/frontend


Import traces:
  Client Component Browser:
    ./frontend/src/components/ui/button.tsx [Client Component Browser]
    ./frontend/src/components/course-details/course-detail-page/course-not-found-state.tsx [Client Component Browser]
    ./frontend/src/app/dashboard/courses/[id]/page.tsx [Client Component Browser]
    ./frontend/src/app/dashboard/courses/[id]/page.tsx [Server Component]

  Client Component SSR:
    ./frontend/src/components/ui/button.tsx [Client Component SSR]
    ./frontend/src/components/course-details/course-detail-page/course-not-found-state.tsx [Client Component SSR]
    ./frontend/src/app/dashboard/courses/[id]/page.tsx [Client Component SSR]
    ./frontend/src/app/dashboard/courses/[id]/page.tsx [Server Component]

https://nextjs.org/docs/messages/module-not-found


./frontend/src/components/discussions/channel/manage/overview/channel-toggles.tsx:4:1
Module not found: Can't resolve '@/features/ui/components/switch'
  [90m2 |[0m
  [90m3 |[0m [36mimport[0m { [33mLabel[0m } [36mfrom[0m [32m'@/features/ui/components/label'[0m
[31m[1m>[0m [90m4 |[0m [36mimport[0m { [33mSwitch[0m } [36mfrom[0m 
[32m'@/features/ui/components/switch'[0m
  [90m  |[0m [31m[1m^^^^^^^^^^^^^^^^^^^^^^^^^^^^^^^^^^^^^^^^^^^^^^^^^^^^^^^^[0m
  [90m5 |[0m
  [90m6 |[0m [36mfunction[0m [33mAccessRow[0m({
  [90m7 |[0m   id,

Import map: aliased to relative './src/features/ui/components/switch' inside of [project]/frontend


Import traces:
  Client Component Browser:
    ./frontend/src/components/discussions/channel/manage/overview/channel-toggles.tsx [Client Component Browser]
    ./frontend/src/components/discussions/channel/manage/overview/overview-tab.tsx [Client Component Browser]
    ./frontend/src/components/discussions/channel/channel-settings/channel-settings-tabs.tsx [Client Component Browser]
    ./frontend/src/components/discussions/channel/channel-settings/channel-settings-dialog.tsx [Client Component 
Browser]
    ./frontend/src/components/discussions/channel/channel-pane/channel-pane.tsx [Client Component Browser]
    ./frontend/src/app/dashboard/messages/page.tsx [Client Component Browser]
    ./frontend/src/app/dashboard/messages/page.tsx [Server Component]

  Client Component SSR:
    ./frontend/src/components/discussions/channel/manage/overview/channel-toggles.tsx [Client Component SSR]
    ./frontend/src/components/discussions/channel/manage/overview/overview-tab.tsx [Client Component SSR]
    ./frontend/src/components/discussions/channel/channel-settings/channel-settings-tabs.tsx [Client Component SSR]
    ./frontend/src/components/discussions/channel/channel-settings/channel-settings-dialog.tsx [Client Component SSR]
    ./frontend/src/components/discussions/channel/channel-pane/channel-pane.tsx [Client Component SSR]
    ./frontend/src/app/dashboard/messages/page.tsx [Client Component SSR]
    ./frontend/src/app/dashboard/messages/page.tsx [Server Component]

https://nextjs.org/docs/messages/module-not-found


./frontend/src/components/discussions/dms/dm-pane/view-members-dialog.tsx:14:1
Module not found: Can't resolve '@/features/ui/components/switch'
  [90m12 |[0m [36mimport[0m { [33mIcons[0m } [36mfrom[0m [32m'@/components/icons'[0m
  [90m13 |[0m [36mimport[0m { [33mX[0m } [36mfrom[0m [32m'lucide-react'[0m
[31m[1m>[0m [90m14 |[0m [36mimport[0m { [33mSwitch[0m } [36mfrom[0m 
[32m'@/features/ui/components/switch'[0m
  [90m   |[0m [31m[1m^^^^^^^^^^^^^^^^^^^^^^^^^^^^^^^^^^^^^^^^^^^^^^^^^^^^^^^^[0m
  [90m15 |[0m [36mimport[0m { resolvePublicAssetUrl } [36mfrom[0m [32m'@/lib/resolve-public-asset-url'[0m
  [90m16 |[0m [36mimport[0m { useRemoveGroupDmMember, useSetGroupDmMemberCanPost } [36mfrom[0m 
[32m'@/lib/discussions/quer...[0m
  [90m17 |[0m [36mimport[0m [36mtype[0m { [33mGroupDmMember[0m } [36mfrom[0m 
[32m'@/lib/discussions/queries/types'[0m

Import map: aliased to relative './src/features/ui/components/switch' inside of [project]/frontend


Import traces:
  Client Component Browser:
    ./frontend/src/components/discussions/dms/dm-pane/view-members-dialog.tsx [Client Component Browser]
    ./frontend/src/components/discussions/dms/dm-pane/dm-pane.tsx [Client Component Browser]
    ./frontend/src/app/dashboard/messages/page.tsx [Client Component Browser]
    ./frontend/src/app/dashboard/messages/page.tsx [Server Component]

  Client Component SSR:
    ./frontend/src/components/discussions/dms/dm-pane/view-members-dialog.tsx [Client Component SSR]
    ./frontend/src/components/discussions/dms/dm-pane/dm-pane.tsx [Client Component SSR]
    ./frontend/src/app/dashboard/messages/page.tsx [Client Component SSR]
    ./frontend/src/app/dashboard/messages/page.tsx [Server Component]

https://nextjs.org/docs/messages/module-not-found


./frontend/src/components/notifications/notification-toggle.tsx:3:1
Module not found: Can't resolve '@/features/ui/components/switch'
  [90m1 |[0m [32m'use client'[0m;
  [90m2 |[0m
[31m[1m>[0m [90m3 |[0m [36mimport[0m { [33mSwitch[0m } [36mfrom[0m 
[32m'@/features/ui/components/switch'[0m;
  [90m  |[0m [31m[1m^^^^^^^^^^^^^^^^^^^^^^^^^^^^^^^^^^^^^^^^^^^^^^^^^^^^^^^^^[0m
  [90m4 |[0m [36mimport[0m { usePushSubscription } [36mfrom[0m [32m'@/lib/notifications/services'[0m;
  [90m5 |[0m [36mimport[0m { toast } [36mfrom[0m [32m'sonner'[0m;
  [90m6 |[0m

Import map: aliased to relative './src/features/ui/components/switch' inside of [project]/frontend


Import traces:
  Client Component Browser:
    ./frontend/src/components/notifications/notification-toggle.tsx [Client Component Browser]
    ./frontend/src/components/teacher-courses/course-detail-header/course-header-actions.tsx [Client Component Browser]
    ./frontend/src/components/teacher-courses/course-detail-header/course-header-compact.tsx [Client Component Browser]
    ./frontend/src/components/teacher-courses/course-detail-header.tsx [Client Component Browser]
    ./frontend/src/app/dashboard/courses/[id]/page.tsx [Client Component Browser]
    ./frontend/src/app/dashboard/courses/[id]/page.tsx [Server Component]

  Client Component SSR:
    ./frontend/src/components/notifications/notification-toggle.tsx [Client Component SSR]
    ./frontend/src/components/teacher-courses/course-detail-header/course-header-actions.tsx [Client Component SSR]
    ./frontend/src/components/teacher-courses/course-detail-header/course-header-compact.tsx [Client Component SSR]
    ./frontend/src/components/teacher-courses/course-detail-header.tsx [Client Component SSR]
    ./frontend/src/app/dashboard/courses/[id]/page.tsx [Client Component SSR]
    ./frontend/src/app/dashboard/courses/[id]/page.tsx [Server Component]

https://nextjs.org/docs/messages/module-not-found


./frontend/src/components/profile/profile-view/profile-notifications-card.tsx:6:1
Module not found: Can't resolve '@/features/ui/components/switch'
  [90m4 |[0m [36mimport[0m [33mLink[0m [36mfrom[0m [32m'next/link'[0m;
  [90m5 |[0m [36mimport[0m { [33mBell[0m, [33mChevronRight[0m } [36mfrom[0m [32m'lucide-react'[0m;
[31m[1m>[0m [90m6 |[0m [36mimport[0m { [33mSwitch[0m } [36mfrom[0m 
[32m'@/features/ui/components/switch'[0m;
  [90m  |[0m [31m[1m^^^^^^^^^^^^^^^^^^^^^^^^^^^^^^^^^^^^^^^^^^^^^^^^^^^^^^^^^[0m
  [90m7 |[0m [36mimport[0m { [33mNotificationToggle[0m } [36mfrom[0m 
[32m'@/components/notifications/notification-toggle'[0m;
  [90m8 |[0m [36mimport[0m { [33mSettingRow[0m } [36mfrom[0m [32m'./profile-rows'[0m;
  [90m9 |[0m [36mimport[0m { [33mProfileSectionHeading[0m } [36mfrom[0m [32m'./profile-section-heading'[0m;

Import map: aliased to relative './src/features/ui/components/switch' inside of [project]/frontend


Import traces:
  Client Component Browser:
    ./frontend/src/components/profile/profile-view/profile-notifications-card.tsx [Client Component Browser]
    ./frontend/src/components/profile/profile-view-page.tsx [Client Component Browser]
    ./frontend/src/components/profile/profile-view-page.tsx [Server Component]
    ./frontend/src/app/dashboard/profile/[[...profile]]/page.tsx [Server Component]

  Client Component SSR:
    ./frontend/src/components/profile/profile-view/profile-notifications-card.tsx [Client Component SSR]
    ./frontend/src/components/profile/profile-view-page.tsx [Client Component SSR]
    ./frontend/src/components/profile/profile-view-page.tsx [Server Component]
    ./frontend/src/app/dashboard/profile/[[...profile]]/page.tsx [Server Component]

https://nextjs.org/docs/messages/module-not-found


./frontend/src/components/admin/audit-logs/audit-log-row.tsx:16:1
Module not found: Can't resolve '@/features/ui/components/table'
  [90m14 |[0m   [33mDropdownMenuTrigger[0m,
  [90m15 |[0m } [36mfrom[0m [32m'@/features/ui/components/dropdown-menu'[0m;
[31m[1m>[0m [90m16 |[0m [36mimport[0m { [33mTableCell[0m, [33mTableRow[0m } [36mfrom[0m 
[32m'@/features/ui/components/table'[0m;
  [90m   |[0m [31m[1m^^^^^^^^^^^^^^^^^^^^^^^^^^^^^^^^^^^^^^^^^^^^^^^^^^^^^^^^^^^^^^^^^^^^^[0m
  [90m17 |[0m [36mimport[0m { cn } [36mfrom[0m [32m'@/lib/utils'[0m;
  [90m18 |[0m [36mimport[0m {
  [90m19 |[0m   actionStyles,

Import map: aliased to relative './src/features/ui/components/table' inside of [project]/frontend


Import traces:
  Client Component Browser:
    ./frontend/src/components/admin/audit-logs/audit-log-row.tsx [Client Component Browser]
    ./frontend/src/components/admin/audit-logs/audit-logs-table.tsx [Client Component Browser]
    ./frontend/src/components/admin/audit-logs/audit-logs-view.tsx [Client Component Browser]
    ./frontend/src/app/dashboard/audit-logs/page.tsx [Client Component Browser]
    ./frontend/src/app/dashboard/audit-logs/page.tsx [Server Component]

  Client Component SSR:
    ./frontend/src/components/admin/audit-logs/audit-log-row.tsx [Client Component SSR]
    ./frontend/src/components/admin/audit-logs/audit-logs-table.tsx [Client Component SSR]
    ./frontend/src/components/admin/audit-logs/audit-logs-view.tsx [Client Component SSR]
    ./frontend/src/app/dashboard/audit-logs/page.tsx [Client Component SSR]
    ./frontend/src/app/dashboard/audit-logs/page.tsx [Server Component]

https://nextjs.org/docs/messages/module-not-found


./frontend/src/components/admin/audit-logs/audit-logs-table.tsx:7:1
Module not found: Can't resolve '@/features/ui/components/table'
  [90m 5 |[0m [36mimport[0m { [33mCheckbox[0m } [36mfrom[0m [32m'@/features/ui/components/checkbox'[0m;
  [90m 6 |[0m [36mimport[0m { [33mSkeleton[0m } [36mfrom[0m [32m'@/features/ui/components/skeleton'[0m;
[31m[1m>[0m [90m 7 |[0m [36mimport[0m {
  [90m   |[0m [31m[1m^^^^^^^[0m
[31m[1m>[0m [90m 8 |[0m   [33mTable[0m,
  [90m   |[0m [31m[1m^^^^^^^^[0m
[31m[1m>[0m [90m 9 |[0m   [33mTableBody[0m,
  [90m   |[0m [31m[1m^^^^^^^^^^^^[0m
[31m[1m>[0m [90m10 |[0m   [33mTableHead[0m,
  [90m   |[0m [31m[1m^^^^^^^^^^^^[0m
[31m[1m>[0m [90m11 |[0m   [33mTableHeader[0m,
  [90m   |[0m [31m[1m^^^^^^^^^^^^^^[0m
[31m[1m>[0m [90m12 |[0m   [33mTableRow[0m,
  [90m   |[0m [31m[1m^^^^^^^^^^^[0m
[31m[1m>[0m [90m13 |[0m } [36mfrom[0m [32m'@/features/ui/components/table'[0m;
  [90m   |[0m [31m[1m^^^^^^^^^^^^^^^^^^^^^^^^^^^^^^^^^^^^^^^^[0m
  [90m14 |[0m [36mimport[0m { [33mAuditLogRow[0m } [36mfrom[0m [32m'./audit-log-row'[0m;
  [90m15 |[0m
  [90m16 |[0m [36minterface[0m [33mAuditLogsTableProps[0m {

Import map: aliased to relative './src/features/ui/components/table' inside of [project]/frontend


Import traces:
  Client Component Browser:
    ./frontend/src/components/admin/audit-logs/audit-logs-table.tsx [Client Component Browser]
    ./frontend/src/components/admin/audit-logs/audit-logs-view.tsx [Client Component Browser]
    ./frontend/src/app/dashboard/audit-logs/page.tsx [Client Component Browser]
    ./frontend/src/app/dashboard/audit-logs/page.tsx [Server Component]

  Client Component SSR:
    ./frontend/src/components/admin/audit-logs/audit-logs-table.tsx [Client Component SSR]
    ./frontend/src/components/admin/audit-logs/audit-logs-view.tsx [Client Component SSR]
    ./frontend/src/app/dashboard/audit-logs/page.tsx [Client Component SSR]
    ./frontend/src/app/dashboard/audit-logs/page.tsx [Server Component]

https://nextjs.org/docs/messages/module-not-found


./frontend/src/components/announcements/acknowledgement-drawer.tsx:22:1
Module not found: Can't resolve '@/features/ui/components/table'
  [90m20 |[0m   [33mSelectValue[0m
  [90m21 |[0m } [36mfrom[0m [32m'@/features/ui/components/select'[0m;
[31m[1m>[0m [90m22 |[0m [36mimport[0m {
  [90m   |[0m [31m[1m^^^^^^^[0m
[31m[1m>[0m [90m23 |[0m   [33mTable[0m,
  [90m   |[0m [31m[1m^^^^^^^^[0m
[31m[1m>[0m [90m24 |[0m   [33mTableBody[0m,
  [90m   |[0m [31m[1m^^^^^^^^^^^^[0m
[31m[1m>[0m [90m25 |[0m   [33mTableCell[0m,
  [90m   |[0m [31m[1m^^^^^^^^^^^^[0m
[31m[1m>[0m [90m26 |[0m   [33mTableHead[0m,
  [90m   |[0m [31m[1m^^^^^^^^^^^^[0m
[31m[1m>[0m [90m27 |[0m   [33mTableHeader[0m,
  [90m   |[0m [31m[1m^^^^^^^^^^^^^^[0m
[31m[1m>[0m [90m28 |[0m   [33mTableRow[0m
  [90m   |[0m [31m[1m^^^^^^^^^^[0m
[31m[1m>[0m [90m29 |[0m } [36mfrom[0m [32m'@/features/ui/components/table'[0m;
  [90m   |[0m [31m[1m^^^^^^^^^^^^^^^^^^^^^^^^^^^^^^^^^^^^^^^^[0m
  [90m30 |[0m [36mimport[0m { buildApiUrl } [36mfrom[0m [32m'@/lib/api-config'[0m;
  [90m31 |[0m [36mimport[0m { useAnnouncementAcknowledgements } [36mfrom[0m 
[32m'@/lib/announcements/queries/use-announcem...[0m
  [90m32 |[0m

Import map: aliased to relative './src/features/ui/components/table' inside of [project]/frontend


Import traces:
  Client Component Browser:
    ./frontend/src/components/announcements/acknowledgement-drawer.tsx [Client Component Browser]
    ./frontend/src/components/announcements/announcement-analytics-sheet.tsx [Client Component Browser]
    ./frontend/src/components/announcements/announcements-view.tsx [Client Component Browser]
    ./frontend/src/components/announcements/announcements-view.tsx [Server Component]
    ./frontend/src/app/dashboard/announcements/page.tsx [Server Component]

  Client Component SSR:
    ./frontend/src/components/announcements/acknowledgement-drawer.tsx [Client Component SSR]
    ./frontend/src/components/announcements/announcement-analytics-sheet.tsx [Client Component SSR]
    ./frontend/src/components/announcements/announcements-view.tsx [Client Component SSR]
    ./frontend/src/components/announcements/announcements-view.tsx [Server Component]
    ./frontend/src/app/dashboard/announcements/page.tsx [Server Component]

https://nextjs.org/docs/messages/module-not-found


./frontend/src/components/academic-years-admin/admin-academic-years-page.tsx:6:1
Module not found: Can't resolve '@/features/ui/components/tabs'
  [90m4 |[0m [36mimport[0m [33mPageContainer[0m [36mfrom[0m 
[32m'@/features/layout/components/page-container'[0m;
  [90m5 |[0m [36mimport[0m { [33mPosPageHeader[0m } [36mfrom[0m 
[32m'@/features/pos/components/pos-page-header'[0m;
[31m[1m>[0m [90m6 |[0m [36mimport[0m { [33mTabs[0m, [33mTabsContent[0m, [33mTabsList[0m, 
[33mTabsTrigger[0m } [36mfrom[0m [32m'@/features/ui/components/tabs'[0m;
  [90m  |[0m [31m[1m^^^^^^^^^^^^^^^^^^^^^^^^^^^^^^^^^^^^^^^^^^^^^^^^^^^^^^^^^^^^^^^^^^^^^^^^^^^^^^^^^^^^^^^^^[0m
  [90m7 |[0m [36mimport[0m { useQueryClient } [36mfrom[0m [32m'@/lib/async-query'[0m;
  [90m8 |[0m [36mimport[0m { adminAcademicYearsQueryKey } [36mfrom[0m 
[32m'@/lib/academic-years-admin/queries'[0m;
  [90m9 |[0m [36mimport[0m { [33mAcademicYearFormSheet[0m } [36mfrom[0m [32m'./academic-year-form-sheet'[0m;

Import map: aliased to relative './src/features/ui/components/tabs' inside of [project]/frontend


Import traces:
  Client Component Browser:
    ./frontend/src/components/academic-years-admin/admin-academic-years-page.tsx [Client Component Browser]
    ./frontend/src/app/dashboard/academic-years/page.tsx [Client Component Browser]
    ./frontend/src/app/dashboard/academic-years/page.tsx [Server Component]

  Client Component SSR:
    ./frontend/src/components/academic-years-admin/admin-academic-years-page.tsx [Client Component SSR]
    ./frontend/src/app/dashboard/academic-years/page.tsx [Client Component SSR]
    ./frontend/src/app/dashboard/academic-years/page.tsx [Server Component]

https://nextjs.org/docs/messages/module-not-found


./frontend/src/components/batches-admin/batches-sections-tabs.tsx:6:1
Module not found: Can't resolve '@/features/ui/components/tabs'
  [90m4 |[0m [36mimport[0m { useQueryClient } [36mfrom[0m [32m'@/lib/async-query'[0m;
  [90m5 |[0m [36mimport[0m { [33mPosPageHeader[0m } [36mfrom[0m 
[32m'@/features/pos/components/pos-page-header'[0m;
[31m[1m>[0m [90m6 |[0m [36mimport[0m { [33mTabs[0m, [33mTabsContent[0m, [33mTabsList[0m, 
[33mTabsTrigger[0m } [36mfrom[0m [32m'@/features/ui/components/tabs'[0m;
  [90m  |[0m [31m[1m^^^^^^^^^^^^^^^^^^^^^^^^^^^^^^^^^^^^^^^^^^^^^^^^^^^^^^^^^^^^^^^^^^^^^^^^^^^^^^^^^^^^^^^^^[0m
  [90m7 |[0m [36mimport[0m {
  [90m8 |[0m   adminBatchSectionsQueryKey,
  [90m9 |[0m   adminBatchesQueryKey

Import map: aliased to relative './src/features/ui/components/tabs' inside of [project]/frontend


Import traces:
  Client Component Browser:
    ./frontend/src/components/batches-admin/batches-sections-tabs.tsx [Client Component Browser]
    ./frontend/src/components/batches-admin/admin-batches-page.tsx [Client Component Browser]
    ./frontend/src/app/dashboard/batches/page.tsx [Client Component Browser]
    ./frontend/src/app/dashboard/batches/page.tsx [Server Component]

  Client Component SSR:
    ./frontend/src/components/batches-admin/batches-sections-tabs.tsx [Client Component SSR]
    ./frontend/src/components/batches-admin/admin-batches-page.tsx [Client Component SSR]
    ./frontend/src/app/dashboard/batches/page.tsx [Client Component SSR]
    ./frontend/src/app/dashboard/batches/page.tsx [Server Component]

https://nextjs.org/docs/messages/module-not-found


./frontend/src/components/discussions/channel/channel-settings/channel-settings-dialog.tsx:11:1
Module not found: Can't resolve '@/features/ui/components/tabs'
  [90m 9 |[0m   [33mDialogTitle[0m,
  [90m10 |[0m } [36mfrom[0m [32m'@/features/ui/components/dialog'[0m
[31m[1m>[0m [90m11 |[0m [36mimport[0m { [33mTabs[0m } [36mfrom[0m [32m'@/features/ui/components/tabs'[0m
  [90m   |[0m [31m[1m^^^^^^^^^^^^^^^^^^^^^^^^^^^^^^^^^^^^^^^^^^^^^^^^^^^^[0m
  [90m12 |[0m [36mimport[0m { [33mIcons[0m } [36mfrom[0m [32m'@/components/icons'[0m
  [90m13 |[0m [36mimport[0m { cn } [36mfrom[0m [32m'@/lib/utils'[0m
  [90m14 |[0m [36mimport[0m { useDiscussionPermissions } [36mfrom[0m 
[32m'@/lib/discussions/services/use-discussion-permis...[0m

Import map: aliased to relative './src/features/ui/components/tabs' inside of [project]/frontend


Import traces:
  Client Component Browser:
    ./frontend/src/components/discussions/channel/channel-settings/channel-settings-dialog.tsx [Client Component 
Browser]
    ./frontend/src/components/discussions/channel/channel-pane/channel-pane.tsx [Client Component Browser]
    ./frontend/src/app/dashboard/messages/page.tsx [Client Component Browser]
    ./frontend/src/app/dashboard/messages/page.tsx [Server Component]

  Client Component SSR:
    ./frontend/src/components/discussions/channel/channel-settings/channel-settings-dialog.tsx [Client Component SSR]
    ./frontend/src/components/discussions/channel/channel-pane/channel-pane.tsx [Client Component SSR]
    ./frontend/src/app/dashboard/messages/page.tsx [Client Component SSR]
    ./frontend/src/app/dashboard/messages/page.tsx [Server Component]

https://nextjs.org/docs/messages/module-not-found


./frontend/src/components/discussions/channel/channel-settings/channel-settings-tabs.tsx:3:1
Module not found: Can't resolve '@/features/ui/components/tabs'
  [90m1 |[0m [32m'use client'[0m
  [90m2 |[0m
[31m[1m>[0m [90m3 |[0m [36mimport[0m { [33mTabsContent[0m, [33mTabsList[0m, [33mTabsTrigger[0m } 
[36mfrom[0m [32m'@/features/ui/components/tabs'[0m
  [90m  |[0m [31m[1m^^^^^^^^^^^^^^^^^^^^^^^^^^^^^^^^^^^^^^^^^^^^^^^^^^^^^^^^^^^^^^^^^^^^^^^^^^^^^^^^^^[0m
  [90m4 |[0m [36mimport[0m [36mtype[0m { [33mDiscussionChannel[0m } [36mfrom[0m 
[32m'@/lib/discussions/queries/types'[0m
  [90m5 |[0m [36mimport[0m [36mtype[0m { [33mDiscussionPermissions[0m } [36mfrom[0m 
[32m'@/lib/discussions/services/use-discussion-permi...[0m
  [90m6 |[0m [36mimport[0m { [33mOverviewTab[0m } [36mfrom[0m 
[32m'@/components/discussions/channel/manage/overview-tab'[0m

Import map: aliased to relative './src/features/ui/components/tabs' inside of [project]/frontend


Import traces:
  Client Component Browser:
    ./frontend/src/components/discussions/channel/channel-settings/channel-settings-tabs.tsx [Client Component Browser]
    ./frontend/src/components/discussions/channel/channel-settings/channel-settings-dialog.tsx [Client Component 
Browser]
    ./frontend/src/components/discussions/channel/channel-pane/channel-pane.tsx [Client Component Browser]
    ./frontend/src/app/dashboard/messages/page.tsx [Client Component Browser]
    ./frontend/src/app/dashboard/messages/page.tsx [Server Component]

  Client Component SSR:
    ./frontend/src/components/discussions/channel/channel-settings/channel-settings-tabs.tsx [Client Component SSR]
    ./frontend/src/components/discussions/channel/channel-settings/channel-settings-dialog.tsx [Client Component SSR]
    ./frontend/src/components/discussions/channel/channel-pane/channel-pane.tsx [Client Component SSR]
    ./frontend/src/app/dashboard/messages/page.tsx [Client Component SSR]
    ./frontend/src/app/dashboard/messages/page.tsx [Server Component]

https://nextjs.org/docs/messages/module-not-found


./frontend/src/components/discussions/channel/manage/permissions/permissions-tab.tsx:5:1
Module not found: Can't resolve '@/features/ui/components/tabs'
  [90m3 |[0m [36mimport[0m { [33mBadge[0m } [36mfrom[0m [32m'@/features/ui/components/badge'[0m;
  [90m4 |[0m [36mimport[0m { [33mSkeleton[0m } [36mfrom[0m [32m'@/features/ui/components/skeleton'[0m;
[31m[1m>[0m [90m5 |[0m [36mimport[0m { [33mTabs[0m, [33mTabsContent[0m, [33mTabsList[0m, 
[33mTabsTrigger[0m } [36mfrom[0m [32m'@/features/ui/components/tabs'[0m;
  [90m  |[0m [31m[1m^^^^^^^^^^^^^^^^^^^^^^^^^^^^^^^^^^^^^^^^^^^^^^^^^^^^^^^^^^^^^^^^^^^^^^^^^^^^^^^^^^^^^^^^^[0m
  [90m6 |[0m [36mimport[0m { [33mIcons[0m } [36mfrom[0m [32m'@/components/icons'[0m;
  [90m7 |[0m [36mimport[0m [36mtype[0m { [33mDiscussionChannel[0m } [36mfrom[0m 
[32m'@/lib/discussions/queries'[0m;
  [90m8 |[0m [36mimport[0m { [33mOverwriteList[0m } [36mfrom[0m [32m'./overwrite-list'[0m;

Import map: aliased to relative './src/features/ui/components/tabs' inside of [project]/frontend


Import traces:
  Client Component Browser:
    ./frontend/src/components/discussions/channel/manage/permissions/permissions-tab.tsx [Client Component Browser]
    ./frontend/src/components/discussions/channel/channel-settings/channel-settings-tabs.tsx [Client Component Browser]
    ./frontend/src/components/discussions/channel/channel-settings/channel-settings-dialog.tsx [Client Component 
Browser]
    ./frontend/src/components/discussions/channel/channel-pane/channel-pane.tsx [Client Component Browser]
    ./frontend/src/app/dashboard/messages/page.tsx [Client Component Browser]
    ./frontend/src/app/dashboard/messages/page.tsx [Server Component]

  Client Component SSR:
    ./frontend/src/components/discussions/channel/manage/permissions/permissions-tab.tsx [Client Component SSR]
    ./frontend/src/components/discussions/channel/channel-settings/channel-settings-tabs.tsx [Client Component SSR]
    ./frontend/src/components/discussions/channel/channel-settings/channel-settings-dialog.tsx [Client Component SSR]
    ./frontend/src/components/discussions/channel/channel-pane/channel-pane.tsx [Client Component SSR]
    ./frontend/src/app/dashboard/messages/page.tsx [Client Component SSR]
    ./frontend/src/app/dashboard/messages/page.tsx [Server Component]

https://nextjs.org/docs/messages/module-not-found


./frontend/src/components/departments/DepartmentFormSheet.tsx:3:1
Module not found: Can't resolve '@/features/ui/components/tanstack-form'
  [90m1 |[0m [32m'use client'[0m;
  [90m2 |[0m
[31m[1m>[0m [90m3 |[0m [36mimport[0m { useAppForm, useFormFields } [36mfrom[0m 
[32m'@/features/ui/components/tanstack-form'[0m;
  [90m  |[0m [31m[1m^^^^^^^^^^^^^^^^^^^^^^^^^^^^^^^^^^^^^^^^^^^^^^^^^^^^^^^^^^^^^^^^^^^^^^^^^^^^^^^^^^^[0m
  [90m4 |[0m [36mimport[0m { [33mPosFormModal[0m } [36mfrom[0m 
[32m'@/features/pos/components/pos-form-modal'[0m;
  [90m5 |[0m [36mimport[0m { departmentSchema, [36mtype[0m [33mDepartmentFormValues[0m } [36mfrom[0m 
[32m'@/lib/departments/types'[0m;
  [90m6 |[0m [36mimport[0m { handleApiError, showToast } [36mfrom[0m [32m'@/lib/notifications'[0m;

Import map: aliased to relative './src/features/ui/components/tanstack-form' inside of [project]/frontend


Import traces:
  Client Component Browser:
    ./frontend/src/components/departments/DepartmentFormSheet.tsx [Client Component Browser]
    ./frontend/src/components/departments/department-listing.tsx [Client Component Browser]
    ./frontend/src/components/departments/department-listing.tsx [Server Component]
    ./frontend/src/app/dashboard/departments/page.tsx [Server Component]

  Client Component SSR:
    ./frontend/src/components/departments/DepartmentFormSheet.tsx [Client Component SSR]
    ./frontend/src/components/departments/department-listing.tsx [Client Component SSR]
    ./frontend/src/components/departments/department-listing.tsx [Server Component]
    ./frontend/src/app/dashboard/departments/page.tsx [Server Component]

https://nextjs.org/docs/messages/module-not-found


./frontend/src/components/faculties/FacultyFormSheet.tsx:3:1
Module not found: Can't resolve '@/features/ui/components/tanstack-form'
  [90m1 |[0m [32m'use client'[0m;
  [90m2 |[0m
[31m[1m>[0m [90m3 |[0m [36mimport[0m { useAppForm, useFormFields } [36mfrom[0m 
[32m'@/features/ui/components/tanstack-form'[0m;
  [90m  |[0m [31m[1m^^^^^^^^^^^^^^^^^^^^^^^^^^^^^^^^^^^^^^^^^^^^^^^^^^^^^^^^^^^^^^^^^^^^^^^^^^^^^^^^^^^[0m
  [90m4 |[0m [36mimport[0m { [33mPosFormModal[0m } [36mfrom[0m 
[32m'@/features/pos/components/pos-form-modal'[0m;
  [90m5 |[0m [36mimport[0m { facultySchema, [36mtype[0m [33mFacultyFormValues[0m } [36mfrom[0m 
[32m'@/lib/faculties/types'[0m;
  [90m6 |[0m [36mimport[0m { handleApiError, showToast } [36mfrom[0m [32m'@/lib/notifications'[0m;

Import map: aliased to relative './src/features/ui/components/tanstack-form' inside of [project]/frontend


Import traces:
  Client Component Browser:
    ./frontend/src/components/faculties/FacultyFormSheet.tsx [Client Component Browser]
    ./frontend/src/components/faculties/faculty-listing.tsx [Client Component Browser]
    ./frontend/src/components/faculties/faculty-listing.tsx [Server Component]
    ./frontend/src/app/dashboard/faculties/page.tsx [Server Component]

  Client Component SSR:
    ./frontend/src/components/faculties/FacultyFormSheet.tsx [Client Component SSR]
    ./frontend/src/components/faculties/faculty-listing.tsx [Client Component SSR]
    ./frontend/src/components/faculties/faculty-listing.tsx [Server Component]
    ./frontend/src/app/dashboard/faculties/page.tsx [Server Component]

https://nextjs.org/docs/messages/module-not-found


./frontend/src/components/discussions/channel/manage/overview/overview-fields.tsx:5:1
Module not found: Can't resolve '@/features/ui/components/textarea'
  [90m3 |[0m [36mimport[0m { [33mInput[0m } [36mfrom[0m [32m'@/features/ui/components/input'[0m
  [90m4 |[0m [36mimport[0m { [33mLabel[0m } [36mfrom[0m [32m'@/features/ui/components/label'[0m
[31m[1m>[0m [90m5 |[0m [36mimport[0m { [33mTextarea[0m } [36mfrom[0m 
[32m'@/features/ui/components/textarea'[0m
  [90m  |[0m [31m[1m^^^^^^^^^^^^^^^^^^^^^^^^^^^^^^^^^^^^^^^^^^^^^^^^^^^^^^^^^^^^[0m
  [90m6 |[0m [36mimport[0m { [33mNAME_MAX[0m, [33mTOPIC_MAX[0m } [36mfrom[0m [32m'./constants'[0m
  [90m7 |[0m
  [90m8 |[0m [36mexport[0m [36mfunction[0m [33mOverviewFields[0m({

Import map: aliased to relative './src/features/ui/components/textarea' inside of [project]/frontend


Import traces:
  Client Component Browser:
    ./frontend/src/components/discussions/channel/manage/overview/overview-fields.tsx [Client Component Browser]
    ./frontend/src/components/discussions/channel/manage/overview/overview-tab.tsx [Client Component Browser]
    ./frontend/src/components/discussions/channel/channel-settings/channel-settings-tabs.tsx [Client Component Browser]
    ./frontend/src/components/discussions/channel/channel-settings/channel-settings-dialog.tsx [Client Component 
Browser]
    ./frontend/src/components/discussions/channel/channel-pane/channel-pane.tsx [Client Component Browser]
    ./frontend/src/app/dashboard/messages/page.tsx [Client Component Browser]
    ./frontend/src/app/dashboard/messages/page.tsx [Server Component]

  Client Component SSR:
    ./frontend/src/components/discussions/channel/manage/overview/overview-fields.tsx [Client Component SSR]
    ./frontend/src/components/discussions/channel/manage/overview/overview-tab.tsx [Client Component SSR]
    ./frontend/src/components/discussions/channel/channel-settings/channel-settings-tabs.tsx [Client Component SSR]
    ./frontend/src/components/discussions/channel/channel-settings/channel-settings-dialog.tsx [Client Component SSR]
    ./frontend/src/components/discussions/channel/channel-pane/channel-pane.tsx [Client Component SSR]
    ./frontend/src/app/dashboard/messages/page.tsx [Client Component SSR]
    ./frontend/src/app/dashboard/messages/page.tsx [Server Component]

https://nextjs.org/docs/messages/module-not-found


./frontend/src/components/discussions/channel/message-row/message-edit-form.tsx:4:1
Module not found: Can't resolve '@/features/ui/components/textarea'
  [90m2 |[0m
  [90m3 |[0m [36mimport[0m { [33mButton[0m } [36mfrom[0m [32m'@/features/ui/components/button'[0m;
[31m[1m>[0m [90m4 |[0m [36mimport[0m { [33mTextarea[0m } [36mfrom[0m 
[32m'@/features/ui/components/textarea'[0m;
  [90m  |[0m [31m[1m^^^^^^^^^^^^^^^^^^^^^^^^^^^^^^^^^^^^^^^^^^^^^^^^^^^^^^^^^^^^^[0m
  [90m5 |[0m
  [90m6 |[0m [36minterface[0m [33mMessageEditFormProps[0m {
  [90m7 |[0m   editValue: string;

Import map: aliased to relative './src/features/ui/components/textarea' inside of [project]/frontend


Import traces:
  Client Component Browser:
    ./frontend/src/components/discussions/channel/message-row/message-edit-form.tsx [Client Component Browser]
    ./frontend/src/components/discussions/channel/message-row/message-row.tsx [Client Component Browser]
    ./frontend/src/components/discussions/threads/thread-panel.tsx [Client Component Browser]
    ./frontend/src/components/discussions/channel/channel-pane/channel-pane.tsx [Client Component Browser]
    ./frontend/src/app/dashboard/messages/page.tsx [Client Component Browser]
    ./frontend/src/app/dashboard/messages/page.tsx [Server Component]

  Client Component SSR:
    ./frontend/src/components/discussions/channel/message-row/message-edit-form.tsx [Client Component SSR]
    ./frontend/src/components/discussions/channel/message-row/message-row.tsx [Client Component SSR]
    ./frontend/src/components/discussions/threads/thread-panel.tsx [Client Component SSR]
    ./frontend/src/components/discussions/channel/channel-pane/channel-pane.tsx [Client Component SSR]
    ./frontend/src/app/dashboard/messages/page.tsx [Client Component SSR]
    ./frontend/src/app/dashboard/messages/page.tsx [Server Component]

https://nextjs.org/docs/messages/module-not-found


./frontend/src/components/discussions/composer/message-composer/composer-input.tsx:4:1
Module not found: Can't resolve '@/features/ui/components/textarea'
  [90m2 |[0m
  [90m3 |[0m [36mimport[0m [36mtype[0m { [33mRefObject[0m } [36mfrom[0m [32m'react'[0m;
[31m[1m>[0m [90m4 |[0m [36mimport[0m { [33mTextarea[0m } [36mfrom[0m 
[32m'@/features/ui/components/textarea'[0m;
  [90m  |[0m [31m[1m^^^^^^^^^^^^^^^^^^^^^^^^^^^^^^^^^^^^^^^^^^^^^^^^^^^^^^^^^^^^^[0m
  [90m5 |[0m [36mimport[0m [36mtype[0m { [33mChannelMember[0m } [36mfrom[0m 
[32m'@/lib/discussions/queries/types'[0m;
  [90m6 |[0m [36mimport[0m { [33mMentionPopover[0m } [36mfrom[0m 
[32m'@/components/discussions/composer/mention-popover'[0m;
  [90m7 |[0m

Import map: aliased to relative './src/features/ui/components/textarea' inside of [project]/frontend


Import traces:
  Client Component Browser:
    ./frontend/src/components/discussions/composer/message-composer/composer-input.tsx [Client Component Browser]
    ./frontend/src/components/discussions/composer/message-composer/message-composer.tsx [Client Component Browser]
    ./frontend/src/components/discussions/channel/channel-pane/channel-pane.tsx [Client Component Browser]
    ./frontend/src/app/dashboard/messages/page.tsx [Client Component Browser]
    ./frontend/src/app/dashboard/messages/page.tsx [Server Component]

  Client Component SSR:
    ./frontend/src/components/discussions/composer/message-composer/composer-input.tsx [Client Component SSR]
    ./frontend/src/components/discussions/composer/message-composer/message-composer.tsx [Client Component SSR]
    ./frontend/src/components/discussions/channel/channel-pane/channel-pane.tsx [Client Component SSR]
    ./frontend/src/app/dashboard/messages/page.tsx [Client Component SSR]
    ./frontend/src/app/dashboard/messages/page.tsx [Server Component]

https://nextjs.org/docs/messages/module-not-found


./frontend/src/components/discussions/dms/dm-composer.tsx:6:1
Module not found: Can't resolve '@/features/ui/components/textarea'
  [90m4 |[0m [36mimport[0m { [33mPaperclip[0m, [33mSmile[0m } [36mfrom[0m [32m'lucide-react'[0m
  [90m5 |[0m [36mimport[0m { [33mButton[0m } [36mfrom[0m [32m'@/features/ui/components/button'[0m
[31m[1m>[0m [90m6 |[0m [36mimport[0m { [33mTextarea[0m } [36mfrom[0m 
[32m'@/features/ui/components/textarea'[0m
  [90m  |[0m [31m[1m^^^^^^^^^^^^^^^^^^^^^^^^^^^^^^^^^^^^^^^^^^^^^^^^^^^^^^^^^^^^[0m
  [90m7 |[0m [36mimport[0m { [33mPopover[0m, [33mPopoverContent[0m, [33mPopoverTrigger[0m } [36mfrom[0m 
[32m'@/features/ui/components/popover'[0m
  [90m8 |[0m [36mimport[0m { [33mTooltip[0m, [33mTooltipContent[0m, [33mTooltipTrigger[0m } [36mfrom[0m 
[32m'@/features/ui/components/tooltip'[0m
  [90m9 |[0m [36mimport[0m { [33mIcons[0m } [36mfrom[0m [32m'@/components/icons'[0m

Import map: aliased to relative './src/features/ui/components/textarea' inside of [project]/frontend


Import traces:
  Client Component Browser:
    ./frontend/src/components/discussions/dms/dm-composer.tsx [Client Component Browser]
    ./frontend/src/components/discussions/dms/dm-pane/dm-pane.tsx [Client Component Browser]
    ./frontend/src/app/dashboard/messages/page.tsx [Client Component Browser]
    ./frontend/src/app/dashboard/messages/page.tsx [Server Component]

  Client Component SSR:
    ./frontend/src/components/discussions/dms/dm-composer.tsx [Client Component SSR]
    ./frontend/src/components/discussions/dms/dm-pane/dm-pane.tsx [Client Component SSR]
    ./frontend/src/app/dashboard/messages/page.tsx [Client Component SSR]
    ./frontend/src/app/dashboard/messages/page.tsx [Server Component]

https://nextjs.org/docs/messages/module-not-found


./frontend/src/components/discussions/dms/dm-message-edit-view.tsx:4:1
Module not found: Can't resolve '@/features/ui/components/textarea'
  [90m2 |[0m
  [90m3 |[0m [36mimport[0m { [33mButton[0m } [36mfrom[0m [32m'@/features/ui/components/button'[0m;
[31m[1m>[0m [90m4 |[0m [36mimport[0m { [33mTextarea[0m } [36mfrom[0m 
[32m'@/features/ui/components/textarea'[0m;
  [90m  |[0m [31m[1m^^^^^^^^^^^^^^^^^^^^^^^^^^^^^^^^^^^^^^^^^^^^^^^^^^^^^^^^^^^^^[0m
  [90m5 |[0m [36mimport[0m { cn } [36mfrom[0m [32m'@/lib/utils'[0m;
  [90m6 |[0m
  [90m7 |[0m [36mexport[0m [36mfunction[0m [33mDmMessageEditView[0m({

Import map: aliased to relative './src/features/ui/components/textarea' inside of [project]/frontend


Import traces:
  Client Component Browser:
    ./frontend/src/components/discussions/dms/dm-message-edit-view.tsx [Client Component Browser]
    ./frontend/src/components/discussions/dms/dm-message-row.tsx [Client Component Browser]
    ./frontend/src/components/discussions/dms/index.ts [Client Component Browser]
    ./frontend/src/app/dashboard/messages/page.tsx [Client Component Browser]
    ./frontend/src/app/dashboard/messages/page.tsx [Server Component]

  Client Component SSR:
    ./frontend/src/components/discussions/dms/dm-message-edit-view.tsx [Client Component SSR]
    ./frontend/src/components/discussions/dms/dm-message-row.tsx [Client Component SSR]
    ./frontend/src/components/discussions/dms/index.ts [Client Component SSR]
    ./frontend/src/app/dashboard/messages/page.tsx [Client Component SSR]
    ./frontend/src/app/dashboard/messages/page.tsx [Server Component]

https://nextjs.org/docs/messages/module-not-found


./frontend/src/components/inbox/messages-office-desk-pane.tsx:8:1
Module not found: Can't resolve '@/features/ui/components/textarea'
  [90m 6 |[0m [36mimport[0m { toast } [36mfrom[0m [32m'sonner'[0m
  [90m 7 |[0m [36mimport[0m { [33mButton[0m } [36mfrom[0m [32m'@/features/ui/components/button'[0m
[31m[1m>[0m [90m 8 |[0m [36mimport[0m { [33mTextarea[0m } [36mfrom[0m 
[32m'@/features/ui/components/textarea'[0m
  [90m   |[0m [31m[1m^^^^^^^^^^^^^^^^^^^^^^^^^^^^^^^^^^^^^^^^^^^^^^^^^^^^^^^^^^^^[0m
  [90m 9 |[0m [36mimport[0m { useQueryClient } [36mfrom[0m [32m'@/lib/async-query'[0m
  [90m10 |[0m [36mimport[0m { inboxKeys } [36mfrom[0m [32m'@/lib/inbox/inbox-queries'[0m
  [90m11 |[0m [36mimport[0m { messagesOfficeThreadHref } [36mfrom[0m 
[32m'@/lib/inbox/services/messages-href'[0m

Import map: aliased to relative './src/features/ui/components/textarea' inside of [project]/frontend


Import traces:
  Client Component Browser:
    ./frontend/src/components/inbox/messages-office-desk-pane.tsx [Client Component Browser]
    ./frontend/src/app/dashboard/messages/page.tsx [Client Component Browser]
    ./frontend/src/app/dashboard/messages/page.tsx [Server Component]

  Client Component SSR:
    ./frontend/src/components/inbox/messages-office-desk-pane.tsx [Client Component SSR]
    ./frontend/src/app/dashboard/messages/page.tsx [Client Component SSR]
    ./frontend/src/app/dashboard/messages/page.tsx [Server Component]

https://nextjs.org/docs/messages/module-not-found


./frontend/src/components/offices/admin/create-office-dialog.tsx:8:1
Module not found: Can't resolve '@/features/ui/components/textarea'
  [90m 6 |[0m [36mimport[0m { [33mInput[0m } [36mfrom[0m [32m'@/features/ui/components/input'[0m;
  [90m 7 |[0m [36mimport[0m { [33mLabel[0m } [36mfrom[0m [32m'@/features/ui/components/label'[0m;
[31m[1m>[0m [90m 8 |[0m [36mimport[0m { [33mTextarea[0m } [36mfrom[0m 
[32m'@/features/ui/components/textarea'[0m;
  [90m   |[0m [31m[1m^^^^^^^^^^^^^^^^^^^^^^^^^^^^^^^^^^^^^^^^^^^^^^^^^^^^^^^^^^^^^[0m
  [90m 9 |[0m [36mimport[0m {
  [90m10 |[0m   [33mDialog[0m,
  [90m11 |[0m   [33mDialogContent[0m,

Import map: aliased to relative './src/features/ui/components/textarea' inside of [project]/frontend


Import traces:
  Client Component Browser:
    ./frontend/src/components/offices/admin/create-office-dialog.tsx [Client Component Browser]
    ./frontend/src/components/offices/admin/offices-admin-page.tsx [Client Component Browser]
    ./frontend/src/components/offices/admin/offices-admin-page.tsx [Server Component]
    ./frontend/src/app/dashboard/admin/offices/page.tsx [Server Component]

  Client Component SSR:
    ./frontend/src/components/offices/admin/create-office-dialog.tsx [Client Component SSR]
    ./frontend/src/components/offices/admin/offices-admin-page.tsx [Client Component SSR]
    ./frontend/src/components/offices/admin/offices-admin-page.tsx [Server Component]
    ./frontend/src/app/dashboard/admin/offices/page.tsx [Server Component]

https://nextjs.org/docs/messages/module-not-found


./frontend/src/components/offices/admin/edit-office-dialog.tsx:8:1
Module not found: Can't resolve '@/features/ui/components/textarea'
  [90m 6 |[0m [36mimport[0m { [33mInput[0m } [36mfrom[0m [32m'@/features/ui/components/input'[0m;
  [90m 7 |[0m [36mimport[0m { [33mLabel[0m } [36mfrom[0m [32m'@/features/ui/components/label'[0m;
[31m[1m>[0m [90m 8 |[0m [36mimport[0m { [33mTextarea[0m } [36mfrom[0m 
[32m'@/features/ui/components/textarea'[0m;
  [90m   |[0m [31m[1m^^^^^^^^^^^^^^^^^^^^^^^^^^^^^^^^^^^^^^^^^^^^^^^^^^^^^^^^^^^^^[0m
  [90m 9 |[0m [36mimport[0m {
  [90m10 |[0m   [33mDialog[0m,
  [90m11 |[0m   [33mDialogContent[0m,

Import map: aliased to relative './src/features/ui/components/textarea' inside of [project]/frontend


Import traces:
  Client Component Browser:
    ./frontend/src/components/offices/admin/edit-office-dialog.tsx [Client Component Browser]
    ./frontend/src/components/offices/admin/offices-admin-page.tsx [Client Component Browser]
    ./frontend/src/components/offices/admin/offices-admin-page.tsx [Server Component]
    ./frontend/src/app/dashboard/admin/offices/page.tsx [Server Component]

  Client Component SSR:
    ./frontend/src/components/offices/admin/edit-office-dialog.tsx [Client Component SSR]
    ./frontend/src/components/offices/admin/offices-admin-page.tsx [Client Component SSR]
    ./frontend/src/components/offices/admin/offices-admin-page.tsx [Server Component]
    ./frontend/src/app/dashboard/admin/offices/page.tsx [Server Component]

https://nextjs.org/docs/messages/module-not-found


./frontend/src/components/offices/office-chat-view.tsx:7:1
Module not found: Can't resolve '@/features/ui/components/textarea'
  [90m 5 |[0m [36mimport[0m { toast } [36mfrom[0m [32m'sonner'[0m;
  [90m 6 |[0m [36mimport[0m { [33mButton[0m } [36mfrom[0m [32m'@/features/ui/components/button'[0m;
[31m[1m>[0m [90m 7 |[0m [36mimport[0m { [33mTextarea[0m } [36mfrom[0m 
[32m'@/features/ui/components/textarea'[0m;
  [90m   |[0m [31m[1m^^^^^^^^^^^^^^^^^^^^^^^^^^^^^^^^^^^^^^^^^^^^^^^^^^^^^^^^^^^^^[0m
  [90m 8 |[0m [36mimport[0m { useAuthStore } [36mfrom[0m [32m'@/lib/auth-store'[0m;
  [90m 9 |[0m [36mimport[0m { [33mTypingIndicator[0m } [36mfrom[0m 
[32m'@/components/discussions/channel/typing-indicator'[0m;
  [90m10 |[0m [90m// TODO: useOfficeThreadRoom not found in discussions/services - uncomment when implemented[0m

Import map: aliased to relative './src/features/ui/components/textarea' inside of [project]/frontend


Import traces:
  Client Component Browser:
    ./frontend/src/components/offices/office-chat-view.tsx [Client Component Browser]
    ./frontend/src/components/offices/office-thread-view.tsx [Client Component Browser]
    ./frontend/src/components/inbox/messages-office-pane.tsx [Client Component Browser]
    ./frontend/src/app/dashboard/messages/page.tsx [Client Component Browser]
    ./frontend/src/app/dashboard/messages/page.tsx [Server Component]

  Client Component SSR:
    ./frontend/src/components/offices/office-chat-view.tsx [Client Component SSR]
    ./frontend/src/components/offices/office-thread-view.tsx [Client Component SSR]
    ./frontend/src/components/inbox/messages-office-pane.tsx [Client Component SSR]
    ./frontend/src/app/dashboard/messages/page.tsx [Client Component SSR]
    ./frontend/src/app/dashboard/messages/page.tsx [Server Component]

https://nextjs.org/docs/messages/module-not-found


./frontend/src/components/offices/office-directory/start-office-dialog.tsx:6:1
Module not found: Can't resolve '@/features/ui/components/textarea'
  [90m4 |[0m [36mimport[0m { [33mButton[0m } [36mfrom[0m [32m'@/features/ui/components/button'[0m;
  [90m5 |[0m [36mimport[0m { [33mInput[0m } [36mfrom[0m [32m'@/features/ui/components/input'[0m;
[31m[1m>[0m [90m6 |[0m [36mimport[0m { [33mTextarea[0m } [36mfrom[0m 
[32m'@/features/ui/components/textarea'[0m;
  [90m  |[0m [31m[1m^^^^^^^^^^^^^^^^^^^^^^^^^^^^^^^^^^^^^^^^^^^^^^^^^^^^^^^^^^^^^[0m
  [90m7 |[0m [36mimport[0m { [33mLabel[0m } [36mfrom[0m [32m'@/features/ui/components/label'[0m;
  [90m8 |[0m [36mimport[0m {
  [90m9 |[0m   [33mDialog[0m,

Import map: aliased to relative './src/features/ui/components/textarea' inside of [project]/frontend


Import traces:
  Client Component Browser:
    ./frontend/src/components/offices/office-directory/start-office-dialog.tsx [Client Component Browser]
    ./frontend/src/components/offices/office-directory/office-directory.tsx [Client Component Browser]
    ./frontend/src/app/dashboard/offices/page.tsx [Client Component Browser]
    ./frontend/src/app/dashboard/offices/page.tsx [Server Component]

  Client Component SSR:
    ./frontend/src/components/offices/office-directory/start-office-dialog.tsx [Client Component SSR]
    ./frontend/src/components/offices/office-directory/office-directory.tsx [Client Component SSR]
    ./frontend/src/app/dashboard/offices/page.tsx [Client Component SSR]
    ./frontend/src/app/dashboard/offices/page.tsx [Server Component]

https://nextjs.org/docs/messages/module-not-found


./frontend/src/components/offices/office-thread-composer.tsx:6:1
Module not found: Can't resolve '@/features/ui/components/textarea'
  [90m4 |[0m [36mimport[0m { cn } [36mfrom[0m [32m'@/lib/utils'[0m;
  [90m5 |[0m [36mimport[0m { [33mButton[0m } [36mfrom[0m [32m'@/features/ui/components/button'[0m;
[31m[1m>[0m [90m6 |[0m [36mimport[0m { [33mTextarea[0m } [36mfrom[0m 
[32m'@/features/ui/components/textarea'[0m;
  [90m  |[0m [31m[1m^^^^^^^^^^^^^^^^^^^^^^^^^^^^^^^^^^^^^^^^^^^^^^^^^^^^^^^^^^^^^[0m
  [90m7 |[0m [36mimport[0m { [33mCheckbox[0m } [36mfrom[0m [32m'@/features/ui/components/checkbox'[0m;
  [90m8 |[0m [36mimport[0m [36mtype[0m { [33mOfficeThreadDetail[0m } [36mfrom[0m 
[32m'@/lib/offices/types'[0m;
  [90m9 |[0m

Import map: aliased to relative './src/features/ui/components/textarea' inside of [project]/frontend


Import traces:
  Client Component Browser:
    ./frontend/src/components/offices/office-thread-composer.tsx [Client Component Browser]
    ./frontend/src/components/offices/office-thread-view.tsx [Client Component Browser]
    ./frontend/src/components/inbox/messages-office-pane.tsx [Client Component Browser]
    ./frontend/src/app/dashboard/messages/page.tsx [Client Component Browser]
    ./frontend/src/app/dashboard/messages/page.tsx [Server Component]

  Client Component SSR:
    ./frontend/src/components/offices/office-thread-composer.tsx [Client Component SSR]
    ./frontend/src/components/offices/office-thread-view.tsx [Client Component SSR]
    ./frontend/src/components/inbox/messages-office-pane.tsx [Client Component SSR]
    ./frontend/src/app/dashboard/messages/page.tsx [Client Component SSR]
    ./frontend/src/app/dashboard/messages/page.tsx [Server Component]

https://nextjs.org/docs/messages/module-not-found


./frontend/src/components/announcements/announcement-expiry-row.tsx:3:1
Module not found: Can't resolve '@/features/ui/components/tooltip'
  [90m1 |[0m ...ifferenceInCalendarDays, formatDistanceStrict } [36mfrom[0m [32m'date-fns'[0m;
  [90m2 |[0m ...[33mcons[0m } [36mfrom[0m [32m'@/components/icons'[0m;
[31m[1m>[0m [90m3 |[0m ...[33mooltip[0m, [33mTooltipContent[0m, [33mTooltipProvider[0m, 
[33mTooltipTrigger[0m } [36mfrom[0m [32m'@/features/ui/components...[0m
  [90m  |[0m    
[31m[1m^^^^^^^^^^^^^^^^^^^^^^^^^^^^^^^^^^^^^^^^^^^^^^^^^^^^^^^^^^^^^^^^^^^^^^^^^^^^^^^^^^^^^^^^^^^[0m
  [90m4 |[0m ...seAuthStore } [36mfrom[0m [32m'@/lib/auth-store'[0m;
  [90m5 |[0m ...[33mnnouncement[0m } [36mfrom[0m [32m'@/lib/announcements/types'[0m;
  [90m6 |[0m ...

Import map: aliased to relative './src/features/ui/components/tooltip' inside of [project]/frontend


Import traces:
  Client Component Browser:
    ./frontend/src/components/announcements/announcement-expiry-row.tsx [Client Component Browser]
    ./frontend/src/components/announcements/announcement-card-base.tsx [Client Component Browser]
    ./frontend/src/components/announcements/announcement-card.tsx [Client Component Browser]
    ./frontend/src/components/announcements/announcement-feed/feed-card-list.tsx [Client Component Browser]
    ./frontend/src/components/announcements/announcement-feed/feed-body.tsx [Client Component Browser]
    ./frontend/src/components/announcements/announcement-feed/announcement-feed.tsx [Client Component Browser]
    ./frontend/src/components/announcements/announcements-view.tsx [Client Component Browser]
    ./frontend/src/components/announcements/announcements-view.tsx [Server Component]
    ./frontend/src/app/dashboard/announcements/page.tsx [Server Component]

  Client Component SSR:
    ./frontend/src/components/announcements/announcement-expiry-row.tsx [Client Component SSR]
    ./frontend/src/components/announcements/announcement-card-base.tsx [Client Component SSR]
    ./frontend/src/components/announcements/announcement-card.tsx [Client Component SSR]
    ./frontend/src/components/announcements/announcement-feed/feed-card-list.tsx [Client Component SSR]
    ./frontend/src/components/announcements/announcement-feed/feed-body.tsx [Client Component SSR]
    ./frontend/src/components/announcements/announcement-feed/announcement-feed.tsx [Client Component SSR]
    ./frontend/src/components/announcements/announcements-view.tsx [Client Component SSR]
    ./frontend/src/components/announcements/announcements-view.tsx [Server Component]
    ./frontend/src/app/dashboard/announcements/page.tsx [Server Component]

https://nextjs.org/docs/messages/module-not-found


./frontend/src/components/discussions/composer/message-composer/composer-media-actions.tsx:6:1
Module not found: Can't resolve '@/features/ui/components/tooltip'
  [90m4 |[0m [36mimport[0m { [33mButton[0m } [36mfrom[0m [32m'@/features/ui/components/button'[0m
  [90m5 |[0m [36mimport[0m { [33mPopover[0m, [33mPopoverContent[0m, [33mPopoverTrigger[0m } [36mfrom[0m 
[32m'@/features/ui/components/popover'[0m
[31m[1m>[0m [90m6 |[0m [36mimport[0m { [33mTooltip[0m, [33mTooltipContent[0m, [33mTooltipTrigger[0m } 
[36mfrom[0m [32m'@/features/ui/components/tooltip'[0m
  [90m  |[0m [31m[1m^^^^^^^^^^^^^^^^^^^^^^^^^^^^^^^^^^^^^^^^^^^^^^^^^^^^^^^^^^^^^^^^^^^^^^^^^^^^^^^^^^^^^^^^^^[0m
  [90m7 |[0m [36mimport[0m { [33mIcons[0m } [36mfrom[0m [32m'@/components/icons'[0m
  [90m8 |[0m [36mimport[0m { [33mCOMPOSER_EMOJIS[0m } [36mfrom[0m [32m'./types'[0m
  [90m9 |[0m

Import map: aliased to relative './src/features/ui/components/tooltip' inside of [project]/frontend


Import traces:
  Client Component Browser:
    ./frontend/src/components/discussions/composer/message-composer/composer-media-actions.tsx [Client Component 
Browser]
    ./frontend/src/components/discussions/composer/message-composer/composer-toolbar.tsx [Client Component Browser]
    ./frontend/src/components/discussions/composer/message-composer/message-composer.tsx [Client Component Browser]
    ./frontend/src/components/discussions/channel/channel-pane/channel-pane.tsx [Client Component Browser]
    ./frontend/src/app/dashboard/messages/page.tsx [Client Component Browser]
    ./frontend/src/app/dashboard/messages/page.tsx [Server Component]

  Client Component SSR:
    ./frontend/src/components/discussions/composer/message-composer/composer-media-actions.tsx [Client Component SSR]
    ./frontend/src/components/discussions/composer/message-composer/composer-toolbar.tsx [Client Component SSR]
    ./frontend/src/components/discussions/composer/message-composer/message-composer.tsx [Client Component SSR]
    ./frontend/src/components/discussions/channel/channel-pane/channel-pane.tsx [Client Component SSR]
    ./frontend/src/app/dashboard/messages/page.tsx [Client Component SSR]
    ./frontend/src/app/dashboard/messages/page.tsx [Server Component]

https://nextjs.org/docs/messages/module-not-found


./frontend/src/components/discussions/composer/message-composer/composer-qa-actions.tsx:4:1
Module not found: Can't resolve '@/features/ui/components/tooltip'
  [90m2 |[0m
  [90m3 |[0m [36mimport[0m { [33mButton[0m } [36mfrom[0m [32m'@/features/ui/components/button'[0m;
[31m[1m>[0m [90m4 |[0m [36mimport[0m { [33mTooltip[0m, [33mTooltipContent[0m, [33mTooltipTrigger[0m } 
[36mfrom[0m [32m'@/features/ui/components/tooltip'[0m;
  [90m  |[0m [31m[1m^^^^^^^^^^^^^^^^^^^^^^^^^^^^^^^^^^^^^^^^^^^^^^^^^^^^^^^^^^^^^^^^^^^^^^^^^^^^^^^^^^^^^^^^^^^[0m
  [90m5 |[0m [36mimport[0m { [33mIcons[0m } [36mfrom[0m [32m'@/components/icons'[0m;
  [90m6 |[0m [36mimport[0m { cn } [36mfrom[0m [32m'@/lib/utils'[0m;
  [90m7 |[0m [36mimport[0m { stripQaSlashCommand } [36mfrom[0m 
[32m'@/lib/discussions/services/discussion-qa'[0m;

Import map: aliased to relative './src/features/ui/components/tooltip' inside of [project]/frontend


Import traces:
  Client Component Browser:
    ./frontend/src/components/discussions/composer/message-composer/composer-qa-actions.tsx [Client Component Browser]
    ./frontend/src/components/discussions/composer/message-composer/composer-toolbar.tsx [Client Component Browser]
    ./frontend/src/components/discussions/composer/message-composer/message-composer.tsx [Client Component Browser]
    ./frontend/src/components/discussions/channel/channel-pane/channel-pane.tsx [Client Component Browser]
    ./frontend/src/app/dashboard/messages/page.tsx [Client Component Browser]
    ./frontend/src/app/dashboard/messages/page.tsx [Server Component]

  Client Component SSR:
    ./frontend/src/components/discussions/composer/message-composer/composer-qa-actions.tsx [Client Component SSR]
    ./frontend/src/components/discussions/composer/message-composer/composer-toolbar.tsx [Client Component SSR]
    ./frontend/src/components/discussions/composer/message-composer/message-composer.tsx [Client Component SSR]
    ./frontend/src/components/discussions/channel/channel-pane/channel-pane.tsx [Client Component SSR]
    ./frontend/src/app/dashboard/messages/page.tsx [Client Component SSR]
    ./frontend/src/app/dashboard/messages/page.tsx [Server Component]

https://nextjs.org/docs/messages/module-not-found


./frontend/src/components/discussions/dms/dm-composer.tsx:8:1
Module not found: Can't resolve '@/features/ui/components/tooltip'
  [90m 6 |[0m [36mimport[0m { [33mTextarea[0m } [36mfrom[0m [32m'@/features/ui/components/textarea'[0m
  [90m 7 |[0m [36mimport[0m { [33mPopover[0m, [33mPopoverContent[0m, [33mPopoverTrigger[0m } [36mfrom[0m 
[32m'@/features/ui/components/popover'[0m
[31m[1m>[0m [90m 8 |[0m [36mimport[0m { [33mTooltip[0m, [33mTooltipContent[0m, [33mTooltipTrigger[0m } 
[36mfrom[0m [32m'@/features/ui/components/tooltip'[0m
  [90m   |[0m [31m[1m^^^^^^^^^^^^^^^^^^^^^^^^^^^^^^^^^^^^^^^^^^^^^^^^^^^^^^^^^^^^^^^^^^^^^^^^^^^^^^^^^^^^^^^^^^[0m
  [90m 9 |[0m [36mimport[0m { [33mIcons[0m } [36mfrom[0m [32m'@/components/icons'[0m
  [90m10 |[0m [36mimport[0m { cn } [36mfrom[0m [32m'@/lib/utils'[0m
  [90m11 |[0m [36mimport[0m { useSendGroupDmMessage } [36mfrom[0m [32m'@/lib/discussions/queries/queries'[0m

Import map: aliased to relative './src/features/ui/components/tooltip' inside of [project]/frontend


Import traces:
  Client Component Browser:
    ./frontend/src/components/discussions/dms/dm-composer.tsx [Client Component Browser]
    ./frontend/src/components/discussions/dms/dm-pane/dm-pane.tsx [Client Component Browser]
    ./frontend/src/app/dashboard/messages/page.tsx [Client Component Browser]
    ./frontend/src/app/dashboard/messages/page.tsx [Server Component]

  Client Component SSR:
    ./frontend/src/components/discussions/dms/dm-composer.tsx [Client Component SSR]
    ./frontend/src/components/discussions/dms/dm-pane/dm-pane.tsx [Client Component SSR]
    ./frontend/src/app/dashboard/messages/page.tsx [Client Component SSR]
    ./frontend/src/app/dashboard/messages/page.tsx [Server Component]

https://nextjs.org/docs/messages/module-not-found


./frontend/src/app/dashboard/courses/[id]/page.tsx:9:1
Export useCourseDetailPage doesn't exist in target module
  [90m 7 |[0m ...[33murseNotFoundState[0m } [36mfrom[0m 
[32m'@/components/course-details/course-detail-page/course-not-fou...[0m
  [90m 8 |[0m ...[33murseTabPanelContent[0m } [36mfrom[0m 
[32m'@/components/course-details/course-detail-page/course-tab-p...[0m
[31m[1m>[0m [90m 9 |[0m ...eCourseDetailPage } [36mfrom[0m 
[32m'@/components/course-details/course-detail-page/use-course-det...[0m
  [90m   |[0m    
[31m[1m^^^^^^^^^^^^^^^^^^^^^^^^^^^^^^^^^^^^^^^^^^^^^^^^^^^^^^^^^^^^^^^^^^^^^^^^^^^^^^^^^^^^^^^^^^[0m
  [90m10 |[0m ...
  [90m11 |[0m ...[36mult[0m [36mfunction[0m [33mCourseDetailPage[0m() {
  [90m12 |[0m ...ams = useParams();

The export useCourseDetailPage was not found in module 
[project]/frontend/src/components/course-details/course-detail-page/use-course-detail-page.tsx [app-client] 
(ecmascript).
The module has no exports at all.
All exports of the module are statically known (It doesn't have dynamic exports). So it's known statically that the 
requested export doesn't exist.

Import traces:
  Client Component Browser:
    ./frontend/src/app/dashboard/courses/[id]/page.tsx [Client Component Browser]
    ./frontend/src/app/dashboard/courses/[id]/page.tsx [Server Component]

  Client Component SSR:
    ./frontend/src/app/dashboard/courses/[id]/page.tsx [Client Component SSR]
    ./frontend/src/app/dashboard/courses/[id]/page.tsx [Server Component]


./frontend/src/app/dashboard/courses/[id]/page.tsx:9:1
Export useCourseDetailPage doesn't exist in target module
  [90m 7 |[0m ...[33murseNotFoundState[0m } [36mfrom[0m 
[32m'@/components/course-details/course-detail-page/course-not-fou...[0m
  [90m 8 |[0m ...[33murseTabPanelContent[0m } [36mfrom[0m 
[32m'@/components/course-details/course-detail-page/course-tab-p...[0m
[31m[1m>[0m [90m 9 |[0m ...eCourseDetailPage } [36mfrom[0m 
[32m'@/components/course-details/course-detail-page/use-course-det...[0m
  [90m   |[0m    
[31m[1m^^^^^^^^^^^^^^^^^^^^^^^^^^^^^^^^^^^^^^^^^^^^^^^^^^^^^^^^^^^^^^^^^^^^^^^^^^^^^^^^^^^^^^^^^^[0m
  [90m10 |[0m ...
  [90m11 |[0m ...[36mult[0m [36mfunction[0m [33mCourseDetailPage[0m() {
  [90m12 |[0m ...ams = useParams();

The export useCourseDetailPage was not found in module 
[project]/frontend/src/components/course-details/course-detail-page/use-course-detail-page.tsx [app-ssr] (ecmascript).
The module has no exports at all.
All exports of the module are statically known (It doesn't have dynamic exports). So it's known statically that the 
requested export doesn't exist.

Import traces:
  Client Component Browser:
    ./frontend/src/app/dashboard/courses/[id]/page.tsx [Client Component Browser]
    ./frontend/src/app/dashboard/courses/[id]/page.tsx [Server Component]

  Client Component SSR:
    ./frontend/src/app/dashboard/courses/[id]/page.tsx [Client Component SSR]
    ./frontend/src/app/dashboard/courses/[id]/page.tsx [Server Component]


    at <unknown> (./frontend/src/components/course-details/course-detail-page/course-tab-panel-content.tsx:7:1)
    at <unknown> (https://nextjs.org/docs/messages/module-not-found)
    at <unknown> (./frontend/src/lib/users/services/use-user-form-reference-data.ts:1:1)
    at <unknown> (https://nextjs.org/docs/messages/module-not-found)
    at <unknown> (./frontend/src/app/dashboard/calendar/page.tsx:5:1)
    at <unknown> (https://nextjs.org/docs/messages/module-not-found)
    at <unknown> (./frontend/src/components/inbox/messages-discover-pane.tsx:16:112)
    at <unknown> (https://nextjs.org/docs/messages/module-not-found)
    at <unknown> (./frontend/src/app/dashboard/messages/page.tsx:13:62)
    at <unknown> (https://nextjs.org/docs/messages/module-not-found)
    at <unknown> (./frontend/src/lib/inbox/services/use-messages-active-chat.ts:22:53)
    at <unknown> (https://nextjs.org/docs/messages/module-not-found)
    at <unknown> (./frontend/src/lib/discussions/services/discussion-message-markdown.tsx:6:47)
    at <unknown> (https://nextjs.org/docs/messages/module-not-found)
    at <unknown> (./frontend/src/components/inbox/messages-discover-pane.tsx:14:89)
    at <unknown> (https://nextjs.org/docs/messages/module-not-found)
    at <unknown> (./frontend/src/components/inbox/messages-discover-pane.tsx:15:99)
    at <unknown> (https://nextjs.org/docs/messages/module-not-found)
    at <unknown> (./frontend/src/components/inbox/messages-discover-pane.tsx:13:44)
    at <unknown> (https://nextjs.org/docs/messages/module-not-found)
    at <unknown> (./frontend/src/app/dashboard/dean/clubs/page.tsx:3:1)
    at <unknown> (https://nextjs.org/docs/messages/module-not-found)
    at <unknown> (./frontend/src/app/dashboard/clubs/invite/[token]/page.tsx:8:1)
    at <unknown> (https://nextjs.org/docs/messages/module-not-found)
    at <unknown> (./frontend/src/app/dashboard/clubs/invite/[token]/page.tsx:6:1)
    at <unknown> (https://nextjs.org/docs/messages/module-not-found)
    at <unknown> (./frontend/src/app/dashboard/clubs/invite/[token]/page.tsx:7:1)
    at <unknown> (https://nextjs.org/docs/messages/module-not-found)
    at <unknown> (./frontend/src/app/dashboard/clubs/[slug]/manage/page.tsx:3:1)
    at <unknown> (https://nextjs.org/docs/messages/module-not-found)
    at <unknown> (./frontend/src/app/dashboard/messages/page.tsx:14:80)
    at <unknown> (https://nextjs.org/docs/messages/module-not-found)
    at <unknown> (./frontend/src/components/teacher-courses/course-detail-header.tsx:13:1)
    at <unknown> (https://nextjs.org/docs/messages/module-not-found)
    at <unknown> (./frontend/src/components/teacher-courses/course-detail-header.tsx:14:1)
    at <unknown> (https://nextjs.org/docs/messages/module-not-found)
    at <unknown> (./frontend/src/components/teacher-courses/course-overview.tsx:4:1)
    at <unknown> (https://nextjs.org/docs/messages/module-not-found)
    at <unknown> (./frontend/src/app/dashboard/courses/page.tsx:12:100)
    at <unknown> (https://nextjs.org/docs/messages/module-not-found)
    at <unknown> (./frontend/src/app/dashboard/dean/batches/page.tsx:6:1)
    at <unknown> (https://nextjs.org/docs/messages/module-not-found)
    at <unknown> (./frontend/src/app/dashboard/dean/courses/page.tsx:4:1)
    at <unknown> (https://nextjs.org/docs/messages/module-not-found)
    at <unknown> (./frontend/src/app/dashboard/dean/users/page.tsx:6:1)
    at <unknown> (https://nextjs.org/docs/messages/module-not-found)
    at <unknown> (./frontend/src/app/dashboard/faculty-dean/reports/page.tsx:5:73)
    at <unknown> (https://nextjs.org/docs/messages/module-not-found)
    at <unknown> (./frontend/src/app/dashboard/faculty-dean/reports/page.tsx:6:110)
    at <unknown> (https://nextjs.org/docs/messages/module-not-found)
    at <unknown> (./frontend/src/app/dashboard/page.tsx:4:1)
    at <unknown> (https://nextjs.org/docs/messages/module-not-found)
    at <unknown> (./frontend/src/app/dashboard/page.tsx:7:1)
    at <unknown> (https://nextjs.org/docs/messages/module-not-found)
    at <unknown> (./frontend/src/app/dashboard/page.tsx:5:1)
    at <unknown> (https://nextjs.org/docs/messages/module-not-found)
    at <unknown> (./frontend/src/app/dashboard/page.tsx:6:1)
    at <unknown> (https://nextjs.org/docs/messages/module-not-found)
    at <unknown> (./frontend/src/app/dashboard/courses/page.tsx:9:68)
    at <unknown> (https://nextjs.org/docs/messages/module-not-found)
    at <unknown> (./frontend/src/app/dashboard/courses/page.tsx:10:86)
    at <unknown> (https://nextjs.org/docs/messages/module-not-found)
    at <unknown> (./frontend/src/app/dashboard/courses/page.tsx:11:89)
    at <unknown> (https://nextjs.org/docs/messages/module-not-found)
    at <unknown> (./frontend/src/components/batches-admin/section-add-students-modal.tsx:16:1)
    at <unknown> (https://nextjs.org/docs/messages/module-not-found)
    at <unknown> (./frontend/src/app/dashboard/users/page.tsx:1:1)
    at <unknown> (https://nextjs.org/docs/messages/module-not-found)
    at <unknown> (./frontend/src/app/dashboard/admin/report/page.tsx:4:1)
    at <unknown> (https://nextjs.org/docs/messages/module-not-found)
    at <unknown> (./frontend/src/app/dashboard/calendar/page.tsx:3:1)
    at <unknown> (https://nextjs.org/docs/messages/module-not-found)
    at <unknown> (./frontend/src/app/dashboard/courses/page.tsx:3:27)
    at <unknown> (https://nextjs.org/docs/messages/module-not-found)
    at <unknown> (./frontend/src/app/dashboard/dean/batches/page.tsx:3:1)
    at <unknown> (https://nextjs.org/docs/messages/module-not-found)
    at <unknown> (./frontend/src/app/dashboard/dean/users/page.tsx:3:1)
    at <unknown> (https://nextjs.org/docs/messages/module-not-found)
    at <unknown> (./frontend/src/app/dashboard/faculty-dean/reports/page.tsx:3:41)
    at <unknown> (https://nextjs.org/docs/messages/module-not-found)
    at <unknown> (./frontend/src/app/dashboard/offices/page.tsx:6:1)
    at <unknown> (https://nextjs.org/docs/messages/module-not-found)
    at <unknown> (./frontend/src/components/academic-years-admin/admin-academic-years-page.tsx:4:1)
    at <unknown> (https://nextjs.org/docs/messages/module-not-found)
    at <unknown> (./frontend/src/components/batches-admin/admin-batches-page.tsx:3:1)
    at <unknown> (https://nextjs.org/docs/messages/module-not-found)
    at <unknown> (./frontend/src/components/departments/department-listing.tsx:4:1)
    at <unknown> (https://nextjs.org/docs/messages/module-not-found)
    at <unknown> (./frontend/src/components/faculties/faculty-listing.tsx:4:1)
    at <unknown> (https://nextjs.org/docs/messages/module-not-found)
    at <unknown> (./frontend/src/components/notifications/notifications-page.tsx:6:1)
    at <unknown> (https://nextjs.org/docs/messages/module-not-found)
    at <unknown> (./frontend/src/components/offices/admin/offices-admin-page.tsx:5:1)
    at <unknown> (https://nextjs.org/docs/messages/module-not-found)
    at <unknown> (./frontend/src/components/profile/profile-view-page.tsx:3:1)
    at <unknown> (https://nextjs.org/docs/messages/module-not-found)
    at <unknown> (./frontend/src/components/programs/programs-listing.tsx:4:1)
    at <unknown> (https://nextjs.org/docs/messages/module-not-found)
    at <unknown> (./frontend/src/components/roles/roles-admin-page.tsx:5:1)
    at <unknown> (https://nextjs.org/docs/messages/module-not-found)
    at <unknown> (./frontend/src/app/dashboard/layout.tsx:3:36)
    at <unknown> (https://nextjs.org/docs/messages/module-not-found)
    at <unknown> (./frontend/src/app/layout.tsx:1:1)
    at <unknown> (https://nextjs.org/docs/messages/module-not-found)
    at <unknown> (./frontend/src/components/academic-years-admin/academic-year-row-actions.tsx:5:1)
    at <unknown> (https://nextjs.org/docs/messages/module-not-found)
    at <unknown> (./frontend/src/components/academic-years-admin/academic-year-semesters-dialog.tsx:11:1)
    at <unknown> (https://nextjs.org/docs/messages/module-not-found)
    at <unknown> (./frontend/src/components/academic-years-admin/academic-year-tools-menu.tsx:5:1)
    at <unknown> (https://nextjs.org/docs/messages/module-not-found)
    at <unknown> (./frontend/src/components/batches-admin/batch-row-actions.tsx:5:1)
    at <unknown> (https://nextjs.org/docs/messages/module-not-found)
    at <unknown> (./frontend/src/components/batches-admin/batch-sections-dialog.tsx:5:1)
    at <unknown> (https://nextjs.org/docs/messages/module-not-found)
    at <unknown> (./frontend/src/components/batches-admin/section-row-actions.tsx:5:1)
    at <unknown> (https://nextjs.org/docs/messages/module-not-found)
    at <unknown> (./frontend/src/components/departments/department-row-actions.tsx:5:1)
    at <unknown> (https://nextjs.org/docs/messages/module-not-found)
    at <unknown> (./frontend/src/components/faculties/faculty-row-actions.tsx:5:1)
    at <unknown> (https://nextjs.org/docs/messages/module-not-found)
    at <unknown> (./frontend/src/components/programs/program-row-actions.tsx:5:1)
    at <unknown> (https://nextjs.org/docs/messages/module-not-found)
    at <unknown> (./frontend/src/lib/academic-years-admin/services/years-table-utils.ts:1:1)
    at <unknown> (https://nextjs.org/docs/messages/module-not-found)
    at <unknown> (./frontend/src/lib/departments/services/departments-table-utils.ts:1:1)
    at <unknown> (https://nextjs.org/docs/messages/module-not-found)
    at <unknown> (./frontend/src/lib/faculties/services/faculties-table-utils.ts:1:1)
    at <unknown> (https://nextjs.org/docs/messages/module-not-found)
    at <unknown> (./frontend/src/lib/offices/services/offices-table-utils.ts:1:1)
    at <unknown> (https://nextjs.org/docs/messages/module-not-found)
    at <unknown> (./frontend/src/lib/programs/services/programs-table-utils.ts:1:1)
    at <unknown> (https://nextjs.org/docs/messages/module-not-found)
    at <unknown> (./frontend/src/lib/roles/services/roles-table-utils.ts:1:1)
    at <unknown> (https://nextjs.org/docs/messages/module-not-found)
    at <unknown> (./frontend/src/lib/users/services/users-table-utils.ts:2:1)
    at <unknown> (https://nextjs.org/docs/messages/module-not-found)
    at <unknown> (./frontend/src/lib/academic-years-admin/services/years-table-utils.ts:2:1)
    at <unknown> (https://nextjs.org/docs/messages/module-not-found)
    at <unknown> (./frontend/src/lib/batches-admin/services/batches-table-utils.ts:1:1)
    at <unknown> (https://nextjs.org/docs/messages/module-not-found)
    at <unknown> (./frontend/src/lib/batches-admin/services/sections-table-utils.ts:1:1)
    at <unknown> (https://nextjs.org/docs/messages/module-not-found)
    at <unknown> (./frontend/src/lib/departments/services/departments-table-utils.ts:2:1)
    at <unknown> (https://nextjs.org/docs/messages/module-not-found)
    at <unknown> (./frontend/src/lib/faculties/services/faculties-table-utils.ts:2:1)
    at <unknown> (https://nextjs.org/docs/messages/module-not-found)
    at <unknown> (./frontend/src/lib/offices/services/offices-table-utils.ts:2:1)
    at <unknown> (https://nextjs.org/docs/messages/module-not-found)
    at <unknown> (./frontend/src/lib/programs/services/programs-table-utils.ts:2:1)
    at <unknown> (https://nextjs.org/docs/messages/module-not-found)
    at <unknown> (./frontend/src/lib/roles/services/roles-table-utils.ts:2:1)
    at <unknown> (https://nextjs.org/docs/messages/module-not-found)
    at <unknown> (./frontend/src/lib/users/services/users-table-utils.ts:3:1)
    at <unknown> (https://nextjs.org/docs/messages/module-not-found)
    at <unknown> (./frontend/src/components/academic-years-admin/academic-year-form-sheet.tsx:4:1)
    at <unknown> (https://nextjs.org/docs/messages/module-not-found)
    at <unknown> (./frontend/src/components/academic-years-admin/semester-form-sheet.tsx:4:1)
    at <unknown> (https://nextjs.org/docs/messages/module-not-found)
    at <unknown> (./frontend/src/components/batches-admin/batch-form-sheet.tsx:4:1)
    at <unknown> (https://nextjs.org/docs/messages/module-not-found)
    at <unknown> (./frontend/src/components/batches-admin/section-form-sheet.tsx:4:1)
    at <unknown> (https://nextjs.org/docs/messages/module-not-found)
    at <unknown> (./frontend/src/components/departments/DepartmentFormSheet.tsx:4:1)
    at <unknown> (https://nextjs.org/docs/messages/module-not-found)
    at <unknown> (./frontend/src/components/faculties/FacultyFormSheet.tsx:4:1)
    at <unknown> (https://nextjs.org/docs/messages/module-not-found)
    at <unknown> (./frontend/src/components/programs/program-form-sheet.tsx:4:1)
    at <unknown> (https://nextjs.org/docs/messages/module-not-found)
    at <unknown> (./frontend/src/app/dashboard/admin/report/page.tsx:5:1)
    at <unknown> (https://nextjs.org/docs/messages/module-not-found)
    at <unknown> (./frontend/src/app/dashboard/calendar/page.tsx:4:1)
    at <unknown> (https://nextjs.org/docs/messages/module-not-found)
    at <unknown> (./frontend/src/app/dashboard/courses/page.tsx:4:70)
    at <unknown> (https://nextjs.org/docs/messages/module-not-found)
    at <unknown> (./frontend/src/app/dashboard/dean/batches/page.tsx:4:1)
    at <unknown> (https://nextjs.org/docs/messages/module-not-found)
    at <unknown> (./frontend/src/app/dashboard/dean/users/page.tsx:4:1)
    at <unknown> (https://nextjs.org/docs/messages/module-not-found)
    at <unknown> (./frontend/src/app/dashboard/faculty-dean/reports/page.tsx:4:71)
    at <unknown> (https://nextjs.org/docs/messages/module-not-found)
    at <unknown> (./frontend/src/app/dashboard/messages/page.tsx:5:61)
    at <unknown> (https://nextjs.org/docs/messages/module-not-found)
    at <unknown> (./frontend/src/components/academic-years-admin/admin-academic-years-page.tsx:5:1)
    at <unknown> (https://nextjs.org/docs/messages/module-not-found)
    at <unknown> (./frontend/src/components/batches-admin/batches-sections-tabs.tsx:5:1)
    at <unknown> (https://nextjs.org/docs/messages/module-not-found)
    at <unknown> (./frontend/src/components/departments/department-listing.tsx:5:1)
    at <unknown> (https://nextjs.org/docs/messages/module-not-found)
    at <unknown> (./frontend/src/components/faculties/faculty-listing.tsx:5:1)
    at <unknown> (https://nextjs.org/docs/messages/module-not-found)
    at <unknown> (./frontend/src/components/offices/admin/offices-admin-page.tsx:6:1)
    at <unknown> (https://nextjs.org/docs/messages/module-not-found)
    at <unknown> (./frontend/src/components/profile/profile-view-page.tsx:4:1)
    at <unknown> (https://nextjs.org/docs/messages/module-not-found)
    at <unknown> (./frontend/src/components/programs/programs-listing.tsx:5:1)
    at <unknown> (https://nextjs.org/docs/messages/module-not-found)
    at <unknown> (./frontend/src/components/roles/roles-admin-page.tsx:6:1)
    at <unknown> (https://nextjs.org/docs/messages/module-not-found)
    at <unknown> (./frontend/src/components/academic-years-admin/academic-year-table-row.tsx:4:1)
    at <unknown> (https://nextjs.org/docs/messages/module-not-found)
    at <unknown> (./frontend/src/components/academic-years-admin/academic-years-table.tsx:6:1)
    at <unknown> (https://nextjs.org/docs/messages/module-not-found)
    at <unknown> (./frontend/src/components/academic-years-admin/semesters-master-table.tsx:6:1)
    at <unknown> (https://nextjs.org/docs/messages/module-not-found)
    at <unknown> (./frontend/src/components/batches-admin/batch-table-row.tsx:4:1)
    at <unknown> (https://nextjs.org/docs/messages/module-not-found)
    at <unknown> (./frontend/src/components/batches-admin/batches-admin-table.tsx:6:1)
    at <unknown> (https://nextjs.org/docs/messages/module-not-found)
    at <unknown> (./frontend/src/components/batches-admin/sections-admin-table.tsx:6:1)
    at <unknown> (https://nextjs.org/docs/messages/module-not-found)
    at <unknown> (./frontend/src/components/departments/department-table-row.tsx:3:1)
    at <unknown> (https://nextjs.org/docs/messages/module-not-found)
    at <unknown> (./frontend/src/components/departments/department-table.tsx:6:1)
    at <unknown> (https://nextjs.org/docs/messages/module-not-found)
    at <unknown> (./frontend/src/components/faculties/faculty-table-row.tsx:3:1)
    at <unknown> (https://nextjs.org/docs/messages/module-not-found)
    at <unknown> (./frontend/src/components/faculties/faculty-table.tsx:6:1)
    at <unknown> (https://nextjs.org/docs/messages/module-not-found)
    at <unknown> (./frontend/src/components/offices/admin/office-table-row.tsx:4:1)
    at <unknown> (https://nextjs.org/docs/messages/module-not-found)
    at <unknown> (./frontend/src/components/offices/admin/offices-admin-table.tsx:6:1)
    at <unknown> (https://nextjs.org/docs/messages/module-not-found)
    at <unknown> (./frontend/src/components/programs/program-table-row.tsx:3:1)
    at <unknown> (https://nextjs.org/docs/messages/module-not-found)
    at <unknown> (./frontend/src/components/programs/programs-table.tsx:6:1)
    at <unknown> (https://nextjs.org/docs/messages/module-not-found)
    at <unknown> (./frontend/src/components/roles/role-table-row.tsx:3:1)
    at <unknown> (https://nextjs.org/docs/messages/module-not-found)
    at <unknown> (./frontend/src/components/roles/roles-admin-table.tsx:6:1)
    at <unknown> (https://nextjs.org/docs/messages/module-not-found)
    at <unknown> (./frontend/src/components/academic-years-admin/academic-years-table.tsx:4:1)
    at <unknown> (https://nextjs.org/docs/messages/module-not-found)
    at <unknown> (./frontend/src/components/academic-years-admin/semesters-master-table.tsx:4:1)
    at <unknown> (https://nextjs.org/docs/messages/module-not-found)
    at <unknown> (./frontend/src/components/batches-admin/batches-admin-table.tsx:4:1)
    at <unknown> (https://nextjs.org/docs/messages/module-not-found)
    at <unknown> (./frontend/src/components/batches-admin/sections-admin-table.tsx:4:1)
    at <unknown> (https://nextjs.org/docs/messages/module-not-found)
    at <unknown> (./frontend/src/components/departments/department-table.tsx:4:1)
    at <unknown> (https://nextjs.org/docs/messages/module-not-found)
    at <unknown> (./frontend/src/components/faculties/faculty-table.tsx:4:1)
    at <unknown> (https://nextjs.org/docs/messages/module-not-found)
    at <unknown> (./frontend/src/components/offices/admin/offices-admin-table.tsx:4:1)
    at <unknown> (https://nextjs.org/docs/messages/module-not-found)
    at <unknown> (./frontend/src/components/programs/programs-table.tsx:4:1)
    at <unknown> (https://nextjs.org/docs/messages/module-not-found)
    at <unknown> (./frontend/src/components/roles/roles-admin-table.tsx:4:1)
    at <unknown> (https://nextjs.org/docs/messages/module-not-found)
    at <unknown> (./frontend/src/components/academic-years-admin/academic-years-table.tsx:5:1)
    at <unknown> (https://nextjs.org/docs/messages/module-not-found)
    at <unknown> (./frontend/src/components/academic-years-admin/semesters-master-table.tsx:5:1)
    at <unknown> (https://nextjs.org/docs/messages/module-not-found)
    at <unknown> (./frontend/src/components/batches-admin/batches-admin-table.tsx:5:1)
    at <unknown> (https://nextjs.org/docs/messages/module-not-found)
    at <unknown> (./frontend/src/components/batches-admin/sections-admin-table.tsx:5:1)
    at <unknown> (https://nextjs.org/docs/messages/module-not-found)
    at <unknown> (./frontend/src/components/departments/department-table.tsx:5:1)
    at <unknown> (https://nextjs.org/docs/messages/module-not-found)
    at <unknown> (./frontend/src/components/faculties/faculty-table.tsx:5:1)
    at <unknown> (https://nextjs.org/docs/messages/module-not-found)
    at <unknown> (./frontend/src/components/offices/admin/offices-admin-table.tsx:5:1)
    at <unknown> (https://nextjs.org/docs/messages/module-not-found)
    at <unknown> (./frontend/src/components/programs/programs-table.tsx:5:1)
    at <unknown> (https://nextjs.org/docs/messages/module-not-found)
    at <unknown> (./frontend/src/components/roles/roles-admin-table.tsx:5:1)
    at <unknown> (https://nextjs.org/docs/messages/module-not-found)
    at <unknown> (./frontend/src/components/kbar/use-theme-switching.tsx:3:1)
    at <unknown> (https://nextjs.org/docs/messages/module-not-found)
    at <unknown> (./frontend/src/app/layout.tsx:3:1)
    at <unknown> (https://nextjs.org/docs/messages/module-not-found)
    at <unknown> (./frontend/src/app/layout.tsx:5:1)
    at <unknown> (https://nextjs.org/docs/messages/module-not-found)
    at <unknown> (./frontend/src/app/layout.tsx:4:1)
    at <unknown> (https://nextjs.org/docs/messages/module-not-found)
    at <unknown> (./frontend/src/components/kbar/use-theme-switching.tsx:4:1)
    at <unknown> (https://nextjs.org/docs/messages/module-not-found)
    at <unknown> (./frontend/src/components/discussions/details/details-about-members.tsx:1:1)
    at <unknown> (https://nextjs.org/docs/messages/module-not-found)
    at <unknown> (./frontend/src/app/dashboard/audit-logs/page.tsx:4:1)
    at <unknown> (https://nextjs.org/docs/messages/module-not-found)
    at <unknown> (./frontend/src/components/offices/admin/offices-admin-page.tsx:7:1)
    at <unknown> (https://nextjs.org/docs/messages/module-not-found)
    at <unknown> (./frontend/src/components/roles/roles-admin-page.tsx:7:1)
    at <unknown> (https://nextjs.org/docs/messages/module-not-found)
    at <unknown> (./frontend/src/components/discussions/channel/manage/danger-zone-tab.tsx:5:1)
    at <unknown> (https://nextjs.org/docs/messages/module-not-found)
    at <unknown> (./frontend/src/components/discussions/channel/manage/members/kick-confirm-dialog.tsx:3:1)
    at <unknown> (https://nextjs.org/docs/messages/module-not-found)
    at <unknown> (./frontend/src/components/profile/profile-view/profile-sms-consent-dialog.tsx:3:1)
    at <unknown> (https://nextjs.org/docs/messages/module-not-found)
    at <unknown> (./frontend/src/components/admin/admin-reports/reports-activity.tsx:5:1)
    at <unknown> (https://nextjs.org/docs/messages/module-not-found)
    at <unknown> (./frontend/src/components/admin/audit-logs/audit-log-row.tsx:6:1)
    at <unknown> (https://nextjs.org/docs/messages/module-not-found)
    at <unknown> (./frontend/src/components/announcements/announcement-header.tsx:5:1)
    at <unknown> (https://nextjs.org/docs/messages/module-not-found)
    at <unknown> (./frontend/src/components/discussions/channel/channel-search-result-row.tsx:1:1)
    at <unknown> (https://nextjs.org/docs/messages/module-not-found)
    at <unknown> (./frontend/src/components/discussions/channel/manage/members/member-row.tsx:3:1)
    at <unknown> (https://nextjs.org/docs/messages/module-not-found)
    at <unknown> (./frontend/src/components/discussions/channel/manage/permissions/overwrite-card.tsx:3:1)
    at <unknown> (https://nextjs.org/docs/messages/module-not-found)
    at <unknown> (./frontend/src/components/discussions/channel/message-row/message-row.tsx:3:1)
    at <unknown> (https://nextjs.org/docs/messages/module-not-found)
    at <unknown> (./frontend/src/components/discussions/composer/mention-popover.tsx:4:1)
    at <unknown> (https://nextjs.org/docs/messages/module-not-found)
    at <unknown> (./frontend/src/components/discussions/details/member-row.tsx:1:1)
    at <unknown> (https://nextjs.org/docs/messages/module-not-found)
    at <unknown> (./frontend/src/components/discussions/dms/dm-create/dm-candidate-people-list.tsx:3:1)
    at <unknown> (https://nextjs.org/docs/messages/module-not-found)
    at <unknown> (./frontend/src/components/discussions/dms/dm-message-avatar.tsx:1:1)
    at <unknown> (https://nextjs.org/docs/messages/module-not-found)
    at <unknown> (./frontend/src/components/discussions/dms/dm-pane/dm-pane-states.tsx:4:1)
    at <unknown> (https://nextjs.org/docs/messages/module-not-found)
    at <unknown> (./frontend/src/components/discussions/dms/dm-pane/rename-dm-dialog.tsx:5:1)
    at <unknown> (https://nextjs.org/docs/messages/module-not-found)
    at <unknown> (./frontend/src/components/discussions/dms/dm-pane/view-members-dialog.tsx:3:1)
    at <unknown> (https://nextjs.org/docs/messages/module-not-found)
    at <unknown> (./frontend/src/components/profile/profile-view/profile-avatar-field.tsx:6:1)
    at <unknown> (https://nextjs.org/docs/messages/module-not-found)
    at <unknown> (./frontend/src/components/academic-years-admin/academic-year-table-row.tsx:3:1)
    at <unknown> (https://nextjs.org/docs/messages/module-not-found)
    at <unknown> (./frontend/src/components/admin/admin-reports/reports-activity.tsx:6:1)
    at <unknown> (https://nextjs.org/docs/messages/module-not-found)
    at <unknown> (./frontend/src/components/admin/audit-logs/audit-log-detail-sheet.tsx:4:1)
    at <unknown> (https://nextjs.org/docs/messages/module-not-found)
    at <unknown> (./frontend/src/components/admin/audit-logs/audit-log-row.tsx:7:1)
    at <unknown> (https://nextjs.org/docs/messages/module-not-found)
    at <unknown> (./frontend/src/components/announcements/acknowledgement-drawer.tsx:13:1)
    at <unknown> (https://nextjs.org/docs/messages/module-not-found)
    at <unknown> (./frontend/src/components/announcements/announcement-feed/feed-header.tsx:4:1)
    at <unknown> (https://nextjs.org/docs/messages/module-not-found)
    at <unknown> (./frontend/src/components/announcements/announcement-header.tsx:6:1)
    at <unknown> (https://nextjs.org/docs/messages/module-not-found)
    at <unknown> (./frontend/src/components/batches-admin/batch-table-row.tsx:3:1)
    at <unknown> (https://nextjs.org/docs/messages/module-not-found)
    at <unknown> (./frontend/src/components/discussions/channel/manage/permissions/overwrite-card.tsx:4:1)
    at <unknown> (https://nextjs.org/docs/messages/module-not-found)
    at <unknown> (./frontend/src/components/discussions/channel/manage/permissions/permissions-tab.tsx:3:1)
    at <unknown> (https://nextjs.org/docs/messages/module-not-found)
    at <unknown> (./frontend/src/components/offices/admin/office-table-row.tsx:3:1)
    at <unknown> (https://nextjs.org/docs/messages/module-not-found)
    at <unknown> (./frontend/src/app/dashboard/error.tsx:6:1)
    at <unknown> (https://nextjs.org/docs/messages/module-not-found)
    at <unknown> (./frontend/src/app/dashboard/me/interests/page.tsx:5:1)
    at <unknown> (https://nextjs.org/docs/messages/module-not-found)
    at <unknown> (./frontend/src/app/not-found.tsx:5:1)
    at <unknown> (https://nextjs.org/docs/messages/module-not-found)
    at <unknown> (./frontend/src/components/academic-years-admin/academic-year-row-actions.tsx:6:1)
    at <unknown> (https://nextjs.org/docs/messages/module-not-found)
    at <unknown> (./frontend/src/components/academic-years-admin/academic-year-semesters-dialog.tsx:4:1)
    at <unknown> (https://nextjs.org/docs/messages/module-not-found)
    at <unknown> (./frontend/src/components/academic-years-admin/academic-year-tools-menu.tsx:6:1)
    at <unknown> (https://nextjs.org/docs/messages/module-not-found)
    at <unknown> (./frontend/src/components/admin/admin-report-filters.tsx:4:1)
    at <unknown> (https://nextjs.org/docs/messages/module-not-found)
    at <unknown> (./frontend/src/components/admin/admin-reports/reports-header.tsx:11:1)
    at <unknown> (https://nextjs.org/docs/messages/module-not-found)
    at <unknown> (./frontend/src/components/admin/audit-logs/audit-log-row.tsx:8:1)
    at <unknown> (https://nextjs.org/docs/messages/module-not-found)
    at <unknown> (./frontend/src/components/admin/audit-logs/audit-logs-filters-bar.tsx:9:1)
    at <unknown> (https://nextjs.org/docs/messages/module-not-found)
    at <unknown> (./frontend/src/components/admin/audit-logs/audit-logs-pagination.tsx:4:1)
    at <unknown> (https://nextjs.org/docs/messages/module-not-found)
    at <unknown> (./frontend/src/components/admin/audit-logs/audit-logs-toolbar.tsx:16:1)
    at <unknown> (https://nextjs.org/docs/messages/module-not-found)
    at <unknown> (./frontend/src/components/announcements/acknowledgement-drawer.tsx:12:1)
    at <unknown> (https://nextjs.org/docs/messages/module-not-found)
    at <unknown> (./frontend/src/components/announcements/announcement-analytics-charts.tsx:15:1)
    at <unknown> (https://nextjs.org/docs/messages/module-not-found)
    at <unknown> (./frontend/src/components/announcements/announcement-analytics-sheet.tsx:11:1)
    at <unknown> (https://nextjs.org/docs/messages/module-not-found)
    at <unknown> (./frontend/src/components/announcements/announcement-card-base.tsx:4:1)
    at <unknown> (https://nextjs.org/docs/messages/module-not-found)
    at <unknown> (./frontend/src/components/announcements/announcement-error.tsx:2:1)
    at <unknown> (https://nextjs.org/docs/messages/module-not-found)
    at <unknown> (./frontend/src/components/announcements/announcement-feed/feed-header.tsx:5:1)
    at <unknown> (https://nextjs.org/docs/messages/module-not-found)
    at <unknown> (./frontend/src/components/announcements/create-dialog/dialog-step-footer.tsx:3:1)
    at <unknown> (https://nextjs.org/docs/messages/module-not-found)
    at <unknown> (./frontend/src/components/announcements/empty.tsx:2:1)
    at <unknown> (https://nextjs.org/docs/messages/module-not-found)
    at <unknown> (./frontend/src/components/announcements/image-lightbox.tsx:5:1)
    at <unknown> (https://nextjs.org/docs/messages/module-not-found)
    at <unknown> (./frontend/src/components/auth/sign-in-form.tsx:6:1)
    at <unknown> (https://nextjs.org/docs/messages/module-not-found)
    at <unknown> (./frontend/src/components/auth/sign-up-view.tsx:3:1)
    at <unknown> (https://nextjs.org/docs/messages/module-not-found)
    at <unknown> (./frontend/src/components/batches-admin/batch-row-actions.tsx:6:1)
    at <unknown> (https://nextjs.org/docs/messages/module-not-found)
    at <unknown> (./frontend/src/components/batches-admin/batch-search-select.tsx:5:1)
    at <unknown> (https://nextjs.org/docs/messages/module-not-found)
    at <unknown> (./frontend/src/components/batches-admin/batch-sections-dialog.tsx:6:1)
    at <unknown> (https://nextjs.org/docs/messages/module-not-found)
    at <unknown> (./frontend/src/components/batches-admin/section-add-students-modal.tsx:4:1)
    at <unknown> (https://nextjs.org/docs/messages/module-not-found)
    at <unknown> (./frontend/src/components/batches-admin/section-row-actions.tsx:6:1)
    at <unknown> (https://nextjs.org/docs/messages/module-not-found)
    at <unknown> (./frontend/src/components/departments/department-row-actions.tsx:6:1)
    at <unknown> (https://nextjs.org/docs/messages/module-not-found)
    at <unknown> (./frontend/src/components/discussions/channel/channel-pane/channel-pane-header.tsx:5:1)
    at <unknown> (https://nextjs.org/docs/messages/module-not-found)
    at <unknown> (./frontend/src/components/discussions/channel/channel-search-popover.tsx:3:1)
    at <unknown> (https://nextjs.org/docs/messages/module-not-found)
    at <unknown> (./frontend/src/components/discussions/channel/manage/danger-zone-tab.tsx:4:1)
    at <unknown> (https://nextjs.org/docs/messages/module-not-found)
    at <unknown> (./frontend/src/components/discussions/channel/manage/members/member-remove-button.tsx:3:1)
    at <unknown> (https://nextjs.org/docs/messages/module-not-found)
    at <unknown> (./frontend/src/components/discussions/channel/manage/members/members-pagination.tsx:3:1)
    at <unknown> (https://nextjs.org/docs/messages/module-not-found)
    at <unknown> (./frontend/src/components/discussions/channel/manage/overview/overview-tab.tsx:3:1)
    at <unknown> (https://nextjs.org/docs/messages/module-not-found)
    at <unknown> (./frontend/src/components/discussions/channel/manage/permissions/add-target-menu.tsx:4:1)
    at <unknown> (https://nextjs.org/docs/messages/module-not-found)
    at <unknown> (./frontend/src/components/discussions/channel/manage/permissions/overwrite-card.tsx:5:1)
    at <unknown> (https://nextjs.org/docs/messages/module-not-found)
    at <unknown> (./frontend/src/components/discussions/channel/message-row/message-actions-toolbar.tsx:4:1)
    at <unknown> (https://nextjs.org/docs/messages/module-not-found)
    at <unknown> (./frontend/src/components/discussions/channel/message-row/message-edit-form.tsx:3:1)
    at <unknown> (https://nextjs.org/docs/messages/module-not-found)
    at <unknown> (./frontend/src/components/discussions/channel/pinned-strip.tsx:4:1)
    at <unknown> (https://nextjs.org/docs/messages/module-not-found)
    at <unknown> (./frontend/src/components/discussions/composer/message-composer/composer-attachment-chips.tsx:3:1)
    at <unknown> (https://nextjs.org/docs/messages/module-not-found)
    at <unknown> (./frontend/src/components/discussions/composer/message-composer/composer-media-actions.tsx:4:1)
    at <unknown> (https://nextjs.org/docs/messages/module-not-found)
    at <unknown> (./frontend/src/components/discussions/composer/message-composer/composer-qa-actions.tsx:3:1)
    at <unknown> (https://nextjs.org/docs/messages/module-not-found)
    at <unknown> (./frontend/src/components/discussions/composer/message-composer/message-composer.tsx:3:1)
    at <unknown> (https://nextjs.org/docs/messages/module-not-found)
    at <unknown> (./frontend/src/components/discussions/details/details-panel.tsx:4:1)
    at <unknown> (https://nextjs.org/docs/messages/module-not-found)
    at <unknown> (./frontend/src/components/discussions/details/details-pinned-tab.tsx:4:1)
    at <unknown> (https://nextjs.org/docs/messages/module-not-found)
    at <unknown> (./frontend/src/components/discussions/details/member-row.tsx:2:1)
    at <unknown> (https://nextjs.org/docs/messages/module-not-found)
    at <unknown> (./frontend/src/components/discussions/dms/dm-add-members/add-members-dialog.tsx:4:1)
    at <unknown> (https://nextjs.org/docs/messages/module-not-found)
    at <unknown> (./frontend/src/components/discussions/dms/dm-composer.tsx:5:1)
    at <unknown> (https://nextjs.org/docs/messages/module-not-found)
    at <unknown> (./frontend/src/components/discussions/dms/dm-create/dm-candidate-picker.tsx:5:1)
    at <unknown> (https://nextjs.org/docs/messages/module-not-found)
    at <unknown> (./frontend/src/components/discussions/dms/dm-create/dm-create-dialog.tsx:4:1)
    at <unknown> (https://nextjs.org/docs/messages/module-not-found)
    at <unknown> (./frontend/src/components/discussions/dms/dm-message-edit-view.tsx:3:1)
    at <unknown> (https://nextjs.org/docs/messages/module-not-found)
    at <unknown> (./frontend/src/components/discussions/dms/dm-message-hover-toolbar.tsx:4:1)
    at <unknown> (https://nextjs.org/docs/messages/module-not-found)
    at <unknown> (./frontend/src/components/discussions/dms/dm-pane/dm-pane-states.tsx:5:1)
    at <unknown> (https://nextjs.org/docs/messages/module-not-found)
    at <unknown> (./frontend/src/components/discussions/dms/dm-pane/rename-dm-dialog.tsx:6:1)
    at <unknown> (https://nextjs.org/docs/messages/module-not-found)
    at <unknown> (./frontend/src/components/discussions/dms/dm-pane/view-members-dialog.tsx:4:1)
    at <unknown> (https://nextjs.org/docs/messages/module-not-found)
    at <unknown> (./frontend/src/components/discussions/message-reply-quote.tsx:4:1)
    at <unknown> (https://nextjs.org/docs/messages/module-not-found)
    at <unknown> (./frontend/src/components/discussions/threads/thread-panel.tsx:3:1)
    at <unknown> (https://nextjs.org/docs/messages/module-not-found)
    at <unknown> (./frontend/src/components/faculties/faculty-row-actions.tsx:6:1)
    at <unknown> (https://nextjs.org/docs/messages/module-not-found)
    at <unknown> (./frontend/src/components/inbox/inbox-list-empty.tsx:5:1)
    at <unknown> (https://nextjs.org/docs/messages/module-not-found)
    at <unknown> (./frontend/src/components/inbox/inbox-list-header.tsx:6:1)
    at <unknown> (https://nextjs.org/docs/messages/module-not-found)
    at <unknown> (./frontend/src/components/inbox/messages-office-desk-pane.tsx:7:1)
    at <unknown> (https://nextjs.org/docs/messages/module-not-found)
    at <unknown> (./frontend/src/components/notifications/notifications-page.tsx:7:1)
    at <unknown> (https://nextjs.org/docs/messages/module-not-found)
    at <unknown> (./frontend/src/components/offices/admin/create-office-dialog.tsx:5:1)
    at <unknown> (https://nextjs.org/docs/messages/module-not-found)
    at <unknown> (./frontend/src/components/offices/admin/edit-office-dialog.tsx:5:1)
    at <unknown> (https://nextjs.org/docs/messages/module-not-found)
    at <unknown> (./frontend/src/components/offices/admin/office-row-actions.tsx:4:1)
    at <unknown> (https://nextjs.org/docs/messages/module-not-found)
    at <unknown> (./frontend/src/components/offices/admin/office-staff-candidate-row.tsx:4:1)
    at <unknown> (https://nextjs.org/docs/messages/module-not-found)
    at <unknown> (./frontend/src/components/offices/admin/office-staff-list.tsx:4:1)
    at <unknown> (https://nextjs.org/docs/messages/module-not-found)
    at <unknown> (./frontend/src/components/offices/admin/offices-admin-page.tsx:8:1)
    at <unknown> (https://nextjs.org/docs/messages/module-not-found)
    at <unknown> (./frontend/src/components/offices/office-chat-view.tsx:6:1)
    at <unknown> (https://nextjs.org/docs/messages/module-not-found)
    at <unknown> (./frontend/src/components/offices/office-directory/office-grid.tsx:6:1)
    at <unknown> (https://nextjs.org/docs/messages/module-not-found)
    at <unknown> (./frontend/src/components/offices/office-directory/start-office-dialog.tsx:4:1)
    at <unknown> (https://nextjs.org/docs/messages/module-not-found)
    at <unknown> (./frontend/src/components/offices/office-inbox.tsx:7:1)
    at <unknown> (https://nextjs.org/docs/messages/module-not-found)
    at <unknown> (./frontend/src/components/offices/office-thread-composer.tsx:5:1)
    at <unknown> (https://nextjs.org/docs/messages/module-not-found)
    at <unknown> (./frontend/src/components/offices/office-thread-staff-actions.tsx:5:1)
    at <unknown> (https://nextjs.org/docs/messages/module-not-found)
    at <unknown> (./frontend/src/components/offices/office-thread-view.tsx:8:1)
    at <unknown> (https://nextjs.org/docs/messages/module-not-found)
    at <unknown> (./frontend/src/components/profile/profile-view/profile-avatar-field.tsx:7:1)
    at <unknown> (https://nextjs.org/docs/messages/module-not-found)
    at <unknown> (./frontend/src/components/profile/profile-view/profile-password-card.tsx:6:1)
    at <unknown> (https://nextjs.org/docs/messages/module-not-found)
    at <unknown> (./frontend/src/components/programs/program-row-actions.tsx:6:1)
    at <unknown> (https://nextjs.org/docs/messages/module-not-found)
    at <unknown> (./frontend/src/components/roles/create-role-dialog.tsx:5:1)
    at <unknown> (https://nextjs.org/docs/messages/module-not-found)
    at <unknown> (./frontend/src/components/teacher-courses/course-cover-dialog.tsx:13:1)
    at <unknown> (https://nextjs.org/docs/messages/module-not-found)
    at <unknown> (./frontend/src/components/teacher-courses/course-detail-header/course-header-actions.tsx:5:1)
    at <unknown> (https://nextjs.org/docs/messages/module-not-found)
    at <unknown> (./frontend/src/components/teacher-courses/course-overview/overview-activity.tsx:4:1)
    at <unknown> (https://nextjs.org/docs/messages/module-not-found)
    at <unknown> (./frontend/src/lib/discussions/services/discussion-image-lightbox.tsx:4:1)
    at <unknown> (https://nextjs.org/docs/messages/module-not-found)
    at <unknown> (./frontend/src/lib/discussions/services/discussion-message-reactions.tsx:4:1)
    at <unknown> (https://nextjs.org/docs/messages/module-not-found)
    at <unknown> (./frontend/src/components/announcements/announcement-card-base.tsx:5:1)
    at <unknown> (https://nextjs.org/docs/messages/module-not-found)
    at <unknown> (./frontend/src/components/announcements/skeleton.tsx:2:1)
    at <unknown> (https://nextjs.org/docs/messages/module-not-found)
    at <unknown> (./frontend/src/components/admin/audit-logs/audit-log-row.tsx:9:1)
    at <unknown> (https://nextjs.org/docs/messages/module-not-found)
    at <unknown> (./frontend/src/components/admin/audit-logs/audit-logs-table.tsx:5:1)
    at <unknown> (https://nextjs.org/docs/messages/module-not-found)
    at <unknown> (./frontend/src/components/announcements/create-dialog/step-audience.tsx:3:1)
    at <unknown> (https://nextjs.org/docs/messages/module-not-found)
    at <unknown> (./frontend/src/components/announcements/create-dialog/step-review-options.tsx:5:1)
    at <unknown> (https://nextjs.org/docs/messages/module-not-found)
    at <unknown> (./frontend/src/components/auth/sign-in-form.tsx:7:1)
    at <unknown> (https://nextjs.org/docs/messages/module-not-found)
    at <unknown> (./frontend/src/components/batches-admin/section-add-students-modal.tsx:5:1)
    at <unknown> (https://nextjs.org/docs/messages/module-not-found)
    at <unknown> (./frontend/src/components/offices/office-thread-composer.tsx:7:1)
    at <unknown> (https://nextjs.org/docs/messages/module-not-found)
    at <unknown> (./frontend/src/components/announcements/chip-picker.tsx:4:1)
    at <unknown> (https://nextjs.org/docs/messages/module-not-found)
    at <unknown> (./frontend/src/components/batches-admin/batch-search-select.tsx:6:1)
    at <unknown> (https://nextjs.org/docs/messages/module-not-found)
    at <unknown> (./frontend/src/components/discussions/channel/message-context-wrapper.tsx:4:1)
    at <unknown> (https://nextjs.org/docs/messages/module-not-found)
    at <unknown> (./frontend/src/components/academic-years-admin/academic-year-semesters-dialog.tsx:5:1)
    at <unknown> (https://nextjs.org/docs/messages/module-not-found)
    at <unknown> (./frontend/src/components/batches-admin/batch-sections-dialog.tsx:7:1)
    at <unknown> (https://nextjs.org/docs/messages/module-not-found)
    at <unknown> (./frontend/src/components/batches-admin/section-add-students-modal.tsx:7:1)
    at <unknown> (https://nextjs.org/docs/messages/module-not-found)
    at <unknown> (./frontend/src/components/discussions/channel/channel-settings/channel-settings-dialog.tsx:4:1)
    at <unknown> (https://nextjs.org/docs/messages/module-not-found)
    at <unknown> (./frontend/src/components/discussions/dms/dm-add-members/add-members-dialog.tsx:5:1)
    at <unknown> (https://nextjs.org/docs/messages/module-not-found)
    at <unknown> (./frontend/src/components/discussions/dms/dm-create/dm-create-dialog.tsx:5:1)
    at <unknown> (https://nextjs.org/docs/messages/module-not-found)
    at <unknown> (./frontend/src/components/discussions/dms/dm-pane/rename-dm-dialog.tsx:7:1)
    at <unknown> (https://nextjs.org/docs/messages/module-not-found)
    at <unknown> (./frontend/src/components/discussions/dms/dm-pane/view-members-dialog.tsx:5:1)
    at <unknown> (https://nextjs.org/docs/messages/module-not-found)
    at <unknown> (./frontend/src/components/inbox/messages-contact-office.tsx:6:1)
    at <unknown> (https://nextjs.org/docs/messages/module-not-found)
    at <unknown> (./frontend/src/components/inbox/new-message-dialog.tsx:6:1)
    at <unknown> (https://nextjs.org/docs/messages/module-not-found)
    at <unknown> (./frontend/src/components/offices/admin/create-office-dialog.tsx:9:1)
    at <unknown> (https://nextjs.org/docs/messages/module-not-found)
    at <unknown> (./frontend/src/components/offices/admin/edit-office-dialog.tsx:9:1)
    at <unknown> (https://nextjs.org/docs/messages/module-not-found)
    at <unknown> (./frontend/src/components/offices/office-directory/start-office-dialog.tsx:8:1)
    at <unknown> (https://nextjs.org/docs/messages/module-not-found)
    at <unknown> (./frontend/src/components/roles/create-role-dialog.tsx:8:1)
    at <unknown> (https://nextjs.org/docs/messages/module-not-found)
    at <unknown> (./frontend/src/components/teacher-courses/course-cover-dialog.tsx:5:1)
    at <unknown> (https://nextjs.org/docs/messages/module-not-found)
    at <unknown> (./frontend/src/components/announcements/acknowledgement-drawer.tsx:4:1)
    at <unknown> (https://nextjs.org/docs/messages/module-not-found)
    at <unknown> (./frontend/src/components/academic-years-admin/academic-year-row-actions.tsx:7:1)
    at <unknown> (https://nextjs.org/docs/messages/module-not-found)
    at <unknown> (./frontend/src/components/academic-years-admin/academic-year-tools-menu.tsx:7:1)
    at <unknown> (https://nextjs.org/docs/messages/module-not-found)
    at <unknown> (./frontend/src/components/admin/admin-reports/reports-header.tsx:12:1)
    at <unknown> (https://nextjs.org/docs/messages/module-not-found)
    at <unknown> (./frontend/src/components/admin/audit-logs/audit-log-row.tsx:10:1)
    at <unknown> (https://nextjs.org/docs/messages/module-not-found)
    at <unknown> (./frontend/src/components/admin/audit-logs/audit-logs-toolbar.tsx:17:1)
    at <unknown> (https://nextjs.org/docs/messages/module-not-found)
    at <unknown> (./frontend/src/components/announcements/announcement-card-base.tsx:6:1)
    at <unknown> (https://nextjs.org/docs/messages/module-not-found)
    at <unknown> (./frontend/src/components/batches-admin/batch-row-actions.tsx:7:1)
    at <unknown> (https://nextjs.org/docs/messages/module-not-found)
    at <unknown> (./frontend/src/components/batches-admin/section-row-actions.tsx:7:1)
    at <unknown> (https://nextjs.org/docs/messages/module-not-found)
    at <unknown> (./frontend/src/components/departments/department-row-actions.tsx:7:1)
    at <unknown> (https://nextjs.org/docs/messages/module-not-found)
    at <unknown> (./frontend/src/components/discussions/channel/manage/permissions/add-target-menu.tsx:5:1)
    at <unknown> (https://nextjs.org/docs/messages/module-not-found)
    at <unknown> (./frontend/src/components/discussions/channel/message-more-menu.tsx:4:1)
    at <unknown> (https://nextjs.org/docs/messages/module-not-found)
    at <unknown> (./frontend/src/components/discussions/details/member-row.tsx:4:1)
    at <unknown> (https://nextjs.org/docs/messages/module-not-found)
    at <unknown> (./frontend/src/components/discussions/dms/dm-pane/dm-pane-states.tsx:7:1)
    at <unknown> (https://nextjs.org/docs/messages/module-not-found)
    at <unknown> (./frontend/src/components/faculties/faculty-row-actions.tsx:7:1)
    at <unknown> (https://nextjs.org/docs/messages/module-not-found)
    at <unknown> (./frontend/src/components/inbox/inbox-list-header.tsx:7:1)
    at <unknown> (https://nextjs.org/docs/messages/module-not-found)
    at <unknown> (./frontend/src/components/offices/admin/office-row-actions.tsx:5:1)
    at <unknown> (https://nextjs.org/docs/messages/module-not-found)
    at <unknown> (./frontend/src/components/programs/program-row-actions.tsx:7:1)
    at <unknown> (https://nextjs.org/docs/messages/module-not-found)
    at <unknown> (./frontend/src/app/dashboard/layout.tsx:7:92)
    at <unknown> (https://nextjs.org/docs/messages/module-not-found)
    at <unknown> (./frontend/src/components/academic-years-admin/academic-year-form-sheet.tsx:5:1)
    at <unknown> (https://nextjs.org/docs/messages/module-not-found)
    at <unknown> (./frontend/src/components/academic-years-admin/semester-form-sheet.tsx:5:1)
    at <unknown> (https://nextjs.org/docs/messages/module-not-found)
    at <unknown> (./frontend/src/components/admin/audit-logs/audit-logs-filters-bar.tsx:10:1)
    at <unknown> (https://nextjs.org/docs/messages/module-not-found)
    at <unknown> (./frontend/src/components/admin/audit-logs/audit-logs-view.tsx:3:1)
    at <unknown> (https://nextjs.org/docs/messages/module-not-found)
    at <unknown> (./frontend/src/components/announcements/announcement-feed/feed-filters-bar.tsx:5:1)
    at <unknown> (https://nextjs.org/docs/messages/module-not-found)
    at <unknown> (./frontend/src/components/announcements/create-dialog/step-compose.tsx:3:1)
    at <unknown> (https://nextjs.org/docs/messages/module-not-found)
    at <unknown> (./frontend/src/components/announcements/create-dialog/step-review-options.tsx:3:1)
    at <unknown> (https://nextjs.org/docs/messages/module-not-found)
    at <unknown> (./frontend/src/components/auth/sign-in-form.tsx:8:1)
    at <unknown> (https://nextjs.org/docs/messages/module-not-found)
    at <unknown> (./frontend/src/components/auth/sign-in-password-field.tsx:4:1)
    at <unknown> (https://nextjs.org/docs/messages/module-not-found)
    at <unknown> (./frontend/src/components/batches-admin/batch-form-fields.tsx:4:1)
    at <unknown> (https://nextjs.org/docs/messages/module-not-found)
    at <unknown> (./frontend/src/components/batches-admin/section-add-students-modal.tsx:6:1)
    at <unknown> (https://nextjs.org/docs/messages/module-not-found)
    at <unknown> (./frontend/src/components/batches-admin/section-form-sheet.tsx:5:1)
    at <unknown> (https://nextjs.org/docs/messages/module-not-found)
    at <unknown> (./frontend/src/components/discussions/channel/channel-search-popover-header.tsx:5:1)
    at <unknown> (https://nextjs.org/docs/messages/module-not-found)
    at <unknown> (./frontend/src/components/discussions/channel/manage/danger-zone-tab.tsx:15:1)
    at <unknown> (https://nextjs.org/docs/messages/module-not-found)
    at <unknown> (./frontend/src/components/discussions/channel/manage/members/members-tab.tsx:3:1)
    at <unknown> (https://nextjs.org/docs/messages/module-not-found)
    at <unknown> (./frontend/src/components/discussions/channel/manage/overview/overview-fields.tsx:3:1)
    at <unknown> (https://nextjs.org/docs/messages/module-not-found)
    at <unknown> (./frontend/src/components/discussions/channel/manage/permissions/add-target-menu.tsx:13:1)
    at <unknown> (https://nextjs.org/docs/messages/module-not-found)
    at <unknown> (./frontend/src/components/discussions/details/details-about-members.tsx:7:1)
    at <unknown> (https://nextjs.org/docs/messages/module-not-found)
    at <unknown> (./frontend/src/components/discussions/details/details-files-tab.tsx:4:1)
    at <unknown> (https://nextjs.org/docs/messages/module-not-found)
    at <unknown> (./frontend/src/components/discussions/details/details-members-tab.tsx:4:1)
    at <unknown> (https://nextjs.org/docs/messages/module-not-found)
    at <unknown> (./frontend/src/components/discussions/dms/dm-create/dm-candidate-picker.tsx:6:1)
    at <unknown> (https://nextjs.org/docs/messages/module-not-found)
    at <unknown> (./frontend/src/components/discussions/dms/dm-pane/rename-dm-dialog.tsx:15:1)
    at <unknown> (https://nextjs.org/docs/messages/module-not-found)
    at <unknown> (./frontend/src/components/inbox/inbox-list-header.tsx:5:1)
    at <unknown> (https://nextjs.org/docs/messages/module-not-found)
    at <unknown> (./frontend/src/components/inbox/messages-discover-pane.tsx:4:37)
    at <unknown> (https://nextjs.org/docs/messages/module-not-found)
    at <unknown> (./frontend/src/components/inbox/new-message-dialog.tsx:13:1)
    at <unknown> (https://nextjs.org/docs/messages/module-not-found)
    at <unknown> (./frontend/src/components/notifications/notifications-page.tsx:8:1)
    at <unknown> (https://nextjs.org/docs/messages/module-not-found)
    at <unknown> (./frontend/src/components/offices/admin/create-office-dialog.tsx:6:1)
    at <unknown> (https://nextjs.org/docs/messages/module-not-found)
    at <unknown> (./frontend/src/components/offices/admin/edit-office-dialog.tsx:6:1)
    at <unknown> (https://nextjs.org/docs/messages/module-not-found)
    at <unknown> (./frontend/src/components/offices/admin/office-staff-add.tsx:5:1)
    at <unknown> (https://nextjs.org/docs/messages/module-not-found)
    at <unknown> (./frontend/src/components/offices/office-directory/start-office-dialog.tsx:5:1)
    at <unknown> (https://nextjs.org/docs/messages/module-not-found)
    at <unknown> (./frontend/src/components/profile/profile-view/profile-password-card.tsx:7:1)
    at <unknown> (https://nextjs.org/docs/messages/module-not-found)
    at <unknown> (./frontend/src/components/programs/program-form-fields.tsx:3:1)
    at <unknown> (https://nextjs.org/docs/messages/module-not-found)
    at <unknown> (./frontend/src/components/roles/create-role-dialog.tsx:6:1)
    at <unknown> (https://nextjs.org/docs/messages/module-not-found)
    at <unknown> (./frontend/src/components/academic-years-admin/academic-year-form-sheet.tsx:6:1)
    at <unknown> (https://nextjs.org/docs/messages/module-not-found)
    at <unknown> (./frontend/src/components/academic-years-admin/semester-form-sheet.tsx:6:1)
    at <unknown> (https://nextjs.org/docs/messages/module-not-found)
    at <unknown> (./frontend/src/components/announcements/create-dialog/step-compose.tsx:4:1)
    at <unknown> (https://nextjs.org/docs/messages/module-not-found)
    at <unknown> (./frontend/src/components/announcements/create-dialog/step-review-options.tsx:4:1)
    at <unknown> (https://nextjs.org/docs/messages/module-not-found)
    at <unknown> (./frontend/src/components/auth/sign-in-form.tsx:9:1)
    at <unknown> (https://nextjs.org/docs/messages/module-not-found)
    at <unknown> (./frontend/src/components/auth/sign-in-password-field.tsx:5:1)
    at <unknown> (https://nextjs.org/docs/messages/module-not-found)
    at <unknown> (./frontend/src/components/batches-admin/batch-form-fields.tsx:5:1)
    at <unknown> (https://nextjs.org/docs/messages/module-not-found)
    at <unknown> (./frontend/src/components/batches-admin/batch-search-select.tsx:14:1)
    at <unknown> (https://nextjs.org/docs/messages/module-not-found)
    at <unknown> (./frontend/src/components/batches-admin/section-form-sheet.tsx:6:1)
    at <unknown> (https://nextjs.org/docs/messages/module-not-found)
    at <unknown> (./frontend/src/components/discussions/channel/manage/danger-zone-tab.tsx:16:1)
    at <unknown> (https://nextjs.org/docs/messages/module-not-found)
    at <unknown> (./frontend/src/components/discussions/channel/manage/overview/channel-toggles.tsx:3:1)
    at <unknown> (https://nextjs.org/docs/messages/module-not-found)
    at <unknown> (./frontend/src/components/discussions/channel/manage/overview/overview-fields.tsx:4:1)
    at <unknown> (https://nextjs.org/docs/messages/module-not-found)
    at <unknown> (./frontend/src/components/discussions/dms/dm-pane/rename-dm-dialog.tsx:16:1)
    at <unknown> (https://nextjs.org/docs/messages/module-not-found)
    at <unknown> (./frontend/src/components/offices/admin/create-office-dialog.tsx:7:1)
    at <unknown> (https://nextjs.org/docs/messages/module-not-found)
    at <unknown> (./frontend/src/components/offices/admin/edit-office-dialog.tsx:7:1)
    at <unknown> (https://nextjs.org/docs/messages/module-not-found)
    at <unknown> (./frontend/src/components/offices/admin/office-staff-add.tsx:6:1)
    at <unknown> (https://nextjs.org/docs/messages/module-not-found)
    at <unknown> (./frontend/src/components/offices/admin/office-staff-sheet.tsx:4:1)
    at <unknown> (https://nextjs.org/docs/messages/module-not-found)
    at <unknown> (./frontend/src/components/offices/office-directory/start-office-dialog.tsx:7:1)
    at <unknown> (https://nextjs.org/docs/messages/module-not-found)
    at <unknown> (./frontend/src/components/profile/profile-view/profile-password-card.tsx:8:1)
    at <unknown> (https://nextjs.org/docs/messages/module-not-found)
    at <unknown> (./frontend/src/components/profile/profile-view/profile-read-only-field.tsx:1:1)
    at <unknown> (https://nextjs.org/docs/messages/module-not-found)
    at <unknown> (./frontend/src/components/profile/profile-view/profile-rows.tsx:1:1)
    at <unknown> (https://nextjs.org/docs/messages/module-not-found)
    at <unknown> (./frontend/src/components/programs/program-form-fields.tsx:4:1)
    at <unknown> (https://nextjs.org/docs/messages/module-not-found)
    at <unknown> (./frontend/src/components/roles/create-role-dialog.tsx:7:1)
    at <unknown> (https://nextjs.org/docs/messages/module-not-found)
    at <unknown> (./frontend/src/components/announcements/chip-picker.tsx:12:1)
    at <unknown> (https://nextjs.org/docs/messages/module-not-found)
    at <unknown> (./frontend/src/components/batches-admin/batch-search-select.tsx:15:1)
    at <unknown> (https://nextjs.org/docs/messages/module-not-found)
    at <unknown> (./frontend/src/components/discussions/channel/channel-search-popover.tsx:5:1)
    at <unknown> (https://nextjs.org/docs/messages/module-not-found)
    at <unknown> (./frontend/src/components/discussions/channel/message-row/message-actions-toolbar.tsx:6:1)
    at <unknown> (https://nextjs.org/docs/messages/module-not-found)
    at <unknown> (./frontend/src/components/discussions/channel/pinned-strip.tsx:6:1)
    at <unknown> (https://nextjs.org/docs/messages/module-not-found)
    at <unknown> (./frontend/src/components/discussions/composer/message-composer/composer-media-actions.tsx:5:1)
    at <unknown> (https://nextjs.org/docs/messages/module-not-found)
    at <unknown> (./frontend/src/components/discussions/dms/dm-composer.tsx:7:1)
    at <unknown> (https://nextjs.org/docs/messages/module-not-found)
    at <unknown> (./frontend/src/lib/discussions/services/discussion-message-reactions.tsx:5:1)
    at <unknown> (https://nextjs.org/docs/messages/module-not-found)
    at <unknown> (./frontend/src/app/dashboard/me/interests/page.tsx:9:1)
    at <unknown> (https://nextjs.org/docs/messages/module-not-found)
    at <unknown> (./frontend/src/components/announcements/acknowledgement-drawer.tsx:14:1)
    at <unknown> (https://nextjs.org/docs/messages/module-not-found)
    at <unknown> (./frontend/src/components/discussions/channel/channel-search-results.tsx:2:1)
    at <unknown> (https://nextjs.org/docs/messages/module-not-found)
    at <unknown> (./frontend/src/components/discussions/channel/pinned-strip.tsx:11:1)
    at <unknown> (https://nextjs.org/docs/messages/module-not-found)
    at <unknown> (./frontend/src/components/discussions/composer/mention-popover.tsx:5:1)
    at <unknown> (https://nextjs.org/docs/messages/module-not-found)
    at <unknown> (./frontend/src/components/discussions/details/details-panel.tsx:5:1)
    at <unknown> (https://nextjs.org/docs/messages/module-not-found)
    at <unknown> (./frontend/src/components/discussions/dms/dm-create/dm-candidate-people-list.tsx:5:1)
    at <unknown> (https://nextjs.org/docs/messages/module-not-found)
    at <unknown> (./frontend/src/components/discussions/dms/dm-create/dm-hierarchy-nav-list.tsx:4:1)
    at <unknown> (https://nextjs.org/docs/messages/module-not-found)
    at <unknown> (./frontend/src/components/inbox/messages-discover-pane.tsx:5:53)
    at <unknown> (https://nextjs.org/docs/messages/module-not-found)
    at <unknown> (./frontend/src/components/programs/program-form-fields.tsx:5:1)
    at <unknown> (https://nextjs.org/docs/messages/module-not-found)
    at <unknown> (./frontend/src/components/offices/office-inbox.tsx:8:1)
    at <unknown> (https://nextjs.org/docs/messages/module-not-found)
    at <unknown> (./frontend/src/components/admin/admin-report-filters.tsx:5:1)
    at <unknown> (https://nextjs.org/docs/messages/module-not-found)
    at <unknown> (./frontend/src/components/admin/audit-logs/audit-filter-fields.tsx:4:1)
    at <unknown> (https://nextjs.org/docs/messages/module-not-found)
    at <unknown> (./frontend/src/components/admin/audit-logs/audit-logs-filters-bar.tsx:11:1)
    at <unknown> (https://nextjs.org/docs/messages/module-not-found)
    at <unknown> (./frontend/src/components/admin/audit-logs/audit-logs-pagination.tsx:5:1)
    at <unknown> (https://nextjs.org/docs/messages/module-not-found)
    at <unknown> (./frontend/src/components/announcements/acknowledgement-drawer.tsx:15:1)
    at <unknown> (https://nextjs.org/docs/messages/module-not-found)
    at <unknown> (./frontend/src/components/offices/admin/office-staff-add.tsx:7:1)
    at <unknown> (https://nextjs.org/docs/messages/module-not-found)
    at <unknown> (./frontend/src/components/offices/office-thread-staff-actions.tsx:6:1)
    at <unknown> (https://nextjs.org/docs/messages/module-not-found)
    at <unknown> (./frontend/src/components/admin/audit-logs/audit-log-detail-sheet.tsx:12:1)
    at <unknown> (https://nextjs.org/docs/messages/module-not-found)
    at <unknown> (./frontend/src/components/admin/audit-logs/audit-log-detail-sheet.tsx:5:1)
    at <unknown> (https://nextjs.org/docs/messages/module-not-found)
    at <unknown> (./frontend/src/components/announcements/announcement-analytics-sheet.tsx:4:1)
    at <unknown> (https://nextjs.org/docs/messages/module-not-found)
    at <unknown> (./frontend/src/components/announcements/create-dialog.tsx:4:1)
    at <unknown> (https://nextjs.org/docs/messages/module-not-found)
    at <unknown> (./frontend/src/components/announcements/create-dialog/dialog-progress-header.tsx:4:1)
    at <unknown> (https://nextjs.org/docs/messages/module-not-found)
    at <unknown> (./frontend/src/components/announcements/create-dialog/dialog-step-footer.tsx:4:1)
    at <unknown> (https://nextjs.org/docs/messages/module-not-found)
    at <unknown> (./frontend/src/components/offices/admin/office-staff-sheet.tsx:5:1)
    at <unknown> (https://nextjs.org/docs/messages/module-not-found)
    at <unknown> (./frontend/src/components/teacher-courses/course-detail-header.tsx:5:1)
    at <unknown> (https://nextjs.org/docs/messages/module-not-found)
    at <unknown> (./frontend/src/app/dashboard/courses/[id]/page.tsx:5:1)
    at <unknown> (https://nextjs.org/docs/messages/module-not-found)
    at <unknown> (./frontend/src/app/dashboard/loading.tsx:1:1)
    at <unknown> (https://nextjs.org/docs/messages/module-not-found)
    at <unknown> (./frontend/src/app/dashboard/me/interests/page.tsx:7:1)
    at <unknown> (https://nextjs.org/docs/messages/module-not-found)
    at <unknown> (./frontend/src/components/admin/admin-reports/report-cards.tsx:6:1)
    at <unknown> (https://nextjs.org/docs/messages/module-not-found)
    at <unknown> (./frontend/src/components/admin/admin-reports/reports-charts.tsx:4:1)
    at <unknown> (https://nextjs.org/docs/messages/module-not-found)
    at <unknown> (./frontend/src/components/admin/audit-logs/audit-logs-table.tsx:6:1)
    at <unknown> (https://nextjs.org/docs/messages/module-not-found)
    at <unknown> (./frontend/src/components/admin/audit-logs/audit-stat-chip.tsx:3:1)
    at <unknown> (https://nextjs.org/docs/messages/module-not-found)
    at <unknown> (./frontend/src/components/announcements/skeleton.tsx:3:1)
    at <unknown> (https://nextjs.org/docs/messages/module-not-found)
    at <unknown> (./frontend/src/components/discussions/channel/channel-pane/channel-pane-header.tsx:7:1)
    at <unknown> (https://nextjs.org/docs/messages/module-not-found)
    at <unknown> (./frontend/src/components/discussions/channel/manage/members/members-tab.tsx:4:1)
    at <unknown> (https://nextjs.org/docs/messages/module-not-found)
    at <unknown> (./frontend/src/components/discussions/channel/manage/permissions/permissions-tab.tsx:4:1)
    at <unknown> (https://nextjs.org/docs/messages/module-not-found)
    at <unknown> (./frontend/src/components/discussions/channel/message-list/message-list-states.tsx:4:1)
    at <unknown> (https://nextjs.org/docs/messages/module-not-found)
    at <unknown> (./frontend/src/components/discussions/details/details-pinned-tab.tsx:5:1)
    at <unknown> (https://nextjs.org/docs/messages/module-not-found)
    at <unknown> (./frontend/src/components/discussions/dms/dm-message-list/dm-message-list-states.tsx:4:1)
    at <unknown> (https://nextjs.org/docs/messages/module-not-found)
    at <unknown> (./frontend/src/components/discussions/dms/dm-pane/dm-pane-states.tsx:14:1)
    at <unknown> (https://nextjs.org/docs/messages/module-not-found)
    at <unknown> (./frontend/src/components/discussions/threads/thread-panel.tsx:5:1)
    at <unknown> (https://nextjs.org/docs/messages/module-not-found)
    at <unknown> (./frontend/src/components/notifications/notifications-page.tsx:9:1)
    at <unknown> (https://nextjs.org/docs/messages/module-not-found)
    at <unknown> (./frontend/src/components/offices/office-directory/my-conversations-list.tsx:6:1)
    at <unknown> (https://nextjs.org/docs/messages/module-not-found)
    at <unknown> (./frontend/src/components/offices/office-directory/office-grid.tsx:7:1)
    at <unknown> (https://nextjs.org/docs/messages/module-not-found)
    at <unknown> (./frontend/src/components/offices/office-inbox.tsx:9:1)
    at <unknown> (https://nextjs.org/docs/messages/module-not-found)
    at <unknown> (./frontend/src/components/offices/office-thread-view.tsx:9:1)
    at <unknown> (https://nextjs.org/docs/messages/module-not-found)
    at <unknown> (./frontend/src/components/teacher-courses/course-list.tsx:3:1)
    at <unknown> (https://nextjs.org/docs/messages/module-not-found)
    at <unknown> (./frontend/src/app/layout.tsx:2:1)
    at <unknown> (https://nextjs.org/docs/messages/module-not-found)
    at <unknown> (./frontend/src/components/ui/button.tsx:6:1)
    at <unknown> (https://nextjs.org/docs/messages/module-not-found)
    at <unknown> (./frontend/src/components/discussions/channel/manage/overview/channel-toggles.tsx:4:1)
    at <unknown> (https://nextjs.org/docs/messages/module-not-found)
    at <unknown> (./frontend/src/components/discussions/dms/dm-pane/view-members-dialog.tsx:14:1)
    at <unknown> (https://nextjs.org/docs/messages/module-not-found)
    at <unknown> (./frontend/src/components/notifications/notification-toggle.tsx:3:1)
    at <unknown> (https://nextjs.org/docs/messages/module-not-found)
    at <unknown> (./frontend/src/components/profile/profile-view/profile-notifications-card.tsx:6:1)
    at <unknown> (https://nextjs.org/docs/messages/module-not-found)
    at <unknown> (./frontend/src/components/admin/audit-logs/audit-log-row.tsx:16:1)
    at <unknown> (https://nextjs.org/docs/messages/module-not-found)
    at <unknown> (./frontend/src/components/admin/audit-logs/audit-logs-table.tsx:7:1)
    at <unknown> (https://nextjs.org/docs/messages/module-not-found)
    at <unknown> (./frontend/src/components/announcements/acknowledgement-drawer.tsx:22:1)
    at <unknown> (https://nextjs.org/docs/messages/module-not-found)
    at <unknown> (./frontend/src/components/academic-years-admin/admin-academic-years-page.tsx:6:1)
    at <unknown> (https://nextjs.org/docs/messages/module-not-found)
    at <unknown> (./frontend/src/components/batches-admin/batches-sections-tabs.tsx:6:1)
    at <unknown> (https://nextjs.org/docs/messages/module-not-found)
    at <unknown> (./frontend/src/components/discussions/channel/channel-settings/channel-settings-dialog.tsx:11:1)
    at <unknown> (https://nextjs.org/docs/messages/module-not-found)
    at <unknown> (./frontend/src/components/discussions/channel/channel-settings/channel-settings-tabs.tsx:3:1)
    at <unknown> (https://nextjs.org/docs/messages/module-not-found)
    at <unknown> (./frontend/src/components/discussions/channel/manage/permissions/permissions-tab.tsx:5:1)
    at <unknown> (https://nextjs.org/docs/messages/module-not-found)
    at <unknown> (./frontend/src/components/departments/DepartmentFormSheet.tsx:3:1)
    at <unknown> (https://nextjs.org/docs/messages/module-not-found)
    at <unknown> (./frontend/src/components/faculties/FacultyFormSheet.tsx:3:1)
    at <unknown> (https://nextjs.org/docs/messages/module-not-found)
    at <unknown> (./frontend/src/components/discussions/channel/manage/overview/overview-fields.tsx:5:1)
    at <unknown> (https://nextjs.org/docs/messages/module-not-found)
    at <unknown> (./frontend/src/components/discussions/channel/message-row/message-edit-form.tsx:4:1)
    at <unknown> (https://nextjs.org/docs/messages/module-not-found)
    at <unknown> (./frontend/src/components/discussions/composer/message-composer/composer-input.tsx:4:1)
    at <unknown> (https://nextjs.org/docs/messages/module-not-found)
    at <unknown> (./frontend/src/components/discussions/dms/dm-composer.tsx:6:1)
    at <unknown> (https://nextjs.org/docs/messages/module-not-found)
    at <unknown> (./frontend/src/components/discussions/dms/dm-message-edit-view.tsx:4:1)
    at <unknown> (https://nextjs.org/docs/messages/module-not-found)
    at <unknown> (./frontend/src/components/inbox/messages-office-desk-pane.tsx:8:1)
    at <unknown> (https://nextjs.org/docs/messages/module-not-found)
    at <unknown> (./frontend/src/components/offices/admin/create-office-dialog.tsx:8:1)
    at <unknown> (https://nextjs.org/docs/messages/module-not-found)
    at <unknown> (./frontend/src/components/offices/admin/edit-office-dialog.tsx:8:1)
    at <unknown> (https://nextjs.org/docs/messages/module-not-found)
    at <unknown> (./frontend/src/components/offices/office-chat-view.tsx:7:1)
    at <unknown> (https://nextjs.org/docs/messages/module-not-found)
    at <unknown> (./frontend/src/components/offices/office-directory/start-office-dialog.tsx:6:1)
    at <unknown> (https://nextjs.org/docs/messages/module-not-found)
    at <unknown> (./frontend/src/components/offices/office-thread-composer.tsx:6:1)
    at <unknown> (https://nextjs.org/docs/messages/module-not-found)
    at <unknown> (./frontend/src/components/announcements/announcement-expiry-row.tsx:3:1)
    at <unknown> (https://nextjs.org/docs/messages/module-not-found)
    at <unknown> (./frontend/src/components/discussions/composer/message-composer/composer-media-actions.tsx:6:1)
    at <unknown> (https://nextjs.org/docs/messages/module-not-found)
    at <unknown> (./frontend/src/components/discussions/composer/message-composer/composer-qa-actions.tsx:4:1)
    at <unknown> (https://nextjs.org/docs/messages/module-not-found)
    at <unknown> (./frontend/src/components/discussions/dms/dm-composer.tsx:8:1)
    at <unknown> (https://nextjs.org/docs/messages/module-not-found)
    at <unknown> (./frontend/src/app/dashboard/courses/[id]/page.tsx:9:1)
    at <unknown> (./frontend/src/app/dashboard/courses/[id]/page.tsx:9:1)
